###############################################################
#  Generated by:      Cadence Innovus 21.15-s110_1
#  OS:                Linux x86_64(Host ID vlsiece24.iitr.ac.in)
#  Generated on:      Thu Sep 24 16:29:37 2026
#  Design:            coprocessor
#  Command:           report_timing -path_type full_clock -early -max_paths 5  > ./$RUN/timing_hold.rpt
###############################################################
Path 1: MET Hold Check with Pin uart_inst_uart_rx_inst_rx_sync_reg/CLK 
Endpoint:   uart_inst_uart_rx_inst_rx_sync_reg/D (v) checked with  leading edge 
of 'clk'
Beginpoint: uart_inst_uart_rx_inst_rx_ff1_reg/Q  (v) triggered by  leading edge 
of 'clk'
Path Groups: {clk}
Analysis View: VIEW_TYP
Other End Arrival Time          0.425
+ Hold                          0.007
+ Phase Shift                   0.000
- CPPR Adjustment               0.000
= Required Time                 0.432
  Arrival Time                  0.982
  Slack Time                    0.550
     Clock Rise Edge                      0.000
     = Beginpoint Arrival Time            0.000
     Timing Path:
     +-------------------------------------------------------------------------------------------------------------+ 
     |              Instance              |     Arc      |            Cell            | Delay | Arrival | Required | 
     |                                    |              |                            |       |  Time   |   Time   | 
     |------------------------------------+--------------+----------------------------+-------+---------+----------| 
     |                                    | clk ^        |                            |       |   0.000 |   -0.550 | 
     | CTS_ccl_a_inv_00003                | A ^ -> Y v   | sky130_fd_sc_hd__clkinv_16 | 0.445 |   0.445 |   -0.105 | 
     | CTS_ccl_a_inv_00001                | A v -> Y ^   | sky130_fd_sc_hd__clkinv_16 | 0.158 |   0.603 |    0.054 | 
     | uart_inst_uart_rx_inst_rx_ff1_reg  | CLK ^ -> Q v | sky130_fd_sc_hd__dfstp_1   | 0.378 |   0.982 |    0.432 | 
     | uart_inst_uart_rx_inst_rx_sync_reg | D v          | sky130_fd_sc_hd__dfsbp_1   | 0.000 |   0.982 |    0.432 | 
     +-------------------------------------------------------------------------------------------------------------+ 
     Clock Rise Edge                      0.000
     + Source Insertion Delay            -0.181
     = Beginpoint Arrival Time           -0.181
     Other End Path:
     +-----------------------------------------------------------------------------------------------------------+ 
     |              Instance              |    Arc     |            Cell            | Delay | Arrival | Required | 
     |                                    |            |                            |       |  Time   |   Time   | 
     |------------------------------------+------------+----------------------------+-------+---------+----------| 
     |                                    | clk ^      |                            |       |  -0.181 |    0.368 | 
     | CTS_ccl_a_inv_00003                | A ^ -> Y v | sky130_fd_sc_hd__clkinv_16 | 0.445 |   0.264 |    0.813 | 
     | CTS_ccl_a_inv_00001                | A v -> Y ^ | sky130_fd_sc_hd__clkinv_16 | 0.158 |   0.422 |    0.972 | 
     | uart_inst_uart_rx_inst_rx_sync_reg | CLK ^      | sky130_fd_sc_hd__dfsbp_1   | 0.003 |   0.425 |    0.975 | 
     +-----------------------------------------------------------------------------------------------------------+ 
Path 2: MET Removal Check with Pin result_r_reg[14]/CLK 
Endpoint:   result_r_reg[14]/RESET_B (^) checked with  leading edge of 'clk'
Beginpoint: rst                      (v) triggered by  leading edge of 'clk'
Path Groups: {async_default}
Analysis View: VIEW_TYP
Other End Arrival Time          0.432
+ Removal                       0.565
+ Phase Shift                   0.000
- CPPR Adjustment               0.000
= Required Time                 0.996
  Arrival Time                  1.583
  Slack Time                    0.587
     Clock Rise Edge                      0.000
     + Input Delay                        0.930
     = Beginpoint Arrival Time            0.930
     Timing Path:
     +---------------------------------------------------------------------------------------+ 
     |     Instance     |    Arc     |           Cell           | Delay | Arrival | Required | 
     |                  |            |                          |       |  Time   |   Time   | 
     |------------------+------------+--------------------------+-------+---------+----------| 
     |                  | rst v      |                          |       |   0.930 |    0.343 | 
     | g114751          | A v -> Y ^ | sky130_fd_sc_hd__inv_2   | 0.651 |   1.581 |    0.994 | 
     | result_r_reg[14] | RESET_B ^  | sky130_fd_sc_hd__dfrtp_1 | 0.002 |   1.583 |    0.996 | 
     +---------------------------------------------------------------------------------------+ 
     Clock Rise Edge                      0.000
     + Source Insertion Delay            -0.181
     = Beginpoint Arrival Time           -0.181
     Other End Path:
     +--------------------------------------------------------------------------------------------+ 
     |      Instance       |    Arc     |            Cell            | Delay | Arrival | Required | 
     |                     |            |                            |       |  Time   |   Time   | 
     |---------------------+------------+----------------------------+-------+---------+----------| 
     |                     | clk ^      |                            |       |  -0.181 |    0.406 | 
     | CTS_ccl_a_inv_00003 | A ^ -> Y v | sky130_fd_sc_hd__clkinv_16 | 0.445 |   0.264 |    0.851 | 
     | CTS_ccl_a_inv_00002 | A v -> Y ^ | sky130_fd_sc_hd__clkinv_16 | 0.166 |   0.429 |    1.016 | 
     | result_r_reg[14]    | CLK ^      | sky130_fd_sc_hd__dfrtp_1   | 0.002 |   0.432 |    1.019 | 
     +--------------------------------------------------------------------------------------------+ 
Path 3: MET Removal Check with Pin result_r_reg[3]/CLK 
Endpoint:   result_r_reg[3]/RESET_B (^) checked with  leading edge of 'clk'
Beginpoint: rst                     (v) triggered by  leading edge of 'clk'
Path Groups: {async_default}
Analysis View: VIEW_TYP
Other End Arrival Time          0.432
+ Removal                       0.565
+ Phase Shift                   0.000
- CPPR Adjustment               0.000
= Required Time                 0.996
  Arrival Time                  1.584
  Slack Time                    0.587
     Clock Rise Edge                      0.000
     + Input Delay                        0.930
     = Beginpoint Arrival Time            0.930
     Timing Path:
     +--------------------------------------------------------------------------------------+ 
     |    Instance     |    Arc     |           Cell           | Delay | Arrival | Required | 
     |                 |            |                          |       |  Time   |   Time   | 
     |-----------------+------------+--------------------------+-------+---------+----------| 
     |                 | rst v      |                          |       |   0.930 |    0.343 | 
     | g114751         | A v -> Y ^ | sky130_fd_sc_hd__inv_2   | 0.651 |   1.581 |    0.994 | 
     | result_r_reg[3] | RESET_B ^  | sky130_fd_sc_hd__dfrtp_1 | 0.002 |   1.584 |    0.996 | 
     +--------------------------------------------------------------------------------------+ 
     Clock Rise Edge                      0.000
     + Source Insertion Delay            -0.181
     = Beginpoint Arrival Time           -0.181
     Other End Path:
     +--------------------------------------------------------------------------------------------+ 
     |      Instance       |    Arc     |            Cell            | Delay | Arrival | Required | 
     |                     |            |                            |       |  Time   |   Time   | 
     |---------------------+------------+----------------------------+-------+---------+----------| 
     |                     | clk ^      |                            |       |  -0.181 |    0.406 | 
     | CTS_ccl_a_inv_00003 | A ^ -> Y v | sky130_fd_sc_hd__clkinv_16 | 0.445 |   0.264 |    0.851 | 
     | CTS_ccl_a_inv_00002 | A v -> Y ^ | sky130_fd_sc_hd__clkinv_16 | 0.166 |   0.429 |    1.017 | 
     | result_r_reg[3]     | CLK ^      | sky130_fd_sc_hd__dfrtp_1   | 0.002 |   0.432 |    1.019 | 
     +--------------------------------------------------------------------------------------------+ 
Path 4: MET Removal Check with Pin result_r_reg[2]/CLK 
Endpoint:   result_r_reg[2]/RESET_B (^) checked with  leading edge of 'clk'
Beginpoint: rst                     (v) triggered by  leading edge of 'clk'
Path Groups: {async_default}
Analysis View: VIEW_TYP
Other End Arrival Time          0.432
+ Removal                       0.565
+ Phase Shift                   0.000
- CPPR Adjustment               0.000
= Required Time                 0.996
  Arrival Time                  1.584
  Slack Time                    0.588
     Clock Rise Edge                      0.000
     + Input Delay                        0.930
     = Beginpoint Arrival Time            0.930
     Timing Path:
     +--------------------------------------------------------------------------------------+ 
     |    Instance     |    Arc     |           Cell           | Delay | Arrival | Required | 
     |                 |            |                          |       |  Time   |   Time   | 
     |-----------------+------------+--------------------------+-------+---------+----------| 
     |                 | rst v      |                          |       |   0.930 |    0.342 | 
     | g114751         | A v -> Y ^ | sky130_fd_sc_hd__inv_2   | 0.651 |   1.581 |    0.993 | 
     | result_r_reg[2] | RESET_B ^  | sky130_fd_sc_hd__dfrtp_1 | 0.003 |   1.584 |    0.996 | 
     +--------------------------------------------------------------------------------------+ 
     Clock Rise Edge                      0.000
     + Source Insertion Delay            -0.181
     = Beginpoint Arrival Time           -0.181
     Other End Path:
     +--------------------------------------------------------------------------------------------+ 
     |      Instance       |    Arc     |            Cell            | Delay | Arrival | Required | 
     |                     |            |                            |       |  Time   |   Time   | 
     |---------------------+------------+----------------------------+-------+---------+----------| 
     |                     | clk ^      |                            |       |  -0.181 |    0.407 | 
     | CTS_ccl_a_inv_00003 | A ^ -> Y v | sky130_fd_sc_hd__clkinv_16 | 0.445 |   0.264 |    0.852 | 
     | CTS_ccl_a_inv_00002 | A v -> Y ^ | sky130_fd_sc_hd__clkinv_16 | 0.166 |   0.429 |    1.017 | 
     | result_r_reg[2]     | CLK ^      | sky130_fd_sc_hd__dfrtp_1   | 0.002 |   0.432 |    1.020 | 
     +--------------------------------------------------------------------------------------------+ 
Path 5: MET Removal Check with Pin uart_tx_data_reg[6]/CLK 
Endpoint:   uart_tx_data_reg[6]/RESET_B (^) checked with  leading edge of 'clk'
Beginpoint: rst                         (v) triggered by  leading edge of 'clk'
Path Groups: {async_default}
Analysis View: VIEW_TYP
Other End Arrival Time          0.432
+ Removal                       0.565
+ Phase Shift                   0.000
- CPPR Adjustment               0.000
= Required Time                 0.996
  Arrival Time                  1.585
  Slack Time                    0.589
     Clock Rise Edge                      0.000
     + Input Delay                        0.930
     = Beginpoint Arrival Time            0.930
     Timing Path:
     +------------------------------------------------------------------------------------------+ 
     |      Instance       |    Arc     |           Cell           | Delay | Arrival | Required | 
     |                     |            |                          |       |  Time   |   Time   | 
     |---------------------+------------+--------------------------+-------+---------+----------| 
     |                     | rst v      |                          |       |   0.930 |    0.341 | 
     | g114751             | A v -> Y ^ | sky130_fd_sc_hd__inv_2   | 0.651 |   1.581 |    0.992 | 
     | uart_tx_data_reg[6] | RESET_B ^  | sky130_fd_sc_hd__dfrtp_1 | 0.004 |   1.585 |    0.996 | 
     +------------------------------------------------------------------------------------------+ 
     Clock Rise Edge                      0.000
     + Source Insertion Delay            -0.181
     = Beginpoint Arrival Time           -0.181
     Other End Path:
     +--------------------------------------------------------------------------------------------+ 
     |      Instance       |    Arc     |            Cell            | Delay | Arrival | Required | 
     |                     |            |                            |       |  Time   |   Time   | 
     |---------------------+------------+----------------------------+-------+---------+----------| 
     |                     | clk ^      |                            |       |  -0.181 |    0.408 | 
     | CTS_ccl_a_inv_00003 | A ^ -> Y v | sky130_fd_sc_hd__clkinv_16 | 0.445 |   0.264 |    0.853 | 
     | CTS_ccl_a_inv_00002 | A v -> Y ^ | sky130_fd_sc_hd__clkinv_16 | 0.166 |   0.429 |    1.018 | 
     | uart_tx_data_reg[6] | CLK ^      | sky130_fd_sc_hd__dfrtp_1   | 0.002 |   0.432 |    1.021 | 
     +--------------------------------------------------------------------------------------------+ 

