============================================================
  Generated by:           Genus(TM) Synthesis Solution 21.14-s082_1
  Generated on:           Sep 24 2026  03:15:08 am
  Module:                 coprocessor
  Operating conditions:   tt_025C_1v80 (balanced_tree)
  Wireload mode:          top
  Area mode:              timing library
============================================================


Path 1: MET (0 ps) Setup Check with Pin result_r_reg[14]/CLK->D
          Group: clk
     Startpoint: (R) in2_r_reg[9]/CLK
          Clock: (R) clk
       Endpoint: (R) result_r_reg[14]/D
          Clock: (R) clk

                     Capture       Launch     
        Clock Edge:+    9091            0     
       Src Latency:+       0            0     
       Net Latency:+       0 (I)        0 (I) 
           Arrival:=    9091            0     
                                              
             Setup:-      78                  
     Required Time:=    9013                  
      Launch Clock:-       0                  
         Data Path:-    9013                  
             Slack:=       0                  

#----------------------------------------------------------------------------------------------------------------------------------------------
#                   Timing Point                     Flags    Arc    Edge            Cell             Fanout Load Trans Delay Arrival Instance 
#                                                                                                            (fF)  (ps)  (ps)   (ps)  Location 
#----------------------------------------------------------------------------------------------------------------------------------------------
  in2_r_reg[9]/CLK                                   -       -       R     (arrival)                     119    -     0     0       0    (-,-) 
  in2_r_reg[9]/Q                                     -       CLK->Q  F     sky130_fd_sc_hd__sdfrtp_1       3  7.3    61   328     328    (-,-) 
  g123483/Y                                          -       A->Y    R     sky130_fd_sc_hd__nor2_1         1  2.7    77   104     432    (-,-) 
  g123403/Y                                          -       D->Y    F     sky130_fd_sc_hd__nand4_1        1  4.4    86   114     546    (-,-) 
  g123393/Y                                          -       B->Y    R     sky130_fd_sc_hd__nor2_2         3  8.0   115   132     678    (-,-) 
  g123383/Y                                          -       A->Y    F     sky130_fd_sc_hd__inv_1          1  4.6    43    64     742    (-,-) 
  g123363/Y                                          -       A->Y    R     sky130_fd_sc_hd__nand2_2        2  9.8    70    80     822    (-,-) 
  g123311/X                                          -       A2_N->X F     sky130_fd_sc_hd__o2bb2a_4      11 28.0    66   196    1018    (-,-) 
  g123251/Y                                          -       A0->Y   R     sky130_fd_sc_hd__mux2i_1        2  5.4   168   165    1183    (-,-) 
  g123706/Y                                          -       B->Y    F     sky130_fd_sc_hd__nand2b_1       1  2.6    48    76    1259    (-,-) 
  g123164/Y                                          -       A->Y    R     sky130_fd_sc_hd__nand2_1        1  2.7    44    59    1318    (-,-) 
  g123137/Y                                          -       A->Y    F     sky130_fd_sc_hd__nand2_1        1  2.6    34    47    1365    (-,-) 
  g123124/Y                                          -       B->Y    R     sky130_fd_sc_hd__nand4_1        1  4.7    86    92    1457    (-,-) 
  g123110/Y                                          -       A->Y    F     sky130_fd_sc_hd__nand3_2        2  7.1    68    86    1543    (-,-) 
  g123079/X                                          -       A->X    F     sky130_fd_sc_hd__buf_6         14 34.6    45   153    1696    (-,-) 
  g122999/Y                                          -       A2_N->Y F     sky130_fd_sc_hd__o2bb2ai_1      2  5.1    61   130    1826    (-,-) 
  g122907/Y                                          -       A->Y    R     sky130_fd_sc_hd__nand2_1        1  4.9    63    77    1903    (-,-) 
  g122890/Y                                          -       B->Y    F     sky130_fd_sc_hd__nand2_2        3  9.6    50    76    1979    (-,-) 
  g122830/Y                                          -       A->Y    R     sky130_fd_sc_hd__nand2_1        1  4.9    62    72    2051    (-,-) 
  g122677/Y                                          -       A->Y    F     sky130_fd_sc_hd__nand2_2        2  9.1    49    69    2120    (-,-) 
  g122580/Y                                          -       A->Y    R     sky130_fd_sc_hd__inv_2          3 12.3    63    78    2198    (-,-) 
  g122578/Y                                          -       A->Y    F     sky130_fd_sc_hd__inv_2          1  2.6    18    34    2232    (-,-) 
  g121884/Y                                          -       A->Y    R     sky130_fd_sc_hd__nand2_1        1  4.9    65    60    2292    (-,-) 
  g121860/Y                                          -       A->Y    F     sky130_fd_sc_hd__inv_2          2 11.4    34    57    2350    (-,-) 
  g121859/Y                                          -       A->Y    R     sky130_fd_sc_hd__inv_4         15 45.2   128   124    2474    (-,-) 
  g121847/Y                                          -       A->Y    F     sky130_fd_sc_hd__inv_4         18 44.8    69    98    2573    (-,-) 
  g121694/Y                                          -       B->Y    R     sky130_fd_sc_hd__nand2_1        4 10.6   113   122    2695    (-,-) 
  g119973/X                                          -       B1->X   R     sky130_fd_sc_hd__o32a_1         1  2.7    49   157    2852    (-,-) 
  g119307__1666/X                                    -       C1->X   R     sky130_fd_sc_hd__o311a_1        1  2.8    51   148    3001    (-,-) 
  g118947__2398/Y                                    -       B->Y    F     sky130_fd_sc_hd__nand3_1        1  2.5    56    71    3072    (-,-) 
  g118913__2883/Y                                    -       B->Y    R     sky130_fd_sc_hd__nor2_1         1  2.7    78    88    3160    (-,-) 
  g118836__5107/Y                                    -       A->Y    F     sky130_fd_sc_hd__nand4_1        1  2.6    68    80    3240    (-,-) 
  g118808__5107/Y                                    -       A->Y    R     sky130_fd_sc_hd__nand2_1        1  2.7    88    67    3306    (-,-) 
  g118778__4319/Y                                    -       D->Y    F     sky130_fd_sc_hd__nand4_1        1  2.5    66   100    3406    (-,-) 
  g118777/Y                                          -       A->Y    R     sky130_fd_sc_hd__inv_1          1  4.9    53    74    3480    (-,-) 
  g118775__5107/Y                                    -       A->Y    F     sky130_fd_sc_hd__nand2_2        4  9.9    50    69    3549    (-,-) 
  fopt124780/Y                                       -       A->Y    R     sky130_fd_sc_hd__inv_1          1  2.7    34    53    3602    (-,-) 
  alu_inst_muldiv_inst_mul_349_24_g5299/Y            -       A->Y    F     sky130_fd_sc_hd__nand3_1        1  4.5    69    72    3674    (-,-) 
  alu_inst_muldiv_inst_mul_349_24_g5272/Y            -       B->Y    R     sky130_fd_sc_hd__nand2_2        8 22.5   133   144    3819    (-,-) 
  alu_inst_muldiv_inst_mul_349_24_g5084/Y            -       A2->Y   F     sky130_fd_sc_hd__o21ai_1        1  4.8    60    88    3907    (-,-) 
  alu_inst_muldiv_inst_mul_349_24_cdnfadd_015_2/COUT -       A->COUT F     sky130_fd_sc_hd__fah_1          1  2.6    59   341    4248    (-,-) 
  alu_inst_muldiv_inst_mul_349_24_cdnfadd_016_2/SUM  -       CI->SUM R     sky130_fd_sc_hd__fah_1          1  7.3    89   322    4570    (-,-) 
  alu_inst_muldiv_inst_mul_349_24_cdnfadd_016_3/COUT -       B->COUT R     sky130_fd_sc_hd__fah_1          2  6.2    80   303    4873    (-,-) 
  alu_inst_muldiv_inst_mul_349_24_g4922/Y            -       A->Y    F     sky130_fd_sc_hd__clkinv_1       2  4.4    49    76    4949    (-,-) 
  alu_inst_muldiv_inst_mul_349_24_g4921/X            -       A->X    F     sky130_fd_sc_hd__buf_2          1  4.6    28   124    5073    (-,-) 
  alu_inst_muldiv_inst_mul_349_24_g4867/Y            -       A1->Y   R     sky130_fd_sc_hd__a21oi_2        2  4.6   100   122    5194    (-,-) 
  alu_inst_muldiv_inst_mul_349_24_g5614/Y            -       B->Y    F     sky130_fd_sc_hd__nand3b_1       1  4.6    74    98    5292    (-,-) 
  alu_inst_muldiv_inst_mul_349_24_g4836/Y            -       A->Y    R     sky130_fd_sc_hd__inv_2          4  9.5    54    82    5374    (-,-) 
  alu_inst_muldiv_inst_mul_349_24_g5612/Y            -       A_N->Y  R     sky130_fd_sc_hd__nand3b_1       1  2.7    64    99    5474    (-,-) 
  alu_inst_muldiv_inst_mul_349_24_g4803/Y            -       B->Y    F     sky130_fd_sc_hd__nand2_1        1  4.6    46    67    5541    (-,-) 
  alu_inst_muldiv_inst_mul_349_24_g4802/Y            -       A->Y    R     sky130_fd_sc_hd__inv_2          1  9.6    52    71    5612    (-,-) 
  alu_inst_muldiv_inst_mul_349_24_g4797/Y            -       B->Y    F     sky130_fd_sc_hd__nand2_4        3 10.6    38    69    5681    (-,-) 
  fopt25/X                                           -       A->X    F     sky130_fd_sc_hd__buf_2          2  6.4    32   124    5805    (-,-) 
  g96233/Y                                           -       A->Y    R     sky130_fd_sc_hd__nand2_2        2  7.7    72    65    5870    (-,-) 
  g97047/Y                                           -       B->Y    F     sky130_fd_sc_hd__nand2b_2       2  4.9    49    66    5936    (-,-) 
  g95984/Y                                           -       B->Y    R     sky130_fd_sc_hd__nand2_1        1  4.9    62    79    6015    (-,-) 
  g95980/Y                                           -       A->Y    F     sky130_fd_sc_hd__nand2_2        3  8.4    47    67    6082    (-,-) 
  g95835/Y                                           -       A->Y    R     sky130_fd_sc_hd__nand2_2        1  4.9    48    61    6143    (-,-) 
  g95817/Y                                           -       A->Y    F     sky130_fd_sc_hd__nand2_2        3  7.5    44    60    6203    (-,-) 
  g95721/Y                                           -       A->Y    R     sky130_fd_sc_hd__nand2_1        1  2.7    45    56    6259    (-,-) 
  g95716/Y                                           -       A->Y    F     sky130_fd_sc_hd__nand2_1        2  4.4    42    57    6316    (-,-) 
  g95616/Y                                           -       A->Y    R     sky130_fd_sc_hd__nand2_1        1  2.7    45    55    6371    (-,-) 
  g95606/Y                                           -       A->Y    F     sky130_fd_sc_hd__nand2_1        2  4.8    46    59    6430    (-,-) 
  g95555/Y                                           -       A->Y    R     sky130_fd_sc_hd__nand2_1        1  4.9    63    70    6500    (-,-) 
  g95519/Y                                           -       A->Y    F     sky130_fd_sc_hd__nand2_2        2  8.8    48    68    6568    (-,-) 
  g95445/Y                                           -       B2->Y   R     sky130_fd_sc_hd__o2bb2ai_2      3 10.3   167   166    6735    (-,-) 
  g95394/Y                                           -       A1_N->Y R     sky130_fd_sc_hd__o2bb2ai_1      2  5.5   158   156    6891    (-,-) 
  g95359/Y                                           -       A2_N->Y R     sky130_fd_sc_hd__o2bb2ai_1      2  5.3   155   151    7042    (-,-) 
  g95335/Y                                           -       A->Y    F     sky130_fd_sc_hd__nand2_1        1  4.5    62    85    7126    (-,-) 
  g95327/Y                                           -       B1->Y   R     sky130_fd_sc_hd__o21ai_2        1  4.9   106    71    7198    (-,-) 
  fopt124020/Y                                       -       A->Y    F     sky130_fd_sc_hd__inv_2          2  6.8    34    56    7254    (-,-) 
  g95295/Y                                           -       A2->Y   R     sky130_fd_sc_hd__o21ai_2        2  7.6   134   137    7391    (-,-) 
  g95239/Y                                           -       B->Y    F     sky130_fd_sc_hd__nor2_2         2  4.4    39    54    7445    (-,-) 
  g95228/Y                                           -       A->Y    R     sky130_fd_sc_hd__nand2_1        1  3.6    51    59    7504    (-,-) 
  fopt124707/Y                                       -       A->Y    F     sky130_fd_sc_hd__clkinv_1       2  4.4    44    68    7572    (-,-) 
  g95213/Y                                           -       A->Y    R     sky130_fd_sc_hd__nand2_1        2  5.4    71    73    7644    (-,-) 
  g95199/Y                                           -       B->Y    F     sky130_fd_sc_hd__nor2_1         2  4.4    49    52    7696    (-,-) 
  g95186/Y                                           -       B->Y    R     sky130_fd_sc_hd__nand2b_1       1  3.6    57    75    7771    (-,-) 
  fopt124631/Y                                       -       A->Y    F     sky130_fd_sc_hd__clkinv_1       2  4.4    45    70    7841    (-,-) 
  g95164/Y                                           -       A->Y    R     sky130_fd_sc_hd__nand2_1        1  3.6    52    62    7902    (-,-) 
  g95158/Y                                           -       A->Y    F     sky130_fd_sc_hd__clkinv_1       2  7.0    63    84    7986    (-,-) 
  g95148/Y                                           -       A->Y    R     sky130_fd_sc_hd__nand2_2        2  7.0    58    76    8062    (-,-) 
  g95136/Y                                           -       B->Y    F     sky130_fd_sc_hd__nor2_2         2  7.0    60    47    8109    (-,-) 
  g95108/Y                                           -       A->Y    R     sky130_fd_sc_hd__nand2_2        2  6.9    58    74    8183    (-,-) 
  g95005/Y                                           -       B->Y    F     sky130_fd_sc_hd__nor2_2         2  4.4    59    42    8224    (-,-) 
  g94962/Y                                           -       A->Y    R     sky130_fd_sc_hd__nand2_1        1  2.7    49    62    8286    (-,-) 
  g94950/Y                                           -       A->Y    F     sky130_fd_sc_hd__inv_1          2  7.0    38    56    8342    (-,-) 
  g94936/Y                                           -       A->Y    R     sky130_fd_sc_hd__nand2_2        2  8.4    64    70    8412    (-,-) 
  g94926/Y                                           -       A->Y    F     sky130_fd_sc_hd__clkinv_2       2  7.1    38    64    8476    (-,-) 
  g94916/Y                                           -       A->Y    R     sky130_fd_sc_hd__nand2_2        3 10.2    72    76    8552    (-,-) 
  g94894/Y                                           -       B->Y    F     sky130_fd_sc_hd__nor2_2         2  5.0    48    45    8597    (-,-) 
  g94880/Y                                           -       C->Y    R     sky130_fd_sc_hd__nor3_1         1  2.8   150   130    8727    (-,-) 
  g94875/Y                                           -       B->Y    F     sky130_fd_sc_hd__nor2_1         1  2.5    45    59    8786    (-,-) 
  g94403/Y                                           -       C->Y    R     sky130_fd_sc_hd__nand3_1        1  2.7    59    79    8865    (-,-) 
  g94398/Y                                           -       A->Y    F     sky130_fd_sc_hd__inv_1          1  2.6    24    42    8907    (-,-) 
  g94380/Y                                           -       A2->Y   R     sky130_fd_sc_hd__o21ai_1        1  2.3    95   102    9009    (-,-) 
  result_r_reg[14]/D                                 <<<     -       R     sky130_fd_sc_hd__dfrtp_1        1    -     -     4    9013    (-,-) 
#----------------------------------------------------------------------------------------------------------------------------------------------

