============================================================
  Generated by:           Genus(TM) Synthesis Solution 21.14-s082_1
  Generated on:           Sep 24 2026  03:19:44 am
  Module:                 coprocessor
  Operating conditions:   tt_025C_1v80 (balanced_tree)
  Wireload mode:          top
  Area mode:              timing library
============================================================


Path 1: MET (0 ps) Setup Check with Pin result_r_reg[12]/CLK->D
          Group: clk
     Startpoint: (R) in2_r_reg[3]/CLK
          Clock: (R) clk
       Endpoint: (F) result_r_reg[12]/D
          Clock: (R) clk

                     Capture       Launch     
        Clock Edge:+    8333            0     
       Src Latency:+       0            0     
       Net Latency:+       0 (I)        0 (I) 
           Arrival:=    8333            0     
                                              
             Setup:-     125                  
     Required Time:=    8208                  
      Launch Clock:-       0                  
         Data Path:-    8208                  
             Slack:=       0                  

#-------------------------------------------------------------------------------------------------------------------------------------
#               Timing Point                Flags    Arc    Edge            Cell             Fanout Load Trans Delay Arrival Instance 
#                                                                                                   (fF)  (ps)  (ps)   (ps)  Location 
#-------------------------------------------------------------------------------------------------------------------------------------
  in2_r_reg[3]/CLK                          -       -       R     (arrival)                     119    -     0     0       0    (-,-) 
  in2_r_reg[3]/Q                            -       CLK->Q  F     sky130_fd_sc_hd__sdfrtp_2       3  9.4    57   355     355    (-,-) 
  fopt117941/Y                              -       A->Y    R     sky130_fd_sc_hd__inv_2          1  4.9    33    58     413    (-,-) 
  g117634/Y                                 -       B->Y    F     sky130_fd_sc_hd__nand2_2        1  4.6    33    53     466    (-,-) 
  g117619/Y                                 -       A->Y    R     sky130_fd_sc_hd__inv_2          5 15.0    75    83     549    (-,-) 
  g117618/X                                 -       A->X    R     sky130_fd_sc_hd__buf_2          3  8.0    51   124     672    (-,-) 
  g117531/Y                                 -       A->Y    F     sky130_fd_sc_hd__nand4_1        1  2.6    72    70     742    (-,-) 
  g117522/Y                                 -       A->Y    R     sky130_fd_sc_hd__nand2_1        1  5.0    64    84     826    (-,-) 
  g117454/Y                                 -       B->Y    R     sky130_fd_sc_hd__xnor2_1        2  7.5   214   155     981    (-,-) 
  g117421/Y                                 -       A->Y    F     sky130_fd_sc_hd__inv_2          3  7.4    53    68    1049    (-,-) 
  g117400/Y                                 -       A->Y    R     sky130_fd_sc_hd__nand2_1        1  2.7    44    59    1108    (-,-) 
  g117346/Y                                 -       A->Y    F     sky130_fd_sc_hd__nand2_1        2  4.9    45    59    1168    (-,-) 
  g117262/Y                                 -       B->Y    R     sky130_fd_sc_hd__nor2_1         1  2.7    77    83    1251    (-,-) 
  g117236/Y                                 -       A->Y    F     sky130_fd_sc_hd__nand2_1        1  4.6    48    68    1318    (-,-) 
  g117228/Y                                 -       A->Y    R     sky130_fd_sc_hd__inv_2          2  7.3    42    64    1383    (-,-) 
  g117188/Y                                 -       A->Y    F     sky130_fd_sc_hd__nand2_2        1  8.6    45    58    1441    (-,-) 
  g121914/Y                                 -       A->Y    R     sky130_fd_sc_hd__nand2_4       12 38.3   129   132    1573    (-,-) 
  g117142/Y                                 -       A->Y    F     sky130_fd_sc_hd__nand2_1        1  2.3    44    63    1636    (-,-) 
  g117105/Y                                 -       B1->Y   R     sky130_fd_sc_hd__o21ai_1        2  5.3   145    95    1731    (-,-) 
  g117057/Y                                 -       A->Y    F     sky130_fd_sc_hd__nand2_1        1  2.6    49    68    1799    (-,-) 
  g117038/Y                                 -       A->Y    R     sky130_fd_sc_hd__nand2_1        2  5.3    66    76    1875    (-,-) 
  g116936/Y                                 -       A->Y    F     sky130_fd_sc_hd__nand2_1        2 11.1    88    97    1972    (-,-) 
  g122014/Y                                 -       B->Y    R     sky130_fd_sc_hd__nand2_4        8 21.6    85   123    2095    (-,-) 
  g116621/X                                 -       A->X    R     sky130_fd_sc_hd__clkbuf_1       2  7.5    99   132    2226    (-,-) 
  g116620/Y                                 -       A->Y    F     sky130_fd_sc_hd__inv_2          2 17.5    52    76    2302    (-,-) 
  g116028/Y                                 -       A->Y    R     sky130_fd_sc_hd__nand2_2        6 23.1   135   128    2430    (-,-) 
  g115671/Y                                 -       A->Y    F     sky130_fd_sc_hd__inv_4         14 35.5    62    92    2522    (-,-) 
  g115662/Y                                 -       A->Y    R     sky130_fd_sc_hd__inv_2          9 22.6   109   114    2636    (-,-) 
  g117825/Y                                 -       A_N->Y  R     sky130_fd_sc_hd__nand3b_1       1  2.6    63   116    2751    (-,-) 
  g113090__5122/Y                           -       C1->Y   F     sky130_fd_sc_hd__o221ai_1       1  2.5    88   104    2855    (-,-) 
  g112890__1617/Y                           -       B->Y    R     sky130_fd_sc_hd__nor2_1         1  2.7    80   101    2956    (-,-) 
  g112784__6131/Y                           -       A->Y    F     sky130_fd_sc_hd__nand4_1        1  2.6    66    80    3036    (-,-) 
  g112742__2398/Y                           -       A->Y    R     sky130_fd_sc_hd__nand2_1        1  2.7    84    66    3102    (-,-) 
  g112716__6260/X                           -       C1->X   R     sky130_fd_sc_hd__o211a_1        1  9.6    95   188    3291    (-,-) 
  g112690__3680/Y                           -       B->Y    F     sky130_fd_sc_hd__nand2_4        7 20.2    57    94    3385    (-,-) 
  fopt118334/X                              -       A->X    F     sky130_fd_sc_hd__clkbuf_2       6 16.8    72   148    3533    (-,-) 
  fopt118326/Y                              -       A->Y    R     sky130_fd_sc_hd__inv_2          4 10.5    58    82    3615    (-,-) 
  alu_inst_muldiv_inst_mul_349_24_g4151/Y   -       A->Y    F     sky130_fd_sc_hd__nand2_1        1  2.6    60    50    3665    (-,-) 
  alu_inst_muldiv_inst_mul_349_24_g4013/Y   -       A->Y    R     sky130_fd_sc_hd__nand2_1        2  5.3    66    80    3745    (-,-) 
  alu_inst_muldiv_inst_mul_349_24_g119436/Y -       B->Y    F     sky130_fd_sc_hd__nand2_1        1  2.5    47    55    3800    (-,-) 
  alu_inst_muldiv_inst_mul_349_24_g3755/Y   -       B->Y    R     sky130_fd_sc_hd__nand2_1        4 10.7   113   116    3915    (-,-) 
  g295/Y                                    -       A->Y    F     sky130_fd_sc_hd__inv_1          1  2.6    34    52    3968    (-,-) 
  g287/Y                                    -       A->Y    R     sky130_fd_sc_hd__nand2_1        1  2.7    46    53    4020    (-,-) 
  g284/Y                                    -       A->Y    F     sky130_fd_sc_hd__nand2_1        2  5.1    46    61    4081    (-,-) 
  g281/Y                                    -       A2_N->Y F     sky130_fd_sc_hd__o2bb2ai_1      3  7.2    76   144    4225    (-,-) 
  g122574/X                                 -       B1->X   F     sky130_fd_sc_hd__a21o_1         1  2.5    33   160    4386    (-,-) 
  g275/Y                                    -       B->Y    R     sky130_fd_sc_hd__nand2_1        3  8.2    91    94    4480    (-,-) 
  g273/Y                                    -       B->Y    F     sky130_fd_sc_hd__nor2_1         1  4.5    41    58    4538    (-,-) 
  g154/Y                                    -       A->Y    R     sky130_fd_sc_hd__nor2_2         2  5.3    88   117    4655    (-,-) 
  alu_inst_muldiv_inst_mul_349_24_g3658/Y   -       A->Y    F     sky130_fd_sc_hd__nand2_1        1  2.6    38    57    4712    (-,-) 
  alu_inst_muldiv_inst_mul_349_24_g3650/Y   -       B->Y    R     sky130_fd_sc_hd__nand3_1        1  2.8    60    77    4788    (-,-) 
  g122006/Y                                 -       B->Y    F     sky130_fd_sc_hd__nand3_1        1  2.6    50    74    4863    (-,-) 
  g122005/Y                                 -       A->Y    R     sky130_fd_sc_hd__nand2_1        2  5.4    67    77    4940    (-,-) 
  g122004/Y                                 -       B->Y    F     sky130_fd_sc_hd__nand3_1        1  4.6    71    89    5029    (-,-) 
  alu_inst_muldiv_inst_mul_349_24_g3596/Y   -       A->Y    R     sky130_fd_sc_hd__nand3_2        2  6.6    63    83    5112    (-,-) 
  alu_inst_muldiv_inst_mul_349_24_g3529/Y   -       A->Y    F     sky130_fd_sc_hd__nand3_2        1  4.6    58    66    5177    (-,-) 
  alu_inst_muldiv_inst_mul_349_24_g3519/Y   -       A->Y    R     sky130_fd_sc_hd__nand3_2        2  4.7    54    70    5248    (-,-) 
  alu_inst_muldiv_inst_mul_349_24_g3514/Y   -       A->Y    F     sky130_fd_sc_hd__nand2_1        2  5.1    49    62    5310    (-,-) 
  alu_inst_muldiv_inst_mul_349_24_g3504/Y   -       A->Y    R     sky130_fd_sc_hd__nand2_1        1  2.7    44    58    5368    (-,-) 
  alu_inst_muldiv_inst_mul_349_24_g3503/Y   -       A->Y    F     sky130_fd_sc_hd__nand2_1        2  5.0    46    60    5428    (-,-) 
  g121381/Y                                 -       A->Y    R     sky130_fd_sc_hd__nand2_1        2  4.7    63    69    5496    (-,-) 
  g121380/Y                                 -       B->Y    F     sky130_fd_sc_hd__nand2_1        1  2.6    56    54    5551    (-,-) 
  g121379/Y                                 -       A->Y    R     sky130_fd_sc_hd__nand2_1        2  5.1    64    77    5628    (-,-) 
  g100898/Y                                 -       A->Y    F     sky130_fd_sc_hd__nand2_1        1  2.6    41    51    5680    (-,-) 
  g100861/Y                                 -       A->Y    R     sky130_fd_sc_hd__nand2_1        2  4.6    60    68    5748    (-,-) 
  g99/Y                                     -       A->Y    F     sky130_fd_sc_hd__nand2_1        1  2.6    33    50    5798    (-,-) 
  g98/Y                                     -       A->Y    R     sky130_fd_sc_hd__nand2_1        2  4.7    61    65    5863    (-,-) 
  g100752/Y                                 -       A->Y    F     sky130_fd_sc_hd__nand2_1        2  5.0    48    64    5927    (-,-) 
  g96/Y                                     -       A->Y    R     sky130_fd_sc_hd__nand2_1        2  5.3    68    74    6001    (-,-) 
  g68/Y                                     -       A->Y    F     sky130_fd_sc_hd__nand2_1        1  4.6    46    64    6064    (-,-) 
  g121995/Y                                 -       A->Y    R     sky130_fd_sc_hd__nand2_2        3  8.2    63    75    6140    (-,-) 
  g121994/Y                                 -       A->Y    F     sky130_fd_sc_hd__nand2_1        1  2.6    33    51    6191    (-,-) 
  g121993/Y                                 -       A->Y    R     sky130_fd_sc_hd__nand2_1        3  8.1    91    87    6278    (-,-) 
  g878/Y                                    -       A->Y    F     sky130_fd_sc_hd__nand2_1        2  5.1    53    73    6351    (-,-) 
  g876/Y                                    -       A->Y    R     sky130_fd_sc_hd__nand2_1        1  2.7    46    60    6410    (-,-) 
  g875/Y                                    -       A->Y    F     sky130_fd_sc_hd__nand2_1        1  4.6    56    58    6469    (-,-) 
  g874/Y                                    -       A->Y    R     sky130_fd_sc_hd__nand2_2        3 10.3    73    87    6556    (-,-) 
  g100168/Y                                 -       A->Y    F     sky130_fd_sc_hd__inv_2          4  9.7    33    53    6609    (-,-) 
  g100109/X                                 -       B2->X   F     sky130_fd_sc_hd__o22a_1         3  6.7    65   176    6784    (-,-) 
  g265/Y                                    -       A1->Y   R     sky130_fd_sc_hd__o21ai_1        2  5.5   148   170    6954    (-,-) 
  g100037/Y                                 -       A->Y    F     sky130_fd_sc_hd__inv_1          1  2.6    40    57    7012    (-,-) 
  g100002/X                                 -       A2->X   F     sky130_fd_sc_hd__o21a_1         3  6.7    54   186    7197    (-,-) 
  g99977/X                                  -       A2->X   F     sky130_fd_sc_hd__o21a_2         3  7.5    46   210    7407    (-,-) 
  g122268/Y                                 -       A->Y    R     sky130_fd_sc_hd__nand4_1        2  4.7    90    81    7488    (-,-) 
  g122267/Y                                 -       A->Y    F     sky130_fd_sc_hd__inv_1          2  7.0    46    68    7556    (-,-) 
  g122266/Y                                 -       C->Y    R     sky130_fd_sc_hd__nand3_2        3  8.5    72    89    7644    (-,-) 
  g122052/Y                                 -       A->Y    F     sky130_fd_sc_hd__inv_2          4 10.0    33    53    7698    (-,-) 
  g121290/Y                                 -       A->Y    R     sky130_fd_sc_hd__nand2_1        3  8.0    92    85    7782    (-,-) 
  g119278/Y                                 -       A->Y    F     sky130_fd_sc_hd__inv_1          1  2.6    30    48    7830    (-,-) 
  g119057/Y                                 -       A->Y    R     sky130_fd_sc_hd__nand2_1        2  4.3    64    61    7891    (-,-) 
  g122423/Y                                 -       A_N->Y  R     sky130_fd_sc_hd__nand2b_1       1  2.7    51    99    7990    (-,-) 
  g121556/Y                                 -       A->Y    F     sky130_fd_sc_hd__nand3_1        1  2.5    52    63    8053    (-,-) 
  g98814/Y                                  -       B->Y    R     sky130_fd_sc_hd__nor2_1         1  2.8    78    88    8141    (-,-) 
  g98806/Y                                  -       B2->Y   F     sky130_fd_sc_hd__o2bb2ai_1      1  2.2    47    63    8204    (-,-) 
  result_r_reg[12]/D                        <<<     -       F     sky130_fd_sc_hd__dfrtp_1        1    -     -     4    8208    (-,-) 
#-------------------------------------------------------------------------------------------------------------------------------------

