============================================================
  Generated by:           Genus(TM) Synthesis Solution 21.14-s082_1
  Generated on:           Sep 24 2026  02:41:11 am
  Module:                 coprocessor
  Operating conditions:   tt_025C_1v80 (balanced_tree)
  Wireload mode:          top
  Area mode:              timing library
============================================================


Path 1: VIOLATED (-43 ps) Setup Check with Pin status_r_reg[1]/CLK->D
          Group: clk
     Startpoint: (R) in1_r_reg[0]/CLK
          Clock: (R) clk
       Endpoint: (F) status_r_reg[1]/D
          Clock: (R) clk

                     Capture       Launch     
        Clock Edge:+    7576            0     
       Src Latency:+       0            0     
       Net Latency:+       0 (I)        0 (I) 
           Arrival:=    7576            0     
                                              
             Setup:-     117                  
     Required Time:=    7459                  
      Launch Clock:-       0                  
         Data Path:-    7502                  
             Slack:=     -43                  

#-------------------------------------------------------------------------------------------------------------
#   Timing Point    Flags    Arc    Edge            Cell             Fanout Load Trans Delay Arrival Instance 
#                                                                           (fF)  (ps)  (ps)   (ps)  Location 
#-------------------------------------------------------------------------------------------------------------
  in1_r_reg[0]/CLK  -       -       R     (arrival)                     119    -     0     0       0    (-,-) 
  in1_r_reg[0]/Q    -       CLK->Q  F     sky130_fd_sc_hd__sdfrtp_1       3  8.8    68   336     336    (-,-) 
  g115986/Y         -       A->Y    R     sky130_fd_sc_hd__nor2_2         2  5.3    88   125     461    (-,-) 
  g121554/Y         -       A->Y    F     sky130_fd_sc_hd__nand2_1        1  3.2    42    61     522    (-,-) 
  g121553/Y         -       A->Y    R     sky130_fd_sc_hd__clkinv_1       2  5.3    38    56     579    (-,-) 
  g123562/Y         -       A3->Y   F     sky130_fd_sc_hd__a41oi_1        1  2.6    83   104     683    (-,-) 
  g134998/Y         -       A_N->Y  F     sky130_fd_sc_hd__nand3b_4       9 22.7   102   211     894    (-,-) 
  g134834/Y         -       A->Y    R     sky130_fd_sc_hd__clkinv_1       1  2.7    37    63     958    (-,-) 
  g770/Y            -       A->Y    F     sky130_fd_sc_hd__nand2_1        1  2.6    36    45    1003    (-,-) 
  g769/Y            -       A->Y    R     sky130_fd_sc_hd__nand2_1        2  4.8    62    67    1070    (-,-) 
  g128942/Y         -       B->Y    F     sky130_fd_sc_hd__nand4_1        1  4.6    87   102    1171    (-,-) 
  fopt128694/Y      -       A->Y    R     sky130_fd_sc_hd__inv_2          3 10.1    58    90    1261    (-,-) 
  g130967/Y         -       B->Y    F     sky130_fd_sc_hd__nand3_2        3  7.3    67    88    1349    (-,-) 
  g130969/Y         -       A->Y    R     sky130_fd_sc_hd__inv_1          2  5.3    56    75    1424    (-,-) 
  g130968/Y         -       A->Y    F     sky130_fd_sc_hd__inv_1          4 12.0    60    74    1498    (-,-) 
  g135680/Y         -       A2->Y   R     sky130_fd_sc_hd__o21ai_1        2  5.3   145   152    1650    (-,-) 
  g135681/Y         -       A1->Y   F     sky130_fd_sc_hd__a21boi_1       1  2.6    56    82    1733    (-,-) 
  g112597/Y         -       A->Y    R     sky130_fd_sc_hd__nand2_1        2  5.4    67    79    1812    (-,-) 
  g117736/Y         -       A->Y    F     sky130_fd_sc_hd__nand2_1        1  2.6    34    52    1864    (-,-) 
  g112000/Y         -       A->Y    R     sky130_fd_sc_hd__nand2_1        2  5.3    66    69    1933    (-,-) 
  g511/Y            -       A->Y    F     sky130_fd_sc_hd__nand2_1        1  4.6    46    63    1997    (-,-) 
  g507/Y            -       A->Y    R     sky130_fd_sc_hd__nand3_2        4 11.4    86    89    2085    (-,-) 
  g136012/Y         -       A->Y    F     sky130_fd_sc_hd__clkinv_1       1  2.6    38    66    2151    (-,-) 
  g130445/Y         -       A->Y    R     sky130_fd_sc_hd__nand2_1        1  4.9    63    68    2219    (-,-) 
  g137715/Y         -       A->Y    F     sky130_fd_sc_hd__nand2_2        6 14.7    68    85    2304    (-,-) 
  g137712/Y         -       C->Y    R     sky130_fd_sc_hd__nand4_1        1  2.7    70    97    2402    (-,-) 
  g126324/Y         -       A->Y    F     sky130_fd_sc_hd__inv_1          1  4.5    32    53    2455    (-,-) 
  g131539/Y         -       B->Y    R     sky130_fd_sc_hd__nand2_2        3 10.2    72    86    2541    (-,-) 
  g129069/Y         -       B->Y    F     sky130_fd_sc_hd__nand2_2        3  8.9    51    74    2614    (-,-) 
  g119040/X         -       A->X    F     sky130_fd_sc_hd__buf_2          6 14.0    49   148    2762    (-,-) 
  g119043/X         -       A->X    F     sky130_fd_sc_hd__buf_2          4 14.0    49   146    2908    (-,-) 
  g137160/X         -       A2->X   F     sky130_fd_sc_hd__o21a_1         3  7.4    57   190    3099    (-,-) 
  g134904/Y         -       B2->Y   R     sky130_fd_sc_hd__o2bb2ai_1      1  2.7   106   123    3222    (-,-) 
  g134903/Y         -       A->Y    F     sky130_fd_sc_hd__inv_1          1  4.4    40    62    3284    (-,-) 
  g132158/Y         -       A2_N->Y F     sky130_fd_sc_hd__a2bb2oi_2      1  2.5    36   128    3412    (-,-) 
  g132156/Y         -       B->Y    R     sky130_fd_sc_hd__nand2_1        2  6.9    80    87    3499    (-,-) 
  g132155/Y         -       B->Y    F     sky130_fd_sc_hd__nor2_2         2  6.4    33    50    3550    (-,-) 
  g47/Y             -       A->Y    R     sky130_fd_sc_hd__nand3_2        2  4.7    54    57    3607    (-,-) 
  g135033/Y         -       A->Y    F     sky130_fd_sc_hd__nand3_1        1  2.6    50    63    3670    (-,-) 
  g260/Y            -       A->Y    R     sky130_fd_sc_hd__nand2_1        2  5.3    66    76    3746    (-,-) 
  g254/Y            -       A->Y    F     sky130_fd_sc_hd__nand2_1        1  2.6    34    52    3797    (-,-) 
  g249/Y            -       A->Y    R     sky130_fd_sc_hd__nand2_1        1  4.9    63    67    3864    (-,-) 
  g135935/Y         -       A->Y    F     sky130_fd_sc_hd__nand2_2        2  9.1    49    69    3933    (-,-) 
  fopt127300/Y      -       A->Y    R     sky130_fd_sc_hd__inv_2          4 12.7    65    79    4012    (-,-) 
  fopt127299/Y      -       A->Y    F     sky130_fd_sc_hd__inv_1          2  5.0    33    52    4065    (-,-) 
  g129132/Y         -       A->Y    R     sky130_fd_sc_hd__nand2_1        2  5.3    66    68    4132    (-,-) 
  g130089/Y         -       A->Y    F     sky130_fd_sc_hd__nand2_1        1  2.6    34    52    4184    (-,-) 
  g133050/Y         -       A->Y    R     sky130_fd_sc_hd__nand2_1        2  4.6    60    65    4249    (-,-) 
  g98/Y             -       A->Y    F     sky130_fd_sc_hd__nand3_1        1  2.6    51    65    4314    (-,-) 
  g97/Y             -       A->Y    R     sky130_fd_sc_hd__nand2_1        1  2.7    43    60    4374    (-,-) 
  g134856/Y         -       A->Y    F     sky130_fd_sc_hd__nand2_1        1  2.6    32    47    4420    (-,-) 
  g124444/Y         -       A->Y    R     sky130_fd_sc_hd__nand2_1        1  2.7    44    52    4473    (-,-) 
  g125258/Y         -       A->Y    F     sky130_fd_sc_hd__nand2_1        1  4.6    43    58    4530    (-,-) 
  g129758/Y         -       A->Y    R     sky130_fd_sc_hd__nand2_2        2  7.5    59    72    4602    (-,-) 
  fopt129760/Y      -       A->Y    F     sky130_fd_sc_hd__inv_1          3  7.2    41    58    4660    (-,-) 
  g134861/Y         -       A->Y    R     sky130_fd_sc_hd__nand2_1        1  2.7    48    54    4714    (-,-) 
  g134860/Y         -       A->Y    F     sky130_fd_sc_hd__nand2_1        1  2.6    31    48    4763    (-,-) 
  g134859/Y         -       A->Y    R     sky130_fd_sc_hd__nand2_1        2  4.6    60    64    4826    (-,-) 
  g128135/Y         -       A->Y    F     sky130_fd_sc_hd__nand2_1        1  2.5    32    50    4876    (-,-) 
  g126161/Y         -       A->Y    R     sky130_fd_sc_hd__inv_1          2  4.6    48    58    4934    (-,-) 
  g125984/Y         -       A->Y    F     sky130_fd_sc_hd__nand2_1        1  2.6    31    47    4981    (-,-) 
  g127415/Y         -       A->Y    R     sky130_fd_sc_hd__nand2_1        2  4.7    61    64    5046    (-,-) 
  g124168/Y         -       A->Y    F     sky130_fd_sc_hd__nand2_1        1  2.6    33    50    5096    (-,-) 
  g86/Y             -       A->Y    R     sky130_fd_sc_hd__nand2_1        2  5.3    66    69    5165    (-,-) 
  g135077/Y         -       A->Y    F     sky130_fd_sc_hd__inv_1          2  7.0    41    60    5225    (-,-) 
  g135078/Y         -       A1->Y   R     sky130_fd_sc_hd__a21oi_2        1  4.9   103   126    5351    (-,-) 
  g135074/Y         -       B->Y    F     sky130_fd_sc_hd__nand2_2        3  7.4    46    80    5431    (-,-) 
  g103813/Y         -       A->Y    R     sky130_fd_sc_hd__inv_1          2  7.5    72    79    5510    (-,-) 
  g121279/Y         -       A->Y    F     sky130_fd_sc_hd__nand2_2        3  9.5    54    70    5580    (-,-) 
  g124701/Y         -       A->Y    R     sky130_fd_sc_hd__nand2_2        7 19.7   119   116    5696    (-,-) 
  g127507/Y         -       B1->Y   F     sky130_fd_sc_hd__a21oi_2        1  2.6    37    44    5740    (-,-) 
  g128158/Y         -       A->Y    R     sky130_fd_sc_hd__nand2_1        1  2.7    44    54    5794    (-,-) 
  g135635/Y         -       A->Y    F     sky130_fd_sc_hd__nand2_1        2  4.7    44    58    5852    (-,-) 
  g135634/Y         -       A->Y    R     sky130_fd_sc_hd__inv_1          1  2.9    35    52    5903    (-,-) 
  g135632/Y         -       A2->Y   F     sky130_fd_sc_hd__o21ai_1        2  4.9    59    65    5968    (-,-) 
  g124065/Y         -       A->Y    R     sky130_fd_sc_hd__inv_1          1  2.8    37    57    6026    (-,-) 
  g287/Y            -       B->Y    F     sky130_fd_sc_hd__nand4_1        1  4.5    85    96    6122    (-,-) 
  g134889/Y         -       A->Y    R     sky130_fd_sc_hd__nor2_2         2  6.4    99   143    6265    (-,-) 
  g134888/Y         -       A->Y    F     sky130_fd_sc_hd__nand3_2        2  7.0    69    86    6352    (-,-) 
  g134887/Y         -       A->Y    R     sky130_fd_sc_hd__inv_2          5 17.6    88   104    6455    (-,-) 
  g136132/Y         -       A->Y    F     sky130_fd_sc_hd__nand2_1        2  5.0    52    72    6527    (-,-) 
  g136131/Y         -       A->Y    R     sky130_fd_sc_hd__nand2_1        1  2.7    44    59    6586    (-,-) 
  g135210/Y         -       A->Y    F     sky130_fd_sc_hd__nand2_1        1  4.6    43    58    6644    (-,-) 
  g135209/Y         -       A->Y    R     sky130_fd_sc_hd__nand2_2        3  9.7    70    79    6723    (-,-) 
  g135208/Y         -       A->Y    F     sky130_fd_sc_hd__nand4_1        2  4.9    91    96    6819    (-,-) 
  g134970/Y         -       B->Y    R     sky130_fd_sc_hd__nor2_1         1  2.8    82   102    6921    (-,-) 
  g134969/Y         -       B->Y    F     sky130_fd_sc_hd__nand3_1        2  4.9    73    97    7018    (-,-) 
  g134915/Y         -       A->Y    R     sky130_fd_sc_hd__inv_1          3  7.9    77    93    7111    (-,-) 
  g134827/Y         -       A->Y    F     sky130_fd_sc_hd__nand2_1        2  5.0    50    68    7179    (-,-) 
  g135428/Y         -       A->Y    R     sky130_fd_sc_hd__nand2_1        1  2.7    47    58    7238    (-,-) 
  g135478/Y         -       A->Y    F     sky130_fd_sc_hd__nand2_1        2  4.0    42    56    7293    (-,-) 
  g26/Y             -       A->Y    R     sky130_fd_sc_hd__inv_1          1  2.8    34    50    7344    (-,-) 
  g135704/Y         -       B->Y    F     sky130_fd_sc_hd__nor2_1         1  2.5    24    36    7379    (-,-) 
  g135705/Y         -       C->Y    R     sky130_fd_sc_hd__nand3_1        1  2.7    59    70    7449    (-,-) 
  g135702/Y         -       A->Y    F     sky130_fd_sc_hd__nand2_1        1  2.2    30    49    7498    (-,-) 
  status_r_reg[1]/D <<<     -       F     sky130_fd_sc_hd__dfrbp_1        1    -     -     4    7502    (-,-) 
#-------------------------------------------------------------------------------------------------------------

