============================================================
  Generated by:           Genus(TM) Synthesis Solution 21.14-s082_1
  Generated on:           Sep 24 2026  02:31:11 am
  Module:                 coprocessor
  Operating conditions:   tt_025C_1v80 (balanced_tree)
  Wireload mode:          top
  Area mode:              timing library
============================================================


Path 1: VIOLATED (-3719 ps) Setup Check with Pin status_r_reg[1]/CLK->D
          Group: clk
     Startpoint: (R) in1_r_reg[5]/CLK
          Clock: (R) clk
       Endpoint: (R) status_r_reg[1]/D
          Clock: (R) clk

                     Capture       Launch     
        Clock Edge:+    3922            0     
       Src Latency:+       0            0     
       Net Latency:+       0 (I)        0 (I) 
           Arrival:=    3922            0     
                                              
             Setup:-      78                  
     Required Time:=    3844                  
      Launch Clock:-       0                  
         Data Path:-    7563                  
             Slack:=   -3719                  

#-------------------------------------------------------------------------------------------------------------
#   Timing Point    Flags    Arc    Edge            Cell             Fanout Load Trans Delay Arrival Instance 
#                                                                           (fF)  (ps)  (ps)   (ps)  Location 
#-------------------------------------------------------------------------------------------------------------
  in1_r_reg[5]/CLK  -       -       R     (arrival)                     119    -     0     0       0    (-,-) 
  in1_r_reg[5]/Q    -       CLK->Q  F     sky130_fd_sc_hd__sdfrtp_1       2  5.0    51   315     315    (-,-) 
  g117/Y            -       A->Y    R     sky130_fd_sc_hd__clkinv_1       1  2.7    26    48     363    (-,-) 
  g134223/Y         -       D->Y    F     sky130_fd_sc_hd__nand4_1        2  4.3    83   101     464    (-,-) 
  g102/Y            -       B->Y    R     sky130_fd_sc_hd__nor2_1         1  2.7    79    98     562    (-,-) 
  g134221/Y         -       A->Y    F     sky130_fd_sc_hd__nand3_1        2  5.1    75    90     652    (-,-) 
  g123027/Y         -       A->Y    R     sky130_fd_sc_hd__nand2_1        1  4.9    67    83     735    (-,-) 
  g138497/Y         -       A->Y    F     sky130_fd_sc_hd__nand2_2        2  9.1    52    70     805    (-,-) 
  g138500/Y         -       A->Y    R     sky130_fd_sc_hd__nand2_2        4 12.7    85    91     896    (-,-) 
  fopt138499/Y      -       A->Y    F     sky130_fd_sc_hd__inv_2          2  7.0    30    50     946    (-,-) 
  g138108/Y         -       A1_N->Y F     sky130_fd_sc_hd__o2bb2ai_1      1  2.5    42   114    1060    (-,-) 
  g119708/Y         -       A->Y    R     sky130_fd_sc_hd__inv_1          2  5.3    54    66    1126    (-,-) 
  g130231/Y         -       B->Y    F     sky130_fd_sc_hd__nand2_1        2  6.8    58    74    1200    (-,-) 
  g135847/Y         -       B->Y    R     sky130_fd_sc_hd__nor2_2         1  4.9    84    96    1296    (-,-) 
  g136248/Y         -       A->Y    F     sky130_fd_sc_hd__nand2_2        2  9.1    52    75    1371    (-,-) 
  g138532/Y         -       A->Y    R     sky130_fd_sc_hd__inv_2          4 14.9    74    88    1459    (-,-) 
  g138534/Y         -       A->Y    F     sky130_fd_sc_hd__inv_2          6 15.9    44    66    1524    (-,-) 
  g138541/Y         -       A2->Y   R     sky130_fd_sc_hd__o21ai_2        2  5.5   112   124    1648    (-,-) 
  g122709/Y         -       A->Y    F     sky130_fd_sc_hd__inv_1          1  2.6    34    52    1700    (-,-) 
  g122708/Y         -       A2->Y   R     sky130_fd_sc_hd__o21ai_1        2  5.3   145   145    1845    (-,-) 
  g138604/Y         -       A->Y    F     sky130_fd_sc_hd__nand2_1        1  2.6    49    68    1914    (-,-) 
  g118160/Y         -       A->Y    R     sky130_fd_sc_hd__nand2_1        2  5.3    66    76    1989    (-,-) 
  g135119/Y         -       A->Y    F     sky130_fd_sc_hd__nand2_1        2  7.0    60    76    2065    (-,-) 
  g135313/Y         -       B->Y    R     sky130_fd_sc_hd__nand3_2        3 10.1    82   100    2165    (-,-) 
  g135317/Y         -       A->Y    F     sky130_fd_sc_hd__nand2_1        2  4.4    48    67    2232    (-,-) 
  g136330/Y         -       A->Y    R     sky130_fd_sc_hd__nand2_1        1  2.7    44    57    2289    (-,-) 
  g136329/Y         -       A->Y    F     sky130_fd_sc_hd__nand2_1        1  2.6    35    47    2336    (-,-) 
  g136328/Y         -       B->Y    R     sky130_fd_sc_hd__nand3_1        1  2.7    59    75    2411    (-,-) 
  g80/Y             -       A->Y    F     sky130_fd_sc_hd__nand3_1        1  2.5    49    65    2476    (-,-) 
  g124825/Y         -       A->Y    R     sky130_fd_sc_hd__inv_1          1  4.9    51    67    2543    (-,-) 
  g130051/Y         -       A->Y    F     sky130_fd_sc_hd__nand2_2        2 11.1    56    71    2614    (-,-) 
  g132526/Y         -       B->Y    R     sky130_fd_sc_hd__nand2_4        7 22.4    86   109    2723    (-,-) 
  g130058/Y         -       A->Y    F     sky130_fd_sc_hd__inv_1          1  4.6    36    56    2779    (-,-) 
  g130057/Y         -       A->Y    R     sky130_fd_sc_hd__nand2_2        1  9.1    67    74    2854    (-,-) 
  g131861/Y         -       A->Y    F     sky130_fd_sc_hd__nand2_4        7 21.0    60    84    2938    (-,-) 
  fopt131860/Y      -       A->Y    R     sky130_fd_sc_hd__inv_2          6 17.8    88    99    3037    (-,-) 
  g131669/Y         -       A->Y    F     sky130_fd_sc_hd__nand2_2        2  6.4    44    64    3101    (-,-) 
  fopt136468/X      -       A->X    F     sky130_fd_sc_hd__buf_2          2  4.9    29   122    3223    (-,-) 
  fopt136467/Y      -       A->Y    R     sky130_fd_sc_hd__inv_1          2  5.4    54    60    3283    (-,-) 
  g120509/Y         -       A->Y    F     sky130_fd_sc_hd__nor2_1         2  3.1    27    48    3331    (-,-) 
  g137027/Y         -       A_N->Y  F     sky130_fd_sc_hd__nand3b_1       1  2.6    56   141    3472    (-,-) 
  g137025/Y         -       B->Y    R     sky130_fd_sc_hd__nand3_1        1  2.7    59    84    3556    (-,-) 
  g94/Y             -       A->Y    F     sky130_fd_sc_hd__inv_1          2  4.3    30    50    3605    (-,-) 
  g137155/Y         -       D->Y    R     sky130_fd_sc_hd__nand4_1        1  2.7    69    77    3683    (-,-) 
  g128569/Y         -       A->Y    F     sky130_fd_sc_hd__nand2_1        2  6.4    57    75    3758    (-,-) 
  g128573/Y         -       A->Y    R     sky130_fd_sc_hd__nand2_2        3  9.3    69    81    3839    (-,-) 
  g136318/Y         -       A->Y    F     sky130_fd_sc_hd__nand3_1        1  4.6    70    82    3921    (-,-) 
  g136317/Y         -       A->Y    R     sky130_fd_sc_hd__nand3_2        2  5.3    57    78    3999    (-,-) 
  g136319/Y         -       A->Y    F     sky130_fd_sc_hd__nand2_1        1  2.6    32    50    4048    (-,-) 
  g123536/Y         -       A->Y    R     sky130_fd_sc_hd__nand2_1        2  5.3    66    69    4117    (-,-) 
  g123702/Y         -       B->Y    F     sky130_fd_sc_hd__nand2_1        2  8.8    72    89    4206    (-,-) 
  g134360/Y         -       B2->Y   R     sky130_fd_sc_hd__o2bb2ai_2      3 10.2   166   175    4381    (-,-) 
  g134359/Y         -       A->Y    F     sky130_fd_sc_hd__inv_2          1  2.6    32    43    4424    (-,-) 
  g28/Y             -       A->Y    R     sky130_fd_sc_hd__nand2_1        2  7.6    86    83    4507    (-,-) 
  fopt132917/Y      -       A->Y    F     sky130_fd_sc_hd__inv_2          2  7.0    30    50    4557    (-,-) 
  g132915/Y         -       B->Y    R     sky130_fd_sc_hd__nand3_2        2  9.5    76    85    4642    (-,-) 
  g46_0/Y           -       B->Y    F     sky130_fd_sc_hd__nand3_2        6 12.1    92   113    4755    (-,-) 
  g128772/Y         -       A2->Y   R     sky130_fd_sc_hd__o21ai_1        3  7.3   180   190    4946    (-,-) 
  g119992/Y         -       A->Y    F     sky130_fd_sc_hd__nand2_1        1  2.6    55    73    5018    (-,-) 
  g22/Y             -       A->Y    R     sky130_fd_sc_hd__nand2_1        2  4.7    61    74    5092    (-,-) 
  g136080/Y         -       A->Y    F     sky130_fd_sc_hd__nand2_1        1  2.6    33    50    5143    (-,-) 
  g136079/Y         -       A->Y    R     sky130_fd_sc_hd__nand2_1        2  4.3    57    63    5206    (-,-) 
  g135254/Y         -       A->Y    F     sky130_fd_sc_hd__nand2_1        2  4.9    46    62    5268    (-,-) 
  fopt136378/Y      -       A->Y    R     sky130_fd_sc_hd__inv_1          2  4.7    49    63    5331    (-,-) 
  g135253/Y         -       A->Y    F     sky130_fd_sc_hd__nand3_1        1  4.4    66    74    5405    (-,-) 
  g136113/Y         -       B->Y    R     sky130_fd_sc_hd__nor2_2         2  7.5   110   121    5526    (-,-) 
  g129971/Y         -       A->Y    F     sky130_fd_sc_hd__nand2_1        1  4.6    54    76    5602    (-,-) 
  g129970/Y         -       A->Y    R     sky130_fd_sc_hd__inv_2          4 15.2    76    92    5694    (-,-) 
  g127692/Y         -       A2_N->Y R     sky130_fd_sc_hd__o2bb2ai_2      2  5.3   114   112    5806    (-,-) 
  g127691/Y         -       A->Y    F     sky130_fd_sc_hd__nand2_1        1  2.6    44    64    5869    (-,-) 
  g137113/Y         -       B->Y    R     sky130_fd_sc_hd__nand4_1        2  5.3    95   101    5970    (-,-) 
  g137114/Y         -       A->Y    F     sky130_fd_sc_hd__nand2_1        1  2.3    38    57    6026    (-,-) 
  g140/Y            -       B1->Y   R     sky130_fd_sc_hd__o21ai_1        2  5.3   145    92    6119    (-,-) 
  g123610/Y         -       A->Y    F     sky130_fd_sc_hd__nand2_1        1  2.6    49    68    6187    (-,-) 
  g136171/Y         -       A->Y    R     sky130_fd_sc_hd__nand2_1        2  7.6    86    90    6277    (-,-) 
  g130327/Y         -       B->Y    F     sky130_fd_sc_hd__nor2_2         2  5.1    31    48    6326    (-,-) 
  g132954/Y         -       A->Y    R     sky130_fd_sc_hd__nand2_1        2  7.5    85    80    6406    (-,-) 
  g129083/Y         -       A->Y    F     sky130_fd_sc_hd__inv_2          4 12.0    39    61    6467    (-,-) 
  g123617/Y         -       A->Y    R     sky130_fd_sc_hd__nand3_1        1  4.9    80    77    6544    (-,-) 
  g120962/Y         -       A->Y    F     sky130_fd_sc_hd__inv_2          4  8.6    32    55    6600    (-,-) 
  g123775/Y         -       A2->Y   R     sky130_fd_sc_hd__o21ai_0        1  4.9   195   180    6780    (-,-) 
  g136880/Y         -       B->Y    F     sky130_fd_sc_hd__nand2_2        3  8.9    63   102    6881    (-,-) 
  g136879/Y         -       A->Y    R     sky130_fd_sc_hd__nand2_1        2  5.3    66    80    6962    (-,-) 
  g136878/Y         -       A->Y    F     sky130_fd_sc_hd__inv_1          2  4.9    33    52    7014    (-,-) 
  g136877/Y         -       C->Y    R     sky130_fd_sc_hd__nand3_1        3  8.0   111   107    7121    (-,-) 
  g135681/Y         -       A->Y    F     sky130_fd_sc_hd__nand2_1        2  4.9    56    78    7199    (-,-) 
  g135854/Y         -       A2->Y   R     sky130_fd_sc_hd__a21oi_1        1  2.7   105   141    7340    (-,-) 
  g56/Y             -       C->Y    F     sky130_fd_sc_hd__nand4_1        1  2.6    69   101    7441    (-,-) 
  g135932/Y         -       A2->Y   R     sky130_fd_sc_hd__o21ai_1        1  2.3    92   118    7559    (-,-) 
  status_r_reg[1]/D <<<     -       R     sky130_fd_sc_hd__dfrtp_1        1    -     -     4    7563    (-,-) 
#-------------------------------------------------------------------------------------------------------------

