============================================================
  Generated by:           Genus(TM) Synthesis Solution 21.14-s082_1
  Generated on:           Sep 24 2026  02:55:27 am
  Module:                 coprocessor
  Operating conditions:   tt_025C_1v80 (balanced_tree)
  Wireload mode:          top
  Area mode:              timing library
============================================================


Path 1: MET (0 ps) Setup Check with Pin status_r_reg[1]/CLK->D
          Group: clk
     Startpoint: (R) in1_r_reg[11]/CLK
          Clock: (R) clk
       Endpoint: (F) status_r_reg[1]/D
          Clock: (R) clk

                     Capture       Launch     
        Clock Edge:+    8064            0     
       Src Latency:+       0            0     
       Net Latency:+       0 (I)        0 (I) 
           Arrival:=    8064            0     
                                              
             Setup:-     120                  
     Required Time:=    7944                  
      Launch Clock:-       0                  
         Data Path:-    7944                  
             Slack:=       0                  

#-------------------------------------------------------------------------------------------------------------
#   Timing Point    Flags    Arc    Edge            Cell             Fanout Load Trans Delay Arrival Instance 
#                                                                           (fF)  (ps)  (ps)   (ps)  Location 
#-------------------------------------------------------------------------------------------------------------
  in1_r_reg[11]/CLK -       -       R     (arrival)                     119    -     0     0       0    (-,-) 
  in1_r_reg[11]/Q   -       CLK->Q  F     sky130_fd_sc_hd__sdfrtp_1       1  5.1    51   316     316    (-,-) 
  fopt114776/Y      -       A->Y    R     sky130_fd_sc_hd__clkinv_2       4 12.8    52    75     391    (-,-) 
  g121287/Y         -       B->Y    F     sky130_fd_sc_hd__nand2_2        2  5.1    32    58     448    (-,-) 
  g123349/Y         -       A->Y    R     sky130_fd_sc_hd__nor2_1         1  2.7    77    93     542    (-,-) 
  g123344/Y         -       D->Y    F     sky130_fd_sc_hd__nand4_1        2  5.1    93   120     661    (-,-) 
  g122886/Y         -       A->Y    R     sky130_fd_sc_hd__nand2_1        1  4.9    63    91     752    (-,-) 
  g123146/Y         -       A->Y    F     sky130_fd_sc_hd__nand2_2        3 15.6    74    88     840    (-,-) 
  g123402/Y         -       B->Y    R     sky130_fd_sc_hd__nand2_4        9 29.8   107   132     972    (-,-) 
  g42/Y             -       A2->Y   F     sky130_fd_sc_hd__o21ai_1        1  2.5    42    68    1040    (-,-) 
  g123143/Y         -       A->Y    R     sky130_fd_sc_hd__inv_1          2  7.5    72    79    1119    (-,-) 
  g122893/Y         -       A->Y    F     sky130_fd_sc_hd__nand2_2        2  6.9    43    62    1182    (-,-) 
  g122903/Y         -       B->Y    R     sky130_fd_sc_hd__nor2_2         2  5.3    88    93    1274    (-,-) 
  g88/Y             -       B->Y    F     sky130_fd_sc_hd__nand2_1        2  5.1    55    75    1349    (-,-) 
  g87/Y             -       A->Y    R     sky130_fd_sc_hd__nand2_1        1  4.9    63    74    1423    (-,-) 
  g122901/Y         -       A->Y    F     sky130_fd_sc_hd__inv_2          3 11.4    33    57    1480    (-,-) 
  g122900/Y         -       A->Y    R     sky130_fd_sc_hd__inv_2          9 22.5   108   103    1584    (-,-) 
  g118969/Y         -       A->Y    F     sky130_fd_sc_hd__nand2_1        1  2.3    42    59    1642    (-,-) 
  g118968/Y         -       B1->Y   R     sky130_fd_sc_hd__o21ai_1        2  4.7   134    88    1731    (-,-) 
  g120770/Y         -       A->Y    F     sky130_fd_sc_hd__nand2_1        1  2.3    45    64    1795    (-,-) 
  g120769/Y         -       B1->Y   R     sky130_fd_sc_hd__o21ai_1        2  4.4   129    87    1882    (-,-) 
  g113816/X         -       A->X    R     sky130_fd_sc_hd__and2_1         2  6.9    84   168    2051    (-,-) 
  g118790/Y         -       A->Y    F     sky130_fd_sc_hd__inv_2          3 11.9    39    61    2112    (-,-) 
  g118684/X         -       A1->X   F     sky130_fd_sc_hd__a21o_1         2  5.1    44   162    2273    (-,-) 
  g98099/Y          -       A->Y    R     sky130_fd_sc_hd__nand3_1        1  2.7    59    64    2338    (-,-) 
  g98001/Y          -       A->Y    F     sky130_fd_sc_hd__nand2_1        1  2.6    33    52    2389    (-,-) 
  g97993/Y          -       A->Y    R     sky130_fd_sc_hd__nand2_1        1  2.7    44    52    2441    (-,-) 
  g97850/Y          -       A2->Y   F     sky130_fd_sc_hd__a21oi_1        1  2.6    45    61    2503    (-,-) 
  g117358/Y         -       A->Y    R     sky130_fd_sc_hd__nand2_1        2  7.5    85    88    2590    (-,-) 
  g118624/Y         -       A->Y    F     sky130_fd_sc_hd__nand2_1        1  4.5    50    68    2659    (-,-) 
  g118623/Y         -       B1->Y   R     sky130_fd_sc_hd__o21ai_2        2  5.4   112    68    2727    (-,-) 
  g97414/Y          -       B->Y    F     sky130_fd_sc_hd__nor2_1         1  4.6    56    64    2791    (-,-) 
  g57/Y             -       A->Y    R     sky130_fd_sc_hd__inv_2          2 11.7    61    82    2873    (-,-) 
  g56/Y             -       A->Y    F     sky130_fd_sc_hd__nand3_4       10 23.2   103   107    2980    (-,-) 
  fopt115457/X      -       A->X    F     sky130_fd_sc_hd__buf_2          2  5.0    29   149    3128    (-,-) 
  fopt115456/Y      -       A->Y    R     sky130_fd_sc_hd__inv_1          1  1.9    27    40    3168    (-,-) 
  g118923/X         -       C->X    R     sky130_fd_sc_hd__and3_1         1  2.7    50   143    3312    (-,-) 
  g97028/Y          -       B->Y    F     sky130_fd_sc_hd__nand2_1        1  2.6    38    53    3364    (-,-) 
  g118916/Y         -       B->Y    R     sky130_fd_sc_hd__nand3_1        1  2.7    59    76    3440    (-,-) 
  g121438/Y         -       A->Y    F     sky130_fd_sc_hd__nand2_1        1  4.5    45    62    3503    (-,-) 
  g123845/Y         -       A->Y    R     sky130_fd_sc_hd__nor2_2         2  5.1    86   117    3620    (-,-) 
  g123841/Y         -       C->Y    F     sky130_fd_sc_hd__nand4_1        1  2.6    66    95    3715    (-,-) 
  g122670/Y         -       A->Y    R     sky130_fd_sc_hd__nand2_1        2  4.6    60    78    3793    (-,-) 
  g121405/Y         -       A->Y    F     sky130_fd_sc_hd__nand2_1        2  5.0    49    64    3857    (-,-) 
  g123827/Y         -       B->Y    R     sky130_fd_sc_hd__nand2_1        1  2.7    44    65    3922    (-,-) 
  g123826/Y         -       A->Y    F     sky130_fd_sc_hd__nand2_1        1  4.5    46    57    3979    (-,-) 
  g121988/Y         -       B->Y    R     sky130_fd_sc_hd__nand2_2        3  6.7    55    79    4058    (-,-) 
  g171/Y            -       A->Y    F     sky130_fd_sc_hd__nand2_1        1  4.6    44    60    4118    (-,-) 
  g174/Y            -       A->Y    R     sky130_fd_sc_hd__nand3_2        3  9.9    79    83    4201    (-,-) 
  g121759/Y         -       A->Y    F     sky130_fd_sc_hd__nand2_2        1  4.6    38    57    4258    (-,-) 
  g121758/Y         -       A->Y    R     sky130_fd_sc_hd__nand2_2        2  7.5    59    69    4327    (-,-) 
  g121826/Y         -       A->Y    F     sky130_fd_sc_hd__nand2_2        1  4.6    33    52    4379    (-,-) 
  g122977/Y         -       A->Y    R     sky130_fd_sc_hd__nand2_2        3 10.1    72    76    4456    (-,-) 
  g122976/Y         -       A->Y    F     sky130_fd_sc_hd__nand2_2        2  7.1    44    63    4518    (-,-) 
  g122443/Y         -       A->Y    R     sky130_fd_sc_hd__nand2_2        2  9.7    71    77    4595    (-,-) 
  g122407/Y         -       A->Y    F     sky130_fd_sc_hd__nand2_2        2  7.1    43    62    4658    (-,-) 
  g123729/Y         -       A->Y    R     sky130_fd_sc_hd__nand2_2        4 12.9    86    88    4746    (-,-) 
  g123728/Y         -       A->Y    F     sky130_fd_sc_hd__nand2_1        4  8.9    77    93    4838    (-,-) 
  g121638/Y         -       B->Y    R     sky130_fd_sc_hd__nand2_1       10 27.5   259   230    5069    (-,-) 
  g121643/Y         -       A->Y    F     sky130_fd_sc_hd__inv_1          2  7.0    79   104    5172    (-,-) 
  g121642/Y         -       A->Y    R     sky130_fd_sc_hd__inv_2          3  8.0    50    77    5249    (-,-) 
  g312/Y            -       A2->Y   F     sky130_fd_sc_hd__o22ai_1        1  4.4    88    80    5330    (-,-) 
  g123001/Y         -       B1->Y   R     sky130_fd_sc_hd__a21oi_2        1  4.9   103   133    5463    (-,-) 
  g122999/Y         -       B->Y    F     sky130_fd_sc_hd__nand2_2        3  9.5    53    86    5549    (-,-) 
  g123783/Y         -       C->Y    R     sky130_fd_sc_hd__nand3_2        1  5.8    59    83    5632    (-,-) 
  g123782/Y         -       A->Y    F     sky130_fd_sc_hd__clkinv_2       3  9.5    46    72    5704    (-,-) 
  g123427/Y         -       B->Y    R     sky130_fd_sc_hd__nand2_2        4  9.9    71    88    5792    (-,-) 
  g123425/Y         -       B->Y    F     sky130_fd_sc_hd__nor2_1         2  4.9    36    54    5846    (-,-) 
  g123367/Y         -       B->Y    R     sky130_fd_sc_hd__nand2_1        2  6.2    74    81    5927    (-,-) 
  g123366/Y         -       A->Y    F     sky130_fd_sc_hd__clkinv_1       1  4.6    49    75    6002    (-,-) 
  g123364/Y         -       A2_N->Y F     sky130_fd_sc_hd__o2bb2ai_2      4  9.9    71   143    6145    (-,-) 
  g122086/Y         -       A->Y    R     sky130_fd_sc_hd__nand2_1        1  4.7    61    80    6225    (-,-) 
  g122085/Y         -       A->Y    F     sky130_fd_sc_hd__nand4_2        3  7.6    94    96    6320    (-,-) 
  g123747/Y         -       A->Y    R     sky130_fd_sc_hd__nand2_1        2  7.3    84   107    6427    (-,-) 
  g123359/Y         -       A->Y    F     sky130_fd_sc_hd__nand3_2        2  8.9    76    90    6517    (-,-) 
  g122817/Y         -       B->Y    R     sky130_fd_sc_hd__nor2_2         2  4.4    80    99    6616    (-,-) 
  g122307/X         -       A->X    R     sky130_fd_sc_hd__and3_1         3  8.1    98   187    6803    (-,-) 
  g117627/Y         -       A->Y    F     sky130_fd_sc_hd__nand2_1        1  2.6    40    60    6863    (-,-) 
  g123920/Y         -       A->Y    R     sky130_fd_sc_hd__nand2_1        1  2.7    48    56    6918    (-,-) 
  g123919/Y         -       A->Y    F     sky130_fd_sc_hd__nand2_1        1  2.6    31    48    6967    (-,-) 
  g120998/Y         -       A->Y    R     sky130_fd_sc_hd__nand2_1        2  7.6    86    83    7049    (-,-) 
  g95520/Y          -       D->Y    F     sky130_fd_sc_hd__nand4_2        2  6.2    85   122    7171    (-,-) 
  g121107/Y         -       B->Y    R     sky130_fd_sc_hd__nor2_2         3  6.9   105   121    7292    (-,-) 
  g95464/Y          -       A->Y    F     sky130_fd_sc_hd__nand2_1        1  3.2    45    66    7358    (-,-) 
  fopt113925/Y      -       A->Y    R     sky130_fd_sc_hd__clkinv_1       2  7.5    50    66    7424    (-,-) 
  g95417/Y          -       A->Y    F     sky130_fd_sc_hd__nand2_2        3  8.1    47    60    7484    (-,-) 
  g95388/Y          -       A->Y    R     sky130_fd_sc_hd__clkinv_1       1  4.9    36    55    7539    (-,-) 
  g345/Y            -       A->Y    F     sky130_fd_sc_hd__nand2_2        3  7.5    45    56    7595    (-,-) 
  g122120/Y         -       B2->Y   R     sky130_fd_sc_hd__o2bb2ai_1      2  5.4   156   157    7752    (-,-) 
  g122118/Y         -       B->Y    F     sky130_fd_sc_hd__nor2_1         1  2.5    41    58    7811    (-,-) 
  g122117/Y         -       C->Y    R     sky130_fd_sc_hd__nand3b_1       1  2.7    63    79    7890    (-,-) 
  g95341/Y          -       A->Y    F     sky130_fd_sc_hd__nand2_1        1  2.2    36    50    7940    (-,-) 
  status_r_reg[1]/D <<<     -       F     sky130_fd_sc_hd__dfrtp_1        1    -     -     4    7944    (-,-) 
#-------------------------------------------------------------------------------------------------------------

