============================================================
  Generated by:           Genus(TM) Synthesis Solution 21.14-s082_1
  Generated on:           Sep 24 2026  02:43:17 am
  Module:                 coprocessor
  Operating conditions:   tt_025C_1v80 (balanced_tree)
  Wireload mode:          top
  Area mode:              timing library
============================================================


Path 1: MET (1 ps) Setup Check with Pin result_r_reg[14]/CLK->D
          Group: clk
     Startpoint: (R) in2_r_reg[0]/CLK
          Clock: (R) clk
       Endpoint: (F) result_r_reg[14]/D
          Clock: (R) clk

                     Capture       Launch     
        Clock Edge:+   14084            0     
       Src Latency:+       0            0     
       Net Latency:+       0 (I)        0 (I) 
           Arrival:=   14084            0     
                                              
             Setup:-     334                  
     Required Time:=   13751                  
      Launch Clock:-       0                  
         Data Path:-   13750                  
             Slack:=       1                  

#----------------------------------------------------------------------------------------------------------------------------------------------
#                   Timing Point                    Flags     Arc    Edge            Cell             Fanout Load Trans Delay Arrival Instance 
#                                                                                                            (fF)  (ps)  (ps)   (ps)  Location 
#----------------------------------------------------------------------------------------------------------------------------------------------
  in2_r_reg[0]/CLK                                  -       -        R     (arrival)                     119    -     0     0       0    (-,-) 
  in2_r_reg[0]/Q                                    -       CLK->Q   F     sky130_fd_sc_hd__sdfrtp_1      10 23.3   130   396     396    (-,-) 
  g99812/Y                                          -       B->Y     R     sky130_fd_sc_hd__nor2_1         1  2.9    87   118     513    (-,-) 
  g99796/X                                          -       B->X     R     sky130_fd_sc_hd__and2_4         8 22.9    84   190     704    (-,-) 
  g99760/Y                                          -       B->Y     F     sky130_fd_sc_hd__nand3_2        2  7.1    66    93     797    (-,-) 
  g99739/Y                                          -       A->Y     R     sky130_fd_sc_hd__nand2_1        1  2.7    44    65     862    (-,-) 
  g99716/Y                                          -       A->Y     F     sky130_fd_sc_hd__nand2_1        1  3.2    39    50     912    (-,-) 
  g99714/Y                                          -       A->Y     R     sky130_fd_sc_hd__clkinv_1       1  4.9    36    53     965    (-,-) 
  g99695/Y                                          -       B->Y     F     sky130_fd_sc_hd__nand2_2        3 11.4    57    73    1038    (-,-) 
  g99680/Y                                          -       A->Y     R     sky130_fd_sc_hd__inv_2          6 20.0    97   106    1144    (-,-) 
  g99677/Y                                          -       A->Y     F     sky130_fd_sc_hd__inv_2          4  9.9    38    59    1202    (-,-) 
  g99658/Y                                          -       A->Y     R     sky130_fd_sc_hd__nand2_1        1  2.7    44    53    1256    (-,-) 
  g99649/X                                          -       B1->X    R     sky130_fd_sc_hd__o21a_1         2  5.3    64   128    1383    (-,-) 
  g99625/Y                                          -       A->Y     F     sky130_fd_sc_hd__nand2_1        2  5.9    53    70    1453    (-,-) 
  g99591/Y                                          -       B->Y     R     sky130_fd_sc_hd__nor2_2         3  9.7   132   130    1583    (-,-) 
  g99581/Y                                          -       A->Y     F     sky130_fd_sc_hd__nand2_1        1  2.6    47    67    1649    (-,-) 
  g99572/Y                                          -       A->Y     R     sky130_fd_sc_hd__nand2_1        1  4.9    63    72    1722    (-,-) 
  g99548/X                                          -       A1->X    R     sky130_fd_sc_hd__a21o_4        23 71.3   200   246    1968    (-,-) 
  g99938/Y                                          -       S->Y     R     sky130_fd_sc_hd__mux2i_1        2  5.3   166   244    2212    (-,-) 
  g99492/Y                                          -       A->Y     F     sky130_fd_sc_hd__nand2_1        1  2.5    52    70    2282    (-,-) 
  g99480/Y                                          -       B->Y     R     sky130_fd_sc_hd__nand2_1        2  5.3    66    84    2366    (-,-) 
  g99355/Y                                          -       A->Y     F     sky130_fd_sc_hd__nand2_1        1  4.5    46    63    2429    (-,-) 
  g99338/Y                                          -       B1->Y    R     sky130_fd_sc_hd__o21ai_2        1  5.1   108    65    2494    (-,-) 
  g99050/X                                          -       B1->X    R     sky130_fd_sc_hd__a21o_4        14 39.5   119   173    2667    (-,-) 
  g98757/Y                                          -       B->Y     F     sky130_fd_sc_hd__nand2_2        6 16.7    79   108    2775    (-,-) 
  g98731/Y                                          -       A->Y     R     sky130_fd_sc_hd__inv_2          5 14.6    75    98    2873    (-,-) 
  g98710/Y                                          -       A->Y     F     sky130_fd_sc_hd__nand2_2       10 25.3   112   116    2990    (-,-) 
  g98561/Y                                          -       A_N->Y   F     sky130_fd_sc_hd__nand2b_4       9 23.2    85   200    3189    (-,-) 
  g98484/Y                                          -       A->Y     R     sky130_fd_sc_hd__inv_2         12 30.0   143   148    3338    (-,-) 
  g98218/Y                                          -       A->Y     F     sky130_fd_sc_hd__nand2_1       10 24.2   183   190    3528    (-,-) 
  g97894/Y                                          -       B->Y     R     sky130_fd_sc_hd__nor2_1         6 15.5   292   294    3821    (-,-) 
  g97546__2346/Y                                    -       A->Y     F     sky130_fd_sc_hd__nand2_1        2  5.0   124   112    3933    (-,-) 
  g96935__1881/Y                                    -       B1->Y    R     sky130_fd_sc_hd__o2111ai_1      1  2.8   160   132    4065    (-,-) 
  g96897__5526/Y                                    -       B->Y     F     sky130_fd_sc_hd__nor2_1         1  2.5    46    60    4125    (-,-) 
  g96823__1881/Y                                    -       A2->Y    R     sky130_fd_sc_hd__o22ai_1        1  2.8   181   144    4269    (-,-) 
  g96803__2346/Y                                    -       B1->Y    F     sky130_fd_sc_hd__a21oi_1        1  2.6    87    64    4333    (-,-) 
  g96780__2398/X                                    -       B1->X    F     sky130_fd_sc_hd__o31a_1         1  8.6    76   147    4480    (-,-) 
  g96759__3680/Y                                    -       C->Y     R     sky130_fd_sc_hd__nand3_4       14 40.0   156   175    4654    (-,-) 
  alu_inst_muldiv_inst_mul_349_24_g3034/Y           -       A->Y     F     sky130_fd_sc_hd__clkinv_2      14 36.9   150   181    4835    (-,-) 
  alu_inst_muldiv_inst_mul_349_24_g3012/Y           -       A->Y     R     sky130_fd_sc_hd__nand2_1        1  2.7    57    94    4930    (-,-) 
  alu_inst_muldiv_inst_mul_349_24_g3000/Y           -       A->Y     F     sky130_fd_sc_hd__nand2_1        4 15.7   118   119    5048    (-,-) 
  alu_inst_muldiv_inst_mul_349_24_g2918/Y           -       A->Y     R     sky130_fd_sc_hd__inv_4         12 34.0   104   142    5190    (-,-) 
  alu_inst_muldiv_inst_mul_349_24_g2907/Y           -       A->Y     F     sky130_fd_sc_hd__nand2_2       12 28.3   123   132    5322    (-,-) 
  alu_inst_muldiv_inst_mul_349_24_g2837/Y           -       A2->Y    R     sky130_fd_sc_hd__o22ai_1        1  6.5   198   224    5546    (-,-) 
  alu_inst_muldiv_inst_mul_349_24_cdnfadd_006_0/SUM -       B->SUM   F     sky130_fd_sc_hd__fa_1           1  2.6    75   451    5997    (-,-) 
  alu_inst_muldiv_inst_mul_349_24_cdnfadd_006_1/SUM -       CI->SUM  F     sky130_fd_sc_hd__fah_1          2  4.2    56   260    6257    (-,-) 
  g99984/X                                          -       A->X     F     sky130_fd_sc_hd__and2_1         1  3.0    37   140    6397    (-,-) 
  g99983/X                                          -       A->X     F     sky130_fd_sc_hd__maj3_1         1  2.5    64   339    6735    (-,-) 
  alu_inst_muldiv_inst_mul_349_24_g2793/Y           -       B1->Y    R     sky130_fd_sc_hd__a21oi_1        1  2.7   105   119    6854    (-,-) 
  alu_inst_muldiv_inst_mul_349_24_g2782/Y           -       A1->Y    F     sky130_fd_sc_hd__a21oi_1        2  5.0    62    90    6945    (-,-) 
  g100063/Y                                         -       A1->Y    R     sky130_fd_sc_hd__o31ai_1        1  2.7   188   236    7181    (-,-) 
  alu_inst_muldiv_inst_mul_349_24_g2769/Y           -       A->Y     F     sky130_fd_sc_hd__nand2_1        3  7.6    86   115    7295    (-,-) 
  alu_inst_muldiv_inst_mul_349_24_g2765/Y           -       A->Y     R     sky130_fd_sc_hd__nand2_1        1  2.7    45    73    7368    (-,-) 
  alu_inst_muldiv_inst_mul_349_24_g2764/Y           -       A->Y     F     sky130_fd_sc_hd__nand2_1        3  7.6    64    74    7442    (-,-) 
  alu_inst_muldiv_inst_mul_349_24_g2736/Y           -       A->Y     R     sky130_fd_sc_hd__nand2_1        2  5.4    69    81    7523    (-,-) 
  alu_inst_muldiv_inst_mul_349_24_g2730/Y           -       B->Y     F     sky130_fd_sc_hd__nor2_1         1  2.5    44    44    7567    (-,-) 
  alu_inst_muldiv_inst_mul_349_24_g2729/Y           -       B->Y     R     sky130_fd_sc_hd__nor2_1         3  8.4   172   155    7721    (-,-) 
  alu_inst_muldiv_inst_mul_349_24_g2724/Y           -       A2->Y    F     sky130_fd_sc_hd__o21ai_1        3  7.6    81   114    7835    (-,-) 
  alu_inst_muldiv_inst_mul_349_24_g2723/Y           -       A->Y     R     sky130_fd_sc_hd__nand2_1        1  2.7    45    71    7906    (-,-) 
  alu_inst_muldiv_inst_mul_349_24_g2721/Y           -       A->Y     F     sky130_fd_sc_hd__nand2_1        5 12.7    98   100    8005    (-,-) 
  alu_inst_muldiv_inst_mul_349_24_g2720/Y           -       A->Y     R     sky130_fd_sc_hd__nand2_1        1  2.7    47    78    8083    (-,-) 
  alu_inst_muldiv_inst_mul_349_24_g2716/Y           -       C1->Y    F     sky130_fd_sc_hd__o211ai_1       4 10.1   136   132    8215    (-,-) 
  alu_inst_muldiv_inst_mul_349_24_g2715/Y           -       A->Y     R     sky130_fd_sc_hd__nand2_1        1  2.7    54    92    8307    (-,-) 
  alu_inst_muldiv_inst_mul_349_24_g2709/Y           -       C1->Y    F     sky130_fd_sc_hd__o211ai_1       3  7.6   111   117    8423    (-,-) 
  alu_inst_muldiv_inst_mul_349_24_g2707/Y           -       A1->Y    R     sky130_fd_sc_hd__a21oi_1        2  9.7   240   244    8667    (-,-) 
  alu_inst_muldiv_inst_mul_349_24_g2704/Y           -       A2_N->Y  R     sky130_fd_sc_hd__o2bb2ai_2      6 19.3   262   200    8868    (-,-) 
  g85153/X                                          -       B->X     R     sky130_fd_sc_hd__xor2_1         3  8.2   214   248    9115    (-,-) 
  g85072/Y                                          -       A->Y     F     sky130_fd_sc_hd__nand2_1        1  2.3    58    74    9189    (-,-) 
  g85049/Y                                          -       B1->Y    R     sky130_fd_sc_hd__o21ai_1        3  8.2   196   127    9316    (-,-) 
  g84934/Y                                          -       A->Y     F     sky130_fd_sc_hd__nand2_1        1  2.6    57    75    9391    (-,-) 
  g84927/Y                                          -       A->Y     R     sky130_fd_sc_hd__nand2_1        3  8.1    91    97    9488    (-,-) 
  g84799/Y                                          -       A->Y     F     sky130_fd_sc_hd__nand2_1        1  2.6    39    58    9546    (-,-) 
  g84797/Y                                          -       A->Y     R     sky130_fd_sc_hd__nand2_1        3  8.3    93    90    9636    (-,-) 
  g84686/X                                          -       A1->X    R     sky130_fd_sc_hd__a21o_1         3  8.3    83   151    9787    (-,-) 
  g84605/X                                          -       A1->X    R     sky130_fd_sc_hd__a21o_1         1  4.9    56   127    9914    (-,-) 
  g84498/SUM                                        -       CIN->SUM F     sky130_fd_sc_hd__fa_1           2  3.3    80   414   10329    (-,-) 
  g84477/X                                          -       A2_N->X  R     sky130_fd_sc_hd__a2bb2o_1      12 33.6   331   455   10784    (-,-) 
  g84467/Y                                          -       A->Y     F     sky130_fd_sc_hd__inv_2          5 12.5    85   102   10886    (-,-) 
  g84446/Y                                          -       A->Y     R     sky130_fd_sc_hd__nand2_1        2  7.6    90   105   10991    (-,-) 
  g84439/Y                                          -       A->Y     F     sky130_fd_sc_hd__inv_2         11 26.0    66    88   11078    (-,-) 
  g84422/Y                                          -       B1->Y    R     sky130_fd_sc_hd__a22oi_1        1  2.7   146   140   11218    (-,-) 
  g84354/X                                          -       B1->X    R     sky130_fd_sc_hd__o21a_1         3  7.9    88   177   11395    (-,-) 
  g84320/Y                                          -       A->Y     F     sky130_fd_sc_hd__nand2_1        3  5.6    56    75   11470    (-,-) 
  g84313/Y                                          -       A_N->Y   F     sky130_fd_sc_hd__nand2b_1       3  7.4   112   170   11640    (-,-) 
  g84303/Y                                          -       B->Y     R     sky130_fd_sc_hd__nor2_1         3  6.9   148   160   11800    (-,-) 
  g84297/Y                                          -       A->Y     F     sky130_fd_sc_hd__nand2_1        3  6.6    98    97   11897    (-,-) 
  g84289/Y                                          -       A->Y     R     sky130_fd_sc_hd__nor2b_1        3  6.9   157   179   12076    (-,-) 
  g84283/Y                                          -       A->Y     F     sky130_fd_sc_hd__nand2_1        3  5.6    96    92   12168    (-,-) 
  g84277/Y                                          -       A_N->Y   F     sky130_fd_sc_hd__nand2b_1       3  7.6   114   190   12358    (-,-) 
  g84272/Y                                          -       A->Y     R     sky130_fd_sc_hd__nor2b_1        2  7.5   168   192   12550    (-,-) 
  g84258/Y                                          -       B->Y     F     sky130_fd_sc_hd__nand2b_1       3  6.6    73   104   12654    (-,-) 
  g84245/Y                                          -       B->Y     R     sky130_fd_sc_hd__nor2_1         3  7.3   154   150   12805    (-,-) 
  g84239/Y                                          -       B_N->Y   R     sky130_fd_sc_hd__nor2b_1        1  3.1    91   153   12958    (-,-) 
  g84183/COUT                                       -       B->COUT  R     sky130_fd_sc_hd__ha_1           2  5.4    73   170   13128    (-,-) 
  g84167/Y                                          -       A->Y     F     sky130_fd_sc_hd__nand2_1        4  9.1    89    90   13218    (-,-) 
  g84151/Y                                          -       A_N->Y   F     sky130_fd_sc_hd__nand2b_1       2  5.1    74   172   13390    (-,-) 
  g84107/Y                                          -       A1->Y    R     sky130_fd_sc_hd__a311oi_1       1  2.6   203   215   13604    (-,-) 
  g83836/Y                                          -       C1->Y    F     sky130_fd_sc_hd__o221ai_1       1  1.9    89   142   13746    (-,-) 
  result_r_reg[14]/D                                <<<     -        F     sky130_fd_sc_hd__sdfrtp_1       1    -     -     4   13750    (-,-) 
#----------------------------------------------------------------------------------------------------------------------------------------------

