============================================================
  Generated by:           Genus(TM) Synthesis Solution 21.14-s082_1
  Generated on:           Sep 24 2026  02:46:44 am
  Module:                 coprocessor
  Operating conditions:   tt_025C_1v80 (balanced_tree)
  Wireload mode:          top
  Area mode:              timing library
============================================================


Path 1: MET (0 ps) Setup Check with Pin result_r_reg[13]/CLK->D
          Group: clk
     Startpoint: (R) in1_r_reg[0]/CLK
          Clock: (R) clk
       Endpoint: (R) result_r_reg[13]/D
          Clock: (R) clk

                     Capture       Launch     
        Clock Edge:+    9901            0     
       Src Latency:+       0            0     
       Net Latency:+       0 (I)        0 (I) 
           Arrival:=    9901            0     
                                              
             Setup:-      81                  
     Required Time:=    9820                  
      Launch Clock:-       0                  
         Data Path:-    9819                  
             Slack:=       0                  

#--------------------------------------------------------------------------------------------------------------
#   Timing Point     Flags    Arc    Edge            Cell             Fanout Load Trans Delay Arrival Instance 
#                                                                            (fF)  (ps)  (ps)   (ps)  Location 
#--------------------------------------------------------------------------------------------------------------
  in1_r_reg[0]/CLK   -       -       R     (arrival)                     119    -     0     0       0    (-,-) 
  in1_r_reg[0]/Q     -       CLK->Q  F     sky130_fd_sc_hd__sdfrtp_1       2  4.8    50   314     314    (-,-) 
  g106177/Y          -       A->Y    R     sky130_fd_sc_hd__nor2_1         2  5.1   117   130     444    (-,-) 
  g106092/Y          -       D->Y    F     sky130_fd_sc_hd__nand4_1        2  7.5   121   148     592    (-,-) 
  g106081/Y          -       A->Y    R     sky130_fd_sc_hd__clkinv_1       2  4.7    50    82     674    (-,-) 
  g105988/Y          -       A->Y    F     sky130_fd_sc_hd__nand4_1        1  2.6    69    70     744    (-,-) 
  g105980/Y          -       A->Y    R     sky130_fd_sc_hd__nand2_1        2  5.4    72    85     829    (-,-) 
  g105937/Y          -       B->Y    F     sky130_fd_sc_hd__nor2_1         1  2.6    45    45     874    (-,-) 
  g105935/Y          -       A_N->Y  F     sky130_fd_sc_hd__nand2b_4      14 38.0    99   198    1072    (-,-) 
  g105893/Y          -       B2->Y   R     sky130_fd_sc_hd__o2bb2ai_1      2  5.3   155   176    1248    (-,-) 
  g105883/Y          -       A->Y    F     sky130_fd_sc_hd__inv_1          1  2.6    41    58    1306    (-,-) 
  g105858/Y          -       A->Y    R     sky130_fd_sc_hd__nand2_1        2  4.5    62    67    1373    (-,-) 
  g105840/Y          -       B->Y    F     sky130_fd_sc_hd__nor2_1         1  2.5    24    42    1416    (-,-) 
  g105781/Y          -       B->Y    R     sky130_fd_sc_hd__nand2_1        2  5.1    64    71    1486    (-,-) 
  g105770/X          -       A->X    R     sky130_fd_sc_hd__buf_1          2  8.4   109   134    1620    (-,-) 
  g105760/Y          -       A->Y    F     sky130_fd_sc_hd__clkinv_1       2  5.1    58    90    1710    (-,-) 
  g105717/Y          -       A->Y    R     sky130_fd_sc_hd__nand2_1        1  9.1    99   102    1813    (-,-) 
  g105654/Y          -       A->Y    F     sky130_fd_sc_hd__nand2_4       18 48.5   122   136    1949    (-,-) 
  g105648/Y          -       A->Y    R     sky130_fd_sc_hd__inv_2         10 28.4   137   160    2108    (-,-) 
  g104302/Y          -       A1_N->Y R     sky130_fd_sc_hd__o2bb2ai_1      2  5.3   155   148    2257    (-,-) 
  g103727/Y          -       A->Y    F     sky130_fd_sc_hd__nand2_1        1  2.6    50    70    2326    (-,-) 
  g103445__5526/Y    -       A->Y    R     sky130_fd_sc_hd__nand2_1        4 10.6   112   110    2436    (-,-) 
  g107865/X          -       B2->X   R     sky130_fd_sc_hd__o22a_1         2  5.3    66   151    2586    (-,-) 
  g104991/Y          -       A->Y    F     sky130_fd_sc_hd__nand2_1        1  2.5    33    51    2637    (-,-) 
  g104980/Y          -       A->Y    R     sky130_fd_sc_hd__inv_1          2  5.3    54    63    2700    (-,-) 
  g107616/Y          -       A->Y    F     sky130_fd_sc_hd__nand3_1        1  2.6    59    63    2763    (-,-) 
  g104901/Y          -       A->Y    R     sky130_fd_sc_hd__nand2_1        1  2.7    44    63    2826    (-,-) 
  g107607/Y          -       A->Y    F     sky130_fd_sc_hd__nand2_1        1  2.6    30    47    2873    (-,-) 
  g107576/Y          -       A->Y    R     sky130_fd_sc_hd__nand4_1        1  4.9    91    77    2950    (-,-) 
  g104403/Y          -       A->Y    F     sky130_fd_sc_hd__nand2_2        2  9.0    53    77    3027    (-,-) 
  g104400/Y          -       B1->Y   R     sky130_fd_sc_hd__o21ai_2        5 15.8   218   106    3133    (-,-) 
  g107482/Y          -       A->Y    F     sky130_fd_sc_hd__nand2_1        1  8.7    98   129    3262    (-,-) 
  g107433/Y          -       B->Y    R     sky130_fd_sc_hd__nand2b_4      15 41.1   143   173    3435    (-,-) 
  g107397/Y          -       B->Y    F     sky130_fd_sc_hd__nor2_1         4 10.1   107    94    3529    (-,-) 
  g107349/Y          -       A->Y    R     sky130_fd_sc_hd__nand2_1        1  2.8    49    82    3612    (-,-) 
  g107338/Y          -       B->Y    F     sky130_fd_sc_hd__nand3_1        2  4.4    68    84    3696    (-,-) 
  g107307/Y          -       A->Y    R     sky130_fd_sc_hd__nand2_1        2  4.7    61    79    3775    (-,-) 
  g104091/Y          -       A->Y    F     sky130_fd_sc_hd__nand2_1        1  2.6    37    50    3825    (-,-) 
  g104062/Y          -       A->Y    R     sky130_fd_sc_hd__nand2_1        1  2.7    44    54    3879    (-,-) 
  g107266/Y          -       B->Y    F     sky130_fd_sc_hd__nand2_1        1  4.5    47    61    3940    (-,-) 
  g107229/Y          -       A->Y    R     sky130_fd_sc_hd__nor2_2         2  5.3    88   120    4060    (-,-) 
  g107201/Y          -       A->Y    F     sky130_fd_sc_hd__nand2_1        2  4.9    52    71    4131    (-,-) 
  g107181/Y          -       B->Y    R     sky130_fd_sc_hd__nor2_1         2  4.9   114   113    4244    (-,-) 
  g107171/Y          -       B1->Y   F     sky130_fd_sc_hd__o21ai_1        1  2.6    60    79    4323    (-,-) 
  g107157/Y          -       A->Y    R     sky130_fd_sc_hd__nand2_1        2  4.9    62    78    4401    (-,-) 
  g107141/Y          -       B1->Y   F     sky130_fd_sc_hd__o21ai_1        1  2.6    65    63    4464    (-,-) 
  g107131/Y          -       A->Y    R     sky130_fd_sc_hd__nand2_1        2  7.2    83    94    4558    (-,-) 
  g107111/Y          -       B1->Y   F     sky130_fd_sc_hd__o21ai_1        1  2.6    65    69    4627    (-,-) 
  g107100/Y          -       A->Y    R     sky130_fd_sc_hd__nand2_1        2  5.3    67    82    4710    (-,-) 
  g107064/Y          -       A->Y    F     sky130_fd_sc_hd__nand2_1        1  2.6    34    52    4762    (-,-) 
  g107056/Y          -       A->Y    R     sky130_fd_sc_hd__nand2_1        2  5.3    66    70    4831    (-,-) 
  g107030/Y          -       A->Y    F     sky130_fd_sc_hd__nand2_1        1  4.6    46    63    4895    (-,-) 
  g107019/Y          -       A->Y    R     sky130_fd_sc_hd__nand2_2        5 13.5    89    94    4989    (-,-) 
  g107012/Y          -       A->Y    F     sky130_fd_sc_hd__nand2_1        1  2.6    38    58    5046    (-,-) 
  g106995/Y          -       A->Y    R     sky130_fd_sc_hd__nand2_1        2  5.1    64    70    5116    (-,-) 
  g106990/Y          -       A->Y    F     sky130_fd_sc_hd__nand2_1        1  4.5    45    62    5178    (-,-) 
  g106979/Y          -       B1->Y   R     sky130_fd_sc_hd__o21ai_2        3 12.3   185    92    5270    (-,-) 
  g106962/Y          -       A2_N->Y R     sky130_fd_sc_hd__o2bb2ai_2      4 13.7   203   169    5439    (-,-) 
  g106948/Y          -       B->Y    F     sky130_fd_sc_hd__nor2_2         2  7.1    55    70    5509    (-,-) 
  g103664/Y          -       A->Y    R     sky130_fd_sc_hd__nand2_2        3  9.2    68    80    5589    (-,-) 
  g103660/Y          -       A->Y    F     sky130_fd_sc_hd__clkinv_1       1  2.5    34    60    5649    (-,-) 
  g106943/X          -       A->X    F     sky130_fd_sc_hd__and2_4         7 19.8    49   157    5805    (-,-) 
  g106932/X          -       A1->X   F     sky130_fd_sc_hd__a21o_2         9 23.8    83   243    6048    (-,-) 
  g106923/Y          -       A->Y    R     sky130_fd_sc_hd__inv_2         11 28.2   135   142    6190    (-,-) 
  g106818/X          -       A2->X   R     sky130_fd_sc_hd__a22o_2         3  8.0    61   182    6372    (-,-) 
  g106787/X          -       A1->X   R     sky130_fd_sc_hd__a21o_1         2  7.7    79   137    6509    (-,-) 
  g106774/Y          -       A->Y    F     sky130_fd_sc_hd__nand2_2        3  7.2    45    65    6573    (-,-) 
  g106756/Y          -       B->Y    R     sky130_fd_sc_hd__nor2_1         2  4.7   110   108    6682    (-,-) 
  g106740/Y          -       A->Y    F     sky130_fd_sc_hd__nand2_1        3  6.8    66    89    6771    (-,-) 
  g106719/Y          -       B->Y    R     sky130_fd_sc_hd__nor2_1         2  5.5   124   126    6896    (-,-) 
  g106701/Y          -       A->Y    F     sky130_fd_sc_hd__nand2_1        3  7.9    74   100    6996    (-,-) 
  g106676/Y          -       A->Y    R     sky130_fd_sc_hd__clkinv_1       1  2.7    31    55    7051    (-,-) 
  g106670/Y          -       A->Y    F     sky130_fd_sc_hd__nand2_1        2  7.1    61    66    7118    (-,-) 
  g106663/Y          -       A->Y    R     sky130_fd_sc_hd__inv_2          2  7.5    44    68    7186    (-,-) 
  g106660/Y          -       A->Y    F     sky130_fd_sc_hd__nand2_2        2  6.9    43    54    7240    (-,-) 
  g106650/Y          -       B->Y    R     sky130_fd_sc_hd__nor2_1         2  4.3   104   102    7343    (-,-) 
  g106638/Y          -       A->Y    F     sky130_fd_sc_hd__nand2_1        3  8.2    73    95    7438    (-,-) 
  g105416/Y          -       B->Y    R     sky130_fd_sc_hd__nand2b_1       1  2.7    51    79    7517    (-,-) 
  g106625/Y          -       B->Y    F     sky130_fd_sc_hd__nand2_1        2  5.3    48    67    7584    (-,-) 
  g106616/Y          -       A2_N->Y F     sky130_fd_sc_hd__o2bb2ai_1      2  5.1    73   132    7717    (-,-) 
  g106612/Y          -       A->Y    R     sky130_fd_sc_hd__nand2_1        2  5.4    72    85    7802    (-,-) 
  g106606/Y          -       B->Y    F     sky130_fd_sc_hd__nand2b_1       2  5.1    58    73    7875    (-,-) 
  g106597/Y          -       A->Y    R     sky130_fd_sc_hd__nand2_1        1  2.3    43    59    7934    (-,-) 
  g106593/Y          -       B1->Y   F     sky130_fd_sc_hd__o21ai_1        2  5.0    61    71    8005    (-,-) 
  g106572/Y          -       A->Y    R     sky130_fd_sc_hd__nand2_1        1  2.7    44    63    8068    (-,-) 
  g106561/Y          -       A->Y    F     sky130_fd_sc_hd__nand2_1        3  7.5    72    73    8140    (-,-) 
  g106553/Y          -       B->Y    R     sky130_fd_sc_hd__nor2_1         2  5.3   121   126    8266    (-,-) 
  g106542/Y          -       A->Y    F     sky130_fd_sc_hd__nand2_1        2  5.7    69    86    8352    (-,-) 
  g106538/Y          -       A->Y    R     sky130_fd_sc_hd__clkinv_1       1  2.7    30    54    8406    (-,-) 
  g106532/Y          -       A->Y    F     sky130_fd_sc_hd__nand2_1        1  2.6    90    42    8448    (-,-) 
  g106520/Y          -       A->Y    R     sky130_fd_sc_hd__nand2_1        1  2.7    48    76    8524    (-,-) 
  g106504/Y          -       A->Y    F     sky130_fd_sc_hd__nand2_1        1  4.6    43    59    8583    (-,-) 
  g106484/Y          -       A->Y    R     sky130_fd_sc_hd__nand3_2        2  5.3    73    66    8649    (-,-) 
  g106472/Y          -       A->Y    F     sky130_fd_sc_hd__nand2_1        3  9.6   170    92    8741    (-,-) 
  g106463/Y          -       A->Y    R     sky130_fd_sc_hd__clkinv_1       1  2.7    50    80    8821    (-,-) 
  g106455/Y          -       B->Y    F     sky130_fd_sc_hd__nand2_1        2  6.8    58    75    8896    (-,-) 
  g106426/Y          -       B->Y    R     sky130_fd_sc_hd__nor2_2         2  6.9   104   110    9006    (-,-) 
  g106414/Y          -       B->Y    F     sky130_fd_sc_hd__nand3_2        2  4.8    64    89    9096    (-,-) 
  g106411/Y          -       A->Y    R     sky130_fd_sc_hd__clkinv_1       1  2.7    29    52    9148    (-,-) 
  g106409/Y          -       A->Y    F     sky130_fd_sc_hd__nand2_1        2  5.0    59    55    9202    (-,-) 
  g106393/Y          -       A->Y    R     sky130_fd_sc_hd__clkinv_1       1  4.9    38    60    9262    (-,-) 
  g106389/Y          -       A->Y    F     sky130_fd_sc_hd__nand2_2        3 10.4    51    65    9327    (-,-) 
  g106380/Y          -       B->Y    R     sky130_fd_sc_hd__nor2_2         2  7.6   111   113    9441    (-,-) 
  g107908/Y          -       B->Y    R     sky130_fd_sc_hd__xnor2_1        2  5.3   171   149    9590    (-,-) 
  g106367/Y          -       A1->Y   F     sky130_fd_sc_hd__a21oi_1        1  2.5   103    88    9678    (-,-) 
  g106363/Y          -       B2->Y   R     sky130_fd_sc_hd__o2bb2ai_1      1  2.3   109   138    9816    (-,-) 
  result_r_reg[13]/D <<<     -       R     sky130_fd_sc_hd__dfrtp_1        1    -     -     4    9819    (-,-) 
#--------------------------------------------------------------------------------------------------------------

