============================================================
  Generated by:           Genus(TM) Synthesis Solution 21.14-s082_1
  Generated on:           Sep 24 2026  03:01:40 am
  Module:                 coprocessor
  Operating conditions:   tt_025C_1v80 (balanced_tree)
  Wireload mode:          top
  Area mode:              timing library
============================================================


Path 1: MET (0 ps) Setup Check with Pin status_r_reg[1]/CLK->D
          Group: clk
     Startpoint: (R) in2_r_reg[1]/CLK
          Clock: (R) clk
       Endpoint: (R) status_r_reg[1]/D
          Clock: (R) clk

                     Capture       Launch     
        Clock Edge:+    7812            0     
       Src Latency:+       0            0     
       Net Latency:+       0 (I)        0 (I) 
           Arrival:=    7812            0     
                                              
             Setup:-      65                  
     Required Time:=    7747                  
      Launch Clock:-       0                  
         Data Path:-    7747                  
             Slack:=       0                  

#-----------------------------------------------------------------------------------------------------------
#   Timing Point    Flags    Arc   Edge           Cell             Fanout Load Trans Delay Arrival Instance 
#                                                                         (fF)  (ps)  (ps)   (ps)  Location 
#-----------------------------------------------------------------------------------------------------------
  in2_r_reg[1]/CLK  -       -      R     (arrival)                    119    -     0     0       0    (-,-) 
  in2_r_reg[1]/Q    -       CLK->Q F     sky130_fd_sc_hd__sdfrtp_1      4  9.7    72   340     340    (-,-) 
  g127824/Y         -       A->Y   R     sky130_fd_sc_hd__nor2_1        1  2.7    79   108     449    (-,-) 
  g127821/Y         -       C->Y   F     sky130_fd_sc_hd__nand4_1       1  2.5    65    94     543    (-,-) 
  g126379/Y         -       A->Y   R     sky130_fd_sc_hd__inv_1         1  2.7    37    60     603    (-,-) 
  g124726/Y         -       A->Y   F     sky130_fd_sc_hd__nand2_1       2  5.1    49    58     661    (-,-) 
  g481/Y            -       A->Y   R     sky130_fd_sc_hd__nand2_1       1  4.9    64    72     733    (-,-) 
  g122471/Y         -       A->Y   F     sky130_fd_sc_hd__nand2_2       4 18.0    89    95     828    (-,-) 
  g126352/Y         -       B->Y   R     sky130_fd_sc_hd__nand2_4       9 24.7    94   129     956    (-,-) 
  fopt119531/Y      -       A->Y   F     sky130_fd_sc_hd__inv_2         2  9.1    36    55    1012    (-,-) 
  fopt119533/Y      -       A->Y   R     sky130_fd_sc_hd__inv_2         3  7.9    44    58    1070    (-,-) 
  g125543/Y         -       A->Y   F     sky130_fd_sc_hd__nand3_1       1  2.6    51    60    1130    (-,-) 
  g125696/Y         -       A->Y   R     sky130_fd_sc_hd__nand2_1       3  7.1    83    88    1218    (-,-) 
  g125695/Y         -       A->Y   F     sky130_fd_sc_hd__nand3_1       1  2.6    54    72    1289    (-,-) 
  g125865/Y         -       A->Y   R     sky130_fd_sc_hd__nand2_1       1  4.7    61    74    1363    (-,-) 
  g125887/Y         -       A->Y   F     sky130_fd_sc_hd__nand3_2       2 13.1    97   103    1466    (-,-) 
  g123402/Y         -       A->Y   R     sky130_fd_sc_hd__nand2_4       7 21.9    84   117    1584    (-,-) 
  fopt120487/Y      -       A->Y   F     sky130_fd_sc_hd__inv_2         2  7.0    30    48    1632    (-,-) 
  fopt121436/Y      -       A->Y   R     sky130_fd_sc_hd__inv_2         4 10.5    55    64    1696    (-,-) 
  fopt121440/Y      -       A->Y   F     sky130_fd_sc_hd__inv_1         1  2.5    22    40    1736    (-,-) 
  fopt121439/Y      -       A->Y   R     sky130_fd_sc_hd__inv_1         2  4.3    45    52    1788    (-,-) 
  g95393/Y          -       A_N->Y R     sky130_fd_sc_hd__nand2b_1      2  5.3    73   112    1900    (-,-) 
  g112/Y            -       B->Y   F     sky130_fd_sc_hd__nand3b_1      2  5.0    77    94    1994    (-,-) 
  g126693/Y         -       B->Y   R     sky130_fd_sc_hd__nand2_1       2  5.3    68    94    2088    (-,-) 
  g126692/Y         -       A->Y   F     sky130_fd_sc_hd__nand2_1       1  2.6    34    52    2140    (-,-) 
  g128415/Y         -       A->Y   R     sky130_fd_sc_hd__nand2_1       2  4.7    62    66    2206    (-,-) 
  g128411/Y         -       D->Y   F     sky130_fd_sc_hd__nand4_1       1  2.5    68    92    2298    (-,-) 
  g122/Y            -       A->Y   R     sky130_fd_sc_hd__inv_1         1  4.7    52    74    2372    (-,-) 
  g127452/Y         -       A->Y   F     sky130_fd_sc_hd__nand3_2       4 14.0   102   104    2476    (-,-) 
  fopt129918/Y      -       A->Y   R     sky130_fd_sc_hd__inv_2         4 10.5    62    95    2571    (-,-) 
  g126529/Y         -       B->Y   F     sky130_fd_sc_hd__nand2_1       2  6.9    66    77    2649    (-,-) 
  g131777/Y         -       B->Y   R     sky130_fd_sc_hd__nand2_2       4 15.0    96   115    2763    (-,-) 
  g124632/Y         -       B->Y   F     sky130_fd_sc_hd__nand2_1       1  4.5    47    74    2837    (-,-) 
  g126183/Y         -       B1->Y  R     sky130_fd_sc_hd__o21ai_2       4 10.5   164    86    2924    (-,-) 
  g93954/Y          -       A->Y   F     sky130_fd_sc_hd__inv_1         2  4.0    49    69    2993    (-,-) 
  g125915/Y         -       A_N->Y F     sky130_fd_sc_hd__nand2b_1      1  2.6    42   138    3130    (-,-) 
  g125913/Y         -       B->Y   R     sky130_fd_sc_hd__nand3_1       2  5.1    82    95    3225    (-,-) 
  g128430/Y         -       B->Y   F     sky130_fd_sc_hd__nand2_1       1  2.5    33    58    3283    (-,-) 
  g129527/Y         -       B->Y   R     sky130_fd_sc_hd__nand2_1       1  2.7    44    60    3343    (-,-) 
  g128427/Y         -       A->Y   F     sky130_fd_sc_hd__inv_1         1  4.6    28    46    3389    (-,-) 
  g129085/Y         -       A->Y   R     sky130_fd_sc_hd__nand3_2       4  9.9    78    76    3464    (-,-) 
  g265/Y            -       A->Y   F     sky130_fd_sc_hd__nand2_1       1  2.3    35    53    3517    (-,-) 
  g128046/Y         -       B1->Y  R     sky130_fd_sc_hd__o21ai_1       1  2.7    99    67    3584    (-,-) 
  g128045/Y         -       A->Y   F     sky130_fd_sc_hd__inv_1         1  2.5    31    50    3634    (-,-) 
  g130914/Y         -       B->Y   R     sky130_fd_sc_hd__nand2_1       2  4.6    60    71    3705    (-,-) 
  g130913/Y         -       A->Y   F     sky130_fd_sc_hd__nand2_1       2  5.1    48    64    3769    (-,-) 
  g125964/Y         -       A->Y   R     sky130_fd_sc_hd__nand2_1       1  2.7    44    57    3826    (-,-) 
  g131756/Y         -       A->Y   F     sky130_fd_sc_hd__nand2_1       1  4.5    42    57    3883    (-,-) 
  g131754/Y         -       B->Y   R     sky130_fd_sc_hd__nand2_2       2  6.9    56    78    3961    (-,-) 
  g131753/Y         -       A->Y   F     sky130_fd_sc_hd__nand2_2       2  7.0    40    58    4020    (-,-) 
  g131758/Y         -       A->Y   R     sky130_fd_sc_hd__nand2_2       1  4.9    47    58    4078    (-,-) 
  g130813/Y         -       A->Y   F     sky130_fd_sc_hd__nand2_2       2  6.4    38    57    4135    (-,-) 
  g127333/Y         -       A->Y   R     sky130_fd_sc_hd__nand2_2       2  7.5    61    66    4201    (-,-) 
  g131236/Y         -       A->Y   F     sky130_fd_sc_hd__nand2_2       1  4.6    33    53    4254    (-,-) 
  g131235/Y         -       A->Y   R     sky130_fd_sc_hd__nand2_2       2  7.5    60    67    4321    (-,-) 
  g131234/Y         -       A->Y   F     sky130_fd_sc_hd__nand2_2       3  9.4    49    66    4388    (-,-) 
  g125474/Y         -       A->Y   R     sky130_fd_sc_hd__nand2_2       2  7.5    59    71    4459    (-,-) 
  g125478/Y         -       A->Y   F     sky130_fd_sc_hd__nand2_1       1  4.6    45    61    4520    (-,-) 
  g131436/Y         -       A->Y   R     sky130_fd_sc_hd__nand2_2       3 12.1    82    89    4609    (-,-) 
  g131435/Y         -       A->Y   F     sky130_fd_sc_hd__nand2_2       3 12.5    63    82    4691    (-,-) 
  g131418/Y         -       A->Y   R     sky130_fd_sc_hd__clkinv_2      2  7.7    39    64    4756    (-,-) 
  g131675/Y         -       C->Y   F     sky130_fd_sc_hd__nand3_2       4  9.8    81    96    4851    (-,-) 
  g130625/Y         -       A->Y   R     sky130_fd_sc_hd__nand2_1       1  2.3    43    68    4919    (-,-) 
  g130624/Y         -       B1->Y  F     sky130_fd_sc_hd__o21ai_1       3  6.9    74    82    5002    (-,-) 
  g92866/Y          -       A->Y   R     sky130_fd_sc_hd__nand2_1       1  2.7    44    68    5070    (-,-) 
  g92862/Y          -       A->Y   F     sky130_fd_sc_hd__nand2_1       2  4.4    42    57    5126    (-,-) 
  g123459/X         -       A1->X  F     sky130_fd_sc_hd__a21o_2        2  6.2    44   195    5321    (-,-) 
  g128154/Y         -       A->Y   R     sky130_fd_sc_hd__nand2_2       3  9.7    70    77    5398    (-,-) 
  g130022/Y         -       A->Y   F     sky130_fd_sc_hd__nor2_1        2  3.9    48    55    5453    (-,-) 
  g92742/X          -       A->X   F     sky130_fd_sc_hd__buf_1         2  4.1    34    98    5551    (-,-) 
  g95339/X          -       A->X   F     sky130_fd_sc_hd__or2_1         2  5.1    60   233    5784    (-,-) 
  g131659/Y         -       A->Y   R     sky130_fd_sc_hd__nand2_1       1  2.8    44    63    5847    (-,-) 
  g131658/Y         -       B->Y   F     sky130_fd_sc_hd__nor2_1        3  6.6    43    53    5900    (-,-) 
  g132204/Y         -       A_N->Y F     sky130_fd_sc_hd__nand3b_1      1  2.6    56   148    6048    (-,-) 
  g129581/Y         -       A->Y   R     sky130_fd_sc_hd__nand2_1       1  2.8    44    63    6110    (-,-) 
  g129572/Y         -       B->Y   F     sky130_fd_sc_hd__nor2_1        1  2.5    28    39    6150    (-,-) 
  g129147/Y         -       B->Y   R     sky130_fd_sc_hd__nor2_1        1  2.8    78    80    6230    (-,-) 
  g129413/Y         -       B->Y   F     sky130_fd_sc_hd__nand3_1       2  4.9    72    96    6326    (-,-) 
  fopt78/Y          -       A->Y   R     sky130_fd_sc_hd__inv_1         2  5.1    56    76    6402    (-,-) 
  g129436/Y         -       A->Y   F     sky130_fd_sc_hd__nand2_1       2  4.9    46    62    6464    (-,-) 
  g123430/Y         -       B->Y   R     sky130_fd_sc_hd__nor2_1        1  2.7    77    83    6547    (-,-) 
  g131442/Y         -       A->Y   F     sky130_fd_sc_hd__nand2_1       1  3.2    40    60    6607    (-,-) 
  g131441/Y         -       A->Y   R     sky130_fd_sc_hd__clkinv_1      3  8.1    53    66    6673    (-,-) 
  g131440/Y         -       A->Y   F     sky130_fd_sc_hd__nand2_1       1  2.6    33    48    6722    (-,-) 
  g131445/Y         -       A->Y   R     sky130_fd_sc_hd__nand3_1       2  5.3    84    78    6800    (-,-) 
  g131131/Y         -       B->Y   F     sky130_fd_sc_hd__nand2_1       2  4.4   111    70    6870    (-,-) 
  g131130/Y         -       A->Y   R     sky130_fd_sc_hd__nor2_1        1  2.7    79   123    6993    (-,-) 
  g131300/Y         -       B->Y   F     sky130_fd_sc_hd__nand2_1       1  4.6    48    71    7064    (-,-) 
  g131299/Y         -       A->Y   R     sky130_fd_sc_hd__inv_2         5 13.0    66    82    7146    (-,-) 
  g131295/Y         -       B->Y   F     sky130_fd_sc_hd__nand2_1       2  7.0    62    79    7226    (-,-) 
  g130975/Y         -       A->Y   R     sky130_fd_sc_hd__inv_2         3  7.9    46    70    7295    (-,-) 
  g130974/Y         -       A->Y   F     sky130_fd_sc_hd__nand2_1       2  4.9    47    59    7354    (-,-) 
  g130973/Y         -       A->Y   R     sky130_fd_sc_hd__inv_1         2  7.8    74    81    7435    (-,-) 
  g399/Y            -       A2->Y  F     sky130_fd_sc_hd__o211ai_2      1  2.5    56    76    7511    (-,-) 
  g472/Y            -       B->Y   R     sky130_fd_sc_hd__nor2_1        1  2.7    77    88    7599    (-,-) 
  g131741/Y         -       A->Y   F     sky130_fd_sc_hd__nand4_1       1  2.6    70    79    7678    (-,-) 
  g131740/Y         -       A->Y   R     sky130_fd_sc_hd__nand2_1       1  2.3    40    65    7743    (-,-) 
  status_r_reg[1]/D <<<     -      R     sky130_fd_sc_hd__dfrtp_1       1    -     -     4    7747    (-,-) 
#-----------------------------------------------------------------------------------------------------------

