============================================================
  Generated by:           Genus(TM) Synthesis Solution 21.14-s082_1
  Generated on:           Sep 24 2026  03:11:31 am
  Module:                 coprocessor
  Operating conditions:   tt_025C_1v80 (balanced_tree)
  Wireload mode:          top
  Area mode:              timing library
============================================================


Path 1: MET (0 ps) Setup Check with Pin result_r_reg[14]/CLK->SCD
          Group: clk
     Startpoint: (R) in2_r_reg[9]/CLK
          Clock: (R) clk
       Endpoint: (R) result_r_reg[14]/SCD
          Clock: (R) clk

                     Capture       Launch     
        Clock Edge:+   11111            0     
       Src Latency:+       0            0     
       Net Latency:+       0 (I)        0 (I) 
           Arrival:=   11111            0     
                                              
             Setup:-     266                  
     Required Time:=   10845                  
      Launch Clock:-       0                  
         Data Path:-   10845                  
             Slack:=       0                  

#----------------------------------------------------------------------------------------------------------------------------------------------
#                   Timing Point                    Flags     Arc    Edge            Cell             Fanout Load Trans Delay Arrival Instance 
#                                                                                                            (fF)  (ps)  (ps)   (ps)  Location 
#----------------------------------------------------------------------------------------------------------------------------------------------
  in2_r_reg[9]/CLK                                  -       -        R     (arrival)                     119    -     0     0       0    (-,-) 
  in2_r_reg[9]/Q                                    -       CLK->Q   F     sky130_fd_sc_hd__sdfrtp_1       3  7.8    63   330     330    (-,-) 
  g105810/Y                                         -       A->Y     R     sky130_fd_sc_hd__clkinv_1       3  8.0    54    74     404    (-,-) 
  g105769/Y                                         -       B->Y     F     sky130_fd_sc_hd__nand2_1        1  2.6    31    52     457    (-,-) 
  g105755/Y                                         -       A->Y     R     sky130_fd_sc_hd__nor2_1         1  2.7    77    94     551    (-,-) 
  g105708/Y                                         -       D->Y     F     sky130_fd_sc_hd__nand4_1        1  4.6    88   116     667    (-,-) 
  g105673/Y                                         -       A->Y     R     sky130_fd_sc_hd__nand2_2        4 15.1    96   118     785    (-,-) 
  g105639/Y                                         -       B->Y     F     sky130_fd_sc_hd__nor2_1         1  2.6    56    50     835    (-,-) 
  g105636/Y                                         -       A_N->Y   F     sky130_fd_sc_hd__nand2b_4      12 28.0    80   186    1021    (-,-) 
  g105585/Y                                         -       B2->Y    R     sky130_fd_sc_hd__o2bb2ai_1      1  3.6   123   144    1166    (-,-) 
  g105575/Y                                         -       A->Y     F     sky130_fd_sc_hd__clkinv_1       2  5.1    60    97    1262    (-,-) 
  g105545/Y                                         -       A->Y     R     sky130_fd_sc_hd__nand2_1        1  2.8    44    63    1326    (-,-) 
  g105522/Y                                         -       A->Y     F     sky130_fd_sc_hd__nor2_1         1  2.5    26    44    1369    (-,-) 
  g105494/Y                                         -       B->Y     R     sky130_fd_sc_hd__nor2_1         1  5.3   120   111    1480    (-,-) 
  g105465/X                                         -       A2->X    R     sky130_fd_sc_hd__a21o_4        20 53.1   153   234    1714    (-,-) 
  g105462/X                                         -       A->X     R     sky130_fd_sc_hd__clkbuf_1       3  8.3   108   152    1866    (-,-) 
  g105428/Y                                         -       A2_N->Y  R     sky130_fd_sc_hd__o2bb2ai_1      2  5.3   154   141    2007    (-,-) 
  g105386/Y                                         -       A->Y     F     sky130_fd_sc_hd__nand2_1        1  2.5    50    68    2076    (-,-) 
  g105374/Y                                         -       B->Y     R     sky130_fd_sc_hd__nand2_1        2  5.3    66    83    2159    (-,-) 
  g105216/Y                                         -       A->Y     F     sky130_fd_sc_hd__nand2_1        1  2.5    33    51    2210    (-,-) 
  g104919/Y                                         -       C->Y     R     sky130_fd_sc_hd__nand3_1        1  4.9    80    88    2298    (-,-) 
  g104811/Y                                         -       A->Y     F     sky130_fd_sc_hd__inv_2          2  7.0    29    51    2350    (-,-) 
  g104809/Y                                         -       A->Y     R     sky130_fd_sc_hd__inv_2          4 12.9    66    72    2421    (-,-) 
  g104794/Y                                         -       A->Y     F     sky130_fd_sc_hd__inv_2          3  9.5    31    51    2472    (-,-) 
  g104528/Y                                         -       A->Y     R     sky130_fd_sc_hd__nand2_1        2  5.4    69    67    2539    (-,-) 
  g104290/Y                                         -       A_N->Y   R     sky130_fd_sc_hd__nand2b_4       9 29.8   111   175    2714    (-,-) 
  g104185/Y                                         -       A->Y     F     sky130_fd_sc_hd__inv_4         13 33.3    55    82    2796    (-,-) 
  g104027/Y                                         -       A->Y     R     sky130_fd_sc_hd__nand2_1        9 26.4   250   206    3002    (-,-) 
  g103898/Y                                         -       A->Y     F     sky130_fd_sc_hd__inv_2          6 14.8    77   100    3102    (-,-) 
  g103394__2883/Y                                   -       B1->Y    R     sky130_fd_sc_hd__a21oi_1        2  5.5   159   163    3265    (-,-) 
  g103062__5107/Y                                   -       B->Y     F     sky130_fd_sc_hd__nor2_1         1  2.5    52    59    3324    (-,-) 
  g102906__6131/Y                                   -       B->Y     R     sky130_fd_sc_hd__nor2_1         1  2.7    78    87    3411    (-,-) 
  g102749__7410/Y                                   -       B->Y     F     sky130_fd_sc_hd__nand2_1        1  4.3    46    69    3480    (-,-) 
  g102734__1705/X                                   -       B1->X    F     sky130_fd_sc_hd__a22o_4        19 49.0    95   290    3770    (-,-) 
  alu_inst_muldiv_inst_mul_349_24_g2988/Y           -       A->Y     R     sky130_fd_sc_hd__inv_2         14 36.4   170   172    3942    (-,-) 
  alu_inst_muldiv_inst_mul_349_24_g2928/Y           -       A->Y     F     sky130_fd_sc_hd__nor2_1         2  4.8    71    83    4025    (-,-) 
  alu_inst_muldiv_inst_mul_349_24_g2860/Y           -       B->Y     R     sky130_fd_sc_hd__nor2_1         1  4.9   114   120    4145    (-,-) 
  alu_inst_muldiv_inst_mul_349_24_g2837/Y           -       A->Y     F     sky130_fd_sc_hd__nor2_2         3  9.6    65    76    4221    (-,-) 
  alu_inst_muldiv_inst_mul_349_24_g2829/Y           -       A->Y     R     sky130_fd_sc_hd__inv_2         11 31.4   148   145    4366    (-,-) 
  alu_inst_muldiv_inst_mul_349_24_g2801/Y           -       A2->Y    F     sky130_fd_sc_hd__o22ai_1        1  6.9    93   120    4487    (-,-) 
  alu_inst_muldiv_inst_mul_349_24_cdnfadd_017_1/SUM -       A->SUM   R     sky130_fd_sc_hd__fa_1           1  4.9    73   570    5056    (-,-) 
  alu_inst_muldiv_inst_mul_349_24_cdnfadd_017_2/SUM -       CIN->SUM F     sky130_fd_sc_hd__fa_1           1  6.2    96   439    5496    (-,-) 
  alu_inst_muldiv_inst_mul_349_24_cdnfadd_017_3/SUM -       B->SUM   F     sky130_fd_sc_hd__fa_1           2  5.0    89   491    5987    (-,-) 
  alu_inst_muldiv_inst_mul_349_24_g2697/Y           -       A->Y     R     sky130_fd_sc_hd__nor2_1         2  7.6   159   175    6162    (-,-) 
  alu_inst_muldiv_inst_mul_349_24_g2696/Y           -       A->Y     F     sky130_fd_sc_hd__inv_2          2  5.1    39    55    6216    (-,-) 
  alu_inst_muldiv_inst_mul_349_24_g2686/Y           -       B->Y     R     sky130_fd_sc_hd__nand2b_1       2  5.3    73    82    6298    (-,-) 
  alu_inst_muldiv_inst_mul_349_24_g2670/Y           -       A1->Y    F     sky130_fd_sc_hd__a21oi_1        1  2.6    61    65    6363    (-,-) 
  alu_inst_muldiv_inst_mul_349_24_g2666/Y           -       A->Y     R     sky130_fd_sc_hd__nor2b_1        1  2.9    87   115    6478    (-,-) 
  alu_inst_muldiv_inst_mul_349_24_g2660/Y           -       A2->Y    F     sky130_fd_sc_hd__o21ai_1        2  5.0    66    80    6558    (-,-) 
  alu_inst_muldiv_inst_mul_349_24_g2656/Y           -       A1->Y    R     sky130_fd_sc_hd__a21oi_1        2  5.3   155   165    6722    (-,-) 
  alu_inst_muldiv_inst_mul_349_24_g2649/Y           -       A->Y     F     sky130_fd_sc_hd__nand2_1        1  2.6    50    70    6792    (-,-) 
  alu_inst_muldiv_inst_mul_349_24_g2647/Y           -       A->Y     R     sky130_fd_sc_hd__nand2_1        1  4.9    63    74    6866    (-,-) 
  alu_inst_muldiv_inst_mul_349_24_g2643/Y           -       A->Y     F     sky130_fd_sc_hd__nand2_2       15 41.4   167   159    7025    (-,-) 
  g94012/Y                                          -       A2_N->Y  F     sky130_fd_sc_hd__o2bb2ai_2      3  7.6    64   182    7207    (-,-) 
  g93913/Y                                          -       A->Y     R     sky130_fd_sc_hd__nand2_1        1  2.7    44    64    7270    (-,-) 
  g93893/Y                                          -       A->Y     F     sky130_fd_sc_hd__nand2_1        3  7.6    64    73    7344    (-,-) 
  g93777/Y                                          -       A->Y     R     sky130_fd_sc_hd__nand2_1        1  4.9    63    78    7421    (-,-) 
  g93773/Y                                          -       A->Y     F     sky130_fd_sc_hd__nand2_2        3 11.3    57    76    7497    (-,-) 
  g93721/Y                                          -       A->Y     R     sky130_fd_sc_hd__nand2_1        1  2.7    44    61    7558    (-,-) 
  g93719/Y                                          -       A->Y     F     sky130_fd_sc_hd__nand2_1        3  7.6    63    73    7631    (-,-) 
  g93624/Y                                          -       A->Y     R     sky130_fd_sc_hd__nand2_1        1  2.7    45    63    7695    (-,-) 
  g93616/Y                                          -       A->Y     F     sky130_fd_sc_hd__nand2_1        3  7.6    64    74    7768    (-,-) 
  g93523/X                                          -       A1->X    F     sky130_fd_sc_hd__a21o_1         3  7.6    55   183    7951    (-,-) 
  g93453/Y                                          -       A->Y     R     sky130_fd_sc_hd__nand2_1        1  2.7    44    60    8012    (-,-) 
  g93438/Y                                          -       A->Y     F     sky130_fd_sc_hd__nand2_1        2  7.4    63    72    8084    (-,-) 
  g106022/Y                                         -       A1->Y    R     sky130_fd_sc_hd__o21ai_2        7 20.6   268   267    8351    (-,-) 
  g93344/Y                                          -       B->Y     F     sky130_fd_sc_hd__nor2_1         1  2.5    58    69    8420    (-,-) 
  g93332/Y                                          -       B->Y     R     sky130_fd_sc_hd__nor2_1         1  2.7    77    89    8509    (-,-) 
  g93320/Y                                          -       A->Y     F     sky130_fd_sc_hd__nand2_1        2  5.1    51    70    8580    (-,-) 
  g93296/Y                                          -       A2_N->Y  F     sky130_fd_sc_hd__o2bb2ai_1      2  5.1    65   134    8714    (-,-) 
  g93267/Y                                          -       A->Y     R     sky130_fd_sc_hd__nand2_1        1  2.3    43    62    8775    (-,-) 
  g93261/Y                                          -       B1->Y    F     sky130_fd_sc_hd__o21ai_1        2  4.9    62    71    8846    (-,-) 
  g93228/Y                                          -       B->Y     R     sky130_fd_sc_hd__nor2_1         2  3.8    96   103    8950    (-,-) 
  g93214/X                                          -       A->X     R     sky130_fd_sc_hd__and2_1         2  5.3    71   147    9096    (-,-) 
  g93204/Y                                          -       A->Y     F     sky130_fd_sc_hd__nand2_1        1  2.5    56    52    9149    (-,-) 
  g93199/Y                                          -       A->Y     R     sky130_fd_sc_hd__inv_1          3  6.0    60    76    9225    (-,-) 
  g93193/X                                          -       A->X     R     sky130_fd_sc_hd__and2_1         3  6.9    86   146    9370    (-,-) 
  g93182/Y                                          -       A->Y     F     sky130_fd_sc_hd__nand2_1        1  3.2    60    61    9431    (-,-) 
  g93178/Y                                          -       A->Y     R     sky130_fd_sc_hd__clkinv_1       2  5.3    40    64    9495    (-,-) 
  g93173/Y                                          -       A->Y     F     sky130_fd_sc_hd__nand2_1        1  3.2    60    48    9542    (-,-) 
  g93170/Y                                          -       A->Y     R     sky130_fd_sc_hd__clkinv_1       3  6.0    44    67    9609    (-,-) 
  g93162/X                                          -       A->X     R     sky130_fd_sc_hd__and2_1         2  5.3    72   129    9738    (-,-) 
  g93154/Y                                          -       A->Y     F     sky130_fd_sc_hd__nand2_1        1  3.2    54    57    9795    (-,-) 
  g93153/Y                                          -       A->Y     R     sky130_fd_sc_hd__clkinv_1       2  5.3    39    62    9857    (-,-) 
  g93147/Y                                          -       A->Y     F     sky130_fd_sc_hd__nand2_1        2  4.3    67    53    9910    (-,-) 
  g93133/Y                                          -       B->Y     R     sky130_fd_sc_hd__nor2_1         2  4.7   111   116   10026    (-,-) 
  g93125/Y                                          -       A->Y     F     sky130_fd_sc_hd__nand2_1        2  5.7    67    83   10109    (-,-) 
  g93122/Y                                          -       A->Y     R     sky130_fd_sc_hd__clkinv_1       2  5.6    43    66   10174    (-,-) 
  g93116/Y                                          -       A->Y     F     sky130_fd_sc_hd__nand2_1        2  4.9    57    58   10232    (-,-) 
  g93101/Y                                          -       B->Y     R     sky130_fd_sc_hd__nor2_1         3  7.3   154   145   10376    (-,-) 
  g93097/Y                                          -       A->Y     F     sky130_fd_sc_hd__inv_1          2  3.4    45    64   10440    (-,-) 
  g93073/Y                                          -       A2->Y    R     sky130_fd_sc_hd__o21ai_0        1  2.7   133   139   10579    (-,-) 
  g93035/Y                                          -       A->Y     F     sky130_fd_sc_hd__nand2_1        1  1.8    42    61   10640    (-,-) 
  g93008/X                                          -       A->X     F     sky130_fd_sc_hd__and3_1         1  2.3    36   137   10777    (-,-) 
  g92525/Y                                          -       B1->Y    R     sky130_fd_sc_hd__o21ai_1        1  2.3    92    64   10841    (-,-) 
  result_r_reg[14]/SCD                              <<<     -        R     sky130_fd_sc_hd__sdfrtp_1       1    -     -     4   10845    (-,-) 
#----------------------------------------------------------------------------------------------------------------------------------------------

