============================================================
  Generated by:           Genus(TM) Synthesis Solution 21.14-s082_1
  Generated on:           Sep 24 2026  02:50:19 am
  Module:                 coprocessor
  Operating conditions:   tt_025C_1v80 (balanced_tree)
  Wireload mode:          top
  Area mode:              timing library
============================================================


Path 1: MET (0 ps) Setup Check with Pin status_r_reg[1]/CLK->D
          Group: clk
     Startpoint: (R) in1_r_reg[0]/CLK
          Clock: (R) clk
       Endpoint: (R) status_r_reg[1]/D
          Clock: (R) clk

                     Capture       Launch     
        Clock Edge:+    8621            0     
       Src Latency:+       0            0     
       Net Latency:+       0 (I)        0 (I) 
           Arrival:=    8621            0     
                                              
             Setup:-      78                  
     Required Time:=    8543                  
      Launch Clock:-       0                  
         Data Path:-    8543                  
             Slack:=       0                  

#-------------------------------------------------------------------------------------------------------------
#   Timing Point    Flags    Arc    Edge            Cell             Fanout Load Trans Delay Arrival Instance 
#                                                                           (fF)  (ps)  (ps)   (ps)  Location 
#-------------------------------------------------------------------------------------------------------------
  in1_r_reg[0]/CLK  -       -       R     (arrival)                     119    -     0     0       0    (-,-) 
  in1_r_reg[0]/Q    -       CLK->Q  F     sky130_fd_sc_hd__sdfrtp_1       2  6.4    57   323     323    (-,-) 
  fopt120032/Y      -       A->Y    R     sky130_fd_sc_hd__inv_2          1  4.9    33    58     381    (-,-) 
  g116989/Y         -       B->Y    F     sky130_fd_sc_hd__nand2_2        3  9.4    51    67     447    (-,-) 
  g116969/Y         -       B->Y    R     sky130_fd_sc_hd__nor2_2         2  5.1    86    94     542    (-,-) 
  g116946/Y         -       A->Y    F     sky130_fd_sc_hd__nand2_1        2  5.6    55    74     616    (-,-) 
  fopt119398/Y      -       A->Y    R     sky130_fd_sc_hd__inv_1          1  4.9    51    68     684    (-,-) 
  fopt119397/Y      -       A->Y    F     sky130_fd_sc_hd__inv_2          2  8.9    27    49     733    (-,-) 
  g116908/Y         -       B->Y    R     sky130_fd_sc_hd__nor2_2         2  4.3    78    80     813    (-,-) 
  g121493/Y         -       A_N->Y  R     sky130_fd_sc_hd__nand2b_1       1  4.8    72   119     932    (-,-) 
  g121477/X         -       B->X    R     sky130_fd_sc_hd__xor2_1         2  5.3   160   184    1116    (-,-) 
  g116767/Y         -       A->Y    F     sky130_fd_sc_hd__inv_1          3  6.4    57    82    1198    (-,-) 
  g116702/Y         -       B->Y    R     sky130_fd_sc_hd__nand2_1        2  6.9    80    95    1293    (-,-) 
  g116627/Y         -       B->Y    F     sky130_fd_sc_hd__nand3_2        3  9.3    77   102    1395    (-,-) 
  g116612/Y         -       A->Y    R     sky130_fd_sc_hd__inv_2          1  2.7    29    56    1451    (-,-) 
  g116610/Y         -       A->Y    F     sky130_fd_sc_hd__nand2_1        1  4.6    46    53    1504    (-,-) 
  g116607/Y         -       A->Y    R     sky130_fd_sc_hd__inv_2          4 12.7    65    81    1585    (-,-) 
  g120283/Y         -       B->Y    F     sky130_fd_sc_hd__nand2_1        2  7.1    66    79    1664    (-,-) 
  g120289/Y         -       B->Y    R     sky130_fd_sc_hd__nand3_1        2  7.6   107   122    1785    (-,-) 
  g120290/Y         -       B->Y    F     sky130_fd_sc_hd__nor2_1         1  2.5    60    52    1837    (-,-) 
  g119937/Y         -       B1->Y   R     sky130_fd_sc_hd__a21oi_1        2  5.5   159   158    1996    (-,-) 
  g116408/Y         -       A->Y    F     sky130_fd_sc_hd__inv_1          2  5.0    52    74    2070    (-,-) 
  g121562/Y         -       B1->Y   R     sky130_fd_sc_hd__a22oi_1        1  2.7   146   135    2205    (-,-) 
  g118908/Y         -       B->Y    F     sky130_fd_sc_hd__nand2_1        6 14.7   116   144    2349    (-,-) 
  g121484/X         -       A1->X   F     sky130_fd_sc_hd__o21a_1         2  5.1    47   220    2570    (-,-) 
  g97850/Y          -       A->Y    R     sky130_fd_sc_hd__nand3_1        1  2.7    60    65    2635    (-,-) 
  g97805/Y          -       B->Y    F     sky130_fd_sc_hd__nand2_1        1  2.6    31    55    2690    (-,-) 
  g98400/Y          -       B->Y    R     sky130_fd_sc_hd__nand2b_1       1  4.7    67    76    2766    (-,-) 
  g97498/Y          -       A->Y    F     sky130_fd_sc_hd__nand3_2        1  4.6    53    70    2836    (-,-) 
  g120459/Y         -       A->Y    R     sky130_fd_sc_hd__nand2_2        1  9.6    69    83    2919    (-,-) 
  g120457/Y         -       B->Y    F     sky130_fd_sc_hd__nand2b_4       7 20.7    66    94    3013    (-,-) 
  g120462/Y         -       A->Y    R     sky130_fd_sc_hd__inv_2          2  9.7    54    76    3089    (-,-) 
  g97284/Y          -       A->Y    F     sky130_fd_sc_hd__inv_2          7 16.6    41    60    3150    (-,-) 
  g97156/Y          -       A2->Y   R     sky130_fd_sc_hd__o21ai_1        3  7.9   191   179    3329    (-,-) 
  g97083/Y          -       A->Y    F     sky130_fd_sc_hd__nand2_1        1  2.6    56    74    3403    (-,-) 
  g97073/Y          -       A->Y    R     sky130_fd_sc_hd__nand2_1        2  5.3    66    79    3482    (-,-) 
  g119200/Y         -       B->Y    F     sky130_fd_sc_hd__nand2_1        1  2.6    43    55    3537    (-,-) 
  g119199/Y         -       A->Y    R     sky130_fd_sc_hd__nand2_1        2  5.3    66    73    3610    (-,-) 
  g119198/Y         -       A->Y    F     sky130_fd_sc_hd__nand2_1        1  4.6    46    63    3673    (-,-) 
  g96807/Y          -       C->Y    R     sky130_fd_sc_hd__nand3_2        2  7.4    67    88    3761    (-,-) 
  g120370/X         -       B->X    R     sky130_fd_sc_hd__xor2_1         2  4.6   147   171    3932    (-,-) 
  g120372/Y         -       A->Y    F     sky130_fd_sc_hd__nand2_1        1  2.6    49    69    4000    (-,-) 
  g120371/Y         -       A->Y    R     sky130_fd_sc_hd__nand2_1        2  4.7    62    72    4072    (-,-) 
  g96645/Y          -       A1->Y   F     sky130_fd_sc_hd__a21oi_1        1  2.5    44    61    4133    (-,-) 
  g96615/Y          -       B2->Y   R     sky130_fd_sc_hd__o2bb2ai_1      2  4.9   147   151    4284    (-,-) 
  g96584/Y          -       A2->Y   F     sky130_fd_sc_hd__o21ai_1        1  2.6    48    76    4360    (-,-) 
  g96551/Y          -       A->Y    R     sky130_fd_sc_hd__nand2_1        3  7.9    89    92    4452    (-,-) 
  g96529/Y          -       A->Y    F     sky130_fd_sc_hd__nand2_1        1  2.6    38    57    4509    (-,-) 
  g96505/Y          -       A->Y    R     sky130_fd_sc_hd__nand2_1        2  7.5    85    85    4594    (-,-) 
  g96485/Y          -       A->Y    F     sky130_fd_sc_hd__nand2_2        4 10.0    56    76    4670    (-,-) 
  g96472/Y          -       A->Y    R     sky130_fd_sc_hd__nand2_1        1  1.8    36    55    4725    (-,-) 
  g121222/Y         -       B_N->Y  R     sky130_fd_sc_hd__nor2b_2        2  7.0   104   149    4874    (-,-) 
  g118829/Y         -       C->Y    F     sky130_fd_sc_hd__nand3_2        2  4.9    58    89    4963    (-,-) 
  g118831/Y         -       B->Y    R     sky130_fd_sc_hd__nor2_1         2  4.7   110   113    5076    (-,-) 
  g96363/Y          -       A->Y    F     sky130_fd_sc_hd__nand2_1        1  8.6    76   100    5176    (-,-) 
  g119578/Y         -       A->Y    R     sky130_fd_sc_hd__nand2_4        8 21.7    84   112    5288    (-,-) 
  g96319/Y          -       A->Y    F     sky130_fd_sc_hd__nand2_1        1  2.3    36    54    5341    (-,-) 
  g96280/Y          -       B1->Y   R     sky130_fd_sc_hd__o21ai_1        3  7.2   178   109    5450    (-,-) 
  g120491/Y         -       A->Y    F     sky130_fd_sc_hd__nand2_1        1  2.6    54    72    5523    (-,-) 
  g120490/Y         -       A->Y    R     sky130_fd_sc_hd__nand2_1        2  4.6    61    73    5596    (-,-) 
  g120489/Y         -       A->Y    F     sky130_fd_sc_hd__nand2_1        3  6.5    57    72    5668    (-,-) 
  g119046/Y         -       B->Y    R     sky130_fd_sc_hd__nor2_1         2  3.7    94   100    5768    (-,-) 
  g121160/X         -       A->X    R     sky130_fd_sc_hd__and2_1         2  6.8    83   156    5924    (-,-) 
  g121464/Y         -       B->Y    F     sky130_fd_sc_hd__nand3_2        2  6.2    62    90    6014    (-,-) 
  g121398/Y         -       B->Y    R     sky130_fd_sc_hd__nor2_2         4  7.9   114   119    6133    (-,-) 
  g118887/Y         -       A->Y    F     sky130_fd_sc_hd__nand2_1        2  6.2    63    87    6220    (-,-) 
  g118886/Y         -       B->Y    R     sky130_fd_sc_hd__nor2_2         1  4.9    84    98    6318    (-,-) 
  g119135/Y         -       A->Y    F     sky130_fd_sc_hd__inv_2          3  8.2    32    55    6372    (-,-) 
  g95936/Y          -       A->Y    R     sky130_fd_sc_hd__clkinv_1       1  2.7    24    40    6412    (-,-) 
  g120186/Y         -       A->Y    F     sky130_fd_sc_hd__nand2_1        1  2.5    29    40    6452    (-,-) 
  g120184/Y         -       B->Y    R     sky130_fd_sc_hd__nand2_1        2  7.5    85    88    6540    (-,-) 
  g120183/Y         -       A->Y    F     sky130_fd_sc_hd__inv_2          3 11.0    38    59    6599    (-,-) 
  g95912/Y          -       B2->Y   R     sky130_fd_sc_hd__o2bb2ai_2      1  5.0   111   121    6720    (-,-) 
  g121430/Y         -       B1->Y   F     sky130_fd_sc_hd__a21oi_2        1  4.6    40    53    6773    (-,-) 
  g121429/Y         -       A->Y    R     sky130_fd_sc_hd__nand2_2        3  7.7    60    71    6844    (-,-) 
  g121433/Y         -       A->Y    F     sky130_fd_sc_hd__nand2_1        1  2.6    36    50    6894    (-,-) 
  g95849/Y          -       A->Y    R     sky130_fd_sc_hd__nand2_1        1  3.6    51    60    6954    (-,-) 
  fopt120072/Y      -       A->Y    F     sky130_fd_sc_hd__clkinv_1       2  3.6    38    63    7017    (-,-) 
  fopt117823/X      -       A->X    F     sky130_fd_sc_hd__buf_2          2  4.9    29   120    7137    (-,-) 
  fopt117820/Y      -       A->Y    R     sky130_fd_sc_hd__inv_1          1  2.8    34    45    7182    (-,-) 
  g95802/Y          -       A->Y    F     sky130_fd_sc_hd__nor2_1         1  4.4    31    46    7228    (-,-) 
  g95794/Y          -       B->Y    R     sky130_fd_sc_hd__nor2_2         2  4.3    81    84    7312    (-,-) 
  g118853/Y         -       A_N->Y  R     sky130_fd_sc_hd__nand2b_1       1  2.7    49   105    7416    (-,-) 
  g118851/Y         -       B->Y    F     sky130_fd_sc_hd__nand2_1        1  4.6    43    63    7479    (-,-) 
  g118850/Y         -       A->Y    R     sky130_fd_sc_hd__nand3_2        3  6.3    71    70    7549    (-,-) 
  g121482/X         -       A->X    R     sky130_fd_sc_hd__and2_1         2  7.5    96   154    7702    (-,-) 
  g120975/Y         -       A->Y    F     sky130_fd_sc_hd__nand2_2        3  6.8    47    68    7770    (-,-) 
  g120977/Y         -       B1_N->Y F     sky130_fd_sc_hd__a21boi_1       2  4.4    51   133    7903    (-,-) 
  g120976/Y         -       A->Y    R     sky130_fd_sc_hd__nor2_1         1  2.7    77   101    8004    (-,-) 
  g98340/Y          -       C->Y    F     sky130_fd_sc_hd__nand3b_1       1  2.6    56    82    8086    (-,-) 
  g95602/Y          -       A->Y    R     sky130_fd_sc_hd__nor2_1         1  1.9    64    94    8179    (-,-) 
  g98339/X          -       C->X    R     sky130_fd_sc_hd__and3b_1        1  2.7    51   157    8336    (-,-) 
  g98337/Y          -       B->Y    F     sky130_fd_sc_hd__nand4b_1       1  2.6    71    85    8421    (-,-) 
  g95552/Y          -       A2->Y   R     sky130_fd_sc_hd__o21ai_1        1  2.3    92   118    8539    (-,-) 
  status_r_reg[1]/D <<<     -       R     sky130_fd_sc_hd__dfrtp_1        1    -     -     4    8543    (-,-) 
#-------------------------------------------------------------------------------------------------------------

