###############################################################
#  Generated by:      Cadence Innovus 21.15-s110_1
#  OS:                Linux x86_64(Host ID vlsiece24.iitr.ac.in)
#  Generated on:      Thu Sep 24 16:22:32 2026
#  Design:            coprocessor
#  Command:           report_timing -path_type full_clock -early -max_paths 5  > ./$RUN/timing_hold.rpt
###############################################################
Path 1: MET Removal Check with Pin state_reg[2]/CLK 
Endpoint:   state_reg[2]/RESET_B (^) checked with  leading edge of 'clk'
Beginpoint: rst                  (v) triggered by  leading edge of 'clk'
Path Groups: {async_default}
Analysis View: VIEW_TYP
Other End Arrival Time          0.582
+ Removal                       0.552
+ Phase Shift                   0.000
- CPPR Adjustment               0.000
= Required Time                 1.134
  Arrival Time                  1.651
  Slack Time                    0.517
     Clock Rise Edge                      0.000
     + Input Delay                        0.880
     = Beginpoint Arrival Time            0.880
     Timing Path:
     +-----------------------------------------------------------------------------------+ 
     |   Instance   |    Arc     |           Cell           | Delay | Arrival | Required | 
     |              |            |                          |       |  Time   |   Time   | 
     |--------------+------------+--------------------------+-------+---------+----------| 
     |              | rst v      |                          |       |   0.880 |    0.363 | 
     | g114751      | A v -> Y ^ | sky130_fd_sc_hd__inv_2   | 0.768 |   1.648 |    1.131 | 
     | state_reg[2] | RESET_B ^  | sky130_fd_sc_hd__dfrbp_1 | 0.003 |   1.651 |    1.134 | 
     +-----------------------------------------------------------------------------------+ 
     Clock Rise Edge                      0.000
     + Source Insertion Delay            -0.182
     = Beginpoint Arrival Time           -0.182
     Other End Path:
     +--------------------------------------------------------------------------------------------+ 
     |      Instance       |    Arc     |            Cell            | Delay | Arrival | Required | 
     |                     |            |                            |       |  Time   |   Time   | 
     |---------------------+------------+----------------------------+-------+---------+----------| 
     |                     | clk ^      |                            |       |  -0.182 |    0.336 | 
     | CTS_ccl_a_inv_00003 | A ^ -> Y v | sky130_fd_sc_hd__clkinv_16 | 0.578 |   0.397 |    0.914 | 
     | CTS_ccl_a_inv_00002 | A v -> Y ^ | sky130_fd_sc_hd__clkinv_16 | 0.182 |   0.579 |    1.096 | 
     | state_reg[2]        | CLK ^      | sky130_fd_sc_hd__dfrbp_1   | 0.002 |   0.582 |    1.099 | 
     +--------------------------------------------------------------------------------------------+ 
Path 2: MET Removal Check with Pin uart_tx_start_reg/CLK 
Endpoint:   uart_tx_start_reg/RESET_B (^) checked with  leading edge of 'clk'
Beginpoint: rst                       (v) triggered by  leading edge of 'clk'
Path Groups: {async_default}
Analysis View: VIEW_TYP
Other End Arrival Time          0.582
+ Removal                       0.552
+ Phase Shift                   0.000
- CPPR Adjustment               0.000
= Required Time                 1.134
  Arrival Time                  1.652
  Slack Time                    0.518
     Clock Rise Edge                      0.000
     + Input Delay                        0.880
     = Beginpoint Arrival Time            0.880
     Timing Path:
     +----------------------------------------------------------------------------------------+ 
     |     Instance      |    Arc     |           Cell           | Delay | Arrival | Required | 
     |                   |            |                          |       |  Time   |   Time   | 
     |-------------------+------------+--------------------------+-------+---------+----------| 
     |                   | rst v      |                          |       |   0.880 |    0.362 | 
     | g114751           | A v -> Y ^ | sky130_fd_sc_hd__inv_2   | 0.768 |   1.648 |    1.131 | 
     | uart_tx_start_reg | RESET_B ^  | sky130_fd_sc_hd__dfrtp_1 | 0.004 |   1.652 |    1.134 | 
     +----------------------------------------------------------------------------------------+ 
     Clock Rise Edge                      0.000
     + Source Insertion Delay            -0.182
     = Beginpoint Arrival Time           -0.182
     Other End Path:
     +--------------------------------------------------------------------------------------------+ 
     |      Instance       |    Arc     |            Cell            | Delay | Arrival | Required | 
     |                     |            |                            |       |  Time   |   Time   | 
     |---------------------+------------+----------------------------+-------+---------+----------| 
     |                     | clk ^      |                            |       |  -0.182 |    0.336 | 
     | CTS_ccl_a_inv_00003 | A ^ -> Y v | sky130_fd_sc_hd__clkinv_16 | 0.578 |   0.397 |    0.915 | 
     | CTS_ccl_a_inv_00002 | A v -> Y ^ | sky130_fd_sc_hd__clkinv_16 | 0.182 |   0.579 |    1.097 | 
     | uart_tx_start_reg   | CLK ^      | sky130_fd_sc_hd__dfrtp_1   | 0.003 |   0.582 |    1.100 | 
     +--------------------------------------------------------------------------------------------+ 
Path 3: MET Removal Check with Pin uart_inst_uart_tx_inst_bit_count_reg[1]/CLK 
Endpoint:   uart_inst_uart_tx_inst_bit_count_reg[1]/RESET_B (^) checked with  
leading edge of 'clk'
Beginpoint: rst                                             (v) triggered by  
leading edge of 'clk'
Path Groups: {async_default}
Analysis View: VIEW_TYP
Other End Arrival Time          0.582
+ Removal                       0.552
+ Phase Shift                   0.000
- CPPR Adjustment               0.000
= Required Time                 1.134
  Arrival Time                  1.654
  Slack Time                    0.520
     Clock Rise Edge                      0.000
     + Input Delay                        0.880
     = Beginpoint Arrival Time            0.880
     Timing Path:
     +--------------------------------------------------------------------------------------------------------------+ 
     |                Instance                 |    Arc     |           Cell           | Delay | Arrival | Required | 
     |                                         |            |                          |       |  Time   |   Time   | 
     |-----------------------------------------+------------+--------------------------+-------+---------+----------| 
     |                                         | rst v      |                          |       |   0.880 |    0.360 | 
     | g114751                                 | A v -> Y ^ | sky130_fd_sc_hd__inv_2   | 0.768 |   1.648 |    1.129 | 
     | uart_inst_uart_tx_inst_bit_count_reg[1] | RESET_B ^  | sky130_fd_sc_hd__dfrtp_1 | 0.005 |   1.654 |    1.134 | 
     +--------------------------------------------------------------------------------------------------------------+ 
     Clock Rise Edge                      0.000
     + Source Insertion Delay            -0.182
     = Beginpoint Arrival Time           -0.182
     Other End Path:
     +----------------------------------------------------------------------------------------------------------------+ 
     |                Instance                 |    Arc     |            Cell            | Delay | Arrival | Required | 
     |                                         |            |                            |       |  Time   |   Time   | 
     |-----------------------------------------+------------+----------------------------+-------+---------+----------| 
     |                                         | clk ^      |                            |       |  -0.182 |    0.338 | 
     | CTS_ccl_a_inv_00003                     | A ^ -> Y v | sky130_fd_sc_hd__clkinv_16 | 0.578 |   0.397 |    0.916 | 
     | CTS_ccl_a_inv_00002                     | A v -> Y ^ | sky130_fd_sc_hd__clkinv_16 | 0.182 |   0.579 |    1.099 | 
     | uart_inst_uart_tx_inst_bit_count_reg[1] | CLK ^      | sky130_fd_sc_hd__dfrtp_1   | 0.003 |   0.582 |    1.101 | 
     +----------------------------------------------------------------------------------------------------------------+ 
Path 4: MET Removal Check with Pin uart_inst_uart_tx_inst_tx_done_reg/CLK 
Endpoint:   uart_inst_uart_tx_inst_tx_done_reg/RESET_B (^) checked with  
leading edge of 'clk'
Beginpoint: rst                                        (v) triggered by  
leading edge of 'clk'
Path Groups: {async_default}
Analysis View: VIEW_TYP
Other End Arrival Time          0.582
+ Removal                       0.552
+ Phase Shift                   0.000
- CPPR Adjustment               0.000
= Required Time                 1.134
  Arrival Time                  1.655
  Slack Time                    0.521
     Clock Rise Edge                      0.000
     + Input Delay                        0.880
     = Beginpoint Arrival Time            0.880
     Timing Path:
     +---------------------------------------------------------------------------------------------------------+ 
     |              Instance              |    Arc     |           Cell           | Delay | Arrival | Required | 
     |                                    |            |                          |       |  Time   |   Time   | 
     |------------------------------------+------------+--------------------------+-------+---------+----------| 
     |                                    | rst v      |                          |       |   0.880 |    0.359 | 
     | g114751                            | A v -> Y ^ | sky130_fd_sc_hd__inv_2   | 0.768 |   1.648 |    1.128 | 
     | uart_inst_uart_tx_inst_tx_done_reg | RESET_B ^  | sky130_fd_sc_hd__dfrtp_1 | 0.006 |   1.655 |    1.134 | 
     +---------------------------------------------------------------------------------------------------------+ 
     Clock Rise Edge                      0.000
     + Source Insertion Delay            -0.182
     = Beginpoint Arrival Time           -0.182
     Other End Path:
     +-----------------------------------------------------------------------------------------------------------+ 
     |              Instance              |    Arc     |            Cell            | Delay | Arrival | Required | 
     |                                    |            |                            |       |  Time   |   Time   | 
     |------------------------------------+------------+----------------------------+-------+---------+----------| 
     |                                    | clk ^      |                            |       |  -0.182 |    0.339 | 
     | CTS_ccl_a_inv_00003                | A ^ -> Y v | sky130_fd_sc_hd__clkinv_16 | 0.578 |   0.397 |    0.918 | 
     | CTS_ccl_a_inv_00002                | A v -> Y ^ | sky130_fd_sc_hd__clkinv_16 | 0.182 |   0.579 |    1.100 | 
     | uart_inst_uart_tx_inst_tx_done_reg | CLK ^      | sky130_fd_sc_hd__dfrtp_1   | 0.002 |   0.582 |    1.102 | 
     +-----------------------------------------------------------------------------------------------------------+ 
Path 5: MET Removal Check with Pin uart_inst_uart_tx_inst_tick_count_reg[2]/CLK 
Endpoint:   uart_inst_uart_tx_inst_tick_count_reg[2]/RESET_B (^) checked with  
leading edge of 'clk'
Beginpoint: rst                                              (v) triggered by  
leading edge of 'clk'
Path Groups: {async_default}
Analysis View: VIEW_TYP
Other End Arrival Time          0.581
+ Removal                       0.552
+ Phase Shift                   0.000
- CPPR Adjustment               0.000
= Required Time                 1.133
  Arrival Time                  1.656
  Slack Time                    0.523
     Clock Rise Edge                      0.000
     + Input Delay                        0.880
     = Beginpoint Arrival Time            0.880
     Timing Path:
     +---------------------------------------------------------------------------------------------------------------+ 
     |                 Instance                 |    Arc     |           Cell           | Delay | Arrival | Required | 
     |                                          |            |                          |       |  Time   |   Time   | 
     |------------------------------------------+------------+--------------------------+-------+---------+----------| 
     |                                          | rst v      |                          |       |   0.880 |    0.357 | 
     | g114751                                  | A v -> Y ^ | sky130_fd_sc_hd__inv_2   | 0.768 |   1.648 |    1.126 | 
     | uart_inst_uart_tx_inst_tick_count_reg[2] | RESET_B ^  | sky130_fd_sc_hd__dfrtp_1 | 0.007 |   1.656 |    1.133 | 
     +---------------------------------------------------------------------------------------------------------------+ 
     Clock Rise Edge                      0.000
     + Source Insertion Delay            -0.182
     = Beginpoint Arrival Time           -0.182
     Other End Path:
     +-----------------------------------------------------------------------------------------------------------------+ 
     |                 Instance                 |    Arc     |            Cell            | Delay | Arrival | Required | 
     |                                          |            |                            |       |  Time   |   Time   | 
     |------------------------------------------+------------+----------------------------+-------+---------+----------| 
     |                                          | clk ^      |                            |       |  -0.182 |    0.341 | 
     | CTS_ccl_a_inv_00003                      | A ^ -> Y v | sky130_fd_sc_hd__clkinv_16 | 0.578 |   0.397 |    0.920 | 
     | CTS_ccl_a_inv_00002                      | A v -> Y ^ | sky130_fd_sc_hd__clkinv_16 | 0.182 |   0.579 |    1.102 | 
     | uart_inst_uart_tx_inst_tick_count_reg[2] | CLK ^      | sky130_fd_sc_hd__dfrtp_1   | 0.002 |   0.581 |    1.103 | 
     +-----------------------------------------------------------------------------------------------------------------+ 

