============================================================
  Generated by:           Genus(TM) Synthesis Solution 21.14-s082_1
  Generated on:           Sep 24 2026  01:36:27 pm
  Module:                 coprocessor
  Technology library:     sky130_fd_sc_hd__tt_025C_1v80 1.0000000000
  Operating conditions:   tt_025C_1v80 (balanced_tree)
  Wireload mode:          top
  Area mode:              timing library
============================================================

                   Pin                                    Type              Fanout Load Slew Delay Arrival   
                                                                                   (fF) (ps)  (ps)   (ps)    
-------------------------------------------------------------------------------------------------------------
(clock clk)                                     launch                                                   0 R 
in2_r_reg[3]/CLK                                                                           0    +0       0 R 
in2_r_reg[3]/Q                                  sky130_fd_sc_hd__sdfrtp_1        3  9.0   92  +316     316 R 
fopt118112/A                                                                                    +4     320   
fopt118112/Y                                    sky130_fd_sc_hd__clkinv_1        3  7.4   70   +94     414 F 
g114707/A                                                                                       +3     417   
g114707/Y                                       sky130_fd_sc_hd__nand2_1         1  4.9   63   +78     495 R 
g114696/A                                                                                       +8     503   
g114696/Y                                       sky130_fd_sc_hd__inv_2           5 12.4   35   +50     554 F 
g121090/D                                                                                       +3     557   
g121090/Y                                       sky130_fd_sc_hd__nand4_1         1  2.7   69   +77     634 R 
g119622/A                                                                                       +4     638   
g119622/Y                                       sky130_fd_sc_hd__nand2_1         2  4.1   43   +58     697 F 
g128542/A_N                                                                                     +2     699   
g128542/Y                                       sky130_fd_sc_hd__nand2b_1        1  2.6   42  +133     832 F 
g124605/A                                                                                       +4     836   
g124605/Y                                       sky130_fd_sc_hd__nand2_1         4 10.5  111  +101     937 R 
g124609/A                                                                                       +3     940   
g124609/Y                                       sky130_fd_sc_hd__nand2_1         1  2.6   43   +60    1000 F 
g114389/A                                                                                       +4    1004   
g114389/Y                                       sky130_fd_sc_hd__nand2_1         1  2.7   54   +52    1056 R 
g124754/A                                                                                       +4    1061   
g124754/Y                                       sky130_fd_sc_hd__nand2_1         1  2.5   31   +45    1106 F 
g124753/B1                                                                                      +4    1110   
g124753/Y                                       sky130_fd_sc_hd__a21oi_1         1  2.7  105  +103    1214 R 
g124752/A                                                                                       +4    1218   
g124752/Y                                       sky130_fd_sc_hd__nand2_1         2  4.3   51   +70    1288 F 
g117035/A                                                                                       +3    1291   
g117035/Y                                       sky130_fd_sc_hd__inv_1           2  9.7   89   +91    1382 R 
g34_0/A1                                                                                        +6    1387   
g34_0/X                                         sky130_fd_sc_hd__a21o_4          8 23.1   76  +156    1544 R 
g124900/A                                                                                       +2    1546   
g124900/Y                                       sky130_fd_sc_hd__nand2_1         1  4.5   47   +63    1609 F 
g124899/B1                                                                                      +8    1617   
g124899/Y                                       sky130_fd_sc_hd__o21ai_2         1  4.9  106   +57    1674 R 
fopt127930/A                                                                                    +8    1682   
fopt127930/Y                                    sky130_fd_sc_hd__inv_2           3  7.4   35   +49    1731 F 
fopt127929/A                                                                                    +3    1734   
fopt127929/Y                                    sky130_fd_sc_hd__inv_1           1  2.7   33   +44    1778 R 
g124903/B                                                                                       +4    1783   
g124903/Y                                       sky130_fd_sc_hd__nand2_1         1  2.6   37   +43    1826 F 
g127498/A                                                                                       +4    1830   
g127498/Y                                       sky130_fd_sc_hd__nand2_1         2  5.3   66   +66    1896 R 
g127497/A                                                                                       +3    1900   
g127497/Y                                       sky130_fd_sc_hd__nand2_1         1  4.6   50   +60    1960 F 
g127496/A                                                                                       +8    1968   
g127496/Y                                       sky130_fd_sc_hd__nand2_2         6 16.7  104   +99    2067 R 
g127506/A                                                                                       +2    2069   
g127506/X                                       sky130_fd_sc_hd__buf_1           3  8.3  108  +141    2210 R 
g127505/A                                                                                       +3    2213   
g127505/Y                                       sky130_fd_sc_hd__inv_1           2  5.1   43   +62    2275 F 
g127504/B                                                                                       +3    2278   
g127504/X                                       sky130_fd_sc_hd__and2_4          4 15.5   44  +171    2449 F 
fopt117250/A                                                                                    +6    2454   
fopt117250/Y                                    sky130_fd_sc_hd__inv_2           7 20.2   98   +95    2550 R 
fopt117246/A                                                                                    +5    2554   
fopt117246/Y                                    sky130_fd_sc_hd__inv_2           6 14.6   47   +65    2619 F 
g116368/B                                                                                       +3    2622   
g116368/Y                                       sky130_fd_sc_hd__nor2_1          1  2.1   67   +73    2695 R 
g110682__5122/A1                                                                                +4    2699   
g110682__5122/Y                                 sky130_fd_sc_hd__o21ai_0         1  2.5   62   +82    2781 F 
g110512__6161/B1                                                                                +4    2785   
g110512__6161/Y                                 sky130_fd_sc_hd__a21oi_1         1  2.7  105  +114    2899 R 
g110042__125991/B                                                                               +4    2903   
g110042__125991/Y                               sky130_fd_sc_hd__nand2_1         1  2.6   37   +62    2965 F 
g126972/A1                                                                                      +5    2970   
g126972/X                                       sky130_fd_sc_hd__a21o_1          3 10.0   65  +180    3149 F 
g126971/A                                                                                       +3    3152   
g126971/Y                                       sky130_fd_sc_hd__inv_1           2  5.4   57   +72    3224 R 
g126970/B                                                                                       +3    3227   
g126970/Y                                       sky130_fd_sc_hd__nand2_1         2  7.0   66   +73    3300 F 
g35/B                                                                                           +3    3304   
g35/X                                           sky130_fd_sc_hd__and3_4          5 14.7   47  +191    3495 F 
g120346/A                                                                                       +6    3501   
g120346/Y                                       sky130_fd_sc_hd__inv_2           3 10.3   54   +65    3566 R 
g120350/A                                                                                       +6    3572   
g120350/Y                                       sky130_fd_sc_hd__inv_2           6 14.9   38   +52    3624 F 
g120344/A                                                                                       +3    3627   
g120344/Y                                       sky130_fd_sc_hd__nand2_1         2  5.3   66   +66    3693 R 
g120349/B                                                                                       +3    3696   
g120349/Y                                       sky130_fd_sc_hd__nand2_1         3  6.5   61   +73    3770 F 
alu_inst_muldiv_inst_mul_349_24_g10428/A_N                                                      +2    3772   
alu_inst_muldiv_inst_mul_349_24_g10428/Y        sky130_fd_sc_hd__nand2b_1        1  2.6   72  +141    3913 F 
g128621/A2                                                                                      +5    3918   
g128621/X                                       sky130_fd_sc_hd__a22o_1          2  5.0   52  +246    4164 F 
g127228/A                                                                                       +3    4167   
g127228/Y                                       sky130_fd_sc_hd__inv_1           2  5.4   55   +66    4233 R 
g127227/A1_N                                                                                    +3    4236   
g127227/Y                                       sky130_fd_sc_hd__o2bb2ai_1       2  4.3  136  +117    4354 R 
alu_inst_muldiv_inst_mul_349_24_g10413/A_N                                                      +2    4356   
alu_inst_muldiv_inst_mul_349_24_g10413/Y        sky130_fd_sc_hd__nand3b_1        3  7.1  104  +152    4507 R 
g128749/A                                                                                       +2    4510   
g128749/X                                       sky130_fd_sc_hd__and2_0          1  2.7   56  +130    4640 R 
g7030/B                                                                                         +4    4644   
g7030/Y                                         sky130_fd_sc_hd__nand2_1         3  8.8   72   +82    4727 F 
g7022/A                                                                                         +3    4730   
g7022/Y                                         sky130_fd_sc_hd__nor2b_1         1  2.8   85  +113    4843 R 
g127056/B                                                                                       +5    4847   
g127056/Y                                       sky130_fd_sc_hd__nand4_1         1  3.2   73   +93    4940 F 
g127055/A                                                                                       +6    4946   
g127055/Y                                       sky130_fd_sc_hd__clkinv_1        2  7.6   54   +72    5018 R 
g127054/C                                                                                       +6    5024   
g127054/Y                                       sky130_fd_sc_hd__nand3_2         2  5.1   55   +74    5098 F 
alu_inst_muldiv_inst_mul_349_24_g8901/B                                                         +3    5101   
alu_inst_muldiv_inst_mul_349_24_g8901/Y         sky130_fd_sc_hd__nand3_1         1  2.7   59   +79    5180 R 
g119435/A                                                                                       +4    5184   
g119435/Y                                       sky130_fd_sc_hd__nand2_1         2  7.1   60   +71    5256 F 
g125512/A                                                                                       +6    5261   
g125512/Y                                       sky130_fd_sc_hd__nand2_2         3  7.3   64   +70    5331 R 
g125516/A                                                                                       +3    5334   
g125516/Y                                       sky130_fd_sc_hd__nand2_1         1  2.6   34   +48    5382 F 
g125187/A                                                                                       +4    5387   
g125187/Y                                       sky130_fd_sc_hd__nand3_1         1  2.7   61   +57    5444 R 
g108191/A                                                                                       +4    5448   
g108191/Y                                       sky130_fd_sc_hd__nand2_1         2  4.4   44   +58    5506 F 
g126298/A                                                                                       +3    5509   
g126298/Y                                       sky130_fd_sc_hd__nand2_1         1  4.9   62   +67    5575 R 
g126297/A                                                                                       +8    5584   
g126297/Y                                       sky130_fd_sc_hd__nand2_2         2  7.0   42   +54    5638 F 
g126296/A                                                                                       +6    5644   
g126296/Y                                       sky130_fd_sc_hd__nand2_2         1  4.9   48   +54    5697 R 
g134/A                                                                                          +8    5706   
g134/Y                                          sky130_fd_sc_hd__nand2_2         3  9.4   51   +57    5763 F 
g120067/A                                                                                       +6    5768   
g120067/Y                                       sky130_fd_sc_hd__nand2_2         2  7.5   62   +67    5835 R 
g126773/A                                                                                       +6    5841   
g126773/Y                                       sky130_fd_sc_hd__nand2_2         2  7.0   41   +54    5895 F 
g126246/A                                                                                       +6    5901   
g126246/Y                                       sky130_fd_sc_hd__nand2_2         1  4.9   48   +53    5954 R 
g126245/A                                                                                       +8    5962   
g126245/Y                                       sky130_fd_sc_hd__nand2_2         3  7.5   44   +52    6014 F 
g103/A                                                                                          +3    6017   
g103/Y                                          sky130_fd_sc_hd__nand2_1         2  5.3   66   +69    6086 R 
g126826/A                                                                                       +3    6089   
g126826/Y                                       sky130_fd_sc_hd__nand2_1         1  4.6   46   +60    6150 F 
g126825/A                                                                                       +8    6158   
g126825/Y                                       sky130_fd_sc_hd__nand2_2         2 11.1   79   +77    6235 R 
g126824/A                                                                                      +10    6246   
g126824/Y                                       sky130_fd_sc_hd__nand2_4         5 14.7   50   +62    6308 F 
g121684/A                                                                                       +3    6311   
g121684/Y                                       sky130_fd_sc_hd__nand2_1         2  5.3   66   +72    6383 R 
g127045/A                                                                                       +3    6386   
g127045/Y                                       sky130_fd_sc_hd__nand3_1         2  5.1   74   +82    6468 F 
g127046/A                                                                                       +3    6471   
g127046/Y                                       sky130_fd_sc_hd__nand3_1         1  2.7   60   +74    6545 R 
g126876/A                                                                                       +4    6549   
g126876/Y                                       sky130_fd_sc_hd__nand2_1         2  4.8   46   +59    6609 F 
g126875/A                                                                                       +3    6612   
g126875/Y                                       sky130_fd_sc_hd__nand2_1         2  5.1   64   +69    6680 R 
g127817/A                                                                                       +3    6683   
g127817/Y                                       sky130_fd_sc_hd__nand2_1         2  5.0   48   +62    6745 F 
g273/A                                                                                          +3    6748   
g273/Y                                          sky130_fd_sc_hd__nor2b_1         1  2.7   83  +103    6851 R 
g272/A                                                                                          +4    6855   
g272/Y                                          sky130_fd_sc_hd__nand4_1         2  4.9   93   +97    6952 F 
g126363/B                                                                                       +3    6955   
g126363/Y                                       sky130_fd_sc_hd__nor2_1          2  5.4  123  +132    7087 R 
g126362/B                                                                                       +3    7090   
g126362/Y                                       sky130_fd_sc_hd__nand4_1         2  4.9   93  +118    7208 F 
g125177/B                                                                                       +3    7211   
g125177/Y                                       sky130_fd_sc_hd__nor2_1          1  2.9   87  +101    7313 R 
g128275/A2                                                                                      +5    7318   
g128275/Y                                       sky130_fd_sc_hd__o21ai_1         2  5.1   69   +76    7393 F 
g127000/A                                                                                       +3    7396   
g127000/Y                                       sky130_fd_sc_hd__nand2_1         1  2.7   46   +63    7459 R 
g126309/A                                                                                       +4    7464   
g126309/Y                                       sky130_fd_sc_hd__nand2_1         1  2.6   31   +43    7507 F 
g126307/A2                                                                                      +5    7512   
g126307/Y                                       sky130_fd_sc_hd__o21ai_1         1  2.3   92   +99    7611 R 
result_r_reg[12]/D                         <<<  sky130_fd_sc_hd__dfrtp_1                        +4    7615   
result_r_reg[12]/CLK                            setup                                      0   +77    7692 R 
- - - - - - - - - - - - - - - - - - - - - - - - - - - - - - - - - - - - - - - - - - - - - - - - - - - - - - -
(clock clk)                                     capture                                               7692 R 
-------------------------------------------------------------------------------------------------------------
Cost Group   : 'clk' (path_group 'clk')
Timing slack :       0ps 
Start-point  : in2_r_reg[3]/CLK
End-point    : result_r_reg[12]/D

