============================================================
  Generated by:           Genus(TM) Synthesis Solution 21.14-s082_1
  Generated on:           Sep 23 2026  06:59:57 pm
  Module:                 coprocessor
  Operating conditions:   tt_025C_1v80 (balanced_tree)
  Wireload mode:          top
  Area mode:              timing library
============================================================


Path 1: VIOLATED (-239 ps) Setup Check with Pin status_r_reg[1]/CLK->D
          Group: clk
     Startpoint: (R) in2_r_reg[1]/CLK
          Clock: (R) clk
       Endpoint: (R) status_r_reg[1]/D
          Clock: (R) clk

                     Capture       Launch     
        Clock Edge:+    7299            0     
       Src Latency:+       0            0     
       Net Latency:+       0 (I)        0 (I) 
           Arrival:=    7299            0     
                                              
             Setup:-      78                  
     Required Time:=    7222                  
      Launch Clock:-       0                  
         Data Path:-    7461                  
             Slack:=    -239                  

#-----------------------------------------------------------------------------------------------------------
#   Timing Point    Flags    Arc   Edge           Cell             Fanout Load Trans Delay Arrival Instance 
#                                                                         (fF)  (ps)  (ps)   (ps)  Location 
#-----------------------------------------------------------------------------------------------------------
  in2_r_reg[1]/CLK  -       -      R     (arrival)                    119    -     0     0       0    (-,-) 
  in2_r_reg[1]/Q    -       CLK->Q R     sky130_fd_sc_hd__sdfrtp_2      2  8.5    64   319     319    (-,-) 
  g150302/Y         -       A->Y   F     sky130_fd_sc_hd__clkinv_2      4  9.4    46    71     389    (-,-) 
  g150214/Y         -       A->Y   R     sky130_fd_sc_hd__nand4_1       2  5.4    96    86     475    (-,-) 
  g150213/Y         -       A->Y   F     sky130_fd_sc_hd__inv_1         1  2.5    31    48     523    (-,-) 
  g150212/Y         -       A3->Y  R     sky130_fd_sc_hd__a31oi_1       1  4.9   169   186     709    (-,-) 
  g152805/Y         -       B->Y   F     sky130_fd_sc_hd__nand2_2       6 17.2    87   125     834    (-,-) 
  g143248/Y         -       A->Y   R     sky130_fd_sc_hd__inv_2         6 19.9    99   118     952    (-,-) 
  g143022/Y         -       A->Y   F     sky130_fd_sc_hd__nand3_2       1  4.5    57    75    1028    (-,-) 
  g152246/Y         -       B->Y   R     sky130_fd_sc_hd__nand2_2       3  7.9    61    88    1116    (-,-) 
  g152251/Y         -       A->Y   F     sky130_fd_sc_hd__nand2_1       1  2.6    33    51    1166    (-,-) 
  g148544/Y         -       A2->Y  R     sky130_fd_sc_hd__o21ai_1       1  2.7    99   110    1276    (-,-) 
  g148543/Y         -       A->Y   F     sky130_fd_sc_hd__nand3_1       1  2.6    57    78    1354    (-,-) 
  g150247/Y         -       A->Y   R     sky130_fd_sc_hd__nand2_1       1  4.9    63    76    1431    (-,-) 
  fopt156576/Y      -       A->Y   F     sky130_fd_sc_hd__inv_2         6 20.7    51    73    1503    (-,-) 
  g156581/Y         -       A->Y   R     sky130_fd_sc_hd__inv_2         6 17.2    85    94    1597    (-,-) 
  g156586/Y         -       A->Y   F     sky130_fd_sc_hd__inv_2         3  7.4    31    50    1647    (-,-) 
  g133236/Y         -       A->Y   R     sky130_fd_sc_hd__nand2_1       1  2.3    41    48    1694    (-,-) 
  g128537/Y         -       B1->Y  F     sky130_fd_sc_hd__o21ai_1       1  2.6    41    57    1751    (-,-) 
  g128435/Y         -       A->Y   R     sky130_fd_sc_hd__nand2_1       1  4.9    63    70    1821    (-,-) 
  g153930/Y         -       B->Y   F     sky130_fd_sc_hd__nand2_2       3 11.6    57    82    1902    (-,-) 
  g155235/Y         -       A->Y   R     sky130_fd_sc_hd__nand2_2       2  9.8    70    83    1985    (-,-) 
  g143684/Y         -       C->Y   F     sky130_fd_sc_hd__nand3_2       4 11.2    87   109    2094    (-,-) 
  g139757/Y         -       A->Y   R     sky130_fd_sc_hd__nand2_2       2  7.3    58    87    2181    (-,-) 
  g148699/Y         -       A->Y   F     sky130_fd_sc_hd__nand3_2       2  4.9    52    66    2247    (-,-) 
  g138686/Y         -       A->Y   R     sky130_fd_sc_hd__inv_1         2  5.4    55    70    2316    (-,-) 
  g963/Y            -       B->Y   F     sky130_fd_sc_hd__nand4_1       1  2.6    64    83    2399    (-,-) 
  g151939/Y         -       A->Y   R     sky130_fd_sc_hd__nand4_1       1  2.7    69    76    2475    (-,-) 
  g149378/Y         -       B->Y   F     sky130_fd_sc_hd__nand2_1       1  4.6    45    69    2544    (-,-) 
  g955/Y            -       A->Y   R     sky130_fd_sc_hd__nand2_2       2 12.4    84    90    2634    (-,-) 
  g954/Y            -       A->Y   F     sky130_fd_sc_hd__inv_4         7 23.1    41    67    2700    (-,-) 
  fopt132232/Y      -       A->Y   R     sky130_fd_sc_hd__inv_2         6 17.9    88    91    2792    (-,-) 
  g112234/Y         -       A->Y   F     sky130_fd_sc_hd__nand2_1       1  4.5    49    69    2860    (-,-) 
  g112215/Y         -       B->Y   R     sky130_fd_sc_hd__nand2_2       4 10.6    74    94    2955    (-,-) 
  g112067/Y         -       B->Y   F     sky130_fd_sc_hd__nor2_1        1  2.6    45    46    3000    (-,-) 
  g111975/Y         -       A2->Y  R     sky130_fd_sc_hd__o21ai_1       1  2.7    99   114    3114    (-,-) 
  g132664/Y         -       A->Y   F     sky130_fd_sc_hd__nand2_1       1  2.6    40    61    3175    (-,-) 
  g151907/Y         -       A->Y   R     sky130_fd_sc_hd__nand2_1       1  2.7    43    56    3231    (-,-) 
  g151906/Y         -       A->Y   F     sky130_fd_sc_hd__nand2_1       2  4.3    44    56    3287    (-,-) 
  g151905/Y         -       A->Y   R     sky130_fd_sc_hd__nand4_1       1  2.7    69    66    3353    (-,-) 
  g150944/Y         -       A->Y   F     sky130_fd_sc_hd__inv_1         1  2.6    26    44    3397    (-,-) 
  g154028/Y         -       A->Y   R     sky130_fd_sc_hd__nand4_1       1  2.7    69    60    3457    (-,-) 
  g152855/Y         -       A->Y   F     sky130_fd_sc_hd__inv_1         2  6.4    39    60    3517    (-,-) 
  g152854/Y         -       A->Y   R     sky130_fd_sc_hd__nand3_2       1  4.9    58    61    3578    (-,-) 
  g143763/Y         -       A->Y   F     sky130_fd_sc_hd__nand2_2       2  6.4    39    60    3638    (-,-) 
  g153042/Y         -       A->Y   R     sky130_fd_sc_hd__nand2_2       2  9.5    69    74    3712    (-,-) 
  g152902/Y         -       A->Y   F     sky130_fd_sc_hd__nand3_2       1  4.6    52    68    3780    (-,-) 
  g428/Y            -       A->Y   R     sky130_fd_sc_hd__nand3_2       2  5.3    57    70    3850    (-,-) 
  g153655/Y         -       A->Y   F     sky130_fd_sc_hd__nand4_1       1  2.6    64    72    3922    (-,-) 
  g155028/Y         -       A->Y   R     sky130_fd_sc_hd__nand2_1       2  7.5    85    96    4018    (-,-) 
  g155027/Y         -       A->Y   F     sky130_fd_sc_hd__nand2_2       2  7.1    46    66    4084    (-,-) 
  g153206/Y         -       A->Y   R     sky130_fd_sc_hd__nand2_2       2  7.5    59    70    4154    (-,-) 
  g153205/Y         -       A->Y   F     sky130_fd_sc_hd__nand2_2       2  9.1    48    65    4219    (-,-) 
  g153027/Y         -       A->Y   R     sky130_fd_sc_hd__nand2_2       3 10.2    72    80    4300    (-,-) 
  g153418/Y         -       A->Y   F     sky130_fd_sc_hd__nand2_2       3 13.4    66    82    4382    (-,-) 
  g153417/Y         -       A->Y   R     sky130_fd_sc_hd__inv_2         1  4.7    34    61    4442    (-,-) 
  g34/Y             -       A->Y   F     sky130_fd_sc_hd__nand3_2       4 12.0    90    91    4533    (-,-) 
  g153822/Y         -       B->Y   R     sky130_fd_sc_hd__nand3_2       4 12.8    92   123    4656    (-,-) 
  fopt143011/Y      -       A->Y   F     sky130_fd_sc_hd__inv_2         4  9.9    37    58    4714    (-,-) 
  fopt143010/Y      -       A->Y   R     sky130_fd_sc_hd__inv_1         2  5.3    54    63    4777    (-,-) 
  g139934/Y         -       A->Y   F     sky130_fd_sc_hd__nand2_1       1  2.6    34    49    4826    (-,-) 
  g139933/Y         -       A->Y   R     sky130_fd_sc_hd__nand2_1       2  5.3    66    69    4895    (-,-) 
  g156401/Y         -       A->Y   F     sky130_fd_sc_hd__nand2_1       1  2.6    34    52    4947    (-,-) 
  g156400/Y         -       A->Y   R     sky130_fd_sc_hd__nand2_1       2  5.1    64    68    5015    (-,-) 
  g156403/Y         -       A->Y   F     sky130_fd_sc_hd__nand2_1       1  2.6    34    51    5066    (-,-) 
  g153839/Y         -       A->Y   R     sky130_fd_sc_hd__nand2_1       2  4.7    61    65    5132    (-,-) 
  g153838/Y         -       B->Y   F     sky130_fd_sc_hd__nand2_1       1  4.6    44    65    5197    (-,-) 
  g153837/Y         -       A->Y   R     sky130_fd_sc_hd__inv_2         2  9.7    52    70    5267    (-,-) 
  g153836/Y         -       B->Y   F     sky130_fd_sc_hd__nand3_2       2  7.5    66    87    5354    (-,-) 
  fopt333/Y         -       A->Y   R     sky130_fd_sc_hd__clkinv_2      2  7.5    39    65    5419    (-,-) 
  g296/Y            -       A->Y   F     sky130_fd_sc_hd__nand2_1       2  4.4    44    54    5472    (-,-) 
  g139151/Y         -       A->Y   R     sky130_fd_sc_hd__nand2_1       1  2.7    44    56    5528    (-,-) 
  g139831/Y         -       A->Y   F     sky130_fd_sc_hd__nand2_1       2  6.9    59    70    5598    (-,-) 
  g148958/Y         -       A2->Y  R     sky130_fd_sc_hd__o21ai_2       2  5.3   110   128    5726    (-,-) 
  g148957/Y         -       A->Y   F     sky130_fd_sc_hd__nand2_1       1  4.6    54    76    5802    (-,-) 
  g148956/Y         -       A->Y   R     sky130_fd_sc_hd__nand3_2       2  5.3    57    71    5873    (-,-) 
  g148966/Y         -       A->Y   F     sky130_fd_sc_hd__nand2_1       1  4.6    44    60    5934    (-,-) 
  g148965/Y         -       A->Y   R     sky130_fd_sc_hd__nand2_2       2  6.9    56    70    6004    (-,-) 
  g153217/Y         -       A->Y   F     sky130_fd_sc_hd__nand2_2       2  7.0    42    58    6062    (-,-) 
  g153385/Y         -       D->Y   R     sky130_fd_sc_hd__nand4_1       1  2.7    69    83    6145    (-,-) 
  g152031/Y         -       A->Y   F     sky130_fd_sc_hd__inv_1         2  4.9    34    54    6200    (-,-) 
  g152224/Y         -       B->Y   R     sky130_fd_sc_hd__nor2_1        2  4.3   103    99    6299    (-,-) 
  g152223/Y         -       A_N->Y R     sky130_fd_sc_hd__nand2b_1      1  2.7    48   112    6411    (-,-) 
  g152222/Y         -       A->Y   F     sky130_fd_sc_hd__nand2_1       1  4.6    49    59    6470    (-,-) 
  g148252/Y         -       A->Y   R     sky130_fd_sc_hd__nand2_2       2  7.5    71    74    6544    (-,-) 
  g55/Y             -       B->Y   F     sky130_fd_sc_hd__nand3_2       3  6.7    68    89    6632    (-,-) 
  fopt153140/Y      -       A->Y   R     sky130_fd_sc_hd__inv_1         2  5.3    57    76    6708    (-,-) 
  g153144/Y         -       A->Y   F     sky130_fd_sc_hd__nand2_1       1  2.5    32    49    6757    (-,-) 
  g642/Y            -       A->Y   R     sky130_fd_sc_hd__inv_1         1  4.7    49    58    6815    (-,-) 
  g148219/Y         -       A->Y   F     sky130_fd_sc_hd__nand4_2       2  7.0    92    89    6904    (-,-) 
  g154118/Y         -       A->Y   R     sky130_fd_sc_hd__inv_2         6 14.4    76   104    7008    (-,-) 
  g144297/Y         -       A->Y   F     sky130_fd_sc_hd__nand2_1       1  2.6    36    54    7062    (-,-) 
  g153810/Y         -       A->Y   R     sky130_fd_sc_hd__nor2_1        1  2.8    79    98    7160    (-,-) 
  g153809/Y         -       B->Y   F     sky130_fd_sc_hd__nor2_1        2  4.9    36    58    7218    (-,-) 
  g153/Y            -       A->Y   R     sky130_fd_sc_hd__inv_1         1  2.8    34    48    7266    (-,-) 
  g137443/Y         -       B->Y   F     sky130_fd_sc_hd__nand3_1       1  2.5    52    67    7332    (-,-) 
  g144080/Y         -       A1->Y  R     sky130_fd_sc_hd__o21ai_1       1  2.3    92   125    7457    (-,-) 
  status_r_reg[1]/D <<<     -      R     sky130_fd_sc_hd__dfrtp_1       1    -     -     4    7461    (-,-) 
#-----------------------------------------------------------------------------------------------------------

