Using Power View: VIEW_TYP.
AAE_INFO: opIsDesignInPostRouteState() is 1
AAE_INFO: resetNetProps viewIdx 0 
Starting SI iteration 1 using Infinite Timing Windows
#################################################################################
# Design Stage: PostRoute
# Design Name: coprocessor
# Design Mode: 90nm
# Analysis Mode: MMMC OCV 
# Parasitics Mode: SPEF/RCDB 
# Signoff Settings: SI On 
#################################################################################
AAE_INFO: 1 threads acquired from CTE.
Start delay calculation (fullDC) (1 T). (MEM=1974.76)
Total number of fetched objects 7264
AAE_INFO: Total number of nets for which stage creation was skipped for all views 0
AAE_INFO-618: Total number of nets in the design is 7271,  99.9 percent of the nets selected for SI analysis
End delay calculation. (MEM=1986.37 CPU=0:00:01.1 REAL=0:00:01.0)
End delay calculation (fullDC). (MEM=1986.37 CPU=0:00:01.2 REAL=0:00:01.0)
Loading CTE timing window with TwFlowType 0...(CPU = 0:00:00.0, REAL = 0:00:00.0, MEM = 1994.4M)
Add other clocks and setupCteToAAEClockMapping during iter 1
Loading CTE timing window is completed (CPU = 0:00:00.0, REAL = 0:00:00.0, MEM = 1994.4M)
Starting SI iteration 2
Start delay calculation (fullDC) (1 T). (MEM=1952.48)
Glitch Analysis: View VIEW_TYP -- Total Number of Nets Skipped = 0. 
Glitch Analysis: View VIEW_TYP -- Total Number of Nets Analyzed = 7264. 
Total number of fetched objects 7264
AAE_INFO: Total number of nets for which stage creation was skipped for all views 0
AAE_INFO-618: Total number of nets in the design is 7271,  30.3 percent of the nets selected for SI analysis
End delay calculation. (MEM=1995.16 CPU=0:00:01.1 REAL=0:00:01.0)
End delay calculation (fullDC). (MEM=1995.16 CPU=0:00:01.1 REAL=0:00:01.0)
Load RC corner of view VIEW_TYP

Begin Power Analysis


Begin Processing Timing Library for Power Calculation

Begin Processing Timing Library for Power Calculation



Begin Processing Power Net/Grid for Power Calculation

Ended Processing Power Net/Grid for Power Calculation: (cpu=0:00:00, real=0:00:00, mem(process/total/peak)=1765.83MB/3349.26MB/1853.43MB)

Begin Processing Timing Window Data for Power Calculation

clk(110.011MHz) CK: assigning clock clk to net clk
Ended Processing Timing Window Data for Power Calculation: (cpu=0:00:00, real=0:00:00, mem(process/total/peak)=1766.45MB/3349.26MB/1853.43MB)

Begin Processing User Attributes

Ended Processing User Attributes: (cpu=0:00:00, real=0:00:00, mem(process/total/peak)=1766.45MB/3349.26MB/1853.43MB)

Begin Processing Signal Activity


Starting Levelizing
2026-Sep-24 16:30:35 (2026-Sep-24 11:00:35 GMT)
2026-Sep-24 16:30:35 (2026-Sep-24 11:00:35 GMT): 10%
2026-Sep-24 16:30:35 (2026-Sep-24 11:00:35 GMT): 20%
2026-Sep-24 16:30:35 (2026-Sep-24 11:00:35 GMT): 30%
2026-Sep-24 16:30:35 (2026-Sep-24 11:00:35 GMT): 40%
2026-Sep-24 16:30:35 (2026-Sep-24 11:00:35 GMT): 50%
2026-Sep-24 16:30:35 (2026-Sep-24 11:00:35 GMT): 60%
2026-Sep-24 16:30:35 (2026-Sep-24 11:00:35 GMT): 70%
2026-Sep-24 16:30:35 (2026-Sep-24 11:00:35 GMT): 80%
2026-Sep-24 16:30:35 (2026-Sep-24 11:00:35 GMT): 90%

Finished Levelizing
2026-Sep-24 16:30:35 (2026-Sep-24 11:00:35 GMT)

Starting Activity Propagation
2026-Sep-24 16:30:35 (2026-Sep-24 11:00:35 GMT)
** INFO:  (VOLTUS_POWR-1356): No default input activity has been set. Defaulting to 0.2.
Use 'set_default_switching_activity -input_activity' command to change the default activity value.

2026-Sep-24 16:30:35 (2026-Sep-24 11:00:35 GMT): 10%
2026-Sep-24 16:30:35 (2026-Sep-24 11:00:35 GMT): 20%
2026-Sep-24 16:30:35 (2026-Sep-24 11:00:35 GMT): 30%

Finished Activity Propagation
2026-Sep-24 16:30:35 (2026-Sep-24 11:00:35 GMT)
Ended Processing Signal Activity: (cpu=0:00:00, real=0:00:00, mem(process/total/peak)=1766.85MB/3349.26MB/1853.43MB)

Begin Power Computation

      ----------------------------------------------------------
      # of cell(s) missing both power/leakage table: 0
      # of cell(s) missing power table: 0
      # of cell(s) missing leakage table: 0
      ----------------------------------------------------------



Starting Calculating power
2026-Sep-24 16:30:35 (2026-Sep-24 11:00:35 GMT)
 ... Calculating switching power
  Cannot locate supply power rail for net 'FE_COEN1952_n_4639' of instance
FE_COEC1952_n_4639
  Cannot locate supply power rail for net 'FE_COEN1951_FE_OFN54_n_17684' of
instance FE_COEC1951_FE_OFN54_n_17684
  Cannot locate supply power rail for net
'FE_COEN1950_FE_OFN117_alu_inst_n_87' of instance
FE_COEC1950_FE_OFN117_alu_inst_n_87
  Cannot locate supply power rail for net 'FE_COEN1949_n_3530' of instance
FE_COEC1949_n_3530
  Cannot locate supply power rail for net 'FE_COEN1948_FE_OFN13780_n_3931'
of instance FE_COEC1948_FE_OFN13780_n_3931
  only first five unconnected nets are listed...
2026-Sep-24 16:30:35 (2026-Sep-24 11:00:35 GMT): 10%
2026-Sep-24 16:30:35 (2026-Sep-24 11:00:35 GMT): 20%
2026-Sep-24 16:30:35 (2026-Sep-24 11:00:35 GMT): 30%
2026-Sep-24 16:30:35 (2026-Sep-24 11:00:35 GMT): 40%
2026-Sep-24 16:30:35 (2026-Sep-24 11:00:35 GMT): 50%
 ... Calculating internal and leakage power
2026-Sep-24 16:30:35 (2026-Sep-24 11:00:35 GMT): 60%
2026-Sep-24 16:30:35 (2026-Sep-24 11:00:35 GMT): 70%
2026-Sep-24 16:30:35 (2026-Sep-24 11:00:35 GMT): 80%
2026-Sep-24 16:30:35 (2026-Sep-24 11:00:35 GMT): 90%

Finished Calculating power
2026-Sep-24 16:30:35 (2026-Sep-24 11:00:35 GMT)
      # of MSMV cell(s) missing power_level: 0
Ended Power Computation: (cpu=0:00:00, real=0:00:00, mem(process/total/peak)=1768.30MB/3357.27MB/1853.43MB)

Begin Processing User Attributes

Ended Processing User Attributes: (cpu=0:00:00, real=0:00:00, mem(process/total/peak)=1768.30MB/3357.27MB/1853.43MB)

Ended Power Analysis: (cpu=0:00:00, real=0:00:00, mem(process/total/peak)=1768.30MB/3357.27MB/1853.43MB)

Begin Boundary Leakage Calculation
Ended Boundary Leakage Calculation: (cpu=0:00:00, real=0:00:00,
mem(process/total/peak)=1768.30MB/3357.27MB/1853.43MB)
Begin Static Power Report Generation
*----------------------------------------------------------------------------------------
*	Innovus 21.15-s110_1 (64bit) 09/23/2022 13:08 (Linux 3.10.0-693.el7.x86_64)
*	
*
* 	Date & Time:	2026-Sep-24 16:30:36 (2026-Sep-24 11:00:36 GMT)
*
*----------------------------------------------------------------------------------------
*
*	Design: coprocessor
*
*	Liberty Libraries used:
*	        VIEW_TYP: ../lib/sky130_fd_sc_hd__tt_025C_1v80.lib
*
*	Parasitic Files used:
*
*       Power View : VIEW_TYP
*
*       User-Defined Activity : N.A.
*
*       Activity File: N.A.
*
*       Hierarchical Global Activity: N.A.
*
*       Global Activity: N.A.
*
*       Sequential Element Activity: 0.200000
*
*       Primary Input Activity: 0.200000
*
*       Default icg ratio: N.A.
*
*       Global Comb ClockGate Ratio: N.A.
*
*	Power Units = 1mW
*
*	Time Units = 1e-09 secs
*
*       report_power
*
-----------------------------------------------------------------------------------------
*



Total Power
-----------------------------------------------------------------------------------------
Total Internal Power:        5.64070231 	   33.3956%
Total Switching Power:      11.24983169 	   66.6043%
Total Leakage Power:         0.00002238 	    0.0001%
Total Power:                16.89055637
-----------------------------------------------------------------------------------------


Group                           Internal   Switching     Leakage       Total  Percentage 
                                Power      Power         Power         Power  (%)        
-----------------------------------------------------------------------------------------
Sequential                        0.6318     0.06904   1.516e-06      0.7009       4.149
Macro                                  0           0           0           0           0
IO                                     0           0           0           0           0
Combinational                      4.983       11.03   2.083e-05       16.01       94.79
Clock (Combinational)            0.02549      0.1534   3.423e-08      0.1789       1.059
Clock (Sequential)                     0           0           0           0           0
-----------------------------------------------------------------------------------------
Total                              5.641       11.25   2.238e-05       16.89         100
-----------------------------------------------------------------------------------------


Rail                  Voltage   Internal   Switching     Leakage       Total  Percentage 
                                Power      Power         Power         Power  (%)        
-----------------------------------------------------------------------------------------
Default                   1.8      5.641       11.25   2.238e-05       16.89         100


Clock                           Internal   Switching     Leakage       Total  Percentage 
                                Power      Power         Power         Power  (%)        
-----------------------------------------------------------------------------------------
clk                              0.02549      0.1534   3.423e-08      0.1789       1.059
-----------------------------------------------------------------------------------------
Total                            0.02549      0.1534   3.423e-08      0.1789       1.059
-----------------------------------------------------------------------------------------
Clock: clk
Clock Period: 0.009090 usec 
Clock Toggle Rate:   220.0220 Mhz 
Clock Static Probability:  0.5000
  
 
 
-----------------------------------------------------------------------------------------
*	Power Distribution Summary: 
*              Highest Average Power:       CTS_ccl_a_inv_00001 (sky130_fd_sc_hd__clkinv_16):           0.0729
*              Highest Leakage Power:                   g110829 (sky130_fd_sc_hd__nor2_8):        2.891e-08
*                Total Cap:      9.81194e-11 F
*                Total instances in design:  7230
*                Total instances in design with no power:     0
*                Total instances in design with no activty:     0

*                Total Fillers and Decap:     0
-----------------------------------------------------------------------------------------
 
** INFO:  (VOLTUS_POWR-3465): There are 0 decaps and 0 fillers in the design

Ended Static Power Report Generation: (cpu=0:00:00, real=0:00:00,
mem(process/total/peak)=1770.97MB/3357.27MB/1853.43MB)

