###############################################################
#  Generated by:      Cadence Innovus 21.15-s110_1
#  OS:                Linux x86_64(Host ID vlsiece24.iitr.ac.in)
#  Generated on:      Thu Sep 24 16:30:30 2026
#  Design:            coprocessor
#  Command:           report_timing -path_type full_clock -early -max_paths 5  > ./$RUN/timing_hold.rpt
###############################################################
Path 1: MET Removal Check with Pin uart_tx_data_reg[3]/CLK 
Endpoint:   uart_tx_data_reg[3]/RESET_B (^) checked with  leading edge of 'clk'
Beginpoint: rst                         (v) triggered by  leading edge of 'clk'
Path Groups: {async_default}
Analysis View: VIEW_TYP
Other End Arrival Time          0.532
+ Removal                       0.560
+ Phase Shift                   0.000
- CPPR Adjustment               0.000
= Required Time                 1.092
  Arrival Time                  1.577
  Slack Time                    0.485
     Clock Rise Edge                      0.000
     + Input Delay                        0.909
     = Beginpoint Arrival Time            0.909
     Timing Path:
     +------------------------------------------------------------------------------------------+ 
     |      Instance       |    Arc     |           Cell           | Delay | Arrival | Required | 
     |                     |            |                          |       |  Time   |   Time   | 
     |---------------------+------------+--------------------------+-------+---------+----------| 
     |                     | rst v      |                          |       |   0.909 |    0.424 | 
     | g114751             | A v -> Y ^ | sky130_fd_sc_hd__inv_2   | 0.667 |   1.576 |    1.091 | 
     | uart_tx_data_reg[3] | RESET_B ^  | sky130_fd_sc_hd__dfrtp_1 | 0.001 |   1.577 |    1.092 | 
     +------------------------------------------------------------------------------------------+ 
     Clock Rise Edge                      0.000
     + Source Insertion Delay            -0.182
     = Beginpoint Arrival Time           -0.182
     Other End Path:
     +--------------------------------------------------------------------------------------------+ 
     |      Instance       |    Arc     |            Cell            | Delay | Arrival | Required | 
     |                     |            |                            |       |  Time   |   Time   | 
     |---------------------+------------+----------------------------+-------+---------+----------| 
     |                     | clk ^      |                            |       |  -0.182 |    0.303 | 
     | CTS_ccl_a_inv_00003 | A ^ -> Y v | sky130_fd_sc_hd__clkinv_16 | 0.539 |   0.357 |    0.842 | 
     | CTS_ccl_a_inv_00002 | A v -> Y ^ | sky130_fd_sc_hd__clkinv_16 | 0.172 |   0.529 |    1.014 | 
     | uart_tx_data_reg[3] | CLK ^      | sky130_fd_sc_hd__dfrtp_1   | 0.003 |   0.532 |    1.017 | 
     +--------------------------------------------------------------------------------------------+ 
Path 2: MET Removal Check with Pin uart_tx_data_reg[2]/CLK 
Endpoint:   uart_tx_data_reg[2]/RESET_B (^) checked with  leading edge of 'clk'
Beginpoint: rst                         (v) triggered by  leading edge of 'clk'
Path Groups: {async_default}
Analysis View: VIEW_TYP
Other End Arrival Time          0.532
+ Removal                       0.560
+ Phase Shift                   0.000
- CPPR Adjustment               0.000
= Required Time                 1.092
  Arrival Time                  1.577
  Slack Time                    0.485
     Clock Rise Edge                      0.000
     + Input Delay                        0.909
     = Beginpoint Arrival Time            0.909
     Timing Path:
     +------------------------------------------------------------------------------------------+ 
     |      Instance       |    Arc     |           Cell           | Delay | Arrival | Required | 
     |                     |            |                          |       |  Time   |   Time   | 
     |---------------------+------------+--------------------------+-------+---------+----------| 
     |                     | rst v      |                          |       |   0.909 |    0.424 | 
     | g114751             | A v -> Y ^ | sky130_fd_sc_hd__inv_2   | 0.667 |   1.576 |    1.091 | 
     | uart_tx_data_reg[2] | RESET_B ^  | sky130_fd_sc_hd__dfrtp_1 | 0.001 |   1.577 |    1.092 | 
     +------------------------------------------------------------------------------------------+ 
     Clock Rise Edge                      0.000
     + Source Insertion Delay            -0.182
     = Beginpoint Arrival Time           -0.182
     Other End Path:
     +--------------------------------------------------------------------------------------------+ 
     |      Instance       |    Arc     |            Cell            | Delay | Arrival | Required | 
     |                     |            |                            |       |  Time   |   Time   | 
     |---------------------+------------+----------------------------+-------+---------+----------| 
     |                     | clk ^      |                            |       |  -0.182 |    0.303 | 
     | CTS_ccl_a_inv_00003 | A ^ -> Y v | sky130_fd_sc_hd__clkinv_16 | 0.539 |   0.357 |    0.842 | 
     | CTS_ccl_a_inv_00002 | A v -> Y ^ | sky130_fd_sc_hd__clkinv_16 | 0.172 |   0.529 |    1.014 | 
     | uart_tx_data_reg[2] | CLK ^      | sky130_fd_sc_hd__dfrtp_1   | 0.003 |   0.532 |    1.017 | 
     +--------------------------------------------------------------------------------------------+ 
Path 3: MET Removal Check with Pin result_r_reg[14]/CLK 
Endpoint:   result_r_reg[14]/RESET_B (^) checked with  leading edge of 'clk'
Beginpoint: rst                      (v) triggered by  leading edge of 'clk'
Path Groups: {async_default}
Analysis View: VIEW_TYP
Other End Arrival Time          0.532
+ Removal                       0.560
+ Phase Shift                   0.000
- CPPR Adjustment               0.000
= Required Time                 1.092
  Arrival Time                  1.577
  Slack Time                    0.485
     Clock Rise Edge                      0.000
     + Input Delay                        0.909
     = Beginpoint Arrival Time            0.909
     Timing Path:
     +---------------------------------------------------------------------------------------+ 
     |     Instance     |    Arc     |           Cell           | Delay | Arrival | Required | 
     |                  |            |                          |       |  Time   |   Time   | 
     |------------------+------------+--------------------------+-------+---------+----------| 
     |                  | rst v      |                          |       |   0.909 |    0.424 | 
     | g114751          | A v -> Y ^ | sky130_fd_sc_hd__inv_2   | 0.667 |   1.576 |    1.091 | 
     | result_r_reg[14] | RESET_B ^  | sky130_fd_sc_hd__dfrtp_1 | 0.001 |   1.577 |    1.092 | 
     +---------------------------------------------------------------------------------------+ 
     Clock Rise Edge                      0.000
     + Source Insertion Delay            -0.182
     = Beginpoint Arrival Time           -0.182
     Other End Path:
     +--------------------------------------------------------------------------------------------+ 
     |      Instance       |    Arc     |            Cell            | Delay | Arrival | Required | 
     |                     |            |                            |       |  Time   |   Time   | 
     |---------------------+------------+----------------------------+-------+---------+----------| 
     |                     | clk ^      |                            |       |  -0.182 |    0.303 | 
     | CTS_ccl_a_inv_00003 | A ^ -> Y v | sky130_fd_sc_hd__clkinv_16 | 0.539 |   0.357 |    0.842 | 
     | CTS_ccl_a_inv_00002 | A v -> Y ^ | sky130_fd_sc_hd__clkinv_16 | 0.172 |   0.529 |    1.014 | 
     | result_r_reg[14]    | CLK ^      | sky130_fd_sc_hd__dfrtp_1   | 0.003 |   0.532 |    1.017 | 
     +--------------------------------------------------------------------------------------------+ 
Path 4: MET Removal Check with Pin result_r_reg[3]/CLK 
Endpoint:   result_r_reg[3]/RESET_B (^) checked with  leading edge of 'clk'
Beginpoint: rst                     (v) triggered by  leading edge of 'clk'
Path Groups: {async_default}
Analysis View: VIEW_TYP
Other End Arrival Time          0.532
+ Removal                       0.560
+ Phase Shift                   0.000
- CPPR Adjustment               0.000
= Required Time                 1.092
  Arrival Time                  1.577
  Slack Time                    0.485
     Clock Rise Edge                      0.000
     + Input Delay                        0.909
     = Beginpoint Arrival Time            0.909
     Timing Path:
     +--------------------------------------------------------------------------------------+ 
     |    Instance     |    Arc     |           Cell           | Delay | Arrival | Required | 
     |                 |            |                          |       |  Time   |   Time   | 
     |-----------------+------------+--------------------------+-------+---------+----------| 
     |                 | rst v      |                          |       |   0.909 |    0.424 | 
     | g114751         | A v -> Y ^ | sky130_fd_sc_hd__inv_2   | 0.667 |   1.576 |    1.091 | 
     | result_r_reg[3] | RESET_B ^  | sky130_fd_sc_hd__dfrtp_1 | 0.001 |   1.577 |    1.092 | 
     +--------------------------------------------------------------------------------------+ 
     Clock Rise Edge                      0.000
     + Source Insertion Delay            -0.182
     = Beginpoint Arrival Time           -0.182
     Other End Path:
     +--------------------------------------------------------------------------------------------+ 
     |      Instance       |    Arc     |            Cell            | Delay | Arrival | Required | 
     |                     |            |                            |       |  Time   |   Time   | 
     |---------------------+------------+----------------------------+-------+---------+----------| 
     |                     | clk ^      |                            |       |  -0.182 |    0.303 | 
     | CTS_ccl_a_inv_00003 | A ^ -> Y v | sky130_fd_sc_hd__clkinv_16 | 0.539 |   0.357 |    0.842 | 
     | CTS_ccl_a_inv_00002 | A v -> Y ^ | sky130_fd_sc_hd__clkinv_16 | 0.172 |   0.529 |    1.014 | 
     | result_r_reg[3]     | CLK ^      | sky130_fd_sc_hd__dfrtp_1   | 0.003 |   0.532 |    1.017 | 
     +--------------------------------------------------------------------------------------------+ 
Path 5: MET Removal Check with Pin result_r_reg[2]/CLK 
Endpoint:   result_r_reg[2]/RESET_B (^) checked with  leading edge of 'clk'
Beginpoint: rst                     (v) triggered by  leading edge of 'clk'
Path Groups: {async_default}
Analysis View: VIEW_TYP
Other End Arrival Time          0.532
+ Removal                       0.560
+ Phase Shift                   0.000
- CPPR Adjustment               0.000
= Required Time                 1.092
  Arrival Time                  1.577
  Slack Time                    0.485
     Clock Rise Edge                      0.000
     + Input Delay                        0.909
     = Beginpoint Arrival Time            0.909
     Timing Path:
     +--------------------------------------------------------------------------------------+ 
     |    Instance     |    Arc     |           Cell           | Delay | Arrival | Required | 
     |                 |            |                          |       |  Time   |   Time   | 
     |-----------------+------------+--------------------------+-------+---------+----------| 
     |                 | rst v      |                          |       |   0.909 |    0.424 | 
     | g114751         | A v -> Y ^ | sky130_fd_sc_hd__inv_2   | 0.667 |   1.576 |    1.091 | 
     | result_r_reg[2] | RESET_B ^  | sky130_fd_sc_hd__dfrtp_1 | 0.001 |   1.577 |    1.092 | 
     +--------------------------------------------------------------------------------------+ 
     Clock Rise Edge                      0.000
     + Source Insertion Delay            -0.182
     = Beginpoint Arrival Time           -0.182
     Other End Path:
     +--------------------------------------------------------------------------------------------+ 
     |      Instance       |    Arc     |            Cell            | Delay | Arrival | Required | 
     |                     |            |                            |       |  Time   |   Time   | 
     |---------------------+------------+----------------------------+-------+---------+----------| 
     |                     | clk ^      |                            |       |  -0.182 |    0.303 | 
     | CTS_ccl_a_inv_00003 | A ^ -> Y v | sky130_fd_sc_hd__clkinv_16 | 0.539 |   0.357 |    0.842 | 
     | CTS_ccl_a_inv_00002 | A v -> Y ^ | sky130_fd_sc_hd__clkinv_16 | 0.172 |   0.529 |    1.014 | 
     | result_r_reg[2]     | CLK ^      | sky130_fd_sc_hd__dfrtp_1   | 0.003 |   0.532 |    1.017 | 
     +--------------------------------------------------------------------------------------------+ 

