Using Power View: VIEW_TYP.
AAE_INFO: opIsDesignInPostRouteState() is 1
AAE_INFO: resetNetProps viewIdx 0 
Starting SI iteration 1 using Infinite Timing Windows
#################################################################################
# Design Stage: PostRoute
# Design Name: coprocessor
# Design Mode: 90nm
# Analysis Mode: MMMC OCV 
# Parasitics Mode: SPEF/RCDB 
# Signoff Settings: SI On 
#################################################################################
AAE_INFO: 1 threads acquired from CTE.
Start delay calculation (fullDC) (1 T). (MEM=1984.02)
Total number of fetched objects 7408
AAE_INFO: Total number of nets for which stage creation was skipped for all views 0
AAE_INFO-618: Total number of nets in the design is 7426,  99.8 percent of the nets selected for SI analysis
End delay calculation. (MEM=1995.63 CPU=0:00:01.1 REAL=0:00:01.0)
End delay calculation (fullDC). (MEM=1995.63 CPU=0:00:01.2 REAL=0:00:01.0)
Loading CTE timing window with TwFlowType 0...(CPU = 0:00:00.0, REAL = 0:00:00.0, MEM = 2003.6M)
Add other clocks and setupCteToAAEClockMapping during iter 1
Loading CTE timing window is completed (CPU = 0:00:00.0, REAL = 0:00:00.0, MEM = 2003.6M)
Starting SI iteration 2
Start delay calculation (fullDC) (1 T). (MEM=1961.75)
Glitch Analysis: View VIEW_TYP -- Total Number of Nets Skipped = 0. 
Glitch Analysis: View VIEW_TYP -- Total Number of Nets Analyzed = 7408. 
Total number of fetched objects 7408
AAE_INFO: Total number of nets for which stage creation was skipped for all views 0
AAE_INFO-618: Total number of nets in the design is 7426,  37.0 percent of the nets selected for SI analysis
End delay calculation. (MEM=2007.45 CPU=0:00:01.2 REAL=0:00:01.0)
End delay calculation (fullDC). (MEM=2007.45 CPU=0:00:01.2 REAL=0:00:01.0)
Load RC corner of view VIEW_TYP

Begin Power Analysis


Begin Processing Timing Library for Power Calculation

Begin Processing Timing Library for Power Calculation



Begin Processing Power Net/Grid for Power Calculation

Ended Processing Power Net/Grid for Power Calculation: (cpu=0:00:00, real=0:00:00, mem(process/total/peak)=1778.68MB/3361.50MB/1888.49MB)

Begin Processing Timing Window Data for Power Calculation

clk(110MHz) CK: assigning clock clk to net clk
Ended Processing Timing Window Data for Power Calculation: (cpu=0:00:00, real=0:00:00, mem(process/total/peak)=1779.33MB/3361.50MB/1888.49MB)

Begin Processing User Attributes

Ended Processing User Attributes: (cpu=0:00:00, real=0:00:00, mem(process/total/peak)=1779.33MB/3361.50MB/1888.49MB)

Begin Processing Signal Activity


Starting Levelizing
2026-Sep-24 16:23:24 (2026-Sep-24 10:53:24 GMT)
2026-Sep-24 16:23:24 (2026-Sep-24 10:53:24 GMT): 10%
2026-Sep-24 16:23:24 (2026-Sep-24 10:53:24 GMT): 20%
2026-Sep-24 16:23:24 (2026-Sep-24 10:53:24 GMT): 30%
2026-Sep-24 16:23:24 (2026-Sep-24 10:53:24 GMT): 40%
2026-Sep-24 16:23:24 (2026-Sep-24 10:53:24 GMT): 50%
2026-Sep-24 16:23:24 (2026-Sep-24 10:53:24 GMT): 60%
2026-Sep-24 16:23:24 (2026-Sep-24 10:53:24 GMT): 70%
2026-Sep-24 16:23:24 (2026-Sep-24 10:53:24 GMT): 80%
2026-Sep-24 16:23:24 (2026-Sep-24 10:53:24 GMT): 90%

Finished Levelizing
2026-Sep-24 16:23:24 (2026-Sep-24 10:53:24 GMT)

Starting Activity Propagation
2026-Sep-24 16:23:24 (2026-Sep-24 10:53:24 GMT)
** INFO:  (VOLTUS_POWR-1356): No default input activity has been set. Defaulting to 0.2.
Use 'set_default_switching_activity -input_activity' command to change the default activity value.

2026-Sep-24 16:23:24 (2026-Sep-24 10:53:24 GMT): 10%
2026-Sep-24 16:23:24 (2026-Sep-24 10:53:24 GMT): 20%
2026-Sep-24 16:23:24 (2026-Sep-24 10:53:24 GMT): 30%

Finished Activity Propagation
2026-Sep-24 16:23:24 (2026-Sep-24 10:53:24 GMT)
Ended Processing Signal Activity: (cpu=0:00:00, real=0:00:00, mem(process/total/peak)=1779.62MB/3361.50MB/1888.49MB)

Begin Power Computation

      ----------------------------------------------------------
      # of cell(s) missing both power/leakage table: 0
      # of cell(s) missing power table: 0
      # of cell(s) missing leakage table: 0
      ----------------------------------------------------------



Starting Calculating power
2026-Sep-24 16:23:24 (2026-Sep-24 10:53:24 GMT)
 ... Calculating switching power
  Cannot locate supply power rail for net 'FE_COEN2511_n_2440' of instance
FE_COEC2511_n_2440
  Cannot locate supply power rail for net 'FE_COEN2510_n_3379' of instance
FE_COEC2510_n_3379
  Cannot locate supply power rail for net 'FE_COEN2509_n_4219' of instance
FE_COEC2509_n_4219
  Cannot locate supply power rail for net 'FE_COEN2508_FE_OFN149_n_3144' of
instance FE_COEC2508_FE_OFN149_n_3144
  Cannot locate supply power rail for net 'FE_COEN2507_FE_OFN29668_n_3339'
of instance FE_COEC2507_FE_OFN29668_n_3339
  only first five unconnected nets are listed...
2026-Sep-24 16:23:24 (2026-Sep-24 10:53:24 GMT): 10%
2026-Sep-24 16:23:24 (2026-Sep-24 10:53:24 GMT): 20%
2026-Sep-24 16:23:24 (2026-Sep-24 10:53:24 GMT): 30%
2026-Sep-24 16:23:24 (2026-Sep-24 10:53:24 GMT): 40%
2026-Sep-24 16:23:24 (2026-Sep-24 10:53:24 GMT): 50%
 ... Calculating internal and leakage power
2026-Sep-24 16:23:24 (2026-Sep-24 10:53:24 GMT): 60%
2026-Sep-24 16:23:24 (2026-Sep-24 10:53:24 GMT): 70%
2026-Sep-24 16:23:24 (2026-Sep-24 10:53:24 GMT): 80%
2026-Sep-24 16:23:24 (2026-Sep-24 10:53:24 GMT): 90%

Finished Calculating power
2026-Sep-24 16:23:24 (2026-Sep-24 10:53:24 GMT)
      # of MSMV cell(s) missing power_level: 0
Ended Power Computation: (cpu=0:00:00, real=0:00:00, mem(process/total/peak)=1781.23MB/3369.50MB/1888.49MB)

Begin Processing User Attributes

Ended Processing User Attributes: (cpu=0:00:00, real=0:00:00, mem(process/total/peak)=1781.23MB/3369.50MB/1888.49MB)

Ended Power Analysis: (cpu=0:00:00, real=0:00:01, mem(process/total/peak)=1781.23MB/3369.50MB/1888.49MB)

Begin Boundary Leakage Calculation
Ended Boundary Leakage Calculation: (cpu=0:00:00, real=0:00:00,
mem(process/total/peak)=1781.23MB/3369.50MB/1888.49MB)
Begin Static Power Report Generation
*----------------------------------------------------------------------------------------
*	Innovus 21.15-s110_1 (64bit) 09/23/2022 13:08 (Linux 3.10.0-693.el7.x86_64)
*	
*
* 	Date & Time:	2026-Sep-24 16:23:25 (2026-Sep-24 10:53:25 GMT)
*
*----------------------------------------------------------------------------------------
*
*	Design: coprocessor
*
*	Liberty Libraries used:
*	        VIEW_TYP: ../lib/sky130_fd_sc_hd__tt_025C_1v80.lib
*
*	Parasitic Files used:
*
*       Power View : VIEW_TYP
*
*       User-Defined Activity : N.A.
*
*       Activity File: N.A.
*
*       Hierarchical Global Activity: N.A.
*
*       Global Activity: N.A.
*
*       Sequential Element Activity: 0.200000
*
*       Primary Input Activity: 0.200000
*
*       Default icg ratio: N.A.
*
*       Global Comb ClockGate Ratio: N.A.
*
*	Power Units = 1mW
*
*	Time Units = 1e-09 secs
*
*       report_power
*
-----------------------------------------------------------------------------------------
*



Total Power
-----------------------------------------------------------------------------------------
Total Internal Power:        6.26272407 	   35.6693%
Total Switching Power:      11.29497468 	   64.3305%
Total Leakage Power:         0.00002438 	    0.0001%
Total Power:                17.55772312
-----------------------------------------------------------------------------------------


Group                           Internal   Switching     Leakage       Total  Percentage 
                                Power      Power         Power         Power  (%)        
-----------------------------------------------------------------------------------------
Sequential                        0.6315     0.06034    1.52e-06      0.6919       3.941
Macro                                  0           0           0           0           0
IO                                     0           0           0           0           0
Combinational                      5.606       11.08   2.282e-05       16.68       95.02
Clock (Combinational)            0.02494      0.1572   3.423e-08      0.1821       1.037
Clock (Sequential)                     0           0           0           0           0
-----------------------------------------------------------------------------------------
Total                              6.263       11.29   2.438e-05       17.56         100
-----------------------------------------------------------------------------------------


Rail                  Voltage   Internal   Switching     Leakage       Total  Percentage 
                                Power      Power         Power         Power  (%)        
-----------------------------------------------------------------------------------------
Default                   1.8      6.263       11.29   2.438e-05       17.56         100


Clock                           Internal   Switching     Leakage       Total  Percentage 
                                Power      Power         Power         Power  (%)        
-----------------------------------------------------------------------------------------
clk                              0.02494      0.1572   3.423e-08      0.1821       1.037
-----------------------------------------------------------------------------------------
Total                            0.02494      0.1572   3.423e-08      0.1821       1.037
-----------------------------------------------------------------------------------------
Clock: clk
Clock Period: 0.009091 usec 
Clock Toggle Rate:   220.0000 Mhz 
Clock Static Probability:  0.5000
  
 
 
-----------------------------------------------------------------------------------------
*	Power Distribution Summary: 
*              Highest Average Power:       CTS_ccl_a_inv_00001 (sky130_fd_sc_hd__clkinv_16):          0.07325
*              Highest Leakage Power:               FE_RC_339_0 (sky130_fd_sc_hd__nand3b_4):        3.406e-08
*                Total Cap:      1.01983e-10 F
*                Total instances in design:  7347
*                Total instances in design with no power:     0
*                Total instances in design with no activty:     0

*                Total Fillers and Decap:     0
-----------------------------------------------------------------------------------------
 
** INFO:  (VOLTUS_POWR-3465): There are 0 decaps and 0 fillers in the design

Ended Static Power Report Generation: (cpu=0:00:00, real=0:00:00,
mem(process/total/peak)=1783.53MB/3369.50MB/1888.49MB)

