###############################################################
#  Generated by:      Cadence Innovus 21.15-s110_1
#  OS:                Linux x86_64(Host ID vlsiece24.iitr.ac.in)
#  Generated on:      Thu Sep 24 16:23:19 2026
#  Design:            coprocessor
#  Command:           report_timing -path_type full_clock -early -max_paths 5  > ./$RUN/timing_hold.rpt
###############################################################
Path 1: MET Hold Check with Pin uart_inst_uart_rx_inst_rx_sync_reg/CLK 
Endpoint:   uart_inst_uart_rx_inst_rx_sync_reg/D (v) checked with  leading edge 
of 'clk'
Beginpoint: uart_inst_uart_rx_inst_rx_ff1_reg/Q  (v) triggered by  leading edge 
of 'clk'
Path Groups: {clk}
Analysis View: VIEW_TYP
Other End Arrival Time          0.356
+ Hold                          0.008
+ Phase Shift                   0.000
- CPPR Adjustment               0.000
= Required Time                 0.364
  Arrival Time                  0.917
  Slack Time                    0.553
     Clock Rise Edge                      0.000
     = Beginpoint Arrival Time            0.000
     Timing Path:
     +-------------------------------------------------------------------------------------------------------------+ 
     |              Instance              |     Arc      |            Cell            | Delay | Arrival | Required | 
     |                                    |              |                            |       |  Time   |   Time   | 
     |------------------------------------+--------------+----------------------------+-------+---------+----------| 
     |                                    | clk ^        |                            |       |   0.000 |   -0.553 | 
     | CTS_ccl_a_inv_00003                | A ^ -> Y v   | sky130_fd_sc_hd__clkinv_16 | 0.380 |   0.380 |   -0.173 | 
     | CTS_ccl_a_inv_00001                | A v -> Y ^   | sky130_fd_sc_hd__clkinv_16 | 0.156 |   0.535 |   -0.018 | 
     | uart_inst_uart_rx_inst_rx_ff1_reg  | CLK ^ -> Q v | sky130_fd_sc_hd__dfstp_1   | 0.382 |   0.917 |    0.364 | 
     | uart_inst_uart_rx_inst_rx_sync_reg | D v          | sky130_fd_sc_hd__dfsbp_1   | 0.000 |   0.917 |    0.364 | 
     +-------------------------------------------------------------------------------------------------------------+ 
     Clock Rise Edge                      0.000
     + Source Insertion Delay            -0.184
     = Beginpoint Arrival Time           -0.184
     Other End Path:
     +-----------------------------------------------------------------------------------------------------------+ 
     |              Instance              |    Arc     |            Cell            | Delay | Arrival | Required | 
     |                                    |            |                            |       |  Time   |   Time   | 
     |------------------------------------+------------+----------------------------+-------+---------+----------| 
     |                                    | clk ^      |                            |       |  -0.184 |    0.369 | 
     | CTS_ccl_a_inv_00003                | A ^ -> Y v | sky130_fd_sc_hd__clkinv_16 | 0.380 |   0.196 |    0.749 | 
     | CTS_ccl_a_inv_00001                | A v -> Y ^ | sky130_fd_sc_hd__clkinv_16 | 0.155 |   0.351 |    0.904 | 
     | uart_inst_uart_rx_inst_rx_sync_reg | CLK ^      | sky130_fd_sc_hd__dfsbp_1   | 0.004 |   0.356 |    0.908 | 
     +-----------------------------------------------------------------------------------------------------------+ 
Path 2: MET Hold Check with Pin uart_inst_uart_rx_inst_rx_ff1_reg/CLK 
Endpoint:   uart_inst_uart_rx_inst_rx_ff1_reg/D (v) checked with  leading edge 
of 'clk'
Beginpoint: rx                                  (v) triggered by  leading edge 
of 'clk'
Path Groups: {clk}
Analysis View: VIEW_TYP
Other End Arrival Time          0.356
+ Hold                         -0.013
+ Phase Shift                   0.000
- CPPR Adjustment               0.000
= Required Time                 0.343
  Arrival Time                  0.958
  Slack Time                    0.615
     Clock Rise Edge                      0.000
     + Input Delay                        0.909
     = Beginpoint Arrival Time            0.909
     Timing Path:
     +--------------------------------------------------------------------------------------------------+ 
     |             Instance              |  Arc |           Cell           | Delay | Arrival | Required | 
     |                                   |      |                          |       |  Time   |   Time   | 
     |-----------------------------------+------+--------------------------+-------+---------+----------| 
     |                                   | rx v |                          |       |   0.909 |    0.294 | 
     | uart_inst_uart_rx_inst_rx_ff1_reg | D v  | sky130_fd_sc_hd__dfstp_1 | 0.049 |   0.958 |    0.343 | 
     +--------------------------------------------------------------------------------------------------+ 
     Clock Rise Edge                      0.000
     + Source Insertion Delay            -0.184
     = Beginpoint Arrival Time           -0.184
     Other End Path:
     +----------------------------------------------------------------------------------------------------------+ 
     |             Instance              |    Arc     |            Cell            | Delay | Arrival | Required | 
     |                                   |            |                            |       |  Time   |   Time   | 
     |-----------------------------------+------------+----------------------------+-------+---------+----------| 
     |                                   | clk ^      |                            |       |  -0.184 |    0.431 | 
     | CTS_ccl_a_inv_00003               | A ^ -> Y v | sky130_fd_sc_hd__clkinv_16 | 0.380 |   0.196 |    0.811 | 
     | CTS_ccl_a_inv_00001               | A v -> Y ^ | sky130_fd_sc_hd__clkinv_16 | 0.155 |   0.351 |    0.966 | 
     | uart_inst_uart_rx_inst_rx_ff1_reg | CLK ^      | sky130_fd_sc_hd__dfstp_1   | 0.004 |   0.356 |    0.971 | 
     +----------------------------------------------------------------------------------------------------------+ 
Path 3: MET Hold Check with Pin uart_inst_uart_rx_inst_data_rx_reg[5]/CLK 
Endpoint:   uart_inst_uart_rx_inst_data_rx_reg[5]/D   (^) checked with  leading 
edge of 'clk'
Beginpoint: uart_inst_uart_rx_inst_shift_reg_reg[5]/Q (^) triggered by  leading 
edge of 'clk'
Path Groups: {clk}
Analysis View: VIEW_TYP
Other End Arrival Time          0.355
+ Hold                         -0.090
+ Phase Shift                   0.000
- CPPR Adjustment               0.000
= Required Time                 0.266
  Arrival Time                  0.898
  Slack Time                    0.632
     Clock Rise Edge                      0.000
     = Beginpoint Arrival Time            0.000
     Timing Path:
     +------------------------------------------------------------------------------------------------------------------+ 
     |                Instance                 |     Arc      |            Cell            | Delay | Arrival | Required | 
     |                                         |              |                            |       |  Time   |   Time   | 
     |-----------------------------------------+--------------+----------------------------+-------+---------+----------| 
     |                                         | clk ^        |                            |       |   0.000 |   -0.632 | 
     | CTS_ccl_a_inv_00003                     | A ^ -> Y v   | sky130_fd_sc_hd__clkinv_16 | 0.380 |   0.380 |   -0.253 | 
     | CTS_ccl_a_inv_00001                     | A v -> Y ^   | sky130_fd_sc_hd__clkinv_16 | 0.156 |   0.535 |   -0.097 | 
     | uart_inst_uart_rx_inst_shift_reg_reg[5] | CLK ^ -> Q ^ | sky130_fd_sc_hd__dfrtp_1   | 0.363 |   0.898 |    0.266 | 
     | uart_inst_uart_rx_inst_data_rx_reg[5]   | D ^          | sky130_fd_sc_hd__sdfrtp_1  | 0.000 |   0.898 |    0.266 | 
     +------------------------------------------------------------------------------------------------------------------+ 
     Clock Rise Edge                      0.000
     + Source Insertion Delay            -0.184
     = Beginpoint Arrival Time           -0.184
     Other End Path:
     +--------------------------------------------------------------------------------------------------------------+ 
     |               Instance                |    Arc     |            Cell            | Delay | Arrival | Required | 
     |                                       |            |                            |       |  Time   |   Time   | 
     |---------------------------------------+------------+----------------------------+-------+---------+----------| 
     |                                       | clk ^      |                            |       |  -0.184 |    0.449 | 
     | CTS_ccl_a_inv_00003                   | A ^ -> Y v | sky130_fd_sc_hd__clkinv_16 | 0.380 |   0.196 |    0.828 | 
     | CTS_ccl_a_inv_00001                   | A v -> Y ^ | sky130_fd_sc_hd__clkinv_16 | 0.155 |   0.351 |    0.984 | 
     | uart_inst_uart_rx_inst_data_rx_reg[5] | CLK ^      | sky130_fd_sc_hd__sdfrtp_1  | 0.004 |   0.355 |    0.988 | 
     +--------------------------------------------------------------------------------------------------------------+ 
Path 4: MET Hold Check with Pin in1_r_reg[6]/CLK 
Endpoint:   in1_r_reg[6]/D (^) checked with  leading edge of 'clk'
Beginpoint: in1_r_reg[6]/Q (^) triggered by  leading edge of 'clk'
Path Groups: {clk}
Analysis View: VIEW_TYP
Other End Arrival Time          0.356
+ Hold                         -0.096
+ Phase Shift                   0.000
- CPPR Adjustment               0.000
= Required Time                 0.260
  Arrival Time                  0.893
  Slack Time                    0.632
     Clock Rise Edge                      0.000
     = Beginpoint Arrival Time            0.000
     Timing Path:
     +----------------------------------------------------------------------------------------------+ 
     |      Instance       |     Arc      |            Cell            | Delay | Arrival | Required | 
     |                     |              |                            |       |  Time   |   Time   | 
     |---------------------+--------------+----------------------------+-------+---------+----------| 
     |                     | clk ^        |                            |       |   0.000 |   -0.632 | 
     | CTS_ccl_a_inv_00003 | A ^ -> Y v   | sky130_fd_sc_hd__clkinv_16 | 0.380 |   0.380 |   -0.253 | 
     | CTS_ccl_a_inv_00001 | A v -> Y ^   | sky130_fd_sc_hd__clkinv_16 | 0.156 |   0.535 |   -0.097 | 
     | in1_r_reg[6]        | CLK ^ -> Q ^ | sky130_fd_sc_hd__sdfrtp_1  | 0.358 |   0.893 |    0.260 | 
     | in1_r_reg[6]        | D ^          | sky130_fd_sc_hd__sdfrtp_1  | 0.000 |   0.893 |    0.260 | 
     +----------------------------------------------------------------------------------------------+ 
     Clock Rise Edge                      0.000
     + Source Insertion Delay            -0.184
     = Beginpoint Arrival Time           -0.184
     Other End Path:
     +--------------------------------------------------------------------------------------------+ 
     |      Instance       |    Arc     |            Cell            | Delay | Arrival | Required | 
     |                     |            |                            |       |  Time   |   Time   | 
     |---------------------+------------+----------------------------+-------+---------+----------| 
     |                     | clk ^      |                            |       |  -0.184 |    0.449 | 
     | CTS_ccl_a_inv_00003 | A ^ -> Y v | sky130_fd_sc_hd__clkinv_16 | 0.380 |   0.196 |    0.828 | 
     | CTS_ccl_a_inv_00001 | A v -> Y ^ | sky130_fd_sc_hd__clkinv_16 | 0.155 |   0.351 |    0.984 | 
     | in1_r_reg[6]        | CLK ^      | sky130_fd_sc_hd__sdfrtp_1  | 0.004 |   0.356 |    0.988 | 
     +--------------------------------------------------------------------------------------------+ 
Path 5: MET Hold Check with Pin uart_inst_uart_rx_inst_data_rx_reg[7]/CLK 
Endpoint:   uart_inst_uart_rx_inst_data_rx_reg[7]/D   (^) checked with  leading 
edge of 'clk'
Beginpoint: uart_inst_uart_rx_inst_shift_reg_reg[7]/Q (^) triggered by  leading 
edge of 'clk'
Path Groups: {clk}
Analysis View: VIEW_TYP
Other End Arrival Time          0.355
+ Hold                         -0.090
+ Phase Shift                   0.000
- CPPR Adjustment               0.000
= Required Time                 0.265
  Arrival Time                  0.901
  Slack Time                    0.636
     Clock Rise Edge                      0.000
     = Beginpoint Arrival Time            0.000
     Timing Path:
     +------------------------------------------------------------------------------------------------------------------+ 
     |                Instance                 |     Arc      |            Cell            | Delay | Arrival | Required | 
     |                                         |              |                            |       |  Time   |   Time   | 
     |-----------------------------------------+--------------+----------------------------+-------+---------+----------| 
     |                                         | clk ^        |                            |       |   0.000 |   -0.636 | 
     | CTS_ccl_a_inv_00003                     | A ^ -> Y v   | sky130_fd_sc_hd__clkinv_16 | 0.380 |   0.380 |   -0.256 | 
     | CTS_ccl_a_inv_00001                     | A v -> Y ^   | sky130_fd_sc_hd__clkinv_16 | 0.156 |   0.535 |   -0.101 | 
     | uart_inst_uart_rx_inst_shift_reg_reg[7] | CLK ^ -> Q ^ | sky130_fd_sc_hd__dfrtp_1   | 0.366 |   0.901 |    0.265 | 
     | uart_inst_uart_rx_inst_data_rx_reg[7]   | D ^          | sky130_fd_sc_hd__sdfrtp_1  | 0.000 |   0.901 |    0.265 | 
     +------------------------------------------------------------------------------------------------------------------+ 
     Clock Rise Edge                      0.000
     + Source Insertion Delay            -0.184
     = Beginpoint Arrival Time           -0.184
     Other End Path:
     +--------------------------------------------------------------------------------------------------------------+ 
     |               Instance                |    Arc     |            Cell            | Delay | Arrival | Required | 
     |                                       |            |                            |       |  Time   |   Time   | 
     |---------------------------------------+------------+----------------------------+-------+---------+----------| 
     |                                       | clk ^      |                            |       |  -0.184 |    0.452 | 
     | CTS_ccl_a_inv_00003                   | A ^ -> Y v | sky130_fd_sc_hd__clkinv_16 | 0.380 |   0.196 |    0.832 | 
     | CTS_ccl_a_inv_00001                   | A v -> Y ^ | sky130_fd_sc_hd__clkinv_16 | 0.155 |   0.351 |    0.987 | 
     | uart_inst_uart_rx_inst_data_rx_reg[7] | CLK ^      | sky130_fd_sc_hd__sdfrtp_1  | 0.004 |   0.355 |    0.991 | 
     +--------------------------------------------------------------------------------------------------------------+ 

