============================================================
  Generated by:           Genus(TM) Synthesis Solution 21.14-s082_1
  Generated on:           Sep 23 2026  08:28:08 pm
  Module:                 coprocessor
  Operating conditions:   tt_025C_1v80 (balanced_tree)
  Wireload mode:          top
  Area mode:              timing library
============================================================


Path 1: VIOLATED (-2363 ps) Setup Check with Pin result_r_reg[13]/CLK->SCD
          Group: clk
     Startpoint: (R) in2_r_reg[3]/CLK
          Clock: (R) clk
       Endpoint: (F) result_r_reg[13]/SCD
          Clock: (R) clk

                     Capture       Launch     
        Clock Edge:+    5181            0     
       Src Latency:+       0            0     
       Net Latency:+       0 (I)        0 (I) 
           Arrival:=    5181            0     
                                              
             Setup:-     416                  
     Required Time:=    4766                  
      Launch Clock:-       0                  
         Data Path:-    7128                  
             Slack:=   -2363                  

#----------------------------------------------------------------------------------------------------------------------
#       Timing Point         Flags    Arc    Edge            Cell             Fanout Load Trans Delay Arrival Instance 
#                                                                                    (fF)  (ps)  (ps)   (ps)  Location 
#----------------------------------------------------------------------------------------------------------------------
  in2_r_reg[3]/CLK           -       -       R     (arrival)                     119    -     0     0       0    (-,-) 
  in2_r_reg[3]/Q             -       CLK->Q  F     sky130_fd_sc_hd__sdfrtp_1       2  6.9    59   326     326    (-,-) 
  alu_inst/g865348/Y         -       A->Y    R     sky130_fd_sc_hd__clkinv_2       4 10.6    47    70     396    (-,-) 
  alu_inst/g865346/Y         -       B->Y    F     sky130_fd_sc_hd__nand3_1        2  6.8    88    99     494    (-,-) 
  alu_inst/g856996/Y         -       B->Y    R     sky130_fd_sc_hd__nor2_2         1  4.9    86   108     602    (-,-) 
  alu_inst/g859016/Y         -       A->Y    F     sky130_fd_sc_hd__nand2_2        5 13.1    66    88     690    (-,-) 
  alu_inst/g859015/Y         -       A->Y    R     sky130_fd_sc_hd__nand2_1        3  8.2    91   100     790    (-,-) 
  alu_inst/g859014/Y         -       A2_N->Y R     sky130_fd_sc_hd__o2bb2ai_1      3  8.1   207   157     947    (-,-) 
  alu_inst/g853452/Y         -       A2_N->Y R     sky130_fd_sc_hd__o2bb2ai_1      1  2.8   108   140    1087    (-,-) 
  alu_inst/g849927/Y         -       B->Y    F     sky130_fd_sc_hd__nor2_1         1  2.6    34    54    1141    (-,-) 
  alu_inst/g849926/Y         -       A->Y    R     sky130_fd_sc_hd__nand2_1        2  5.3    66    69    1210    (-,-) 
  alu_inst/g849925/Y         -       A->Y    F     sky130_fd_sc_hd__inv_1          1  2.6    25    42    1252    (-,-) 
  alu_inst/g856605/Y         -       A->Y    R     sky130_fd_sc_hd__nand2_1        1  4.9    62    63    1315    (-,-) 
  alu_inst/g858664/Y         -       A->Y    F     sky130_fd_sc_hd__nand2_2        3  8.8    51    68    1384    (-,-) 
  alu_inst/fopt858666/X      -       A->X    F     sky130_fd_sc_hd__buf_2          4 10.4    41   140    1523    (-,-) 
  alu_inst/g858669/Y         -       A->Y    R     sky130_fd_sc_hd__nand2_1        1  4.8    62    68    1591    (-,-) 
  alu_inst/g842867/Y         -       B1->Y   F     sky130_fd_sc_hd__o21ai_2        3  6.8    44    68    1659    (-,-) 
  alu_inst/g852564/Y         -       A->Y    R     sky130_fd_sc_hd__nand2_1        1  4.7    62    68    1728    (-,-) 
  alu_inst/g852563/Y         -       A->Y    F     sky130_fd_sc_hd__nand3_2        4 16.0   113   115    1843    (-,-) 
  alu_inst/g842531/Y         -       A->Y    R     sky130_fd_sc_hd__nand2_2        2 10.8    75   112    1955    (-,-) 
  alu_inst/g865416/Y         -       A->Y    F     sky130_fd_sc_hd__nand2_4        9 23.1    63    85    2040    (-,-) 
  alu_inst/g1767/Y           -       A1->Y   R     sky130_fd_sc_hd__o21ai_1        1  2.7    99   132    2171    (-,-) 
  alu_inst/g1766/Y           -       A->Y    F     sky130_fd_sc_hd__nand2_1        1  2.6    40    61    2232    (-,-) 
  alu_inst/g857228/Y         -       A->Y    R     sky130_fd_sc_hd__nand3_1        1  2.7    59    64    2296    (-,-) 
  alu_inst/g581/Y            -       A->Y    F     sky130_fd_sc_hd__nand3_1        1  2.5    51    65    2362    (-,-) 
  alu_inst/g850277/Y         -       B->Y    R     sky130_fd_sc_hd__nor2_1         1  5.0   115   115    2477    (-,-) 
  alu_inst/g858139/Y         -       B1->Y   F     sky130_fd_sc_hd__a21oi_2        1  8.7    57    66    2543    (-,-) 
  alu_inst/g858027/Y         -       B->Y    R     sky130_fd_sc_hd__nand2_4       13 32.3   113   135    2677    (-,-) 
  alu_inst/g837186/Y         -       A->Y    F     sky130_fd_sc_hd__nand2_1        1  2.3    41    60    2737    (-,-) 
  alu_inst/g837101/Y         -       B1->Y   R     sky130_fd_sc_hd__o21ai_1        2  5.3   145    94    2831    (-,-) 
  alu_inst/g865634/Y         -       B->Y    F     sky130_fd_sc_hd__nand2_1        1  4.6    54    86    2916    (-,-) 
  alu_inst/g866656/Y         -       A->Y    R     sky130_fd_sc_hd__nand2_2        4 10.5    74    87    3003    (-,-) 
  alu_inst/g853999/Y         -       A->Y    F     sky130_fd_sc_hd__nand2_1        2  4.4    46    64    3068    (-,-) 
  alu_inst/g854001/X         -       A->X    F     sky130_fd_sc_hd__buf_2          3 13.0    47   144    3212    (-,-) 
  alu_inst/g854000/Y         -       A->Y    R     sky130_fd_sc_hd__nand3_4       12 30.5   129   112    3324    (-,-) 
  alu_inst/g863452/Y         -       A->Y    F     sky130_fd_sc_hd__nand2_1        2  4.7    58    80    3404    (-,-) 
  alu_inst/g853969/Y         -       B1->Y   R     sky130_fd_sc_hd__o21ai_1        1  2.7   100    76    3480    (-,-) 
  alu_inst/g852115/Y         -       A->Y    F     sky130_fd_sc_hd__nand2_1        1  4.6    52    74    3554    (-,-) 
  alu_inst/g852114/Y         -       A->Y    R     sky130_fd_sc_hd__nand2_2        3 10.1    72    85    3639    (-,-) 
  alu_inst/g864154/Y         -       A->Y    F     sky130_fd_sc_hd__nand2_1        2  7.0    62    78    3717    (-,-) 
  alu_inst/g864338/Y         -       C->Y    R     sky130_fd_sc_hd__nand3_2        2  6.9    65    90    3808    (-,-) 
  alu_inst/g864150/Y         -       A->Y    F     sky130_fd_sc_hd__nand2_2        2  5.1    36    55    3862    (-,-) 
  alu_inst/g854773/Y         -       A->Y    R     sky130_fd_sc_hd__nand2_1        1  2.7    50    52    3915    (-,-) 
  alu_inst/g854772/Y         -       A->Y    F     sky130_fd_sc_hd__nand2_1        2  5.1    46    62    3977    (-,-) 
  alu_inst/g854771/Y         -       A->Y    R     sky130_fd_sc_hd__nand2_1        1  2.7    44    57    4034    (-,-) 
  alu_inst/g48/Y             -       A->Y    F     sky130_fd_sc_hd__inv_1          1  2.5    20    37    4071    (-,-) 
  alu_inst/g866753/Y         -       C->Y    R     sky130_fd_sc_hd__nand3_1        1  4.7    78    82    4152    (-,-) 
  alu_inst/g88/Y             -       A->Y    F     sky130_fd_sc_hd__nand3_2        3 12.8    96   107    4260    (-,-) 
  alu_inst/g87/Y             -       A->Y    R     sky130_fd_sc_hd__nand2_4        7 22.6    86   118    4378    (-,-) 
  alu_inst/g848046/Y         -       A->Y    F     sky130_fd_sc_hd__inv_2          2  5.1    27    44    4422    (-,-) 
  alu_inst/g861700/Y         -       A->Y    R     sky130_fd_sc_hd__nand2_1        1  2.7    45    48    4471    (-,-) 
  alu_inst/g864063/Y         -       A->Y    F     sky130_fd_sc_hd__nand2_1        2  4.4    42    57    4528    (-,-) 
  alu_inst/g864062/Y         -       A->Y    R     sky130_fd_sc_hd__nand2_1        1  5.0    63    69    4597    (-,-) 
  alu_inst/g864061/Y         -       D->Y    F     sky130_fd_sc_hd__nand4_2        2 10.4   114   142    4739    (-,-) 
  alu_inst/g865581/Y         -       A->Y    R     sky130_fd_sc_hd__nand2_4        9 32.1   112   145    4884    (-,-) 
  alu_inst/g858573/Y         -       A->Y    F     sky130_fd_sc_hd__nand2_1        1  4.5    54    75    4960    (-,-) 
  alu_inst/g834950__845353/Y -       B->Y    R     sky130_fd_sc_hd__nand2_2        4  9.9    71    94    5054    (-,-) 
  alu_inst/g865669/Y         -       A->Y    F     sky130_fd_sc_hd__nand2_1        1  4.6    47    65    5118    (-,-) 
  alu_inst/g865668/Y         -       A->Y    R     sky130_fd_sc_hd__nand2_2        3  9.4    68    80    5198    (-,-) 
  alu_inst/g859099/Y         -       A->Y    F     sky130_fd_sc_hd__nand2_2        1  4.6    34    54    5252    (-,-) 
  alu_inst/g859098/Y         -       A->Y    R     sky130_fd_sc_hd__nand2_2        5 13.3    88    89    5341    (-,-) 
  alu_inst/g862515/Y         -       C->Y    F     sky130_fd_sc_hd__nand4_1        1  2.5    65    95    5436    (-,-) 
  alu_inst/g862514/Y         -       A->Y    R     sky130_fd_sc_hd__inv_1          1  4.7    51    72    5508    (-,-) 
  alu_inst/g863006/Y         -       A->Y    F     sky130_fd_sc_hd__nand3_2        3  9.4    76    85    5593    (-,-) 
  alu_inst/fopt862867/Y      -       A->Y    R     sky130_fd_sc_hd__inv_2          2  7.5    47    74    5667    (-,-) 
  alu_inst/fopt859078/Y      -       A->Y    F     sky130_fd_sc_hd__inv_2          2  5.0    20    37    5704    (-,-) 
  alu_inst/g859077/Y         -       A->Y    R     sky130_fd_sc_hd__nand2_1        1  2.7    44    46    5750    (-,-) 
  alu_inst/g859076/Y         -       A->Y    F     sky130_fd_sc_hd__nand2_1        2  5.1    46    60    5810    (-,-) 
  alu_inst/g35/Y             -       A->Y    R     sky130_fd_sc_hd__nand2_1        2  5.3    66    73    5883    (-,-) 
  alu_inst/g856668/Y         -       A1->Y   F     sky130_fd_sc_hd__a21boi_1       1  2.6    42    61    5944    (-,-) 
  alu_inst/g866871/Y         -       A->Y    R     sky130_fd_sc_hd__nand2_1        1  4.9    62    70    6014    (-,-) 
  alu_inst/g37/Y             -       A->Y    F     sky130_fd_sc_hd__nand2_2        3  7.5    43    64    6079    (-,-) 
  alu_inst/g864651/Y         -       A1->Y   R     sky130_fd_sc_hd__a21boi_1       1  2.7   106   117    6196    (-,-) 
  alu_inst/g862883/Y         -       A->Y    F     sky130_fd_sc_hd__nand2_1        1  4.6    53    76    6272    (-,-) 
  alu_inst/g850233/Y         -       A->Y    R     sky130_fd_sc_hd__inv_2          2  7.3    42    67    6338    (-,-) 
  alu_inst/g850232/Y         -       A->Y    F     sky130_fd_sc_hd__nand3_2        2  7.0    66    70    6408    (-,-) 
  alu_inst/fopt191/Y         -       A->Y    R     sky130_fd_sc_hd__inv_2          6 17.8    88   102    6511    (-,-) 
  alu_inst/g834119__6417/Y   -       A->Y    F     sky130_fd_sc_hd__nand2_1        1  2.6    38    57    6568    (-,-) 
  alu_inst/g834092__8428/Y   -       A->Y    R     sky130_fd_sc_hd__nand2_1        1  2.7    44    55    6622    (-,-) 
  alu_inst/g834058__3680/Y   -       A->Y    F     sky130_fd_sc_hd__nand2_1        4  9.9    82    85    6707    (-,-) 
  alu_inst/g850623/Y         -       A->Y    R     sky130_fd_sc_hd__nand2_1        1  4.9    63    86    6793    (-,-) 
  alu_inst/g849828/Y         -       A->Y    F     sky130_fd_sc_hd__inv_2          5 14.6    39    63    6856    (-,-) 
  alu_inst/g862644/Y         -       A->Y    R     sky130_fd_sc_hd__nand2_2        3  8.1    62    70    6926    (-,-) 
  alu_inst/g867983/Y         -       C->Y    F     sky130_fd_sc_hd__nor3_1         1  2.6    48    47    6972    (-,-) 
  alu_inst/g867982/Y         -       A->Y    R     sky130_fd_sc_hd__nand3_1        1  2.7    59    67    7040    (-,-) 
  alu_inst/g862640/Y         -       B1->Y   F     sky130_fd_sc_hd__o211ai_1       1  2.1    60    85    7124    (-,-) 
  result_r_reg[13]/SCD       <<<     -       F     sky130_fd_sc_hd__sdfrtp_1       1    -     -     4    7128    (-,-) 
#----------------------------------------------------------------------------------------------------------------------

