============================================================
  Generated by:           Genus(TM) Synthesis Solution 21.14-s082_1
  Generated on:           Sep 23 2026  06:41:14 pm
  Module:                 coprocessor
  Operating conditions:   tt_025C_1v80 (balanced_tree)
  Wireload mode:          top
  Area mode:              timing library
============================================================


Path 1: MET (0 ps) Setup Check with Pin result_r_reg[12]/CLK->SCD
          Group: clk
     Startpoint: (R) in2_r_reg[2]/CLK
          Clock: (R) clk
       Endpoint: (F) result_r_reg[12]/SCD
          Clock: (R) clk

                     Capture       Launch     
        Clock Edge:+    7874            0     
       Src Latency:+       0            0     
       Net Latency:+       0 (I)        0 (I) 
           Arrival:=    7874            0     
                                              
             Setup:-     411                  
     Required Time:=    7463                  
      Launch Clock:-       0                  
         Data Path:-    7462                  
             Slack:=       0                  

#---------------------------------------------------------------------------------------------------------------------
#       Timing Point        Flags    Arc    Edge            Cell             Fanout Load Trans Delay Arrival Instance 
#                                                                                   (fF)  (ps)  (ps)   (ps)  Location 
#---------------------------------------------------------------------------------------------------------------------
  in2_r_reg[2]/CLK          -       -       R     (arrival)                     119    -     0     0       0    (-,-) 
  in2_r_reg[2]/Q            -       CLK->Q  F     sky130_fd_sc_hd__sdfrtp_1       3  7.4    62   328     328    (-,-) 
  alu_inst/g2725954/Y       -       A->Y    R     sky130_fd_sc_hd__clkinv_1       3  7.9    53    73     401    (-,-) 
  alu_inst/g2725867/Y       -       A->Y    F     sky130_fd_sc_hd__nand2_1        2  5.0    46    62     462    (-,-) 
  alu_inst/g2725765/Y       -       A->Y    R     sky130_fd_sc_hd__nor2_1         2  5.3   120   131     593    (-,-) 
  alu_inst/g2725756/Y       -       A->Y    F     sky130_fd_sc_hd__nand2_1        4 10.0    85   110     704    (-,-) 
  alu_inst/g2725702/Y       -       A->Y    R     sky130_fd_sc_hd__nand2_1        1  2.7    44    72     776    (-,-) 
  alu_inst/g2725683/Y       -       A->Y    F     sky130_fd_sc_hd__inv_1          1  4.5    28    46     822    (-,-) 
  alu_inst/g2725568/Y       -       B->Y    R     sky130_fd_sc_hd__nand2_2        4 11.4    78    88     909    (-,-) 
  alu_inst/g2725541/Y       -       A->Y    F     sky130_fd_sc_hd__clkinv_1       1  2.6    36    63     972    (-,-) 
  alu_inst/g2725445/Y       -       A->Y    R     sky130_fd_sc_hd__nand2_1        1  2.7    44    54    1026    (-,-) 
  alu_inst/g2725424/Y       -       A->Y    F     sky130_fd_sc_hd__nand2_1        1  2.5    30    46    1073    (-,-) 
  alu_inst/g2725339/Y       -       B->Y    R     sky130_fd_sc_hd__nand2_1        1  2.7    44    58    1131    (-,-) 
  alu_inst/g2725323/Y       -       A->Y    F     sky130_fd_sc_hd__inv_1          1  2.6    21    38    1169    (-,-) 
  alu_inst/g2725286/Y       -       B->Y    R     sky130_fd_sc_hd__nand3_1        2  5.4    85    88    1257    (-,-) 
  alu_inst/g2725187/Y       -       A_N->Y  R     sky130_fd_sc_hd__nand2b_4       1 18.4    79   158    1415    (-,-) 
  alu_inst/g2725104/Y       -       B->Y    F     sky130_fd_sc_hd__nand2_8       25 61.8    95   132    1547    (-,-) 
  alu_inst/g2725035/Y       -       B2->Y   R     sky130_fd_sc_hd__o2bb2ai_1      2  5.3   155   174    1721    (-,-) 
  alu_inst/g2724894/Y       -       A->Y    F     sky130_fd_sc_hd__nand2_1        1  4.5    62    85    1805    (-,-) 
  alu_inst/g2724866/Y       -       B->Y    R     sky130_fd_sc_hd__nand2_2        3  9.9    71    98    1903    (-,-) 
  alu_inst/g2724719/Y       -       A->Y    F     sky130_fd_sc_hd__nand2_1        1  8.7    72    87    1990    (-,-) 
  alu_inst/g2724488/Y       -       B->Y    R     sky130_fd_sc_hd__nand2_4        9 32.2   113   141    2131    (-,-) 
  alu_inst/g2724390/Y       -       A->Y    F     sky130_fd_sc_hd__inv_2          4 12.0    46    68    2199    (-,-) 
  alu_inst/g2724023/Y       -       A->Y    R     sky130_fd_sc_hd__nand2_1        1  4.9    66    70    2269    (-,-) 
  alu_inst/g2723901/Y       -       A->Y    F     sky130_fd_sc_hd__inv_2          5 18.6    48    70    2339    (-,-) 
  alu_inst/g2722554/Y       -       B->Y    R     sky130_fd_sc_hd__nand2_4       17 46.6   152   154    2493    (-,-) 
  alu_inst/g2722334/Y       -       A->Y    F     sky130_fd_sc_hd__inv_2          9 21.7    70    96    2589    (-,-) 
  alu_inst/g2720739/Y       -       A1->Y   R     sky130_fd_sc_hd__o21ai_1        1  2.7    99   134    2723    (-,-) 
  alu_inst/g2720193/Y       -       B->Y    F     sky130_fd_sc_hd__nand2_1        1  2.5    41    64    2787    (-,-) 
  alu_inst/g2719992/Y       -       B1->Y   R     sky130_fd_sc_hd__a22oi_1        1  2.7   146   134    2920    (-,-) 
  alu_inst/g2719943/Y       -       D1->Y   F     sky130_fd_sc_hd__o2111ai_1      1  2.6    88   119    3039    (-,-) 
  alu_inst/g2719822/Y       -       A->Y    R     sky130_fd_sc_hd__nor2_1         1  2.7    78   116    3155    (-,-) 
  alu_inst/g2719632/Y       -       A->Y    F     sky130_fd_sc_hd__nand4_1        1  2.6    66    80    3235    (-,-) 
  alu_inst/g2719460/Y       -       A->Y    R     sky130_fd_sc_hd__nor2_1         1  2.7    78   108    3342    (-,-) 
  alu_inst/g2719396/X       -       A->X    R     sky130_fd_sc_hd__and2_4         4 17.7    71   174    3516    (-,-) 
  alu_inst/g2719223/X       -       A1_N->X F     sky130_fd_sc_hd__o2bb2a_4       6 21.4    58   193    3709    (-,-) 
  alu_inst/g2718938/Y       -       A->Y    R     sky130_fd_sc_hd__nand2_2        2  5.1    48    66    3775    (-,-) 
  alu_inst/fopt2727176/Y    -       A->Y    F     sky130_fd_sc_hd__inv_1          2  5.6    33    49    3824    (-,-) 
  alu_inst/g2718842/Y       -       B->Y    R     sky130_fd_sc_hd__nor2_1         1  2.7    77    79    3904    (-,-) 
  alu_inst/g2718733/Y       -       A->Y    F     sky130_fd_sc_hd__nand2_1        2  5.0    50    70    3974    (-,-) 
  alu_inst/g2718701/Y       -       A->Y    R     sky130_fd_sc_hd__inv_1          1  2.7    34    53    4027    (-,-) 
  alu_inst/g2718596/Y       -       A->Y    F     sky130_fd_sc_hd__nand2_1        2  5.0    45    57    4084    (-,-) 
  alu_inst/g2718516/Y       -       A->Y    R     sky130_fd_sc_hd__nand2_1        2  5.6    69    74    4158    (-,-) 
  alu_inst/g2718403/Y       -       A2_N->Y R     sky130_fd_sc_hd__o2bb2ai_1      1  2.7   106   109    4267    (-,-) 
  alu_inst/g2718297/Y       -       A->Y    F     sky130_fd_sc_hd__inv_1          2  5.0    42    65    4332    (-,-) 
  alu_inst/g2718296/Y       -       A->Y    R     sky130_fd_sc_hd__inv_1          3 10.4    95    94    4426    (-,-) 
  alu_inst/g2718259/Y       -       A->Y    F     sky130_fd_sc_hd__nand2_2        4 10.0    57    78    4504    (-,-) 
  alu_inst/g2718206/Y       -       A->Y    R     sky130_fd_sc_hd__nand2_1        1  2.7    52    61    4566    (-,-) 
  alu_inst/g2718170/Y       -       A->Y    F     sky130_fd_sc_hd__nand2_1        2  5.1    49    63    4629    (-,-) 
  alu_inst/g2718105/Y       -       A->Y    R     sky130_fd_sc_hd__nand2_1        2  5.6    71    76    4705    (-,-) 
  alu_inst/g2718038/Y       -       A2_N->Y R     sky130_fd_sc_hd__o2bb2ai_1      2  5.3   155   130    4835    (-,-) 
  alu_inst/g2717941__6161/Y -       B->Y    F     sky130_fd_sc_hd__nand2_1        3  6.6    67   100    4934    (-,-) 
  alu_inst/g2717656__5477/Y -       B->Y    R     sky130_fd_sc_hd__nand4_1        1  4.9    92   107    5041    (-,-) 
  alu_inst/g2717646/Y       -       A->Y    F     sky130_fd_sc_hd__inv_2          3  7.6    33    55    5096    (-,-) 
  alu_inst/g2717616__2346/Y -       A->Y    R     sky130_fd_sc_hd__nand4_1        1  2.7    69    61    5158    (-,-) 
  alu_inst/g2717594__1617/Y -       A->Y    F     sky130_fd_sc_hd__nand3_1        1  4.6    72    83    5241    (-,-) 
  alu_inst/g2717589/Y       -       A->Y    R     sky130_fd_sc_hd__inv_2          2 14.5    74    98    5339    (-,-) 
  alu_inst/g2717551__8428/Y -       B->Y    F     sky130_fd_sc_hd__nand3b_2       2  5.0    69    85    5424    (-,-) 
  alu_inst/g2717498__9945/Y -       A->Y    R     sky130_fd_sc_hd__nand2_1        1  4.7    64    79    5503    (-,-) 
  alu_inst/g2717455__1881/Y -       A->Y    F     sky130_fd_sc_hd__nand3_2        4 11.4    88    97    5600    (-,-) 
  alu_inst/g2717435__1666/Y -       A->Y    R     sky130_fd_sc_hd__nand2_2        2  7.5    61    88    5688    (-,-) 
  alu_inst/g2717395__5477/Y -       A->Y    F     sky130_fd_sc_hd__nand2_2        2  8.8    50    65    5753    (-,-) 
  alu_inst/g2717348__4733/Y -       A2_N->Y F     sky130_fd_sc_hd__o2bb2ai_2      2  4.7    59   124    5878    (-,-) 
  alu_inst/g2717339/X       -       A->X    F     sky130_fd_sc_hd__clkbuf_1       2  4.1    34   103    5980    (-,-) 
  alu_inst/g2726255/Y       -       A_N->Y  F     sky130_fd_sc_hd__nand2b_2       3  9.5    65   189    6169    (-,-) 
  alu_inst/fopt2726522/Y    -       A->Y    R     sky130_fd_sc_hd__inv_2          4 12.7    66    86    6256    (-,-) 
  alu_inst/fopt2726517/Y    -       A->Y    F     sky130_fd_sc_hd__inv_2          3  7.5    27    47    6302    (-,-) 
  alu_inst/g2717154__5115/Y -       A2->Y   R     sky130_fd_sc_hd__o21ai_1        1  2.8   101   108    6410    (-,-) 
  alu_inst/g2717112__2802/Y -       B->Y    F     sky130_fd_sc_hd__nor2_1         1  4.6    40    62    6472    (-,-) 
  alu_inst/g2717060__6260/Y -       A->Y    R     sky130_fd_sc_hd__nand2_2        3  7.9    62    72    6544    (-,-) 
  alu_inst/g2716981__2883/X -       A->X    R     sky130_fd_sc_hd__and3_1         2  4.5    66   155    6698    (-,-) 
  alu_inst/g2726173/X       -       C->X    R     sky130_fd_sc_hd__and3_1         1  9.0   106   200    6898    (-,-) 
  alu_inst/g2716793__6260/Y -       B->Y    F     sky130_fd_sc_hd__nand4_4        4 12.3    96   131    7030    (-,-) 
  alu_inst/g2716766__1617/Y -       B->Y    R     sky130_fd_sc_hd__nor2_2         3  6.9   105   126    7155    (-,-) 
  alu_inst/g2726242/Y       -       A_N->Y  R     sky130_fd_sc_hd__nand2b_1       1  2.7    52   112    7267    (-,-) 
  alu_inst/g2716709__7098/X -       C1->X   R     sky130_fd_sc_hd__o211a_1        1  2.7    43   133    7400    (-,-) 
  alu_inst/g2716697__4319/Y -       B1->Y   F     sky130_fd_sc_hd__o31ai_1        1  2.1    46    58    7459    (-,-) 
  result_r_reg[12]/SCD      <<<     -       F     sky130_fd_sc_hd__sdfrtp_1       1    -     -     4    7462    (-,-) 
#---------------------------------------------------------------------------------------------------------------------

