============================================================
  Generated by:           Genus(TM) Synthesis Solution 21.14-s082_1
  Generated on:           Sep 23 2026  03:38:33 pm
  Module:                 coprocessor
  Operating conditions:   tt_025C_1v80 (balanced_tree)
  Wireload mode:          top
  Area mode:              timing library
============================================================


Path 1: VIOLATED (-971 ps) Setup Check with Pin result_r_reg[10]/CLK->SCD
          Group: clk
     Startpoint: (R) in2_r_reg[4]/CLK
          Clock: (R) clk
       Endpoint: (F) result_r_reg[10]/SCD
          Clock: (R) clk

                     Capture       Launch     
        Clock Edge:+    6667            0     
       Src Latency:+       0            0     
       Net Latency:+       0 (I)        0 (I) 
           Arrival:=    6667            0     
                                              
             Setup:-     421                  
     Required Time:=    6245                  
      Launch Clock:-       0                  
         Data Path:-    7216                  
             Slack:=    -971                  

#--------------------------------------------------------------------------------------------------------------------
#      Timing Point        Flags    Arc    Edge            Cell             Fanout Load Trans Delay Arrival Instance 
#                                                                                  (fF)  (ps)  (ps)   (ps)  Location 
#--------------------------------------------------------------------------------------------------------------------
  in2_r_reg[4]/CLK         -       -       R     (arrival)                     119    -     0     0       0    (-,-) 
  in2_r_reg[4]/Q           -       CLK->Q  F     sky130_fd_sc_hd__sdfrtp_1       3  7.4    62   328     328    (-,-) 
  alu_inst/fopt31/Y        -       A->Y    R     sky130_fd_sc_hd__inv_1          2  5.3    56    73     401    (-,-) 
  alu_inst/g987869/Y       -       A->Y    F     sky130_fd_sc_hd__nand2_1        1  4.5    43    60     461    (-,-) 
  alu_inst/g987033/Y       -       A->Y    R     sky130_fd_sc_hd__nor2_2         1  2.7    61    98     559    (-,-) 
  alu_inst/g987117/Y       -       A->Y    F     sky130_fd_sc_hd__nand4_1        1  4.6    88    92     651    (-,-) 
  alu_inst/g980977/Y       -       A->Y    R     sky130_fd_sc_hd__nand2_2        2 10.8    75   103     754    (-,-) 
  alu_inst/g990759/Y       -       A->Y    F     sky130_fd_sc_hd__nand2_4        8 23.2    63    85     839    (-,-) 
  alu_inst/fopt989778/Y    -       A->Y    R     sky130_fd_sc_hd__clkinv_1       2  5.4    41    63     902    (-,-) 
  alu_inst/fopt989777/Y    -       A->Y    F     sky130_fd_sc_hd__inv_1          2  5.1    30    45     947    (-,-) 
  alu_inst/g989401/Y       -       A->Y    R     sky130_fd_sc_hd__nand2_1        1  2.3    40    47     994    (-,-) 
  alu_inst/g989457/Y       -       B1->Y   F     sky130_fd_sc_hd__o21ai_1        1  2.6    42    57    1051    (-,-) 
  alu_inst/g989456/Y       -       A->Y    R     sky130_fd_sc_hd__nand2_1        1  4.9    63    70    1121    (-,-) 
  alu_inst/g984905/Y       -       B->Y    F     sky130_fd_sc_hd__nand3_2        2  7.0    64    91    1212    (-,-) 
  alu_inst/g984904/Y       -       A->Y    R     sky130_fd_sc_hd__nand3_2        2 18.1   117   118    1329    (-,-) 
  alu_inst/g989461/Y       -       A->Y    F     sky130_fd_sc_hd__nand3_4        9 22.8   102   124    1454    (-,-) 
  alu_inst/g989529/Y       -       B2->Y   R     sky130_fd_sc_hd__o2bb2ai_1      2  5.3   155   177    1631    (-,-) 
  alu_inst/g989530/Y       -       A->Y    F     sky130_fd_sc_hd__nand2_1        1  2.6    50    70    1700    (-,-) 
  alu_inst/g982801/Y       -       A->Y    R     sky130_fd_sc_hd__nand2_1        2  5.3    66    76    1777    (-,-) 
  alu_inst/g985548/Y       -       A->Y    F     sky130_fd_sc_hd__nand2_1        1  4.6    46    63    1840    (-,-) 
  alu_inst/g985547/Y       -       A->Y    R     sky130_fd_sc_hd__nand2_2        2 13.9    91    95    1935    (-,-) 
  alu_inst/g988601/Y       -       A->Y    F     sky130_fd_sc_hd__nand2_2        3  7.6    49    69    2005    (-,-) 
  alu_inst/g988600/Y       -       B->Y    R     sky130_fd_sc_hd__nand4_1        1  2.7    69    82    2087    (-,-) 
  alu_inst/g987633/Y       -       B->Y    F     sky130_fd_sc_hd__nand2_1        2  6.2    55    77    2164    (-,-) 
  alu_inst/g987947/Y       -       B->Y    R     sky130_fd_sc_hd__nor2_2         1  4.7    82    93    2257    (-,-) 
  alu_inst/g989110/Y       -       A->Y    F     sky130_fd_sc_hd__nand3_2        4  9.2    78    93    2350    (-,-) 
  alu_inst/g262/Y          -       A->Y    R     sky130_fd_sc_hd__inv_1          1  2.7    40    64    2414    (-,-) 
  alu_inst/g987406/Y       -       A->Y    F     sky130_fd_sc_hd__nand2_1        1  4.6    43    56    2470    (-,-) 
  alu_inst/g987405/Y       -       A->Y    R     sky130_fd_sc_hd__nand2_2        2  7.5    61    72    2541    (-,-) 
  alu_inst/fopt990670/Y    -       A->Y    F     sky130_fd_sc_hd__inv_2          1  8.6    28    48    2589    (-,-) 
  alu_inst/g990687/Y       -       A->Y    R     sky130_fd_sc_hd__nand2_4       12 31.2   111   110    2699    (-,-) 
  alu_inst/g986997/Y       -       A->Y    F     sky130_fd_sc_hd__nand2_1        1  4.5    54    75    2774    (-,-) 
  alu_inst/g986996/Y       -       B1->Y   R     sky130_fd_sc_hd__o21ai_2        3  9.4   152    85    2859    (-,-) 
  alu_inst/g965820/Y       -       A->Y    F     sky130_fd_sc_hd__inv_2          1  2.6    31    43    2902    (-,-) 
  alu_inst/g990994/Y       -       A->Y    R     sky130_fd_sc_hd__nand2_1        2  7.5    86    82    2984    (-,-) 
  alu_inst/g990992/Y       -       B->Y    F     sky130_fd_sc_hd__nand2_1        1  4.6    48    72    3055    (-,-) 
  alu_inst/g990991/Y       -       A->Y    R     sky130_fd_sc_hd__nand3_2        1  9.1    74    82    3137    (-,-) 
  alu_inst/g989646/Y       -       A->Y    F     sky130_fd_sc_hd__nand2_4        3 18.9    55    83    3220    (-,-) 
  alu_inst/g980571/Y       -       A->Y    R     sky130_fd_sc_hd__nand2_4       12 32.5   113   120    3340    (-,-) 
  alu_inst/g974909/Y       -       A->Y    F     sky130_fd_sc_hd__nand2_1        1  4.5    54    76    3415    (-,-) 
  alu_inst/g974908/Y       -       B1->Y   R     sky130_fd_sc_hd__o21ai_2        2  5.3   111    70    3485    (-,-) 
  alu_inst/g977705/Y       -       A->Y    F     sky130_fd_sc_hd__nand2_1        2  5.0    56    79    3563    (-,-) 
  alu_inst/g964740/Y       -       B->Y    R     sky130_fd_sc_hd__nand3_1        3  9.9   130   133    3697    (-,-) 
  alu_inst/g988704/Y       -       A->Y    F     sky130_fd_sc_hd__nand2_2        2  7.1    54    77    3773    (-,-) 
  alu_inst/g988703/Y       -       A->Y    R     sky130_fd_sc_hd__nand2_2        1  4.7    45    64    3837    (-,-) 
  alu_inst/g988702/Y       -       A->Y    F     sky130_fd_sc_hd__nand3_2        3  6.0    59    69    3906    (-,-) 
  alu_inst/g981356/Y       -       A->Y    R     sky130_fd_sc_hd__nand3_1        1  2.7    59    70    3976    (-,-) 
  alu_inst/g981355/Y       -       A->Y    F     sky130_fd_sc_hd__inv_1          1  2.6    24    42    4019    (-,-) 
  alu_inst/g1333/Y         -       A->Y    R     sky130_fd_sc_hd__nand2_1        1  4.9    62    62    4081    (-,-) 
  alu_inst/g1326/Y         -       A->Y    F     sky130_fd_sc_hd__nand2_2        3  9.4    50    70    4151    (-,-) 
  alu_inst/g1325/Y         -       A->Y    R     sky130_fd_sc_hd__nand4_2        2  7.5    88    81    4232    (-,-) 
  alu_inst/g989688/Y       -       B->Y    F     sky130_fd_sc_hd__nand3_2        7 16.8   119   136    4368    (-,-) 
  alu_inst/g989695/Y       -       A2_N->Y F     sky130_fd_sc_hd__o2bb2ai_1      1  4.6    61   162    4530    (-,-) 
  alu_inst/g989096/Y       -       A->Y    R     sky130_fd_sc_hd__inv_2          3  7.9    46    72    4602    (-,-) 
  alu_inst/g989106/Y       -       A->Y    F     sky130_fd_sc_hd__nand4_1        2  4.3    84    84    4686    (-,-) 
  alu_inst/g989102/Y       -       C->Y    R     sky130_fd_sc_hd__nand3_1        1  4.9    80   110    4795    (-,-) 
  alu_inst/g986958/Y       -       A->Y    F     sky130_fd_sc_hd__inv_2          2 11.0    36    61    4856    (-,-) 
  alu_inst/g990406/Y       -       A->Y    R     sky130_fd_sc_hd__nand2_4        7 17.5    72    82    4938    (-,-) 
  alu_inst/fopt990405/Y    -       A->Y    F     sky130_fd_sc_hd__inv_1          1  4.6    34    52    4990    (-,-) 
  alu_inst/fopt990404/Y    -       A->Y    R     sky130_fd_sc_hd__inv_2          4 10.7    56    69    5059    (-,-) 
  alu_inst/g990403/Y       -       A->Y    F     sky130_fd_sc_hd__nand2_1        1  4.6    44    60    5119    (-,-) 
  alu_inst/g993085/Y       -       A->Y    R     sky130_fd_sc_hd__nand2_2        3  9.2    69    78    5198    (-,-) 
  alu_inst/g993084/Y       -       A->Y    F     sky130_fd_sc_hd__nand3_2        3  8.7    74    85    5282    (-,-) 
  alu_inst/g992553/Y       -       A->Y    R     sky130_fd_sc_hd__nand4_1        1  4.9    91    95    5377    (-,-) 
  alu_inst/g991857/Y       -       B->Y    F     sky130_fd_sc_hd__nand2_2        3 10.9    56    88    5465    (-,-) 
  alu_inst/g991858/Y       -       A->Y    R     sky130_fd_sc_hd__inv_2          5 19.6    96   104    5568    (-,-) 
  alu_inst/g988647/Y       -       A->Y    F     sky130_fd_sc_hd__nand2_2        4 13.3    68    90    5658    (-,-) 
  alu_inst/fopt973810/X    -       A->X    F     sky130_fd_sc_hd__buf_2          2  5.1    30   134    5792    (-,-) 
  alu_inst/g963163__6783/Y -       A->Y    R     sky130_fd_sc_hd__nand3_1        1  2.3    57    55    5847    (-,-) 
  alu_inst/g990417/Y       -       B1->Y   F     sky130_fd_sc_hd__o21ai_1        1  2.6    42    62    5909    (-,-) 
  alu_inst/g27/Y           -       A->Y    R     sky130_fd_sc_hd__nor2_1         2  5.3   120   131    6040    (-,-) 
  alu_inst/g991395/Y       -       A->Y    F     sky130_fd_sc_hd__nand2_1        1  2.6    45    65    6105    (-,-) 
  alu_inst/g991394/Y       -       A->Y    R     sky130_fd_sc_hd__nand2_1        2  5.1    64    72    6177    (-,-) 
  alu_inst/g990736/Y       -       A->Y    F     sky130_fd_sc_hd__nand2_1        1  2.6    37    51    6229    (-,-) 
  alu_inst/g991260/Y       -       A->Y    R     sky130_fd_sc_hd__nand2_1        2  5.3    66    70    6299    (-,-) 
  alu_inst/fopt991262/Y    -       A->Y    F     sky130_fd_sc_hd__inv_1          2  4.4    31    50    6350    (-,-) 
  alu_inst/g991263/Y       -       A->Y    R     sky130_fd_sc_hd__nand4_1        1  4.9    91    76    6426    (-,-) 
  alu_inst/g989840/Y       -       A->Y    F     sky130_fd_sc_hd__inv_2          2 10.9    39    63    6489    (-,-) 
  alu_inst/g991404/Y       -       B->Y    R     sky130_fd_sc_hd__nand2_4        9 21.3    83   100    6588    (-,-) 
  alu_inst/g962685__7482/Y -       A_N->Y  R     sky130_fd_sc_hd__nand2b_1       1  4.7    67   119    6708    (-,-) 
  alu_inst/g989180/Y       -       A->Y    F     sky130_fd_sc_hd__nand3_2        2  6.4    64    77    6785    (-,-) 
  alu_inst/g169/Y          -       A->Y    R     sky130_fd_sc_hd__nand3_2        1  4.9    55    71    6856    (-,-) 
  alu_inst/g992237/Y       -       A->Y    F     sky130_fd_sc_hd__inv_2          2 11.1    31    54    6910    (-,-) 
  alu_inst/g992235/Y       -       B->Y    R     sky130_fd_sc_hd__nand3_4        7 18.5    95   100    7010    (-,-) 
  alu_inst/g988934/Y       -       A_N->Y  R     sky130_fd_sc_hd__nand3b_1       1  2.7    64   112    7122    (-,-) 
  alu_inst/g988928/Y       -       D1->Y   F     sky130_fd_sc_hd__o2111ai_1      1  2.1    75    90    7212    (-,-) 
  result_r_reg[10]/SCD     <<<     -       F     sky130_fd_sc_hd__sdfrtp_1       1    -     -     4    7216    (-,-) 
#--------------------------------------------------------------------------------------------------------------------

