============================================================
  Generated by:           Genus(TM) Synthesis Solution 21.14-s082_1
  Generated on:           Sep 23 2026  03:26:43 pm
  Module:                 coprocessor
  Operating conditions:   tt_025C_1v80 (balanced_tree)
  Wireload mode:          top
  Area mode:              timing library
============================================================


Path 1: MET (0 ps) Setup Check with Pin result_r_reg[13]/CLK->SCD
          Group: clk
     Startpoint: (R) in1_r_reg[4]/CLK
          Clock: (R) clk
       Endpoint: (F) result_r_reg[13]/SCD
          Clock: (R) clk

                     Capture       Launch     
        Clock Edge:+    8000            0     
       Src Latency:+       0            0     
       Net Latency:+       0 (I)        0 (I) 
           Arrival:=    8000            0     
                                              
             Setup:-     414                  
     Required Time:=    7586                  
      Launch Clock:-       0                  
         Data Path:-    7586                  
             Slack:=       0                  

#--------------------------------------------------------------------------------------------------------------------
#      Timing Point        Flags    Arc    Edge            Cell             Fanout Load Trans Delay Arrival Instance 
#                                                                                  (fF)  (ps)  (ps)   (ps)  Location 
#--------------------------------------------------------------------------------------------------------------------
  in1_r_reg[4]/CLK         -       -       R     (arrival)                     119    -     0     0       0    (-,-) 
  in1_r_reg[4]/Q           -       CLK->Q  F     sky130_fd_sc_hd__sdfrtp_1       3  8.8    68   336     336    (-,-) 
  alu_inst/fopt740632/Y    -       A->Y    R     sky130_fd_sc_hd__inv_1          1  2.7    38    60     396    (-,-) 
  alu_inst/g743622/Y       -       A->Y    F     sky130_fd_sc_hd__nand3_1        1  2.5    48    59     454    (-,-) 
  alu_inst/g740701/Y       -       A->Y    R     sky130_fd_sc_hd__inv_1          2  5.1    52    68     522    (-,-) 
  alu_inst/g155/Y          -       D->Y    F     sky130_fd_sc_hd__nand4_1        2  5.0    92   112     634    (-,-) 
  alu_inst/g602/Y          -       B->Y    R     sky130_fd_sc_hd__nand2_1        2  5.3    70   101     735    (-,-) 
  alu_inst/g595/X          -       A1->X   R     sky130_fd_sc_hd__a21o_2         1  9.1    59   142     877    (-,-) 
  alu_inst/g593/Y          -       A->Y    F     sky130_fd_sc_hd__nand2_4       11 27.2    71    91     968    (-,-) 
  alu_inst/g744756/Y       -       B->Y    R     sky130_fd_sc_hd__nand2_1        1  2.7    46    74    1042    (-,-) 
  alu_inst/g747747/X       -       B1->X   R     sky130_fd_sc_hd__o21a_1         1  2.7    42   110    1153    (-,-) 
  alu_inst/g747436/Y       -       A->Y    F     sky130_fd_sc_hd__nand3_1        1  2.5    48    60    1213    (-,-) 
  alu_inst/g747435/Y       -       A->Y    R     sky130_fd_sc_hd__inv_1          1  4.9    51    67    1279    (-,-) 
  alu_inst/g747434/Y       -       A->Y    F     sky130_fd_sc_hd__nand2_2        2  9.1    47    66    1345    (-,-) 
  alu_inst/g747433/Y       -       A->Y    R     sky130_fd_sc_hd__inv_2          4 14.9    74    85    1430    (-,-) 
  alu_inst/g747014/Y       -       A->Y    F     sky130_fd_sc_hd__nand2_2        2 17.1    79    93    1523    (-,-) 
  alu_inst/g745936/Y       -       A->Y    R     sky130_fd_sc_hd__nand2_4       12 33.6   116   132    1656    (-,-) 
  alu_inst/g737004/Y       -       A->Y    F     sky130_fd_sc_hd__inv_2          3  7.5    38    56    1711    (-,-) 
  alu_inst/g737006/Y       -       A->Y    R     sky130_fd_sc_hd__inv_1          3  8.1    76    79    1790    (-,-) 
  alu_inst/g736836/Y       -       B->Y    F     sky130_fd_sc_hd__nand3_1        2  5.1    87    95    1886    (-,-) 
  alu_inst/g1126/Y         -       A->Y    R     sky130_fd_sc_hd__nand2_1        2  4.7    61    87    1972    (-,-) 
  alu_inst/g1115/Y         -       B->Y    F     sky130_fd_sc_hd__nand2_1        1  2.6    34    54    2026    (-,-) 
  alu_inst/g1110/Y         -       A->Y    R     sky130_fd_sc_hd__nand2_1        2  5.4    68    70    2096    (-,-) 
  alu_inst/g547/Y          -       B->Y    F     sky130_fd_sc_hd__nand4_1        1  2.5    72    85    2182    (-,-) 
  alu_inst/g542/Y          -       B->Y    R     sky130_fd_sc_hd__nor2_1         1  2.7    78    95    2276    (-,-) 
  alu_inst/g539/Y          -       B->Y    F     sky130_fd_sc_hd__nand2_1        2  9.1    75    96    2372    (-,-) 
  alu_inst/g29/Y           -       A->Y    R     sky130_fd_sc_hd__inv_2          3 11.4    62    86    2458    (-,-) 
  alu_inst/g747145/Y       -       A->Y    F     sky130_fd_sc_hd__nand3_2        3 15.8   112   112    2570    (-,-) 
  alu_inst/g739083/Y       -       A->Y    R     sky130_fd_sc_hd__nand3_2        4 10.7    83   113    2683    (-,-) 
  alu_inst/g740376/Y       -       A->Y    F     sky130_fd_sc_hd__inv_1          2  8.7    50    72    2756    (-,-) 
  alu_inst/g731508/Y       -       A2->Y   R     sky130_fd_sc_hd__o21ai_2        2  5.4   111   126    2882    (-,-) 
  alu_inst/fopt6/Y         -       A->Y    F     sky130_fd_sc_hd__inv_1          2  4.4    41    62    2944    (-,-) 
  alu_inst/g731336/Y       -       A->Y    R     sky130_fd_sc_hd__nand2_1        2  5.3    66    71    3015    (-,-) 
  alu_inst/g744060/Y       -       A->Y    F     sky130_fd_sc_hd__nand2_1        1  2.6    34    52    3067    (-,-) 
  alu_inst/g744059/Y       -       A->Y    R     sky130_fd_sc_hd__nand3_1        1  4.9    80    76    3143    (-,-) 
  alu_inst/g745457/Y       -       A->Y    F     sky130_fd_sc_hd__nand2_2        2 17.1    79    98    3240    (-,-) 
  alu_inst/g744005/Y       -       A->Y    R     sky130_fd_sc_hd__nand2_4       13 33.0   115   131    3372    (-,-) 
  alu_inst/fopt745055/Y    -       A->Y    F     sky130_fd_sc_hd__inv_1          1  2.6    35    52    3423    (-,-) 
  alu_inst/g746051/Y       -       A->Y    R     sky130_fd_sc_hd__nand2_1        1  2.7    52    53    3476    (-,-) 
  alu_inst/g747685/Y       -       A->Y    F     sky130_fd_sc_hd__nand2_1        4  9.8    78    87    3563    (-,-) 
  alu_inst/g747679/Y       -       A2->Y   R     sky130_fd_sc_hd__a21oi_1        1  4.9   147   181    3745    (-,-) 
  alu_inst/g747830/Y       -       A1->Y   F     sky130_fd_sc_hd__a21oi_2        2  5.1    53    83    3828    (-,-) 
  alu_inst/g745605/Y       -       A->Y    R     sky130_fd_sc_hd__nand2_1        2  4.7    63    72    3900    (-,-) 
  alu_inst/g743314/Y       -       A->Y    F     sky130_fd_sc_hd__nand2_1        2  5.1    48    65    3965    (-,-) 
  alu_inst/g743318/Y       -       A->Y    R     sky130_fd_sc_hd__nand2_1        1  2.7    47    57    4022    (-,-) 
  alu_inst/g743903/Y       -       A->Y    F     sky130_fd_sc_hd__nand2_1        1  2.5    30    48    4070    (-,-) 
  alu_inst/g747329/Y       -       B->Y    R     sky130_fd_sc_hd__nand2_1        1  4.9    63    72    4142    (-,-) 
  alu_inst/g747328/Y       -       A->Y    F     sky130_fd_sc_hd__inv_2          2  9.1    29    52    4194    (-,-) 
  alu_inst/g747327/Y       -       B->Y    R     sky130_fd_sc_hd__nand3_2        3  9.9    80    86    4280    (-,-) 
  alu_inst/g745186/Y       -       A->Y    F     sky130_fd_sc_hd__nand3_2        3  7.2    68    82    4362    (-,-) 
  alu_inst/fopt745185/X    -       A->X    F     sky130_fd_sc_hd__buf_1          2  5.1    40   111    4473    (-,-) 
  alu_inst/g745183/Y       -       A2_N->Y F     sky130_fd_sc_hd__o2bb2ai_1      2  4.9    78   128    4600    (-,-) 
  alu_inst/fopt738511/Y    -       A->Y    R     sky130_fd_sc_hd__inv_1          2  5.1    57    78    4679    (-,-) 
  alu_inst/g743798/Y       -       A->Y    F     sky130_fd_sc_hd__nand3_1        1  1.6    42    56    4735    (-,-) 
  alu_inst/g739689/Y       -       A_N->Y  F     sky130_fd_sc_hd__nand3b_1       1  2.5    55   148    4883    (-,-) 
  alu_inst/g729440/Y       -       A->Y    R     sky130_fd_sc_hd__inv_1          2  4.7    50    68    4951    (-,-) 
  alu_inst/g747637/Y       -       A->Y    F     sky130_fd_sc_hd__nand2_1        2  7.1    59    71    5023    (-,-) 
  alu_inst/g743023/Y       -       A->Y    R     sky130_fd_sc_hd__nand2_1        1  2.7    43    62    5085    (-,-) 
  alu_inst/g743022/Y       -       A->Y    F     sky130_fd_sc_hd__nand2_1        1  4.6    43    58    5142    (-,-) 
  alu_inst/g743021/Y       -       A->Y    R     sky130_fd_sc_hd__inv_2          2  5.3    33    56    5198    (-,-) 
  alu_inst/g743020/Y       -       A->Y    F     sky130_fd_sc_hd__nand2_1        1  4.5    44    52    5250    (-,-) 
  alu_inst/g747648/Y       -       B->Y    R     sky130_fd_sc_hd__nand2_2        3  8.0    62    83    5333    (-,-) 
  alu_inst/g743720/Y       -       B->Y    F     sky130_fd_sc_hd__nand4_1        1  4.6    88   102    5435    (-,-) 
  alu_inst/g747646/Y       -       B->Y    R     sky130_fd_sc_hd__nand3_2        3 10.1    79   115    5550    (-,-) 
  alu_inst/fopt85/Y        -       A->Y    F     sky130_fd_sc_hd__inv_1          2  7.0    44    64    5614    (-,-) 
  alu_inst/fopt84/Y        -       A->Y    R     sky130_fd_sc_hd__inv_2          4 12.8    65    77    5692    (-,-) 
  alu_inst/g12/Y           -       A->Y    F     sky130_fd_sc_hd__nand2_2        1  8.7    48    66    5758    (-,-) 
  alu_inst/g747515/Y       -       B->Y    R     sky130_fd_sc_hd__nand2_4        7 20.4    80   107    5865    (-,-) 
  alu_inst/fopt738835/Y    -       A->Y    F     sky130_fd_sc_hd__inv_2          4 11.9    38    59    5924    (-,-) 
  alu_inst/g747513/Y       -       A->Y    R     sky130_fd_sc_hd__inv_1          2  5.4    55    64    5987    (-,-) 
  alu_inst/g747516/Y       -       A->Y    F     sky130_fd_sc_hd__inv_1          2  4.0    27    46    6033    (-,-) 
  alu_inst/g747939/Y       -       A_N->Y  F     sky130_fd_sc_hd__nand3b_1       1  2.5    55   140    6173    (-,-) 
  alu_inst/g747651/Y       -       B->Y    R     sky130_fd_sc_hd__nand2_1        2  5.4    67    86    6260    (-,-) 
  alu_inst/g747494/Y       -       A->Y    F     sky130_fd_sc_hd__nand2_1        1  4.6    46    64    6323    (-,-) 
  alu_inst/g747493/Y       -       A->Y    R     sky130_fd_sc_hd__nand3_2        2  6.7    63    72    6396    (-,-) 
  alu_inst/g743711/Y       -       A->Y    F     sky130_fd_sc_hd__nand3_2        2  4.9    53    67    6463    (-,-) 
  alu_inst/fopt738517/Y    -       A->Y    R     sky130_fd_sc_hd__inv_1          1  2.8    35    55    6518    (-,-) 
  alu_inst/g744866/Y       -       B->Y    F     sky130_fd_sc_hd__nand4_1        2  4.9    91    99    6617    (-,-) 
  alu_inst/g744865/Y       -       A->Y    R     sky130_fd_sc_hd__inv_1          2  6.9    72    95    6712    (-,-) 
  alu_inst/g745688/Y       -       A->Y    F     sky130_fd_sc_hd__nand2_2        2  7.1    46    63    6774    (-,-) 
  alu_inst/g745687/Y       -       A->Y    R     sky130_fd_sc_hd__nand2_1        1  2.7    47    56    6831    (-,-) 
  alu_inst/g745167/Y       -       A->Y    F     sky130_fd_sc_hd__nand2_1        1  4.6    43    59    6890    (-,-) 
  alu_inst/g744895/Y       -       A->Y    R     sky130_fd_sc_hd__inv_2          1  4.9    31    55    6945    (-,-) 
  alu_inst/g744894/Y       -       A->Y    F     sky130_fd_sc_hd__nor2_2         2  6.3    35    44    6988    (-,-) 
  alu_inst/g744352/Y       -       A->Y    R     sky130_fd_sc_hd__nor2_2         1  4.9    84   109    7098    (-,-) 
  alu_inst/g747564/Y       -       A->Y    F     sky130_fd_sc_hd__nand2_2        4  9.8    55    77    7175    (-,-) 
  alu_inst/fopt746269/Y    -       A->Y    R     sky130_fd_sc_hd__inv_1          1  4.7    50    67    7241    (-,-) 
  alu_inst/g747394/Y       -       A->Y    F     sky130_fd_sc_hd__nand3_2        2  7.1    65    75    7316    (-,-) 
  alu_inst/g744856/Y       -       A->Y    R     sky130_fd_sc_hd__inv_2          2  7.4    45    69    7386    (-,-) 
  alu_inst/g728147__2883/Y -       A->Y    F     sky130_fd_sc_hd__nand3_2        2  4.2    48    59    7445    (-,-) 
  alu_inst/g744265/Y       -       A->Y    R     sky130_fd_sc_hd__nand2_1        2  4.7    61    70    7514    (-,-) 
  alu_inst/g745348/Y       -       A2->Y   F     sky130_fd_sc_hd__o21ai_0        1  2.1    56    67    7582    (-,-) 
  result_r_reg[13]/SCD     <<<     -       F     sky130_fd_sc_hd__sdfrtp_1       1    -     -     4    7586    (-,-) 
#--------------------------------------------------------------------------------------------------------------------

