============================================================
  Generated by:           Genus(TM) Synthesis Solution 21.14-s082_1
  Generated on:           Sep 23 2026  06:23:05 pm
  Module:                 coprocessor
  Operating conditions:   tt_025C_1v80 (balanced_tree)
  Wireload mode:          top
  Area mode:              timing library
============================================================


Path 1: MET (0 ps) Setup Check with Pin result_r_reg[13]/CLK->SCD
          Group: clk
     Startpoint: (R) in1_r_reg[3]/CLK
          Clock: (R) clk
       Endpoint: (F) result_r_reg[13]/SCD
          Clock: (R) clk

                     Capture       Launch     
        Clock Edge:+    7407            0     
       Src Latency:+       0            0     
       Net Latency:+       0 (I)        0 (I) 
           Arrival:=    7407            0     
                                              
             Setup:-     422                  
     Required Time:=    6986                  
      Launch Clock:-       0                  
         Data Path:-    6986                  
             Slack:=       0                  

#-----------------------------------------------------------------------------------------------------------------------
#        Timing Point          Flags    Arc   Edge            Cell             Fanout Load Trans Delay Arrival Instance 
#                                                                                     (fF)  (ps)  (ps)   (ps)  Location 
#-----------------------------------------------------------------------------------------------------------------------
  in1_r_reg[3]/CLK             -       -      R     (arrival)                     119    -     0     0       0    (-,-) 
  in1_r_reg[3]/Q               -       CLK->Q F     sky130_fd_sc_hd__sdfrtp_1       3  7.0    60   326     326    (-,-) 
  alu_inst/fopt1844908/Y       -       A->Y   R     sky130_fd_sc_hd__inv_1          2  5.3    55    72     398    (-,-) 
  alu_inst/g1844038/Y          -       A->Y   F     sky130_fd_sc_hd__nand2_1        2  4.9    46    62     460    (-,-) 
  alu_inst/g1854557/Y          -       B->Y   R     sky130_fd_sc_hd__nor2_1         1  2.7    77    83     543    (-,-) 
  alu_inst/g1854547/Y          -       D->Y   F     sky130_fd_sc_hd__nand4_1        2  5.7   100   125     668    (-,-) 
  alu_inst/g1854546/Y          -       A->Y   R     sky130_fd_sc_hd__clkinv_1       2  7.6    58    88     756    (-,-) 
  alu_inst/g1843832/Y          -       A->Y   F     sky130_fd_sc_hd__nand2_2        2 10.4    52    69     825    (-,-) 
  alu_inst/g1855915/Y          -       A->Y   R     sky130_fd_sc_hd__nand2_4        6 20.1    81    94     918    (-,-) 
  alu_inst/fopt1857391/Y       -       A->Y   F     sky130_fd_sc_hd__inv_1          2  5.0    37    56     974    (-,-) 
  alu_inst/g1848149/Y          -       A->Y   R     sky130_fd_sc_hd__nand2_1        1  4.9    64    67    1041    (-,-) 
  alu_inst/g1843612/Y          -       A->Y   F     sky130_fd_sc_hd__nand2_2        3  9.5    50    70    1112    (-,-) 
  alu_inst/g521/Y              -       B->Y   R     sky130_fd_sc_hd__nand3_2        2  7.5    68    86    1198    (-,-) 
  alu_inst/g1851889/Y          -       A->Y   F     sky130_fd_sc_hd__nand2_2        2  5.1    37    56    1254    (-,-) 
  alu_inst/g1851888/Y          -       A->Y   R     sky130_fd_sc_hd__nand2_1        2  6.7    78    78    1332    (-,-) 
  alu_inst/g1853121/Y          -       A->Y   F     sky130_fd_sc_hd__nand3_2        3 11.5    89    99    1431    (-,-) 
  alu_inst/fopt1853130/Y       -       A->Y   R     sky130_fd_sc_hd__inv_2          3 12.1    66    95    1526    (-,-) 
  alu_inst/fopt1857464/Y       -       A->Y   F     sky130_fd_sc_hd__inv_2          6 15.2    41    62    1588    (-,-) 
  alu_inst/g1847367/Y          -       B2->Y  R     sky130_fd_sc_hd__o2bb2ai_1      3  7.9   204   191    1779    (-,-) 
  alu_inst/g1842899/Y          -       A->Y   F     sky130_fd_sc_hd__nand2_1        1  2.6    59    76    1854    (-,-) 
  alu_inst/g1853385/Y          -       A->Y   R     sky130_fd_sc_hd__nand2_1        2  7.5    85    94    1948    (-,-) 
  alu_inst/g243/Y              -       C->Y   F     sky130_fd_sc_hd__nand3_1        1  2.5    54    81    2029    (-,-) 
  alu_inst/g242/Y              -       A->Y   R     sky130_fd_sc_hd__inv_1          1  2.7    35    56    2085    (-,-) 
  alu_inst/g240/Y              -       B->Y   F     sky130_fd_sc_hd__nand2_1        1  4.6    48    59    2144    (-,-) 
  alu_inst/g1854013/Y          -       A->Y   R     sky130_fd_sc_hd__nand2_2        4  9.9    71    82    2226    (-,-) 
  alu_inst/g1854402/Y          -       D->Y   F     sky130_fd_sc_hd__nand4_1        1  4.6    88   113    2339    (-,-) 
  alu_inst/g1854401/Y          -       B->Y   R     sky130_fd_sc_hd__nand3_2        5 17.8   116   143    2482    (-,-) 
  alu_inst/g1837987/Y          -       B->Y   F     sky130_fd_sc_hd__nand2_1        2  6.8    63    93    2574    (-,-) 
  alu_inst/g1837837/Y          -       A2->Y  R     sky130_fd_sc_hd__o21ai_2        2  5.4   112   131    2705    (-,-) 
  alu_inst/g1837657/Y          -       B->Y   F     sky130_fd_sc_hd__nor2_1         1  2.6    34    53    2759    (-,-) 
  alu_inst/g1846358/Y          -       A->Y   R     sky130_fd_sc_hd__nand2_1        1  2.7    44    53    2812    (-,-) 
  alu_inst/g1852186/Y          -       A->Y   F     sky130_fd_sc_hd__nand2_1        1  4.6    44    58    2869    (-,-) 
  alu_inst/g1852185/Y          -       A->Y   R     sky130_fd_sc_hd__inv_2          2  6.6    39    60    2930    (-,-) 
  alu_inst/g1856607/Y          -       A->Y   F     sky130_fd_sc_hd__nand3_2        3  9.6    77    80    3009    (-,-) 
  alu_inst/g1855066/Y          -       A->Y   R     sky130_fd_sc_hd__inv_2          3 12.3    66    90    3100    (-,-) 
  alu_inst/fopt1851245/Y       -       A->Y   F     sky130_fd_sc_hd__inv_2          3  9.5    31    51    3150    (-,-) 
  alu_inst/fopt1851254/Y       -       A->Y   R     sky130_fd_sc_hd__inv_2          3 12.3    63    70    3221    (-,-) 
  alu_inst/g1855782/Y          -       A->Y   F     sky130_fd_sc_hd__nand2_1        2  6.3    59    71    3292    (-,-) 
  alu_inst/g1855786/Y          -       A->Y   R     sky130_fd_sc_hd__clkinv_1       1  2.7    28    50    3342    (-,-) 
  alu_inst/g1855785/Y          -       B->Y   F     sky130_fd_sc_hd__nand2_1        2  4.9    45    58    3400    (-,-) 
  alu_inst/g1846205/Y          -       B->Y   R     sky130_fd_sc_hd__nor2_1         1  2.7    77    83    3483    (-,-) 
  alu_inst/g468/Y              -       A->Y   F     sky130_fd_sc_hd__nand2_1        2  7.0    63    81    3564    (-,-) 
  alu_inst/g1853969/Y          -       A->Y   R     sky130_fd_sc_hd__nand2_2        2  7.5    59    77    3642    (-,-) 
  alu_inst/g1855742/Y          -       A->Y   F     sky130_fd_sc_hd__nand2_2        1  4.6    33    52    3694    (-,-) 
  alu_inst/g1855741/Y          -       A->Y   R     sky130_fd_sc_hd__nand2_2        4 12.1    83    84    3778    (-,-) 
  alu_inst/g1855745/Y          -       B->Y   F     sky130_fd_sc_hd__nand2_2        6 14.6    70    93    3871    (-,-) 
  alu_inst/g1847517/Y          -       A->Y   R     sky130_fd_sc_hd__inv_1          2  4.4    50    71    3942    (-,-) 
  alu_inst/g1847522/X          -       A->X   R     sky130_fd_sc_hd__and2_1         1  2.7    47   113    4055    (-,-) 
  alu_inst/g1854777/Y          -       A->Y   F     sky130_fd_sc_hd__nand2_1        1  4.6    43    59    4113    (-,-) 
  alu_inst/g1854776/Y          -       A->Y   R     sky130_fd_sc_hd__nand3_2        3 10.2    80    84    4197    (-,-) 
  alu_inst/g1854778/Y          -       A->Y   F     sky130_fd_sc_hd__inv_2          2  5.0    26    44    4241    (-,-) 
  alu_inst/g1285/Y             -       A2->Y  R     sky130_fd_sc_hd__o21ai_1        2  4.7   134   132    4373    (-,-) 
  alu_inst/g1852364/Y          -       C->Y   F     sky130_fd_sc_hd__nand3_1        1  4.5    71   107    4480    (-,-) 
  alu_inst/g1853415/Y          -       C->Y   R     sky130_fd_sc_hd__nand4_2        2  6.9    85   116    4596    (-,-) 
  alu_inst/g44/Y               -       A->Y   F     sky130_fd_sc_hd__nand2_2        4 11.3    60    80    4676    (-,-) 
  alu_inst/fopt1845746/X       -       A->X   F     sky130_fd_sc_hd__buf_2          1  4.6    28   129    4804    (-,-) 
  alu_inst/fopt1845738/Y       -       A->Y   R     sky130_fd_sc_hd__inv_2          4  8.9    48    61    4866    (-,-) 
  alu_inst/fopt1845737/Y       -       A->Y   F     sky130_fd_sc_hd__inv_1          1  4.6    29    46    4911    (-,-) 
  alu_inst/g1855272/Y          -       A->Y   R     sky130_fd_sc_hd__nand2_2        2  7.5    59    66    4977    (-,-) 
  alu_inst/g1855276/Y          -       A->Y   F     sky130_fd_sc_hd__nand2_2        2  4.4    32    52    5028    (-,-) 
  alu_inst/g1835308__1855277/Y -       A->Y   R     sky130_fd_sc_hd__nand2_1        1  2.7    44    51    5079    (-,-) 
  alu_inst/g1850265/Y          -       B->Y   F     sky130_fd_sc_hd__nand2_1        1  4.6    48    61    5140    (-,-) 
  alu_inst/g1850550/Y          -       A->Y   R     sky130_fd_sc_hd__nand3_2        3  7.3    66    75    5215    (-,-) 
  alu_inst/g369/Y              -       A->Y   F     sky130_fd_sc_hd__nand3_1        2  4.9    72    83    5299    (-,-) 
  alu_inst/fopt1854952/Y       -       A->Y   R     sky130_fd_sc_hd__inv_1          2  7.7    75    91    5390    (-,-) 
  alu_inst/g1835073__4733/Y    -       A->Y   F     sky130_fd_sc_hd__nand2_2        3  9.4    52    71    5461    (-,-) 
  alu_inst/g1835066__7098/Y    -       A->Y   R     sky130_fd_sc_hd__nor2_2         2  5.5    90   121    5581    (-,-) 
  alu_inst/g1835051/Y          -       A->Y   F     sky130_fd_sc_hd__inv_1          1  2.6    30    47    5628    (-,-) 
  alu_inst/g1849819/Y          -       A->Y   R     sky130_fd_sc_hd__nand2_1        2  5.3    66    68    5696    (-,-) 
  alu_inst/g1834943__5526/Y    -       A1->Y  F     sky130_fd_sc_hd__a21oi_1        1  2.6    42    62    5758    (-,-) 
  alu_inst/g1834925__7410/Y    -       A->Y   R     sky130_fd_sc_hd__nand2_1        2  5.3    67    72    5831    (-,-) 
  alu_inst/g1398/Y             -       A->Y   F     sky130_fd_sc_hd__nand2_1        3  7.6    65    80    5910    (-,-) 
  alu_inst/g1850234/Y          -       A->Y   R     sky130_fd_sc_hd__nand2_1        2  7.3    84    94    6004    (-,-) 
  alu_inst/g1850233/Y          -       A->Y   F     sky130_fd_sc_hd__nand3_1        1  4.4    70    85    6090    (-,-) 
  alu_inst/g1834645__6417/Y    -       B->Y   R     sky130_fd_sc_hd__nor2_2         2  7.5   110   122    6212    (-,-) 
  alu_inst/g1834542__1666/Y    -       A->Y   F     sky130_fd_sc_hd__nand3_1        1  2.6    59    80    6292    (-,-) 
  alu_inst/g1834520__4319/Y    -       A->Y   R     sky130_fd_sc_hd__nand2_1        2  5.3    67    80    6372    (-,-) 
  alu_inst/g1834495__5122/Y    -       B->Y   F     sky130_fd_sc_hd__nand2_1        1  4.6    53    67    6438    (-,-) 
  alu_inst/g1854578/Y          -       A->Y   R     sky130_fd_sc_hd__nand3_2        4 10.5    87    89    6527    (-,-) 
  alu_inst/g1854581/Y          -       A->Y   F     sky130_fd_sc_hd__nand3_1        1  4.5    71    87    6614    (-,-) 
  alu_inst/g1853356/Y          -       A->Y   R     sky130_fd_sc_hd__nor2_2         3  7.9   114   149    6763    (-,-) 
  alu_inst/g1849235/Y          -       B->Y   F     sky130_fd_sc_hd__nand2_1        1  3.2    42    71    6834    (-,-) 
  alu_inst/g1849234/Y          -       A->Y   R     sky130_fd_sc_hd__clkinv_1       2  5.7    40    58    6892    (-,-) 
  alu_inst/g1851156/Y          -       A2->Y  F     sky130_fd_sc_hd__o2111ai_1      1  2.1    76    90    6982    (-,-) 
  result_r_reg[13]/SCD         <<<     -      F     sky130_fd_sc_hd__sdfrtp_1       1    -     -     4    6986    (-,-) 
#-----------------------------------------------------------------------------------------------------------------------

