============================================================
  Generated by:           Genus(TM) Synthesis Solution 21.14-s082_1
  Generated on:           Sep 23 2026  03:12:36 pm
  Module:                 coprocessor
  Operating conditions:   tt_025C_1v80 (balanced_tree)
  Wireload mode:          top
  Area mode:              timing library
============================================================


Path 1: MET (13 ps) Setup Check with Pin result_r_reg[14]/CLK->SCD
          Group: clk
     Startpoint: (R) in2_r_reg[12]/CLK
          Clock: (R) clk
       Endpoint: (F) result_r_reg[14]/SCD
          Clock: (R) clk

                     Capture       Launch     
        Clock Edge:+   20000            0     
       Src Latency:+       0            0     
       Net Latency:+       0 (I)        0 (I) 
           Arrival:=   20000            0     
                                              
             Setup:-     434                  
     Required Time:=   19566                  
      Launch Clock:-       0                  
         Data Path:-   19553                  
             Slack:=      13                  

#----------------------------------------------------------------------------------------------------------------------------------------
#               Timing Point                 Flags     Arc     Edge            Cell             Fanout Load Trans Delay Arrival Instance 
#                                                                                                      (fF)  (ps)  (ps)   (ps)  Location 
#----------------------------------------------------------------------------------------------------------------------------------------
  in2_r_reg[12]/CLK                          -       -         R     (arrival)                     119    -     0     0       0    (-,-) 
  in2_r_reg[12]/Q                            -       CLK->Q    R     sky130_fd_sc_hd__sdfrtp_1       8 20.7   183   384     384    (-,-) 
  alu_inst/g87393/Y                          -       A->Y      F     sky130_fd_sc_hd__nor2_1         1  1.8    45    67     450    (-,-) 
  alu_inst/g87376/X                          -       C->X      F     sky130_fd_sc_hd__and3_1         1  2.5    36   174     625    (-,-) 
  alu_inst/g87496/Y                          -       D->Y      R     sky130_fd_sc_hd__nand4b_1       1  2.7    74    87     712    (-,-) 
  alu_inst/g87350/Y                          -       A->Y      F     sky130_fd_sc_hd__nand2_1        1  3.1    75    58     770    (-,-) 
  alu_inst/g87521/SUM                        -       B->SUM    R     sky130_fd_sc_hd__ha_1          17 49.1   426   564    1334    (-,-) 
  alu_inst/g87320/Y                          -       A->Y      F     sky130_fd_sc_hd__inv_2         22 57.1   187   237    1571    (-,-) 
  alu_inst/g87300/Y                          -       B2->Y     R     sky130_fd_sc_hd__o2bb2ai_1      2  4.4   144   201    1772    (-,-) 
  alu_inst/g87485/Y                          -       A_N->Y    R     sky130_fd_sc_hd__nand2b_1       2  4.4    69   134    1906    (-,-) 
  alu_inst/g87271/Y                          -       B->Y      F     sky130_fd_sc_hd__nor2_1         2  4.9    34    54    1960    (-,-) 
  alu_inst/g87493/X                          -       A1->X     F     sky130_fd_sc_hd__a221o_1        1  2.5    52   302    2262    (-,-) 
  alu_inst/g87216/X                          -       A2->X     F     sky130_fd_sc_hd__a21o_2        21 59.5   156   338    2601    (-,-) 
  alu_inst/g87474/X                          -       S->X      F     sky130_fd_sc_hd__mux2_2         2  4.6    55   319    2919    (-,-) 
  alu_inst/g87466/X                          -       A1->X     F     sky130_fd_sc_hd__mux2_1         1  2.4    54   289    3208    (-,-) 
  alu_inst/g87487/Y                          -       B1->Y     R     sky130_fd_sc_hd__a222oi_1       1  2.7   256   269    3477    (-,-) 
  alu_inst/g3/Y                              -       A->Y      F     sky130_fd_sc_hd__inv_1         19 46.2   225   267    3744    (-,-) 
  alu_inst/g86891/Y                          -       A->Y      R     sky130_fd_sc_hd__inv_2          8 20.3   122   175    3919    (-,-) 
  alu_inst/g86786/X                          -       A->X      R     sky130_fd_sc_hd__or2_0         11 27.4   420   379    4298    (-,-) 
  alu_inst/g86589/X                          -       B->X      R     sky130_fd_sc_hd__or2_1         24 65.6   606   560    4858    (-,-) 
  alu_inst/g86461/Y                          -       A->Y      F     sky130_fd_sc_hd__inv_2         15 35.3   185   220    5078    (-,-) 
  alu_inst/g85660__7410/Y                    -       A1->Y     R     sky130_fd_sc_hd__a32oi_1        1  2.7   148   221    5299    (-,-) 
  alu_inst/g85095__2346/Y                    -       D->Y      F     sky130_fd_sc_hd__nand4_1        1  2.5    71   111    5411    (-,-) 
  alu_inst/g85054__1705/Y                    -       D->Y      R     sky130_fd_sc_hd__nor4_1         1  2.8   221   173    5584    (-,-) 
  alu_inst/g84967__3680/Y                    -       B->Y      F     sky130_fd_sc_hd__nand4_1        1  1.6    78   108    5692    (-,-) 
  alu_inst/g84949__7482/X                    -       D->X      F     sky130_fd_sc_hd__or4_1         18 43.7   282   646    6337    (-,-) 
  alu_inst/muldiv_inst_mul_349_24_g7301/Y    -       A->Y      R     sky130_fd_sc_hd__inv_2         15 39.6   197   267    6604    (-,-) 
  alu_inst/g87513/X                          -       A1->X     R     sky130_fd_sc_hd__a22o_1         8 23.5   235   310    6915    (-,-) 
  alu_inst/muldiv_inst_mul_349_24_g7211/Y    -       A->Y      F     sky130_fd_sc_hd__inv_2          8 19.3    82   109    7023    (-,-) 
  alu_inst/muldiv_inst_mul_349_24_g7206/Y    -       A->Y      R     sky130_fd_sc_hd__nand2_1        6 18.3   180   169    7192    (-,-) 
  alu_inst/muldiv_inst_mul_349_24_g7197/Y    -       A->Y      F     sky130_fd_sc_hd__inv_2          8 19.9    72    99    7292    (-,-) 
  alu_inst/muldiv_inst_mul_349_24_g7122/Y    -       A1->Y     R     sky130_fd_sc_hd__a22oi_1        1  7.2   234   238    7530    (-,-) 
  alu_inst/muldiv_inst_mul_349_24_g7073/SUM  -       A->SUM    F     sky130_fd_sc_hd__fa_1           1  4.8    88   454    7984    (-,-) 
  alu_inst/muldiv_inst_mul_349_24_g7025/SUM  -       CIN->SUM  F     sky130_fd_sc_hd__fa_1           2  5.0    89   463    8446    (-,-) 
  alu_inst/muldiv_inst_mul_349_24_g7017/Y    -       A1->Y     R     sky130_fd_sc_hd__a22oi_1        2  5.3   197   216    8663    (-,-) 
  alu_inst/muldiv_inst_mul_349_24_g7012/Y    -       A1->Y     F     sky130_fd_sc_hd__a221oi_1       1  2.7    82   120    8783    (-,-) 
  alu_inst/muldiv_inst_mul_349_24_g7009/X    -       B->X      F     sky130_fd_sc_hd__maj3_1         2  5.1    80   357    9140    (-,-) 
  alu_inst/muldiv_inst_mul_349_24_g6995/Y    -       A2_N->Y   F     sky130_fd_sc_hd__a2bb2oi_1      1  2.7    45   140    9281    (-,-) 
  alu_inst/muldiv_inst_mul_349_24_g6994/X    -       B->X      F     sky130_fd_sc_hd__maj3_1         1  4.8    78   344    9625    (-,-) 
  alu_inst/muldiv_inst_mul_349_24_g6993/COUT -       CIN->COUT F     sky130_fd_sc_hd__fa_1           1  4.8    82   390   10015    (-,-) 
  alu_inst/muldiv_inst_mul_349_24_g6991/COUT -       CIN->COUT F     sky130_fd_sc_hd__fa_1           1  4.8    82   391   10406    (-,-) 
  alu_inst/muldiv_inst_mul_349_24_g6989/COUT -       CIN->COUT F     sky130_fd_sc_hd__fa_1           1  4.8    82   391   10798    (-,-) 
  alu_inst/muldiv_inst_mul_349_24_g6987/COUT -       CIN->COUT F     sky130_fd_sc_hd__fa_1           1  4.8    82   391   11189    (-,-) 
  alu_inst/muldiv_inst_mul_349_24_g6985/COUT -       CIN->COUT F     sky130_fd_sc_hd__fa_1           3  6.6    92   406   11595    (-,-) 
  alu_inst/muldiv_inst_mul_349_24_g6983/X    -       B->X      F     sky130_fd_sc_hd__or2_2          2  5.0    63   298   11893    (-,-) 
  alu_inst/muldiv_inst_mul_349_24_g6980/Y    -       A2->Y     R     sky130_fd_sc_hd__o221ai_1       1  4.9   204   205   12098    (-,-) 
  alu_inst/muldiv_inst_mul_349_24_g6978/COUT -       CIN->COUT R     sky130_fd_sc_hd__fa_1           1  4.9    74   226   12324    (-,-) 
  alu_inst/muldiv_inst_mul_349_24_g6977/COUT -       CIN->COUT R     sky130_fd_sc_hd__fa_1           1  4.9    72   184   12509    (-,-) 
  alu_inst/muldiv_inst_mul_349_24_g6976/COUT -       CIN->COUT R     sky130_fd_sc_hd__fa_1           1  4.9    72   184   12693    (-,-) 
  alu_inst/muldiv_inst_mul_349_24_g6975/COUT -       CIN->COUT R     sky130_fd_sc_hd__fa_1           1  4.9    72   184   12877    (-,-) 
  alu_inst/muldiv_inst_mul_349_24_g6974/COUT -       CIN->COUT R     sky130_fd_sc_hd__fa_1           2  5.5    77   189   13066    (-,-) 
  alu_inst/muldiv_inst_mul_349_24_g6973/Y    -       A->Y      F     sky130_fd_sc_hd__nand2_1        1  2.3    42    52   13118    (-,-) 
  alu_inst/muldiv_inst_mul_349_24_g6972/Y    -       B1->Y     R     sky130_fd_sc_hd__o21ai_1        6 17.6   362   206   13324    (-,-) 
  alu_inst/g63814/SUM                        -       B->SUM    F     sky130_fd_sc_hd__ha_1           1  4.8    63   316   13640    (-,-) 
  alu_inst/g63766/COUT                       -       CIN->COUT F     sky130_fd_sc_hd__fa_1           1  4.8    82   385   14024    (-,-) 
  alu_inst/g63743/COUT                       -       CIN->COUT F     sky130_fd_sc_hd__fa_1           1  4.8    82   391   14416    (-,-) 
  alu_inst/g63666/COUT                       -       CIN->COUT F     sky130_fd_sc_hd__fa_1           1  4.8    82   391   14807    (-,-) 
  alu_inst/g63629/COUT                       -       CIN->COUT F     sky130_fd_sc_hd__fa_1           1  4.8    82   391   15199    (-,-) 
  alu_inst/g63567/COUT                       -       CIN->COUT F     sky130_fd_sc_hd__fa_1           1  4.8    82   391   15590    (-,-) 
  alu_inst/g63531/SUM                        -       CIN->SUM  F     sky130_fd_sc_hd__fa_1           2  5.0    89   461   16051    (-,-) 
  alu_inst/g63512/Y                          -       B1->Y     R     sky130_fd_sc_hd__o2bb2ai_1      8 23.2   490   436   16487    (-,-) 
  alu_inst/g63488/Y                          -       B->Y      F     sky130_fd_sc_hd__nor2_1         6 15.0   155   188   16675    (-,-) 
  alu_inst/g63471/Y                          -       A->Y      R     sky130_fd_sc_hd__nand2_1        7 18.8   184   205   16880    (-,-) 
  alu_inst/g63382/Y                          -       A3->Y     F     sky130_fd_sc_hd__o32ai_1        1  2.5    66   100   16980    (-,-) 
  alu_inst/g63368/Y                          -       B->Y      R     sky130_fd_sc_hd__nor3_1         3  8.0   288   278   17258    (-,-) 
  alu_inst/g63362/Y                          -       B->Y      F     sky130_fd_sc_hd__nand2b_1       3  7.3    94   133   17391    (-,-) 
  alu_inst/g63355/Y                          -       B->Y      R     sky130_fd_sc_hd__nor2_1         3  7.9   164   166   17557    (-,-) 
  alu_inst/g63347/Y                          -       A->Y      F     sky130_fd_sc_hd__nand2_1        2  5.6    80    94   17651    (-,-) 
  alu_inst/g63346/Y                          -       A->Y      R     sky130_fd_sc_hd__clkinv_1       2  5.3    44    70   17720    (-,-) 
  alu_inst/g63342/Y                          -       A->Y      F     sky130_fd_sc_hd__nand2_1        2  5.6   127    62   17782    (-,-) 
  alu_inst/g63340/Y                          -       A->Y      R     sky130_fd_sc_hd__clkinv_1       2  5.3    54    87   17869    (-,-) 
  alu_inst/g63333/Y                          -       A->Y      F     sky130_fd_sc_hd__nand2_1        3  7.3    90    74   17942    (-,-) 
  alu_inst/g63329/Y                          -       B->Y      R     sky130_fd_sc_hd__nor2_1         2  5.6   130   136   18078    (-,-) 
  alu_inst/g63327/Y                          -       A->Y      F     sky130_fd_sc_hd__inv_1          2  5.0    47    69   18148    (-,-) 
  alu_inst/g63324/Y                          -       B->Y      R     sky130_fd_sc_hd__nor2_1         2  5.6   131   120   18268    (-,-) 
  alu_inst/g63323/Y                          -       A->Y      F     sky130_fd_sc_hd__inv_1          2  5.0    47    69   18337    (-,-) 
  alu_inst/g63320/Y                          -       B->Y      R     sky130_fd_sc_hd__nor2_1         3  8.2   169   152   18489    (-,-) 
  alu_inst/g63313/Y                          -       B->Y      F     sky130_fd_sc_hd__nand2b_1       3  7.4    78   110   18599    (-,-) 
  alu_inst/g63308/Y                          -       B->Y      R     sky130_fd_sc_hd__nor2_1         2  5.4   123   129   18728    (-,-) 
  alu_inst/g63306/Y                          -       A->Y      F     sky130_fd_sc_hd__inv_1          2  5.0    46    68   18796    (-,-) 
  alu_inst/g63300/Y                          -       B->Y      R     sky130_fd_sc_hd__nor2_1         3  7.9   164   148   18944    (-,-) 
  alu_inst/g63295/Y                          -       A->Y      F     sky130_fd_sc_hd__nand2_1        3  7.4    79   106   19050    (-,-) 
  alu_inst/g63287/Y                          -       B->Y      R     sky130_fd_sc_hd__nor2_1         3  7.9   164   160   19210    (-,-) 
  alu_inst/g63281/Y                          -       A->Y      F     sky130_fd_sc_hd__nand2_1        1  4.8    65    88   19298    (-,-) 
  alu_inst/g63276/Y                          -       B->Y      R     sky130_fd_sc_hd__xnor2_1        1  2.7   116   141   19439    (-,-) 
  alu_inst/g62877/Y                          -       B2->Y     F     sky130_fd_sc_hd__o221ai_1       1  2.1   111   110   19549    (-,-) 
  result_r_reg[14]/SCD                       <<<     -         F     sky130_fd_sc_hd__sdfrtp_1       1    -     -     4   19553    (-,-) 
#----------------------------------------------------------------------------------------------------------------------------------------

