============================================================
  Generated by:           Genus(TM) Synthesis Solution 21.14-s082_1
  Generated on:           Sep 23 2026  06:05:13 pm
  Module:                 coprocessor
  Operating conditions:   tt_025C_1v80 (balanced_tree)
  Wireload mode:          top
  Area mode:              timing library
============================================================


Path 1: VIOLATED (-680 ps) Setup Check with Pin result_r_reg[8]/CLK->SCD
          Group: clk
     Startpoint: (R) in2_r_reg[6]/CLK
          Clock: (R) clk
       Endpoint: (F) result_r_reg[8]/SCD
          Clock: (R) clk

                     Capture       Launch     
        Clock Edge:+    6803            0     
       Src Latency:+       0            0     
       Net Latency:+       0 (I)        0 (I) 
           Arrival:=    6803            0     
                                              
             Setup:-     408                  
     Required Time:=    6394                  
      Launch Clock:-       0                  
         Data Path:-    7074                  
             Slack:=    -680                  

#---------------------------------------------------------------------------------------------------------------------
#       Timing Point        Flags    Arc    Edge            Cell             Fanout Load Trans Delay Arrival Instance 
#                                                                                   (fF)  (ps)  (ps)   (ps)  Location 
#---------------------------------------------------------------------------------------------------------------------
  in2_r_reg[6]/CLK          -       -       R     (arrival)                     119    -     0     0       0    (-,-) 
  in2_r_reg[6]/Q            -       CLK->Q  F     sky130_fd_sc_hd__sdfrtp_1       3  6.7    58   324     324    (-,-) 
  alu_inst/fopt1350478/Y    -       A->Y    R     sky130_fd_sc_hd__inv_1          2  4.7    50    68     393    (-,-) 
  alu_inst/g1361737/Y       -       D->Y    F     sky130_fd_sc_hd__nand4_1        1  5.1    92   112     505    (-,-) 
  alu_inst/g1349513/Y       -       A->Y    R     sky130_fd_sc_hd__clkinv_2       6 17.8    74   105     610    (-,-) 
  alu_inst/g1349433/Y       -       B->Y    F     sky130_fd_sc_hd__nand3_1        3  7.5    99   111     722    (-,-) 
  alu_inst/g126/Y           -       A->Y    R     sky130_fd_sc_hd__nand2_1        1  2.7    47    78     800    (-,-) 
  alu_inst/g1365610/Y       -       A->Y    F     sky130_fd_sc_hd__nand2_1        1  4.6    43    59     859    (-,-) 
  alu_inst/g1365609/Y       -       A->Y    R     sky130_fd_sc_hd__nand2_2        5 17.9   110   108     967    (-,-) 
  alu_inst/g1362020/Y       -       A->Y    F     sky130_fd_sc_hd__inv_2          2  5.0    31    50    1017    (-,-) 
  alu_inst/g1362019/Y       -       A->Y    R     sky130_fd_sc_hd__nand2_1        1  2.7    44    50    1067    (-,-) 
  alu_inst/g1349053/Y       -       A->Y    F     sky130_fd_sc_hd__nand3_1        1  2.6    67    61    1128    (-,-) 
  alu_inst/g1361077/Y       -       A->Y    R     sky130_fd_sc_hd__nand2_1        1  2.8    45    67    1196    (-,-) 
  alu_inst/g1365573/Y       -       B->Y    F     sky130_fd_sc_hd__nor2_1         1  4.4    36    46    1241    (-,-) 
  alu_inst/g1361074/Y       -       B->Y    R     sky130_fd_sc_hd__nor2_2         1  4.9    84    90    1332    (-,-) 
  alu_inst/g1356430/Y       -       B->Y    F     sky130_fd_sc_hd__nand2_2        2  9.1    49    80    1412    (-,-) 
  alu_inst/fopt1352229/Y    -       A->Y    R     sky130_fd_sc_hd__inv_2          3 14.5    73    85    1496    (-,-) 
  alu_inst/fopt1352231/Y    -       A->Y    F     sky130_fd_sc_hd__inv_2          5 16.0    44    65    1562    (-,-) 
  alu_inst/g1352235/Y       -       A2->Y   R     sky130_fd_sc_hd__o21ai_2        3  7.3   131   139    1700    (-,-) 
  alu_inst/g1348489/Y       -       A->Y    F     sky130_fd_sc_hd__nand2_1        1  4.6    58    81    1782    (-,-) 
  alu_inst/g491/Y           -       A->Y    R     sky130_fd_sc_hd__nand2_2        3 12.3    83    95    1877    (-,-) 
  alu_inst/g486/Y           -       A->Y    F     sky130_fd_sc_hd__nand2_1        1  4.6    49    68    1945    (-,-) 
  alu_inst/g485/Y           -       A->Y    R     sky130_fd_sc_hd__nand3_2        2  8.4    74    80    2024    (-,-) 
  alu_inst/fopt1366293/Y    -       A->Y    F     sky130_fd_sc_hd__clkinv_2       7 18.9    80   102    2126    (-,-) 
  alu_inst/g1347792/Y       -       A->Y    R     sky130_fd_sc_hd__inv_1          1  4.9    56    78    2204    (-,-) 
  alu_inst/g1355432/Y       -       A->Y    F     sky130_fd_sc_hd__inv_2          4 11.3    32    55    2258    (-,-) 
  alu_inst/g1351785/Y       -       A->Y    R     sky130_fd_sc_hd__nand2_1        1  2.7    44    50    2309    (-,-) 
  alu_inst/g1362307/Y       -       B->Y    F     sky130_fd_sc_hd__nand2_1        2  4.0    39    58    2367    (-,-) 
  alu_inst/g1362306/Y       -       B->Y    R     sky130_fd_sc_hd__nand2_1        1  2.7    44    61    2428    (-,-) 
  alu_inst/g1362305/Y       -       A->Y    F     sky130_fd_sc_hd__nand2_1        2  4.9    45    59    2487    (-,-) 
  alu_inst/g33/Y            -       A->Y    R     sky130_fd_sc_hd__inv_1          1  4.7    49    63    2550    (-,-) 
  alu_inst/g1343218/Y       -       A->Y    F     sky130_fd_sc_hd__nand3_2        5 14.3   104   104    2654    (-,-) 
  alu_inst/g1351950/Y       -       A->Y    R     sky130_fd_sc_hd__inv_1          2  7.5    77   104    2758    (-,-) 
  alu_inst/g1360542/Y       -       A->Y    F     sky130_fd_sc_hd__nand2_2        2  7.1    44    64    2822    (-,-) 
  alu_inst/g5011/Y          -       A->Y    R     sky130_fd_sc_hd__nand4_1        1  2.7    69    66    2888    (-,-) 
  alu_inst/g673/Y           -       C->Y    F     sky130_fd_sc_hd__nand4_1        1  2.5    64    92    2980    (-,-) 
  alu_inst/g672/Y           -       A->Y    R     sky130_fd_sc_hd__inv_1          3  7.1    70    86    3066    (-,-) 
  alu_inst/g671/Y           -       A->Y    F     sky130_fd_sc_hd__nand4_1        1  4.6    88    93    3159    (-,-) 
  alu_inst/g670/Y           -       A->Y    R     sky130_fd_sc_hd__inv_2          2  9.7    57    89    3248    (-,-) 
  alu_inst/g669/Y           -       A->Y    F     sky130_fd_sc_hd__inv_2          6 14.5    38    58    3306    (-,-) 
  alu_inst/g1357714/Y       -       A->Y    R     sky130_fd_sc_hd__nand2_1        2  5.4    67    70    3376    (-,-) 
  alu_inst/g1360934/Y       -       A->Y    F     sky130_fd_sc_hd__nand2_1        1  2.6    34    52    3428    (-,-) 
  alu_inst/g1360168/Y       -       A->Y    R     sky130_fd_sc_hd__nand2_1        1  4.9    62    67    3495    (-,-) 
  alu_inst/g1360167/Y       -       A->Y    F     sky130_fd_sc_hd__nand2_2        3  9.4    50    70    3565    (-,-) 
  alu_inst/g1365548/Y       -       A1->Y   R     sky130_fd_sc_hd__a21oi_2        1  2.7    80   111    3676    (-,-) 
  alu_inst/g1365547/Y       -       A->Y    F     sky130_fd_sc_hd__nand2_1        3  7.4    65    84    3760    (-,-) 
  alu_inst/g1365550/Y       -       A->Y    R     sky130_fd_sc_hd__inv_1          1  2.7    37    59    3819    (-,-) 
  alu_inst/g1366891/Y       -       A->Y    F     sky130_fd_sc_hd__nand2_1        1  2.6    32    45    3864    (-,-) 
  alu_inst/g1366890/Y       -       A->Y    R     sky130_fd_sc_hd__nand2_1        1  4.9    62    66    3930    (-,-) 
  alu_inst/g1365664/Y       -       A->Y    F     sky130_fd_sc_hd__nand2_2        3  8.8    48    68    3998    (-,-) 
  alu_inst/g1362450/Y       -       A->Y    R     sky130_fd_sc_hd__nand3_2        2  7.3    66    73    4071    (-,-) 
  alu_inst/g1357509/Y       -       A->Y    F     sky130_fd_sc_hd__inv_1          1  2.5    25    42    4112    (-,-) 
  alu_inst/g1365624/Y       -       B->Y    R     sky130_fd_sc_hd__nand2_1        2  7.5    85    86    4198    (-,-) 
  alu_inst/g1365623/Y       -       A->Y    F     sky130_fd_sc_hd__nand2_2        3  9.4    54    74    4272    (-,-) 
  alu_inst/g1365627/Y       -       A->Y    R     sky130_fd_sc_hd__inv_2          2  7.5    43    65    4337    (-,-) 
  alu_inst/g159/Y           -       A->Y    F     sky130_fd_sc_hd__nand2_2        2  5.0    32    49    4385    (-,-) 
  alu_inst/g1355949/Y       -       A->Y    R     sky130_fd_sc_hd__inv_1          1  2.7    33    46    4431    (-,-) 
  alu_inst/g1355948/Y       -       A->Y    F     sky130_fd_sc_hd__nand2_1        1  4.6    42    54    4485    (-,-) 
  alu_inst/g1366487/Y       -       A->Y    R     sky130_fd_sc_hd__nand2_2        4 10.5    76    82    4567    (-,-) 
  alu_inst/g1366488/Y       -       A->Y    F     sky130_fd_sc_hd__nand2_1        2  5.0    50    68    4636    (-,-) 
  alu_inst/g1366485/Y       -       B->Y    R     sky130_fd_sc_hd__nand2_1        1  4.9    62    79    4715    (-,-) 
  alu_inst/g1366484/Y       -       A->Y    F     sky130_fd_sc_hd__inv_2          2 17.3    44    67    4782    (-,-) 
  alu_inst/g125/Y           -       B->Y    R     sky130_fd_sc_hd__nand2_4        9 25.1    93   110    4892    (-,-) 
  alu_inst/g1362050/Y       -       A2_N->Y R     sky130_fd_sc_hd__o2bb2ai_1      1  2.7   106   116    5007    (-,-) 
  alu_inst/g1362049/Y       -       A->Y    F     sky130_fd_sc_hd__nand2_1        1  4.5    53    76    5083    (-,-) 
  alu_inst/g1360425/Y       -       B->Y    R     sky130_fd_sc_hd__nand2_2        3  9.4    68    92    5175    (-,-) 
  alu_inst/g1360424/Y       -       A->Y    F     sky130_fd_sc_hd__nand2_2        1  4.6    34    54    5229    (-,-) 
  alu_inst/g1359422/Y       -       A->Y    R     sky130_fd_sc_hd__nand2_2        3  6.9    56    66    5295    (-,-) 
  alu_inst/g1365958/Y       -       C->Y    F     sky130_fd_sc_hd__nand4_1        1  4.6    87   106    5400    (-,-) 
  alu_inst/fopt1361583/Y    -       A->Y    R     sky130_fd_sc_hd__inv_2          5 14.8    77   106    5506    (-,-) 
  alu_inst/fopt1361582/X    -       A->X    R     sky130_fd_sc_hd__buf_2          2  5.3    39   115    5621    (-,-) 
  alu_inst/g1340334__5115/Y -       A->Y    F     sky130_fd_sc_hd__nand2_1        1  2.6    30    44    5665    (-,-) 
  alu_inst/g1340273__1666/Y -       A->Y    R     sky130_fd_sc_hd__nand3_1        1  2.7    59    60    5725    (-,-) 
  alu_inst/g1340261/Y       -       A->Y    F     sky130_fd_sc_hd__inv_1          2  5.0    32    52    5777    (-,-) 
  alu_inst/g1359430/Y       -       A->Y    R     sky130_fd_sc_hd__nand2_1        1  2.7    44    51    5828    (-,-) 
  alu_inst/g1364475/Y       -       A->Y    F     sky130_fd_sc_hd__nand2_1        2  5.1    47    60    5888    (-,-) 
  alu_inst/g1364474/Y       -       A->Y    R     sky130_fd_sc_hd__nand2_1        1  2.7    44    57    5945    (-,-) 
  alu_inst/g1340109__2802/Y -       A->Y    F     sky130_fd_sc_hd__nand2_1        2  4.3    41    56    6001    (-,-) 
  alu_inst/g1340031__7098/Y -       B->Y    R     sky130_fd_sc_hd__nor2_1         1  2.8    78    83    6084    (-,-) 
  alu_inst/g1364082/Y       -       B->Y    F     sky130_fd_sc_hd__nand4_1        1  3.2    72    96    6180    (-,-) 
  alu_inst/g1364081/Y       -       A->Y    R     sky130_fd_sc_hd__clkinv_1       2  9.3    62    85    6264    (-,-) 
  alu_inst/g571/Y           -       A->Y    F     sky130_fd_sc_hd__nand3_2        4  9.9    79    88    6352    (-,-) 
  alu_inst/g1339802__6417/Y -       B->Y    R     sky130_fd_sc_hd__nor2_1         1  5.0   116   125    6477    (-,-) 
  alu_inst/g93/Y            -       A2->Y   F     sky130_fd_sc_hd__o21ai_2        1  4.6    36    73    6549    (-,-) 
  alu_inst/g1365699/Y       -       A->Y    R     sky130_fd_sc_hd__nand2_2        3  9.5    69    76    6625    (-,-) 
  alu_inst/g1366380/Y       -       A->Y    F     sky130_fd_sc_hd__nand3_1        1  4.6    70    82    6707    (-,-) 
  alu_inst/g90/Y            -       A->Y    R     sky130_fd_sc_hd__inv_2          7 24.9   120   129    6837    (-,-) 
  alu_inst/g1361665/Y       -       B->Y    F     sky130_fd_sc_hd__nand2_4        4 11.9    45    79    6916    (-,-) 
  alu_inst/g1356885/Y       -       B->Y    R     sky130_fd_sc_hd__nor2_1         1  2.7    77    83    6998    (-,-) 
  alu_inst/g1339551__6783/Y -       A1->Y   F     sky130_fd_sc_hd__o21ai_1        1  2.1    39    72    7070    (-,-) 
  result_r_reg[8]/SCD       <<<     -       F     sky130_fd_sc_hd__sdfrtp_1       1    -     -     4    7074    (-,-) 
#---------------------------------------------------------------------------------------------------------------------

