============================================================
  Generated by:           Genus(TM) Synthesis Solution 21.14-s082_1
  Generated on:           Sep 23 2026  04:18:56 pm
  Module:                 coprocessor
  Operating conditions:   tt_025C_1v80 (balanced_tree)
  Wireload mode:          top
  Area mode:              timing library
============================================================


Path 1: VIOLATED (-4142 ps) Setup Check with Pin result_r_reg[7]/CLK->SCD
          Group: clk
     Startpoint: (R) in2_r_reg[6]/CLK
          Clock: (R) clk
       Endpoint: (F) result_r_reg[7]/SCD
          Clock: (R) clk

                     Capture       Launch     
        Clock Edge:+    3333            0     
       Src Latency:+       0            0     
       Net Latency:+       0 (I)        0 (I) 
           Arrival:=    3333            0     
                                              
             Setup:-     415                  
     Required Time:=    2918                  
      Launch Clock:-       0                  
         Data Path:-    7060                  
             Slack:=   -4142                  

#------------------------------------------------------------------------------------------------------------------------
#        Timing Point          Flags    Arc    Edge            Cell             Fanout Load Trans Delay Arrival Instance 
#                                                                                      (fF)  (ps)  (ps)   (ps)  Location 
#------------------------------------------------------------------------------------------------------------------------
  in2_r_reg[6]/CLK             -       -       R     (arrival)                     119    -     0     0       0    (-,-) 
  in2_r_reg[6]/Q               -       CLK->Q  F     sky130_fd_sc_hd__sdfrtp_1       3  7.4    62   328     328    (-,-) 
  alu_inst/g1849684/Y          -       A->Y    R     sky130_fd_sc_hd__clkinv_1       1  2.7    28    51     380    (-,-) 
  alu_inst/g1849605/Y          -       D->Y    F     sky130_fd_sc_hd__nand4_1        2  4.9    90   106     486    (-,-) 
  alu_inst/g1860810/Y          -       B->Y    R     sky130_fd_sc_hd__nor2_1         1  4.7   112   125     611    (-,-) 
  alu_inst/g1859404/Y          -       A->Y    F     sky130_fd_sc_hd__nand3_2        4 11.9    94   114     725    (-,-) 
  alu_inst/g1859403/Y          -       A->Y    R     sky130_fd_sc_hd__nand2_1        1  4.9    65    91     816    (-,-) 
  alu_inst/g1860013/Y          -       A->Y    F     sky130_fd_sc_hd__nand2_2        2  7.1    42    64     880    (-,-) 
  alu_inst/g1860012/Y          -       A->Y    R     sky130_fd_sc_hd__nand2_2        2  5.4    50    61     941    (-,-) 
  alu_inst/fopt1860011/Y       -       A->Y    F     sky130_fd_sc_hd__inv_1          2  7.0    38    55     996    (-,-) 
  alu_inst/fopt1854655/Y       -       A->Y    R     sky130_fd_sc_hd__inv_2          2  9.7    52    65    1061    (-,-) 
  alu_inst/g1851877/Y          -       A2_N->Y R     sky130_fd_sc_hd__o2bb2ai_2      2  4.7   108   103    1164    (-,-) 
  alu_inst/g1866219/Y          -       B->Y    F     sky130_fd_sc_hd__nand2_1        1  2.6    42    65    1229    (-,-) 
  alu_inst/g1869024/Y          -       A->Y    R     sky130_fd_sc_hd__nand2_1        1  4.9    62    70    1299    (-,-) 
  alu_inst/fopt1869023/Y       -       A->Y    F     sky130_fd_sc_hd__inv_2          2 17.3    44    67    1366    (-,-) 
  alu_inst/g1869021/Y          -       B->Y    R     sky130_fd_sc_hd__nand2_4       12 35.5   122   130    1496    (-,-) 
  alu_inst/g1861808/Y          -       A->Y    F     sky130_fd_sc_hd__nand2_1        1  2.3    43    62    1558    (-,-) 
  alu_inst/g1855320/Y          -       B1->Y   R     sky130_fd_sc_hd__o21ai_1        3  7.9   191   118    1676    (-,-) 
  alu_inst/g1865624/Y          -       A->Y    F     sky130_fd_sc_hd__nand2_1        1  2.6    56    74    1750    (-,-) 
  alu_inst/g1865623/Y          -       A->Y    R     sky130_fd_sc_hd__nand3_1        1  2.7    59    71    1821    (-,-) 
  alu_inst/g1865622/Y          -       A->Y    F     sky130_fd_sc_hd__nand2_1        1  4.6    45    63    1884    (-,-) 
  alu_inst/g1868406/Y          -       A->Y    R     sky130_fd_sc_hd__nand2_2        2  7.6    60    73    1957    (-,-) 
  alu_inst/g1868409/Y          -       A->Y    F     sky130_fd_sc_hd__nand2_2        4  9.3    53    66    2023    (-,-) 
  alu_inst/g1868410/Y          -       A2->Y   R     sky130_fd_sc_hd__o21ai_1        1  2.7    99   115    2138    (-,-) 
  alu_inst/g1844462/Y          -       A->Y    F     sky130_fd_sc_hd__nand4_1        2  4.4    88   102    2240    (-,-) 
  alu_inst/g1868394/Y          -       A->Y    R     sky130_fd_sc_hd__nand2_1        1  2.7    45    74    2313    (-,-) 
  alu_inst/g1844149/Y          -       A->Y    F     sky130_fd_sc_hd__inv_1          2  4.1    26    44    2357    (-,-) 
  alu_inst/g1868258/Y          -       A->Y    R     sky130_fd_sc_hd__nand2_1        1  4.8    62    62    2419    (-,-) 
  alu_inst/g1868255/Y          -       B1->Y   F     sky130_fd_sc_hd__o21ai_2        1  4.6    45    62    2481    (-,-) 
  alu_inst/g1867801/Y          -       A->Y    R     sky130_fd_sc_hd__inv_2          3 13.7    69    84    2564    (-,-) 
  alu_inst/g1870123/Y          -       A->Y    F     sky130_fd_sc_hd__nand2_4       11 32.4    80    97    2662    (-,-) 
  alu_inst/g1843831/Y          -       A->Y    R     sky130_fd_sc_hd__inv_2          4  9.9    57    82    2744    (-,-) 
  alu_inst/g1843832/Y          -       A->Y    F     sky130_fd_sc_hd__inv_1          1  2.6    23    40    2784    (-,-) 
  alu_inst/g1843667/Y          -       A->Y    R     sky130_fd_sc_hd__nand2_1        1  2.8    44    49    2833    (-,-) 
  alu_inst/g1865367/Y          -       B->Y    F     sky130_fd_sc_hd__nand3_1        2  5.0    81    87    2920    (-,-) 
  alu_inst/g1865366/Y          -       A->Y    R     sky130_fd_sc_hd__nand2_1        1  2.7    48    71    2991    (-,-) 
  alu_inst/g1865365/Y          -       A->Y    F     sky130_fd_sc_hd__nand3_1        1  4.6    69    77    3068    (-,-) 
  alu_inst/g1860283/Y          -       A->Y    R     sky130_fd_sc_hd__nand2_2        2 11.0    76    96    3163    (-,-) 
  alu_inst/g1867281/Y          -       A->Y    F     sky130_fd_sc_hd__nand2_4       19 46.1   107   120    3283    (-,-) 
  alu_inst/g1852163/Y          -       A->Y    R     sky130_fd_sc_hd__nand2_1        1  2.3    46    77    3360    (-,-) 
  alu_inst/g1852162/Y          -       B1->Y   F     sky130_fd_sc_hd__o21ai_1        2  5.1    70    73    3433    (-,-) 
  alu_inst/g1851795/Y          -       A->Y    R     sky130_fd_sc_hd__nand2_1        1  2.7    44    66    3500    (-,-) 
  alu_inst/g1866138/Y          -       A->Y    F     sky130_fd_sc_hd__nand2_1        3  6.7    57    68    3568    (-,-) 
  alu_inst/g1851997/Y          -       A2->Y   R     sky130_fd_sc_hd__o21ai_0        1  2.8   136   145    3713    (-,-) 
  alu_inst/g31/Y               -       A->Y    F     sky130_fd_sc_hd__nor2_1         1  2.5    41    67    3780    (-,-) 
  alu_inst/g1858867/Y          -       B->Y    R     sky130_fd_sc_hd__nor2_1         1  2.7    77    83    3863    (-,-) 
  alu_inst/g1865953/Y          -       A->Y    F     sky130_fd_sc_hd__nand4_1        1  2.6    66    79    3943    (-,-) 
  alu_inst/g1869300/Y          -       A->Y    R     sky130_fd_sc_hd__nand2_1        2  4.7    61    79    4022    (-,-) 
  alu_inst/fopt1869303/X       -       A->X    R     sky130_fd_sc_hd__buf_2          2  6.2    43   112    4134    (-,-) 
  alu_inst/fopt1869307/Y       -       A->Y    F     sky130_fd_sc_hd__clkinv_1       1  4.6    45    64    4198    (-,-) 
  alu_inst/g1869306/Y          -       A->Y    R     sky130_fd_sc_hd__nand2_2        2  5.3    48    65    4262    (-,-) 
  alu_inst/g1866169/Y          -       A->Y    F     sky130_fd_sc_hd__nand2_1        1  2.6    31    47    4309    (-,-) 
  alu_inst/g1869008/Y          -       A->Y    R     sky130_fd_sc_hd__nand2_1        1  4.9    62    66    4375    (-,-) 
  alu_inst/g1869007/Y          -       A->Y    F     sky130_fd_sc_hd__nand2_2        4  9.3    49    70    4445    (-,-) 
  alu_inst/g1869011/Y          -       A->Y    R     sky130_fd_sc_hd__nand2_1        1  2.7    44    58    4502    (-,-) 
  alu_inst/g56/Y               -       A->Y    F     sky130_fd_sc_hd__nand2_1        1  2.6    36    47    4549    (-,-) 
  alu_inst/g1862429/Y          -       B->Y    R     sky130_fd_sc_hd__nand4_1        1  2.7    69    78    4628    (-,-) 
  alu_inst/g1866800/Y          -       B->Y    F     sky130_fd_sc_hd__nand2_1        2  4.3    43    67    4695    (-,-) 
  alu_inst/g1866799/Y          -       A->Y    R     sky130_fd_sc_hd__inv_1          1  2.7    34    50    4745    (-,-) 
  alu_inst/g1866798/Y          -       A->Y    F     sky130_fd_sc_hd__nand2_1        1  4.6    44    54    4799    (-,-) 
  alu_inst/fopt1868195/Y       -       A->Y    R     sky130_fd_sc_hd__inv_2          2 11.7    60    77    4876    (-,-) 
  alu_inst/g1868927/Y          -       A->Y    F     sky130_fd_sc_hd__nand2_4        8 23.6    62    81    4957    (-,-) 
  alu_inst/fopt29/Y            -       A->Y    R     sky130_fd_sc_hd__inv_2          3 10.2    55    76    5032    (-,-) 
  alu_inst/fopt1866795/Y       -       A->Y    F     sky130_fd_sc_hd__inv_2          8 17.7    44    63    5095    (-,-) 
  alu_inst/g1841299__1861862/Y -       B->Y    R     sky130_fd_sc_hd__nor2_1         1  2.7    77    82    5177    (-,-) 
  alu_inst/g1857537/Y          -       A->Y    F     sky130_fd_sc_hd__nand2_1        1  2.6    36    56    5233    (-,-) 
  alu_inst/g1866101/Y          -       B->Y    R     sky130_fd_sc_hd__nand3_1        1  4.7    78    90    5323    (-,-) 
  alu_inst/g1866100/Y          -       A->Y    F     sky130_fd_sc_hd__nand3_2        2  6.4    69    80    5403    (-,-) 
  alu_inst/g1869189/Y          -       A->Y    R     sky130_fd_sc_hd__nand2_2        2  7.6    61    80    5483    (-,-) 
  alu_inst/g1866095/Y          -       A->Y    F     sky130_fd_sc_hd__nor2_1         1  2.5    27    47    5531    (-,-) 
  alu_inst/g1865885/Y          -       B->Y    R     sky130_fd_sc_hd__nand2_1        1  4.9    63    70    5601    (-,-) 
  alu_inst/fopt1859856/Y       -       A->Y    F     sky130_fd_sc_hd__inv_2          4  7.3    26    48    5649    (-,-) 
  alu_inst/g1840720__1870614/Y -       A2->Y   R     sky130_fd_sc_hd__o21ai_0        1  2.7   133   132    5782    (-,-) 
  alu_inst/g1864855/Y          -       B->Y    F     sky130_fd_sc_hd__nand2_1        2  5.1    55    88    5870    (-,-) 
  alu_inst/g57/Y               -       A->Y    R     sky130_fd_sc_hd__nand2_1        2  7.5    85    91    5960    (-,-) 
  alu_inst/g1869584/Y          -       A->Y    F     sky130_fd_sc_hd__nand2_2        2  7.1    46    66    6026    (-,-) 
  alu_inst/g1869588/Y          -       A->Y    R     sky130_fd_sc_hd__nand2_2        2  7.3    58    69    6096    (-,-) 
  alu_inst/g1869589/Y          -       A->Y    F     sky130_fd_sc_hd__nand2_2        2  4.4    34    51    6147    (-,-) 
  alu_inst/g1866973/Y          -       A->Y    R     sky130_fd_sc_hd__inv_1          1  2.8    34    47    6194    (-,-) 
  alu_inst/g1866972/Y          -       B->Y    F     sky130_fd_sc_hd__nand4_1        1  2.5    65    78    6272    (-,-) 
  alu_inst/g1866971/Y          -       A->Y    R     sky130_fd_sc_hd__inv_1          1  4.7    52    72    6344    (-,-) 
  alu_inst/g1868830/Y          -       A->Y    F     sky130_fd_sc_hd__nand3_2        4 11.8    90    95    6439    (-,-) 
  alu_inst/fopt1868829/Y       -       A->Y    R     sky130_fd_sc_hd__inv_2          3 10.2    59    89    6528    (-,-) 
  alu_inst/g1857808/Y          -       B->Y    F     sky130_fd_sc_hd__nor2_2         1  2.6    36    37    6565    (-,-) 
  alu_inst/g1865400/Y          -       A->Y    R     sky130_fd_sc_hd__nand2_1        1  4.9    63    68    6633    (-,-) 
  alu_inst/g1867295/Y          -       A->Y    F     sky130_fd_sc_hd__nand2_2        3  8.9    50    68    6701    (-,-) 
  alu_inst/g1868845/Y          -       A->Y    R     sky130_fd_sc_hd__nand2_2        9 23.6   139   128    6829    (-,-) 
  alu_inst/g682/Y              -       A_N->Y  R     sky130_fd_sc_hd__nand3b_1       1  4.6    87   137    6966    (-,-) 
  alu_inst/g675/Y              -       C1->Y   F     sky130_fd_sc_hd__o221ai_2       1  2.1    57    90    7056    (-,-) 
  result_r_reg[7]/SCD          <<<     -       F     sky130_fd_sc_hd__sdfrtp_1       1    -     -     4    7060    (-,-) 
#------------------------------------------------------------------------------------------------------------------------

