============================================================
  Generated by:           Genus(TM) Synthesis Solution 21.14-s082_1
  Generated on:           Sep 23 2026  05:23:26 pm
  Module:                 coprocessor
  Operating conditions:   tt_025C_1v80 (balanced_tree)
  Wireload mode:          top
  Area mode:              timing library
============================================================


Path 1: VIOLATED (-3884 ps) Setup Check with Pin result_r_reg[13]/CLK->SCD
          Group: clk
     Startpoint: (R) in1_r_reg[10]/CLK
          Clock: (R) clk
       Endpoint: (F) result_r_reg[13]/SCD
          Clock: (R) clk

                     Capture       Launch     
        Clock Edge:+    3922            0     
       Src Latency:+       0            0     
       Net Latency:+       0 (I)        0 (I) 
           Arrival:=    3922            0     
                                              
             Setup:-     416                  
     Required Time:=    3506                  
      Launch Clock:-       0                  
         Data Path:-    7390                  
             Slack:=   -3884                  

#------------------------------------------------------------------------------------------------------------------
#      Timing Point        Flags    Arc   Edge           Cell             Fanout Load Trans Delay Arrival Instance 
#                                                                                (fF)  (ps)  (ps)   (ps)  Location 
#------------------------------------------------------------------------------------------------------------------
  in1_r_reg[10]/CLK        -       -      R     (arrival)                    119    -     0     0       0    (-,-) 
  in1_r_reg[10]/Q          -       CLK->Q F     sky130_fd_sc_hd__sdfrtp_1      3  6.2    56   322     322    (-,-) 
  alu_inst/g368143/Y       -       A->Y   R     sky130_fd_sc_hd__nor2_1        1  2.7    77   102     424    (-,-) 
  alu_inst/g368142/Y       -       C->Y   F     sky130_fd_sc_hd__nand4_1       1  3.2    72   100     524    (-,-) 
  alu_inst/g363959/Y       -       A->Y   R     sky130_fd_sc_hd__clkinv_1      2  7.3    52    77     601    (-,-) 
  alu_inst/g368844/Y       -       A->Y   F     sky130_fd_sc_hd__nand3_2       3  6.7    61    71     672    (-,-) 
  alu_inst/g375955/Y       -       A->Y   R     sky130_fd_sc_hd__nand2_1       2 14.4   145   136     809    (-,-) 
  alu_inst/g375954/Y       -       A->Y   F     sky130_fd_sc_hd__nand2_2       6 16.5    87   112     921    (-,-) 
  alu_inst/g375684/Y       -       A->Y   R     sky130_fd_sc_hd__inv_2         2  7.6    49    78     999    (-,-) 
  alu_inst/g329/Y          -       A->Y   F     sky130_fd_sc_hd__nand2_2       1  4.6    31    50    1048    (-,-) 
  alu_inst/g373032/Y       -       A->Y   R     sky130_fd_sc_hd__nand2_2       3  7.0    57    65    1113    (-,-) 
  alu_inst/g373031/Y       -       A->Y   F     sky130_fd_sc_hd__nand4_1       1  2.5    63    71    1184    (-,-) 
  alu_inst/fopt337/Y       -       A->Y   R     sky130_fd_sc_hd__inv_1         2  5.3    56    75    1259    (-,-) 
  alu_inst/g369880/Y       -       A->Y   F     sky130_fd_sc_hd__nand2_1       1  2.6    32    49    1308    (-,-) 
  alu_inst/g369879/Y       -       A->Y   R     sky130_fd_sc_hd__nand2_1       1  4.9    63    66    1374    (-,-) 
  alu_inst/g319/Y          -       A->Y   F     sky130_fd_sc_hd__nand2_2       2  7.2    42    64    1438    (-,-) 
  alu_inst/fopt368080/X    -       A->X   F     sky130_fd_sc_hd__buf_6         2 11.0    27   121    1558    (-,-) 
  alu_inst/g369793/Y       -       A->Y   R     sky130_fd_sc_hd__nand2_4      10 28.0   101    98    1657    (-,-) 
  alu_inst/g362037/Y       -       A->Y   F     sky130_fd_sc_hd__nand2_1       2  4.1    50    70    1727    (-,-) 
  alu_inst/g362036/Y       -       B1->Y  R     sky130_fd_sc_hd__o21ai_1       2  4.7   134    90    1817    (-,-) 
  alu_inst/g375961/Y       -       A->Y   F     sky130_fd_sc_hd__nand2_1       1  2.6    47    67    1884    (-,-) 
  alu_inst/g375960/Y       -       A->Y   R     sky130_fd_sc_hd__nand2_1       2  5.3    66    75    1959    (-,-) 
  alu_inst/g371958/Y       -       A->Y   F     sky130_fd_sc_hd__nand2_1       2  4.1    43    60    2019    (-,-) 
  alu_inst/g362043/Y       -       A->Y   R     sky130_fd_sc_hd__nand2_1       2  5.3    73    72    2091    (-,-) 
  alu_inst/g373464/Y       -       A->Y   F     sky130_fd_sc_hd__nand3_1       1  2.6    53    69    2160    (-,-) 
  alu_inst/g373463/Y       -       A->Y   R     sky130_fd_sc_hd__nand2_1       1  2.7    45    61    2220    (-,-) 
  alu_inst/g373715/Y       -       A->Y   F     sky130_fd_sc_hd__nand3_1       1  2.6    49    62    2282    (-,-) 
  alu_inst/g373714/Y       -       A->Y   R     sky130_fd_sc_hd__nand3_1       1  2.7    59    68    2350    (-,-) 
  alu_inst/g375160/Y       -       A->Y   F     sky130_fd_sc_hd__nand3_1       2  4.4    67    79    2429    (-,-) 
  alu_inst/g375159/Y       -       A->Y   R     sky130_fd_sc_hd__nand3_1       1  2.7    59    74    2503    (-,-) 
  alu_inst/g681/Y          -       A->Y   F     sky130_fd_sc_hd__nand4_1       1  4.6    87    92    2594    (-,-) 
  alu_inst/g680/Y          -       A->Y   R     sky130_fd_sc_hd__inv_2         3 14.5    76   105    2699    (-,-) 
  alu_inst/g374250/Y       -       A->Y   F     sky130_fd_sc_hd__inv_2         6 14.6    42    64    2763    (-,-) 
  alu_inst/g372963/Y       -       A2->Y  R     sky130_fd_sc_hd__o21ai_1       1  2.7    99   111    2874    (-,-) 
  alu_inst/g376246/Y       -       A->Y   F     sky130_fd_sc_hd__nand2_1       1  2.5    40    60    2934    (-,-) 
  alu_inst/g376947/Y       -       B->Y   R     sky130_fd_sc_hd__nand2_1       1  4.9    62    76    3011    (-,-) 
  alu_inst/g376240/Y       -       A->Y   F     sky130_fd_sc_hd__nand2_2       2  6.4    40    61    3072    (-,-) 
  alu_inst/g373453/Y       -       A->Y   R     sky130_fd_sc_hd__nand2_2       2  7.5    59    67    3139    (-,-) 
  alu_inst/g162/Y          -       A->Y   F     sky130_fd_sc_hd__nand2_2       2  9.1    48    65    3204    (-,-) 
  alu_inst/g376371/Y       -       A->Y   R     sky130_fd_sc_hd__nand2_2       2  7.6    60    71    3276    (-,-) 
  alu_inst/g373581/Y       -       A->Y   F     sky130_fd_sc_hd__inv_2         4 13.8    37    58    3333    (-,-) 
  alu_inst/g373577/Y       -       B->Y   R     sky130_fd_sc_hd__nand2_2       3 10.2    72    85    3418    (-,-) 
  alu_inst/fopt374259/X    -       A->X   R     sky130_fd_sc_hd__buf_4         4 12.8    49   127    3546    (-,-) 
  alu_inst/g375263/Y       -       A->Y   F     sky130_fd_sc_hd__nand3_1       1  4.6    71    76    3621    (-,-) 
  alu_inst/g375262/Y       -       A->Y   R     sky130_fd_sc_hd__inv_2         8 20.7   102   117    3738    (-,-) 
  alu_inst/g363980/Y       -       A->Y   F     sky130_fd_sc_hd__nand3_1       2  7.1    94   109    3848    (-,-) 
  alu_inst/g349788/Y       -       A->Y   R     sky130_fd_sc_hd__nand3_1       2  7.5   106   119    3966    (-,-) 
  alu_inst/g372984/Y       -       B->Y   F     sky130_fd_sc_hd__nand3_2       1  4.5    55    88    4055    (-,-) 
  alu_inst/g366468/Y       -       A->Y   R     sky130_fd_sc_hd__nor2_2        2  7.7   112   141    4196    (-,-) 
  alu_inst/g373047/Y       -       B->Y   F     sky130_fd_sc_hd__nor2_2        2  5.0    33    53    4249    (-,-) 
  alu_inst/g376715/Y       -       B->Y   R     sky130_fd_sc_hd__nand3_1       1  4.7    78    87    4335    (-,-) 
  alu_inst/g376714/Y       -       A->Y   F     sky130_fd_sc_hd__nand3_2       2  6.4    63    80    4416    (-,-) 
  alu_inst/g374829/Y       -       A->Y   R     sky130_fd_sc_hd__nand2_2       7 17.4   108   112    4528    (-,-) 
  alu_inst/g362124/Y       -       B->Y   F     sky130_fd_sc_hd__nor2_1        2  6.8    50    73    4601    (-,-) 
  alu_inst/g349161__7098/Y -       A->Y   R     sky130_fd_sc_hd__nor2b_2       2  4.7    81   117    4718    (-,-) 
  alu_inst/fopt361047/X    -       A->X   R     sky130_fd_sc_hd__buf_2         2  6.7    45   121    4839    (-,-) 
  alu_inst/g364729/Y       -       A->Y   F     sky130_fd_sc_hd__nand3_2       1  4.6    50    61    4900    (-,-) 
  alu_inst/g364728/Y       -       A->Y   R     sky130_fd_sc_hd__nand2_2       2  7.5    59    74    4974    (-,-) 
  alu_inst/g366611/Y       -       A->Y   F     sky130_fd_sc_hd__nand2_2       2  7.0    41    59    5033    (-,-) 
  alu_inst/fopt63/Y        -       A->Y   R     sky130_fd_sc_hd__inv_2         4  9.9    53    67    5100    (-,-) 
  alu_inst/g349000/X       -       A->X   R     sky130_fd_sc_hd__buf_2         3  7.0    46   112    5212    (-,-) 
  alu_inst/g372705/Y       -       C->Y   F     sky130_fd_sc_hd__nand3b_1      1  2.6    56    74    5286    (-,-) 
  alu_inst/g372886/X       -       C1->X  F     sky130_fd_sc_hd__o221a_2       1  4.6    49   132    5418    (-,-) 
  alu_inst/g368522/Y       -       C->Y   R     sky130_fd_sc_hd__nand3_2       3  7.9    69    91    5509    (-,-) 
  alu_inst/g376391/Y       -       A->Y   F     sky130_fd_sc_hd__nand4_1       1  4.6    89    93    5602    (-,-) 
  alu_inst/g376390/Y       -       A->Y   R     sky130_fd_sc_hd__inv_2         5 15.1    78   107    5709    (-,-) 
  alu_inst/g376394/Y       -       A->Y   F     sky130_fd_sc_hd__nand3_2       3  7.4    68    82    5792    (-,-) 
  alu_inst/g374649/Y       -       A->Y   R     sky130_fd_sc_hd__nand2_1       1  2.7    44    66    5858    (-,-) 
  alu_inst/g367064/Y       -       A->Y   F     sky130_fd_sc_hd__nand2_1       2  5.1    49    60    5918    (-,-) 
  alu_inst/g364235/Y       -       A->Y   R     sky130_fd_sc_hd__nand2_1       3  7.0    81    85    6003    (-,-) 
  alu_inst/g376951/Y       -       A->Y   F     sky130_fd_sc_hd__nand4_1       1  4.5    87    96    6099    (-,-) 
  alu_inst/g376948/Y       -       B1->Y  R     sky130_fd_sc_hd__o21ai_2       2  5.3   110    84    6182    (-,-) 
  alu_inst/g374618/Y       -       A->Y   F     sky130_fd_sc_hd__nand2_1       2  5.0    56    78    6261    (-,-) 
  alu_inst/g364669/Y       -       A->Y   R     sky130_fd_sc_hd__nand2_1       1  2.7    44    61    6322    (-,-) 
  alu_inst/g184/Y          -       A->Y   F     sky130_fd_sc_hd__nand2_1       2  4.4    47    57    6378    (-,-) 
  alu_inst/g141/Y          -       A->Y   R     sky130_fd_sc_hd__nand4_1       1  4.9    91    83    6461    (-,-) 
  alu_inst/g140/Y          -       A->Y   F     sky130_fd_sc_hd__inv_2         6 14.0    44    70    6531    (-,-) 
  alu_inst/g365327/Y       -       A->Y   R     sky130_fd_sc_hd__nand2_1       2  7.5    85    86    6617    (-,-) 
  alu_inst/g365326/Y       -       A->Y   F     sky130_fd_sc_hd__inv_2         2  8.9    34    54    6671    (-,-) 
  alu_inst/g366801/Y       -       A->Y   R     sky130_fd_sc_hd__inv_2         1  4.9    31    48    6719    (-,-) 
  alu_inst/g366800/Y       -       A->Y   F     sky130_fd_sc_hd__nand2_2       1  4.6    30    46    6765    (-,-) 
  alu_inst/g373972/Y       -       B->Y   R     sky130_fd_sc_hd__nand3_2       3  9.9    86    89    6854    (-,-) 
  alu_inst/g373973/Y       -       A->Y   F     sky130_fd_sc_hd__nand3_2       2  5.0    57    74    6928    (-,-) 
  alu_inst/g375468/Y       -       A->Y   R     sky130_fd_sc_hd__nor2_1        1  2.7    77   103    7031    (-,-) 
  alu_inst/g375461/Y       -       B->Y   F     sky130_fd_sc_hd__nand2_1       1  4.6    46    71    7102    (-,-) 
  alu_inst/g375460/Y       -       A->Y   R     sky130_fd_sc_hd__inv_2         6 14.5    73    86    7188    (-,-) 
  alu_inst/g941/X          -       A1->X  R     sky130_fd_sc_hd__a31o_1        1  2.7    46   133    7321    (-,-) 
  alu_inst/g232/Y          -       A->Y   F     sky130_fd_sc_hd__nand4_1       1  2.1    59    66    7386    (-,-) 
  result_r_reg[13]/SCD     <<<     -      F     sky130_fd_sc_hd__sdfrtp_1      1    -     -     4    7390    (-,-) 
#------------------------------------------------------------------------------------------------------------------

