============================================================
  Generated by:           Genus(TM) Synthesis Solution 21.14-s082_1
  Generated on:           Sep 23 2026  03:16:26 pm
  Module:                 coprocessor
  Operating conditions:   tt_025C_1v80 (balanced_tree)
  Wireload mode:          top
  Area mode:              timing library
============================================================


Path 1: MET (1 ps) Setup Check with Pin result_r_reg[14]/CLK->SCD
          Group: clk
     Startpoint: (R) in2_r_reg[4]/CLK
          Clock: (R) clk
       Endpoint: (F) result_r_reg[14]/SCD
          Clock: (R) clk

                     Capture       Launch     
        Clock Edge:+   13333            0     
       Src Latency:+       0            0     
       Net Latency:+       0 (I)        0 (I) 
           Arrival:=   13333            0     
                                              
             Setup:-     432                  
     Required Time:=   12901                  
      Launch Clock:-       0                  
         Data Path:-   12900                  
             Slack:=       1                  

#------------------------------------------------------------------------------------------------------------------------
#        Timing Point         Flags     Arc    Edge            Cell             Fanout Load Trans Delay Arrival Instance 
#                                                                                      (fF)  (ps)  (ps)   (ps)  Location 
#------------------------------------------------------------------------------------------------------------------------
  in2_r_reg[4]/CLK            -       -        R     (arrival)                     119    -     0     0       0    (-,-) 
  in2_r_reg[4]/Q              -       CLK->Q   F     sky130_fd_sc_hd__sdfrtp_1       6 13.1    86   354     354    (-,-) 
  alu_inst/g308006/X          -       B->X     F     sky130_fd_sc_hd__or2_1          2  4.9    60   232     586    (-,-) 
  alu_inst/g307660/Y          -       B->Y     R     sky130_fd_sc_hd__nor2_1         3  7.9   164   153     740    (-,-) 
  alu_inst/g307651/Y          -       A->Y     F     sky130_fd_sc_hd__nand2_1        2  7.0    77   103     843    (-,-) 
  alu_inst/g307643/Y          -       A->Y     R     sky130_fd_sc_hd__inv_2          4 10.5    59    84     927    (-,-) 
  alu_inst/g307623/Y          -       A->Y     F     sky130_fd_sc_hd__nand2_1        1  2.6    39    50     977    (-,-) 
  alu_inst/g307581/Y          -       A->Y     R     sky130_fd_sc_hd__nand2_1        1  5.0    69    70    1047    (-,-) 
  alu_inst/g308041/Y          -       B->Y     R     sky130_fd_sc_hd__xnor2_1        5 13.6   338   202    1249    (-,-) 
  alu_inst/g307354/Y          -       B->Y     F     sky130_fd_sc_hd__nand3_1        1  2.6    87   120    1369    (-,-) 
  alu_inst/g307333/Y          -       A->Y     R     sky130_fd_sc_hd__nor2_1         1  1.7    63   103    1472    (-,-) 
  alu_inst/g307310/Y          -       A_N->Y   R     sky130_fd_sc_hd__nand2b_2       6 18.0   115   168    1640    (-,-) 
  alu_inst/g307285/Y          -       A->Y     F     sky130_fd_sc_hd__nand2_1        1  2.5    43    62    1702    (-,-) 
  alu_inst/g307279/Y          -       A->Y     R     sky130_fd_sc_hd__inv_1          1  4.9    51    64    1766    (-,-) 
  alu_inst/g307233/X          -       A1->X    R     sky130_fd_sc_hd__a21o_4        22 65.8   186   232    1999    (-,-) 
  alu_inst/g308034/X          -       S->X     F     sky130_fd_sc_hd__mux2_2         2  5.0    56   368    2366    (-,-) 
  alu_inst/g308092/X          -       B1->X    F     sky130_fd_sc_hd__a22o_1         1  2.6    40   179    2545    (-,-) 
  alu_inst/g306999/Y          -       A->Y     R     sky130_fd_sc_hd__nand2_1        1  4.9    65    69    2615    (-,-) 
  alu_inst/g306876/Y          -       B->Y     F     sky130_fd_sc_hd__nand3_2       14 32.4   202   195    2810    (-,-) 
  alu_inst/g306789/Y          -       A->Y     R     sky130_fd_sc_hd__inv_2         13 32.7   164   208    3018    (-,-) 
  alu_inst/g306621/X          -       A->X     R     sky130_fd_sc_hd__and2_4        16 40.7   132   247    3264    (-,-) 
  alu_inst/g306547/X          -       A->X     R     sky130_fd_sc_hd__and2_1        16 43.5   426   411    3676    (-,-) 
  alu_inst/g306465/Y          -       A->Y     F     sky130_fd_sc_hd__inv_2         23 54.7   183   232    3908    (-,-) 
  alu_inst/g305569/X          -       A2->X    F     sky130_fd_sc_hd__o21a_1         1  2.5    35   219    4127    (-,-) 
  alu_inst/g304937/Y          -       A2->Y    R     sky130_fd_sc_hd__o211ai_1       1  2.8   148   152    4279    (-,-) 
  alu_inst/g304712/Y          -       A->Y     F     sky130_fd_sc_hd__nor2_1         1  2.6    43    70    4349    (-,-) 
  alu_inst/g304658/Y          -       A->Y     R     sky130_fd_sc_hd__nand4_1        1  2.8    71    68    4417    (-,-) 
  alu_inst/g304595/Y          -       B->Y     F     sky130_fd_sc_hd__nor2_1         1  1.8    27    42    4459    (-,-) 
  alu_inst/g307952/X          -       D->X     F     sky130_fd_sc_hd__and4_1         1  2.6    38   185    4644    (-,-) 
  alu_inst/g304314/X          -       B->X     F     sky130_fd_sc_hd__and2_4        15 38.0    68   200    4845    (-,-) 
  alu_inst/g304301/Y          -       A->Y     R     sky130_fd_sc_hd__clkinv_2      13 34.6   127   130    4974    (-,-) 
  alu_inst/g304251/Y          -       A->Y     F     sky130_fd_sc_hd__nor2_1         1  1.7    36    58    5033    (-,-) 
  alu_inst/g308044/X          -       A->X     F     sky130_fd_sc_hd__or2_2          5 14.4    89   336    5369    (-,-) 
  alu_inst/g304200/Y          -       C1->Y    R     sky130_fd_sc_hd__o211ai_1       3 10.3   285   158    5527    (-,-) 
  alu_inst/g304187/Y          -       A->Y     F     sky130_fd_sc_hd__inv_2         10 24.3   101   134    5661    (-,-) 
  alu_inst/g304164/Y          -       A1->Y    R     sky130_fd_sc_hd__a22oi_1        2  7.8   246   257    5918    (-,-) 
  alu_inst/g304087__5107/Y    -       A2_N->Y  R     sky130_fd_sc_hd__o2bb2ai_1      1  6.5   177   175    6093    (-,-) 
  alu_inst/g303882__1617/SUM  -       B->SUM   F     sky130_fd_sc_hd__fa_1           1  4.8    88   463    6556    (-,-) 
  alu_inst/g303787__7098/SUM  -       CIN->SUM R     sky130_fd_sc_hd__fa_1           3 10.3   120   552    7108    (-,-) 
  alu_inst/g303741__6260/Y    -       A->Y     F     sky130_fd_sc_hd__nand2_1        2  3.9    52    75    7183    (-,-) 
  alu_inst/g303723__1881/X    -       A->X     F     sky130_fd_sc_hd__and2_1         2  4.1    42   143    7326    (-,-) 
  alu_inst/g303700__2346/X    -       A->X     F     sky130_fd_sc_hd__and2_1         1  2.6    35   131    7457    (-,-) 
  alu_inst/g303678__8428/Y    -       A3->Y    R     sky130_fd_sc_hd__o31ai_1        1  2.3   177   177    7634    (-,-) 
  alu_inst/g303672__5477/Y    -       B1->Y    F     sky130_fd_sc_hd__o21ai_1        1  2.5    61    92    7727    (-,-) 
  alu_inst/g303667__2346/Y    -       B1->Y    R     sky130_fd_sc_hd__a41oi_1        4 11.8   338   300    8027    (-,-) 
  alu_inst/g303633__9945/Y    -       A2->Y    F     sky130_fd_sc_hd__o21ai_1        2  5.7    87   128    8155    (-,-) 
  alu_inst/g303625/Y          -       A->Y     R     sky130_fd_sc_hd__clkinv_1       3  8.4    59    85    8240    (-,-) 
  alu_inst/g303587__1617/Y    -       A2->Y    F     sky130_fd_sc_hd__o21ai_1        1  2.6    44    58    8298    (-,-) 
  alu_inst/g303554__1617/Y    -       A1->Y    R     sky130_fd_sc_hd__a21oi_1       10 26.6   565   453    8751    (-,-) 
  alu_inst/g303497__8246/Y    -       A2->Y    F     sky130_fd_sc_hd__o21ai_1        2  7.0   126   162    8914    (-,-) 
  alu_inst/g303460__3680/X    -       B->X     R     sky130_fd_sc_hd__xor2_1         8 24.2   509   450    9364    (-,-) 
  alu_inst/g303343__7098/COUT -       A->COUT  R     sky130_fd_sc_hd__ha_1           3  8.7   106   279    9643    (-,-) 
  alu_inst/g303307__1617/COUT -       A->COUT  R     sky130_fd_sc_hd__ha_1           2  5.3    71   174    9817    (-,-) 
  alu_inst/g303296__2398/Y    -       B->Y     F     sky130_fd_sc_hd__nand2_1        1  2.3    49    55    9872    (-,-) 
  alu_inst/g303293__5477/Y    -       B1->Y    R     sky130_fd_sc_hd__o21ai_1       11 29.4   569   315   10187    (-,-) 
  alu_inst/g303288/Y          -       A->Y     F     sky130_fd_sc_hd__clkinv_1       3  7.3   156   206   10392    (-,-) 
  alu_inst/g303273__1617/Y    -       B->Y     R     sky130_fd_sc_hd__nor2_1         6 15.6   293   285   10677    (-,-) 
  alu_inst/g303252__7482/Y    -       A->Y     F     sky130_fd_sc_hd__nand2_1        7 16.7   155   197   10874    (-,-) 
  alu_inst/g303230__2398/Y    -       C->Y     R     sky130_fd_sc_hd__nor3_1         1  2.8   156   168   11042    (-,-) 
  alu_inst/g303207__3680/Y    -       B->Y     F     sky130_fd_sc_hd__nor2_1         1  2.5    44    60   11102    (-,-) 
  alu_inst/g303204__8428/Y    -       C1->Y    R     sky130_fd_sc_hd__o221ai_1       3  8.3   273   104   11206    (-,-) 
  alu_inst/g303198/Y          -       A->Y     F     sky130_fd_sc_hd__clkinv_1       2  5.0    89   132   11338    (-,-) 
  alu_inst/g303178__1617/Y    -       A->Y     R     sky130_fd_sc_hd__nand2_1        2  5.5    71    93   11431    (-,-) 
  alu_inst/g303171__5107/Y    -       B->Y     F     sky130_fd_sc_hd__nor2_1         5 12.7   105    81   11512    (-,-) 
  alu_inst/g303164__2883/Y    -       A->Y     R     sky130_fd_sc_hd__nand3_1        2  6.2    97   115   11627    (-,-) 
  alu_inst/g303162/Y          -       A->Y     F     sky130_fd_sc_hd__clkinv_1       2  5.1    56    86   11713    (-,-) 
  alu_inst/g303150__1705/Y    -       A->Y     R     sky130_fd_sc_hd__nand2_1        3  8.2    92    96   11809    (-,-) 
  alu_inst/g303143__4319/Y    -       A->Y     F     sky130_fd_sc_hd__nor2b_1        2  4.9    42    64   11873    (-,-) 
  alu_inst/g303141/Y          -       A->Y     R     sky130_fd_sc_hd__inv_1          2  5.6    56    67   11940    (-,-) 
  alu_inst/g303136__7410/Y    -       B->Y     F     sky130_fd_sc_hd__nor2_1         3  6.6    83    56   11996    (-,-) 
  alu_inst/g303130__6161/Y    -       A->Y     R     sky130_fd_sc_hd__nand2_1        3  7.4    91   102   12099    (-,-) 
  alu_inst/g303120__5122/Y    -       B->Y     F     sky130_fd_sc_hd__nor2_1         4  9.9    80    79   12177    (-,-) 
  alu_inst/g303108__5477/Y    -       B->Y     R     sky130_fd_sc_hd__nand4b_1       2  7.5   126   133   12310    (-,-) 
  alu_inst/g303103/Y          -       A->Y     F     sky130_fd_sc_hd__inv_2          2  5.1    34    52   12362    (-,-) 
  alu_inst/g303095__7482/Y    -       A->Y     R     sky130_fd_sc_hd__nand2_1        2  6.2    78    74   12436    (-,-) 
  alu_inst/g303088/Y          -       A->Y     F     sky130_fd_sc_hd__clkinv_1       2  4.2    47    74   12509    (-,-) 
  alu_inst/g303076__5477/X    -       A->X     F     sky130_fd_sc_hd__and2_1         1  4.8    45   144   12653    (-,-) 
  alu_inst/g303058__2802/Y    -       B->Y     R     sky130_fd_sc_hd__xnor2_1        1  2.7   116   133   12786    (-,-) 
  alu_inst/g302992__5107/Y    -       B2->Y    F     sky130_fd_sc_hd__o221ai_1       1  2.1   105   110   12896    (-,-) 
  result_r_reg[14]/SCD        <<<     -        F     sky130_fd_sc_hd__sdfrtp_1       1    -     -     4   12900    (-,-) 
#------------------------------------------------------------------------------------------------------------------------

