============================================================
  Generated by:           Genus(TM) Synthesis Solution 21.14-s082_1
  Generated on:           Sep 23 2026  06:34:18 pm
  Module:                 coprocessor
  Operating conditions:   tt_025C_1v80 (balanced_tree)
  Wireload mode:          top
  Area mode:              timing library
============================================================


Path 1: MET (1 ps) Setup Check with Pin result_r_reg[6]/CLK->SCD
          Group: clk
     Startpoint: (R) in2_r_reg[5]/CLK
          Clock: (R) clk
       Endpoint: (F) result_r_reg[6]/SCD
          Clock: (R) clk

                     Capture       Launch     
        Clock Edge:+   10309            0     
       Src Latency:+       0            0     
       Net Latency:+       0 (I)        0 (I) 
           Arrival:=   10309            0     
                                              
             Setup:-     434                  
     Required Time:=    9875                  
      Launch Clock:-       0                  
         Data Path:-    9874                  
             Slack:=       1                  

#--------------------------------------------------------------------------------------------------------------------
#       Timing Point        Flags    Arc   Edge            Cell             Fanout Load Trans Delay Arrival Instance 
#                                                                                  (fF)  (ps)  (ps)   (ps)  Location 
#--------------------------------------------------------------------------------------------------------------------
  in2_r_reg[5]/CLK          -       -      R     (arrival)                     119    -     0     0       0    (-,-) 
  in2_r_reg[5]/Q            -       CLK->Q R     sky130_fd_sc_hd__sdfrtp_1       5 14.9   138   350     350    (-,-) 
  alu_inst/g2325287/Y       -       A->Y   F     sky130_fd_sc_hd__nor2_1         1  2.5    41    66     416    (-,-) 
  alu_inst/g2325687/Y       -       B->Y   R     sky130_fd_sc_hd__nand4b_1       2  5.3   100   100     516    (-,-) 
  alu_inst/g2325178/Y       -       A->Y   F     sky130_fd_sc_hd__nand2_1        1  2.6    50    60     577    (-,-) 
  alu_inst/g2325164/Y       -       A->Y   R     sky130_fd_sc_hd__nand2_1        3 12.5   129   121     697    (-,-) 
  alu_inst/g2325092/Y       -       B->Y   F     sky130_fd_sc_hd__nor2_1         1  4.4    44    66     764    (-,-) 
  alu_inst/g2325018/Y       -       A2->Y  R     sky130_fd_sc_hd__o21ai_2        6 16.7   227   212     976    (-,-) 
  alu_inst/g2324996/Y       -       A->Y   F     sky130_fd_sc_hd__clkinv_1       3  7.4    96   140    1116    (-,-) 
  alu_inst/g2325864/X       -       A2->X  F     sky130_fd_sc_hd__o221a_1        1  2.5    45   255    1371    (-,-) 
  alu_inst/g2324772/Y       -       B->Y   R     sky130_fd_sc_hd__nand2_1        1  2.7    44    65    1436    (-,-) 
  alu_inst/g2324704/Y       -       B->Y   F     sky130_fd_sc_hd__nand2_1        1  2.5    35    50    1486    (-,-) 
  alu_inst/g2324645/Y       -       B->Y   R     sky130_fd_sc_hd__nand2_1        1  4.9    63    74    1560    (-,-) 
  alu_inst/g2324628/Y       -       A->Y   F     sky130_fd_sc_hd__inv_2          4 15.9    42    65    1625    (-,-) 
  alu_inst/g2324615/Y       -       A->Y   R     sky130_fd_sc_hd__inv_2          9 24.0   115   112    1736    (-,-) 
  alu_inst/g2324568/Y       -       B->Y   F     sky130_fd_sc_hd__nor2_1         1  2.6    35    53    1790    (-,-) 
  alu_inst/g2324526/Y       -       A->Y   R     sky130_fd_sc_hd__nor2_1         1  2.7    77    96    1886    (-,-) 
  alu_inst/g2324475/Y       -       A->Y   F     sky130_fd_sc_hd__nand2_1        2  5.0    50    70    1956    (-,-) 
  alu_inst/g2324391/Y       -       B->Y   R     sky130_fd_sc_hd__nand2_1        1  2.7    44    66    2021    (-,-) 
  alu_inst/g2324321/Y       -       A->Y   F     sky130_fd_sc_hd__nand2_1        1  2.3    51    45    2067    (-,-) 
  alu_inst/g2324208/Y       -       B1->Y  R     sky130_fd_sc_hd__o21ai_1        1  5.1   141    96    2163    (-,-) 
  alu_inst/g2324099/X       -       B1->X  R     sky130_fd_sc_hd__a21o_4        24 76.4   214   249    2412    (-,-) 
  alu_inst/g2325576/Y       -       A->Y   F     sky130_fd_sc_hd__nor2_1         4 11.2    88   123    2535    (-,-) 
  alu_inst/g2323662/Y       -       A->Y   R     sky130_fd_sc_hd__inv_2         11 32.8   155   160    2694    (-,-) 
  alu_inst/g2323649/Y       -       A->Y   F     sky130_fd_sc_hd__inv_4         16 39.9    70    99    2793    (-,-) 
  alu_inst/g2323416/Y       -       A->Y   R     sky130_fd_sc_hd__nand2_1       11 31.1   291   242    3035    (-,-) 
  alu_inst/g2323298/Y       -       A->Y   F     sky130_fd_sc_hd__inv_2          7 15.9    86   110    3144    (-,-) 
  alu_inst/g2322079/Y       -       A1->Y  R     sky130_fd_sc_hd__a31oi_1        1  2.3   116   135    3279    (-,-) 
  alu_inst/g2321902/Y       -       B1->Y  F     sky130_fd_sc_hd__o21ai_1        1  2.5    51    81    3360    (-,-) 
  alu_inst/g2321812/Y       -       B->Y   R     sky130_fd_sc_hd__nor2_1         1  2.8    79    88    3448    (-,-) 
  alu_inst/g2321737/Y       -       B->Y   F     sky130_fd_sc_hd__nand3_1        1  2.5    52    78    3526    (-,-) 
  alu_inst/g2321585/Y       -       B->Y   R     sky130_fd_sc_hd__nor2_1         1  2.7    78    87    3613    (-,-) 
  alu_inst/g2321480/Y       -       A->Y   F     sky130_fd_sc_hd__nand3_1        1  2.5    56    71    3684    (-,-) 
  alu_inst/g2321440/Y       -       B->Y   R     sky130_fd_sc_hd__nor2_1         1  4.9   114   116    3800    (-,-) 
  alu_inst/g2321433/Y       -       A->Y   F     sky130_fd_sc_hd__nand2_2        6 23.0   104   125    3925    (-,-) 
  alu_inst/g2321416/Y       -       A->Y   R     sky130_fd_sc_hd__inv_4          8 19.7    68   107    4032    (-,-) 
  alu_inst/g2321368/Y       -       A_N->Y R     sky130_fd_sc_hd__nand2b_1      10 27.0   286   272    4304    (-,-) 
  alu_inst/g2321251/Y       -       B2->Y  F     sky130_fd_sc_hd__o22ai_1        1  2.5    81   108    4412    (-,-) 
  alu_inst/g2321142/Y       -       B1->Y  R     sky130_fd_sc_hd__a21oi_1        2  5.4   157   165    4577    (-,-) 
  alu_inst/g2321040/Y       -       B->Y   F     sky130_fd_sc_hd__nor2_1         2  4.0    48    68    4645    (-,-) 
  alu_inst/g2320955/Y       -       A_N->Y F     sky130_fd_sc_hd__nand2b_1       2  4.9    57   152    4796    (-,-) 
  alu_inst/g2320929/Y       -       A->Y   R     sky130_fd_sc_hd__inv_1          1  2.7    35    56    4852    (-,-) 
  alu_inst/g2320820__8428/Y -       B->Y   F     sky130_fd_sc_hd__nand2_1        2  5.1    46    61    4913    (-,-) 
  alu_inst/g2325743/X       -       A2->X  F     sky130_fd_sc_hd__a22o_1         2  5.0    52   239    5152    (-,-) 
  alu_inst/g2320607__6161/Y -       B->Y   R     sky130_fd_sc_hd__nand2_1        2  7.7    87    98    5250    (-,-) 
  alu_inst/g2320541__9315/Y -       B->Y   R     sky130_fd_sc_hd__xnor2_1        1  2.8   118   122    5372    (-,-) 
  alu_inst/g2320469__6161/Y -       B->Y   F     sky130_fd_sc_hd__nor2_1         1  2.5    44    56    5428    (-,-) 
  alu_inst/g2320449__1705/Y -       B1->Y  R     sky130_fd_sc_hd__a21oi_1        1  2.3    97   106    5534    (-,-) 
  alu_inst/g2320428__9315/Y -       B1->Y  F     sky130_fd_sc_hd__o21ai_1        1  2.6    48    75    5609    (-,-) 
  alu_inst/g2320385__8246/Y -       A->Y   R     sky130_fd_sc_hd__nand2_1        1  2.7    44    59    5668    (-,-) 
  alu_inst/g2320345__6131/Y -       A->Y   F     sky130_fd_sc_hd__nand3_1        1  2.6    51    61    5729    (-,-) 
  alu_inst/g2320302__6783/X -       C1->X  F     sky130_fd_sc_hd__o211a_1        2  6.3    56   128    5857    (-,-) 
  alu_inst/g2325599/Y       -       A_N->Y F     sky130_fd_sc_hd__nand2b_1       1  2.6    42   140    5997    (-,-) 
  alu_inst/g2320266__6260/Y -       A->Y   R     sky130_fd_sc_hd__nand2_1        5 15.8   158   138    6135    (-,-) 
  alu_inst/g2320223__7482/Y -       B->Y   F     sky130_fd_sc_hd__nand2_2        2 10.2    62    98    6233    (-,-) 
  alu_inst/g2325717/Y       -       B_N->Y F     sky130_fd_sc_hd__nor2b_1        1  2.3    31   131    6364    (-,-) 
  alu_inst/g2320193__9315/Y -       B1->Y  R     sky130_fd_sc_hd__o21ai_1        2  4.6   132    83    6448    (-,-) 
  alu_inst/g2320164__1666/Y -       A->Y   F     sky130_fd_sc_hd__nand2_1        3  7.5    78   100    6547    (-,-) 
  alu_inst/g2320115__2802/Y -       A1->Y  R     sky130_fd_sc_hd__a31oi_1        1  5.0   171   171    6718    (-,-) 
  alu_inst/g2325693/Y       -       B->Y   R     sky130_fd_sc_hd__xnor2_1        7 19.9   465   274    6993    (-,-) 
  alu_inst/g2320038__4319/X -       B->X   R     sky130_fd_sc_hd__and2_1         9 25.8   260   350    7343    (-,-) 
  alu_inst/g2320010__1705/Y -       B->Y   F     sky130_fd_sc_hd__nand2b_1       2  7.0    88   125    7468    (-,-) 
  alu_inst/g2325692/X       -       B->X   R     sky130_fd_sc_hd__xor2_1        10 27.9   578   486    7954    (-,-) 
  alu_inst/g2319896__1666/Y -       B->Y   F     sky130_fd_sc_hd__nor2_1        12 28.5   221   279    8233    (-,-) 
  alu_inst/g2319805__5477/Y -       C1->Y  R     sky130_fd_sc_hd__a222oi_1       4 10.9   500   448    8681    (-,-) 
  alu_inst/g2319742__2398/Y -       C->Y   F     sky130_fd_sc_hd__nand3_1        3  9.5   156   209    8890    (-,-) 
  alu_inst/g2319735/Y       -       A->Y   R     sky130_fd_sc_hd__inv_2          4 10.5    72   115    9005    (-,-) 
  alu_inst/g2319720__1617/Y -       A->Y   F     sky130_fd_sc_hd__nand4_1        5 12.2   209   159    9164    (-,-) 
  alu_inst/g2319692__5122/X -       A2->X  F     sky130_fd_sc_hd__o211a_1        1  1.9    35   263    9427    (-,-) 
  alu_inst/g2319674__9945/Y -       D1->Y  R     sky130_fd_sc_hd__a2111oi_0      1  2.6   332   267    9694    (-,-) 
  alu_inst/g2319664__5122/Y -       C1->Y  F     sky130_fd_sc_hd__o221ai_1       1  2.1   111   176    9870    (-,-) 
  result_r_reg[6]/SCD       <<<     -      F     sky130_fd_sc_hd__sdfrtp_1       1    -     -     4    9874    (-,-) 
#--------------------------------------------------------------------------------------------------------------------

