============================================================
  Generated by:           Genus(TM) Synthesis Solution 21.14-s082_1
  Generated on:           Sep 23 2026  05:11:28 pm
  Module:                 coprocessor
  Operating conditions:   tt_025C_1v80 (balanced_tree)
  Wireload mode:          top
  Area mode:              timing library
============================================================


Path 1: MET (73430 ps) Setup Check with Pin result_r_reg[14]/CLK->SCD
          Group: clk
     Startpoint: (R) in2_r_reg[0]/CLK
          Clock: (R) clk
       Endpoint: (F) result_r_reg[14]/SCD
          Clock: (R) clk

                     Capture       Launch     
        Clock Edge:+  100000            0     
       Src Latency:+       0            0     
       Net Latency:+       0 (I)        0 (I) 
           Arrival:=  100000            0     
                                              
             Setup:-     430                  
     Required Time:=   99570                  
      Launch Clock:-       0                  
         Data Path:-   26140                  
             Slack:=   73430                  

#---------------------------------------------------------------------------------------------------------------------
#       Timing Point        Flags    Arc    Edge            Cell             Fanout Load Trans Delay Arrival Instance 
#                                                                                   (fF)  (ps)  (ps)   (ps)  Location 
#---------------------------------------------------------------------------------------------------------------------
  in2_r_reg[0]/CLK          -       -       R     (arrival)                     119    -     0     0       0    (-,-) 
  in2_r_reg[0]/Q            -       CLK->Q  F     sky130_fd_sc_hd__sdfrtp_1      10 23.3   130   396     396    (-,-) 
  alu_inst/g117165/Y        -       A->Y    R     sky130_fd_sc_hd__nor2_1         2  4.5   109   151     546    (-,-) 
  alu_inst/g117162/Y        -       B_N->Y  R     sky130_fd_sc_hd__nor2b_1        2  5.5   132   175     722    (-,-) 
  alu_inst/g117154/Y        -       B->Y    F     sky130_fd_sc_hd__nand2b_1       2  4.1    53    82     803    (-,-) 
  alu_inst/g117146/Y        -       B->Y    R     sky130_fd_sc_hd__nor2_1         2  5.5   124   121     924    (-,-) 
  alu_inst/g117140/Y        -       B->Y    F     sky130_fd_sc_hd__nand2b_1       2  4.1    52    80    1004    (-,-) 
  alu_inst/g117134/Y        -       B->Y    R     sky130_fd_sc_hd__nor2_1         2  4.5   107   108    1112    (-,-) 
  alu_inst/g117197/Y        -       B_N->Y  R     sky130_fd_sc_hd__nor2b_1        2  4.5   115   162    1274    (-,-) 
  alu_inst/g117196/Y        -       B_N->Y  R     sky130_fd_sc_hd__nor2b_1        2  4.5   115   164    1437    (-,-) 
  alu_inst/g117195/Y        -       B_N->Y  R     sky130_fd_sc_hd__nor2b_1        2  5.5   132   177    1614    (-,-) 
  alu_inst/g117107/Y        -       B->Y    F     sky130_fd_sc_hd__nand2b_1       3  6.6    68    97    1712    (-,-) 
  alu_inst/g117097/Y        -       C->Y    R     sky130_fd_sc_hd__nor3_1         2  5.5   221   191    1902    (-,-) 
  alu_inst/g117089/Y        -       B->Y    F     sky130_fd_sc_hd__nand2b_1       2  5.0    70   103    2005    (-,-) 
  alu_inst/g117085/Y        -       A->Y    R     sky130_fd_sc_hd__nand2_1        2  3.6    63    72    2078    (-,-) 
  alu_inst/g117082/X        -       B2->X   R     sky130_fd_sc_hd__a2bb2o_1      34 98.6   941   762    2840    (-,-) 
  alu_inst/g117075/Y        -       A2_N->Y R     sky130_fd_sc_hd__a2bb2oi_1      3  6.9   202   259    3099    (-,-) 
  alu_inst/g117044/Y        -       C_N->Y  R     sky130_fd_sc_hd__nor3b_1        8 24.1   764   660    3759    (-,-) 
  alu_inst/g117036/Y        -       A->Y    F     sky130_fd_sc_hd__nand4_1        8 25.9   417   468    4227    (-,-) 
  alu_inst/g117008/Y        -       A1->Y   R     sky130_fd_sc_hd__o221ai_1      17 50.7  1114   984    5211    (-,-) 
  alu_inst/g117005/Y        -       A->Y    F     sky130_fd_sc_hd__inv_2         10 23.8   221   200    5411    (-,-) 
  alu_inst/g116954/X        -       B2->X   F     sky130_fd_sc_hd__a22o_1         2  4.9    55   276    5687    (-,-) 
  alu_inst/g116909/Y        -       B1->Y   R     sky130_fd_sc_hd__a222oi_1      12 32.0  1123   903    6590    (-,-) 
  alu_inst/drc_bufs117180/Y -       A->Y    F     sky130_fd_sc_hd__clkinv_1      19 46.2   510   667    7257    (-,-) 
  alu_inst/g62708/Y         -       B_N->Y  F     sky130_fd_sc_hd__nor2b_1        2  4.9    96   314    7571    (-,-) 
  alu_inst/g62669/Y         -       B1->Y   R     sky130_fd_sc_hd__a21oi_1        2  5.4   168   169    7740    (-,-) 
  alu_inst/g62641/Y         -       C1->Y   F     sky130_fd_sc_hd__o211ai_1       1  2.3    95   108    7848    (-,-) 
  alu_inst/g62628/Y         -       B1->Y   R     sky130_fd_sc_hd__o21ai_1        1  2.7   163    94    7942    (-,-) 
  alu_inst/g62552/Y         -       C1->Y   F     sky130_fd_sc_hd__a221oi_1       1  2.7   106    73    8015    (-,-) 
  alu_inst/g62521/X         -       B->X    F     sky130_fd_sc_hd__maj3_1         1  2.7    65   345    8360    (-,-) 
  alu_inst/g62499/X         -       B->X    F     sky130_fd_sc_hd__maj3_1         1  2.7    65   332    8692    (-,-) 
  alu_inst/g62485/X         -       B->X    F     sky130_fd_sc_hd__maj3_1         1  1.6    57   321    9013    (-,-) 
  alu_inst/g62477/X         -       A2_N->X R     sky130_fd_sc_hd__a2bb2o_1      36 96.7   924   862    9875    (-,-) 
  alu_inst/g62475/Y         -       A->Y    F     sky130_fd_sc_hd__inv_2         35 83.0   329   401   10276    (-,-) 
  alu_inst/g62466/Y         -       A2->Y   R     sky130_fd_sc_hd__o22ai_1        5 13.4   351   404   10680    (-,-) 
  alu_inst/g62426/Y         -       C1->Y   F     sky130_fd_sc_hd__a221oi_1       3  7.6   236   131   10811    (-,-) 
  alu_inst/g62404/X         -       B->X    F     sky130_fd_sc_hd__maj3_1         3  7.7    94   433   11244    (-,-) 
  alu_inst/g62394/X         -       B->X    F     sky130_fd_sc_hd__maj3_1         3  7.7    94   379   11623    (-,-) 
  alu_inst/g62388/X         -       B->X    F     sky130_fd_sc_hd__maj3_1         1  2.5    64   338   11960    (-,-) 
  alu_inst/g62370/Y         -       A2->Y   R     sky130_fd_sc_hd__o221ai_1       6 17.9   462   390   12350    (-,-) 
  alu_inst/g62369/Y         -       A->Y    F     sky130_fd_sc_hd__inv_2          6 14.6   109   121   12471    (-,-) 
  alu_inst/g62362/Y         -       A->Y    R     sky130_fd_sc_hd__nand2_1       14 39.3   362   311   12782    (-,-) 
  alu_inst/g62359/Y         -       A->Y    F     sky130_fd_sc_hd__inv_2         12 29.1   124   158   12940    (-,-) 
  alu_inst/g62337/Y         -       A1->Y   R     sky130_fd_sc_hd__a22oi_1        2  7.6   244   262   13202    (-,-) 
  alu_inst/g62326/Y         -       A->Y    F     sky130_fd_sc_hd__inv_2          1  2.6    42    47   13249    (-,-) 
  alu_inst/g62307/Y         -       A1->Y   R     sky130_fd_sc_hd__a22oi_1        2  5.4   211   202   13451    (-,-) 
  alu_inst/g62274/Y         -       B2->Y   F     sky130_fd_sc_hd__a2bb2oi_1      1  2.5   162    91   13542    (-,-) 
  alu_inst/g62247/Y         -       A2->Y   R     sky130_fd_sc_hd__o22ai_1        2  5.6   194   231   13773    (-,-) 
  alu_inst/g62211/Y         -       B2->Y   F     sky130_fd_sc_hd__a2bb2oi_1      3  6.6   154   118   13891    (-,-) 
  alu_inst/g62158/Y         -       B_N->Y  F     sky130_fd_sc_hd__nor2b_1        2  7.1    54   195   14086    (-,-) 
  alu_inst/g62135/X         -       B->X    F     sky130_fd_sc_hd__maj3_1         2  7.1    91   362   14448    (-,-) 
  alu_inst/g62122/X         -       B->X    F     sky130_fd_sc_hd__maj3_1         2  7.1    91   373   14821    (-,-) 
  alu_inst/g62110/X         -       B->X    F     sky130_fd_sc_hd__maj3_1         2  7.1    91   373   15194    (-,-) 
  alu_inst/g62101/X         -       B->X    F     sky130_fd_sc_hd__maj3_1         2  6.9    90   372   15566    (-,-) 
  alu_inst/g62096/Y         -       B1->Y   R     sky130_fd_sc_hd__a22oi_1        3  8.5   260   233   15799    (-,-) 
  alu_inst/g62090/X         -       B->X    R     sky130_fd_sc_hd__maj3_1         3  8.3   103   250   16049    (-,-) 
  alu_inst/g62086/Y         -       A2->Y   F     sky130_fd_sc_hd__o22ai_1        2  7.1   108   111   16160    (-,-) 
  alu_inst/g62085/X         -       B->X    F     sky130_fd_sc_hd__maj3_1         2  7.1    90   378   16539    (-,-) 
  alu_inst/g62080/X         -       B->X    F     sky130_fd_sc_hd__maj3_1         2  7.0    90   372   16911    (-,-) 
  alu_inst/g62078/X         -       B1->X   F     sky130_fd_sc_hd__o21a_1         1  2.5    35   120   17031    (-,-) 
  alu_inst/g62077/Y         -       B1->Y   R     sky130_fd_sc_hd__a21oi_1        3  8.5   217   192   17223    (-,-) 
  alu_inst/g62074/Y         -       B2->Y   F     sky130_fd_sc_hd__o2bb2ai_1      5 12.1   121   152   17376    (-,-) 
  alu_inst/g62072/Y         -       C->Y    R     sky130_fd_sc_hd__nor3_1         4  9.2   319   282   17658    (-,-) 
  alu_inst/g62069/Y         -       D_N->Y  R     sky130_fd_sc_hd__nor4b_1        5 15.7   752   656   18314    (-,-) 
  alu_inst/g62068/Y         -       A->Y    F     sky130_fd_sc_hd__inv_2          5 12.4   141   129   18442    (-,-) 
  alu_inst/g62060/Y         -       A2->Y   R     sky130_fd_sc_hd__o221ai_1      11 31.0   722   601   19044    (-,-) 
  alu_inst/g62056/Y         -       A->Y    F     sky130_fd_sc_hd__inv_2         11 26.4   179   193   19237    (-,-) 
  alu_inst/g62034/Y         -       B2->Y   R     sky130_fd_sc_hd__o22ai_1        2  5.3   199   193   19430    (-,-) 
  alu_inst/g62016/Y         -       A->Y    F     sky130_fd_sc_hd__nand2_1        3  7.4    87   114   19544    (-,-) 
  alu_inst/g61995/Y         -       C->Y    R     sky130_fd_sc_hd__nor3_1         1  2.8   153   143   19687    (-,-) 
  alu_inst/g61982/X         -       C1->X   R     sky130_fd_sc_hd__a221o_1        3  7.4    96   166   19852    (-,-) 
  alu_inst/g61971/Y         -       D1->Y   F     sky130_fd_sc_hd__a2111oi_0      1  2.5    77    66   19918    (-,-) 
  alu_inst/g61963/Y         -       B->Y    R     sky130_fd_sc_hd__nor2_1         2  5.5   125   131   20049    (-,-) 
  alu_inst/g61958/Y         -       A->Y    F     sky130_fd_sc_hd__nand2_1        3  6.4    66    91   20141    (-,-) 
  alu_inst/g61945/X         -       B->X    F     sky130_fd_sc_hd__or2_1          3  6.0    65   231   20372    (-,-) 
  alu_inst/g61936/X         -       B->X    F     sky130_fd_sc_hd__or2_1          3  6.8    68   235   20607    (-,-) 
  alu_inst/g61926/Y         -       B->Y    R     sky130_fd_sc_hd__nor2_1         2  5.4   129   125   20732    (-,-) 
  alu_inst/g61925/Y         -       A->Y    F     sky130_fd_sc_hd__inv_1          2  5.0    47    69   20802    (-,-) 
  alu_inst/g61914/Y         -       B->Y    R     sky130_fd_sc_hd__nor2_1         3  8.2   173   152   20953    (-,-) 
  alu_inst/g61904/Y         -       A->Y    F     sky130_fd_sc_hd__nand2_1        3  7.5    82   109   21062    (-,-) 
  alu_inst/g61894/Y         -       B->Y    R     sky130_fd_sc_hd__nor2_1         3  8.2   173   165   21227    (-,-) 
  alu_inst/g61887/Y         -       A->Y    F     sky130_fd_sc_hd__nand2_1        3  6.4    76   101   21328    (-,-) 
  alu_inst/g61882/X         -       B->X    F     sky130_fd_sc_hd__or2_1          3  6.0    65   235   21563    (-,-) 
  alu_inst/g61877/X         -       B->X    F     sky130_fd_sc_hd__or2_1          3  6.9    69   236   21799    (-,-) 
  alu_inst/g61872/Y         -       B2->Y   R     sky130_fd_sc_hd__o2bb2ai_1      2  5.3   155   165   21964    (-,-) 
  alu_inst/g61871/Y         -       A->Y    F     sky130_fd_sc_hd__inv_1          1  2.5    41    57   22021    (-,-) 
  alu_inst/g61867/Y         -       A2->Y   R     sky130_fd_sc_hd__o22ai_1        2  5.5   192   180   22201    (-,-) 
  alu_inst/g61861/Y         -       A1->Y   F     sky130_fd_sc_hd__a22oi_1        2  5.0   161   133   22334    (-,-) 
  alu_inst/g61858/Y         -       A2->Y   R     sky130_fd_sc_hd__o22ai_1        2  5.3   183   224   22558    (-,-) 
  alu_inst/g61852/Y         -       A->Y    F     sky130_fd_sc_hd__nand2_1        1  2.3   116    70   22628    (-,-) 
  alu_inst/g61843/Y         -       B1->Y   R     sky130_fd_sc_hd__o21ai_1        2  5.4   156   128   22756    (-,-) 
  alu_inst/g61836/Y         -       A->Y    F     sky130_fd_sc_hd__nor2_1         2  5.0    58    82   22838    (-,-) 
  alu_inst/g61835/Y         -       B->Y    R     sky130_fd_sc_hd__nor2_1         1  5.0   134   116   22955    (-,-) 
  alu_inst/g61828/Y         -       B->Y    F     sky130_fd_sc_hd__xnor2_1        1  2.5    52    84   23039    (-,-) 
  alu_inst/g61819/Y         -       A2->Y   R     sky130_fd_sc_hd__o22ai_1        1  2.7   171   145   23184    (-,-) 
  alu_inst/g61813/Y         -       C1->Y   F     sky130_fd_sc_hd__a221oi_1       1  2.5   189    73   23256    (-,-) 
  alu_inst/g61806/Y         -       B->Y    R     sky130_fd_sc_hd__nor2_1         6 15.4   291   297   23553    (-,-) 
  alu_inst/g61798/Y         -       A->Y    F     sky130_fd_sc_hd__nand2_1        3  7.2   104   132   23686    (-,-) 
  alu_inst/g61771/Y         -       B->Y    R     sky130_fd_sc_hd__nor2_1         3  8.2   169   173   23859    (-,-) 
  alu_inst/g61745/Y         -       A->Y    F     sky130_fd_sc_hd__nand2_1        3  7.5    87   108   23967    (-,-) 
  alu_inst/g61729/Y         -       B->Y    R     sky130_fd_sc_hd__nor2_1         3  7.3   156   156   24123    (-,-) 
  alu_inst/g61718/X         -       A->X    R     sky130_fd_sc_hd__and2_1         3  7.5    91   179   24302    (-,-) 
  alu_inst/g61706/Y         -       A->Y    F     sky130_fd_sc_hd__nand2_1        3  7.5    81    87   24388    (-,-) 
  alu_inst/g61699/Y         -       B->Y    R     sky130_fd_sc_hd__nor2_1         3  8.2   169   165   24553    (-,-) 
  alu_inst/g61694/Y         -       A->Y    F     sky130_fd_sc_hd__nand2_1        3  7.2    79   106   24659    (-,-) 
  alu_inst/g61687/Y         -       B->Y    R     sky130_fd_sc_hd__nor2_1         3  8.3   173   165   24824    (-,-) 
  alu_inst/g61681/Y         -       A->Y    F     sky130_fd_sc_hd__nand2_1        3  7.2    91   107   24930    (-,-) 
  alu_inst/g61678/Y         -       B->Y    R     sky130_fd_sc_hd__nor2_1         3  7.3   157   157   25088    (-,-) 
  alu_inst/g61673/X         -       A->X    R     sky130_fd_sc_hd__and2_1         3  6.5    82   172   25260    (-,-) 
  alu_inst/g61666/X         -       A->X    R     sky130_fd_sc_hd__and2_1         3  6.5    82   150   25410    (-,-) 
  alu_inst/g61659/X         -       A->X    R     sky130_fd_sc_hd__and2_1         3  7.4    90   156   25567    (-,-) 
  alu_inst/g61658/Y         -       B1_N->Y R     sky130_fd_sc_hd__o21bai_1       2  5.5   157   132   25699    (-,-) 
  alu_inst/g61651/Y         -       A2->Y   F     sky130_fd_sc_hd__o22ai_1        1  2.4    59    95   25794    (-,-) 
  alu_inst/g61650/Y         -       C1->Y   R     sky130_fd_sc_hd__a221oi_1       1  2.7   224   208   26003    (-,-) 
  alu_inst/g61644/Y         -       D1->Y   F     sky130_fd_sc_hd__o2111ai_1      1  2.1   100   133   26136    (-,-) 
  result_r_reg[14]/SCD      <<<     -       F     sky130_fd_sc_hd__sdfrtp_1       1    -     -     4   26140    (-,-) 
#---------------------------------------------------------------------------------------------------------------------

