============================================================
  Generated by:           Genus(TM) Synthesis Solution 21.14-s082_1
  Generated on:           Sep 23 2026  04:08:17 pm
  Module:                 coprocessor
  Operating conditions:   tt_025C_1v80 (balanced_tree)
  Wireload mode:          top
  Area mode:              timing library
============================================================


Path 1: VIOLATED (-3456 ps) Setup Check with Pin result_r_reg[13]/CLK->SCD
          Group: clk
     Startpoint: (R) in2_r_reg[0]/CLK
          Clock: (R) clk
       Endpoint: (F) result_r_reg[13]/SCD
          Clock: (R) clk

                     Capture       Launch     
        Clock Edge:+    4000            0     
       Src Latency:+       0            0     
       Net Latency:+       0 (I)        0 (I) 
           Arrival:=    4000            0     
                                              
             Setup:-     404                  
     Required Time:=    3596                  
      Launch Clock:-       0                  
         Data Path:-    7052                  
             Slack:=   -3456                  

#----------------------------------------------------------------------------------------------------------------------
#        Timing Point          Flags    Arc   Edge           Cell             Fanout Load Trans Delay Arrival Instance 
#                                                                                    (fF)  (ps)  (ps)   (ps)  Location 
#----------------------------------------------------------------------------------------------------------------------
  in2_r_reg[0]/CLK             -       -      R     (arrival)                    119    -     0     0       0    (-,-) 
  in2_r_reg[0]/Q               -       CLK->Q F     sky130_fd_sc_hd__sdfrtp_1      2  6.4    57   323     323    (-,-) 
  alu_inst/fopt1626516/Y       -       A->Y   R     sky130_fd_sc_hd__inv_2         3  9.6    52    73     396    (-,-) 
  alu_inst/g1625205/Y          -       B->Y   F     sky130_fd_sc_hd__nand2_2       3  8.1    44    66     462    (-,-) 
  alu_inst/g1625181/Y          -       A->Y   R     sky130_fd_sc_hd__clkinv_1      3  8.0    52    65     527    (-,-) 
  alu_inst/g1625091/Y          -       B->Y   F     sky130_fd_sc_hd__nand3_1       2  5.0    74    88     615    (-,-) 
  alu_inst/g1639888/Y          -       A2->Y  R     sky130_fd_sc_hd__o21ai_1       1  4.9   138   152     767    (-,-) 
  alu_inst/g1624988/Y          -       A->Y   F     sky130_fd_sc_hd__inv_2         7 16.7    59    87     855    (-,-) 
  alu_inst/g1624987/Y          -       A->Y   R     sky130_fd_sc_hd__inv_1         2  5.3    55    71     926    (-,-) 
  alu_inst/g1630320/Y          -       A->Y   F     sky130_fd_sc_hd__inv_1         1  2.6    23    40     966    (-,-) 
  alu_inst/g183/Y              -       A->Y   R     sky130_fd_sc_hd__nand2_1       1  2.7    44    48    1014    (-,-) 
  alu_inst/g178/Y              -       A->Y   F     sky130_fd_sc_hd__nand2_1       2  5.0    46    60    1074    (-,-) 
  alu_inst/g1624708/X          -       B1->X  F     sky130_fd_sc_hd__o21a_1        1  2.5    34    99    1173    (-,-) 
  alu_inst/g1624575/Y          -       B->Y   R     sky130_fd_sc_hd__nand2_1       1  2.7    44    60    1234    (-,-) 
  alu_inst/g1630353/Y          -       A->Y   F     sky130_fd_sc_hd__nand2_1       1  4.6    45    58    1291    (-,-) 
  alu_inst/g1638010/Y          -       A->Y   R     sky130_fd_sc_hd__nand2_2       2 14.8    95    98    1389    (-,-) 
  alu_inst/g1638012/X          -       A->X   R     sky130_fd_sc_hd__buf_6        10 27.3    66   139    1528    (-,-) 
  alu_inst/g1638021/Y          -       A->Y   F     sky130_fd_sc_hd__nand2_1       1  2.3    32    49    1577    (-,-) 
  alu_inst/g1638020/Y          -       B1->Y  R     sky130_fd_sc_hd__o21ai_1       2  5.3   145    90    1667    (-,-) 
  alu_inst/g1624298/Y          -       A->Y   F     sky130_fd_sc_hd__inv_1         1  4.4    47    68    1736    (-,-) 
  alu_inst/g1635461/Y          -       A2->Y  R     sky130_fd_sc_hd__o21ai_2       2  5.3   110   127    1863    (-,-) 
  alu_inst/g1640940/Y          -       A->Y   F     sky130_fd_sc_hd__nand2_1       2  7.1    68    91    1953    (-,-) 
  alu_inst/g1640946/Y          -       A->Y   R     sky130_fd_sc_hd__nand3_2       5 14.8   101   108    2061    (-,-) 
  alu_inst/fopt1625987/Y       -       A->Y   F     sky130_fd_sc_hd__inv_2         4  9.9    39    61    2122    (-,-) 
  alu_inst/g1622265/Y          -       A->Y   R     sky130_fd_sc_hd__nand2_1       2  5.3    70    70    2192    (-,-) 
  alu_inst/g1627853/Y          -       A->Y   F     sky130_fd_sc_hd__nand3_1       1  2.6    54    68    2260    (-,-) 
  alu_inst/g1635405/Y          -       A->Y   R     sky130_fd_sc_hd__nand2_1       1  2.7    44    61    2321    (-,-) 
  alu_inst/g1635404/Y          -       A->Y   F     sky130_fd_sc_hd__inv_1         1  2.6    21    38    2359    (-,-) 
  alu_inst/g1635838/Y          -       A->Y   R     sky130_fd_sc_hd__nand2_1       1  2.7    44    47    2406    (-,-) 
  alu_inst/g1635835/Y          -       A->Y   F     sky130_fd_sc_hd__nand2_1       1  4.6    43    58    2464    (-,-) 
  alu_inst/g1639483/Y          -       A->Y   R     sky130_fd_sc_hd__nand2_2       2 13.9    90    94    2558    (-,-) 
  alu_inst/g1639455/Y          -       A->Y   F     sky130_fd_sc_hd__nand2_2       3  9.4    54    75    2633    (-,-) 
  alu_inst/g1639452/Y          -       A->Y   R     sky130_fd_sc_hd__inv_2         4 10.5    56    75    2708    (-,-) 
  alu_inst/g1634198/Y          -       A->Y   F     sky130_fd_sc_hd__nand2_1       1  4.5    43    60    2768    (-,-) 
  alu_inst/g1634197/Y          -       B1->Y  R     sky130_fd_sc_hd__o21ai_2       2  5.3   110    65    2832    (-,-) 
  alu_inst/g1634196/Y          -       B->Y   F     sky130_fd_sc_hd__nand2_1       3  6.8    62    91    2923    (-,-) 
  alu_inst/g1635233/Y          -       B->Y   R     sky130_fd_sc_hd__nand2_1       1  2.7    45    71    2994    (-,-) 
  alu_inst/g1635232/Y          -       A->Y   F     sky130_fd_sc_hd__nand3_1       1  4.6    69    76    3070    (-,-) 
  alu_inst/g1635663/Y          -       A->Y   R     sky130_fd_sc_hd__nand2_2       2 10.8    75    95    3165    (-,-) 
  alu_inst/g1640325/Y          -       A->Y   F     sky130_fd_sc_hd__nand2_4      11 28.1    73    92    3257    (-,-) 
  alu_inst/fopt11/Y            -       A->Y   R     sky130_fd_sc_hd__inv_1         2  5.3    57    77    3334    (-,-) 
  alu_inst/fopt10/Y            -       A->Y   F     sky130_fd_sc_hd__inv_1         2  8.7    46    63    3397    (-,-) 
  alu_inst/g1618614/Y          -       A2->Y  R     sky130_fd_sc_hd__o21ai_2       2  5.3   110   124    3521    (-,-) 
  alu_inst/g1641036/Y          -       A->Y   F     sky130_fd_sc_hd__nand2_1       2  5.1    57    79    3600    (-,-) 
  alu_inst/g1640021/Y          -       A->Y   R     sky130_fd_sc_hd__nand2_1       1  2.7    44    61    3661    (-,-) 
  alu_inst/g1641332/Y          -       A->Y   F     sky130_fd_sc_hd__nand2_1       2  5.1    46    60    3721    (-,-) 
  alu_inst/g1641333/Y          -       A->Y   R     sky130_fd_sc_hd__nand3_1       3  7.9   110   100    3822    (-,-) 
  alu_inst/g1642082/Y          -       A->Y   F     sky130_fd_sc_hd__nand2_1       1  2.6    43    62    3884    (-,-) 
  alu_inst/g393/Y              -       A->Y   R     sky130_fd_sc_hd__nor2_1        1  2.7    77    99    3983    (-,-) 
  alu_inst/g1617688/Y          -       A->Y   F     sky130_fd_sc_hd__nand2_1       2  5.0    50    70    4053    (-,-) 
  alu_inst/g1627226/Y          -       A->Y   R     sky130_fd_sc_hd__nand2_1       1  2.7    44    58    4111    (-,-) 
  alu_inst/g1617588/Y          -       A->Y   F     sky130_fd_sc_hd__inv_1         2  5.0    30    47    4158    (-,-) 
  alu_inst/g1641519/Y          -       B->Y   R     sky130_fd_sc_hd__nand2_1       1  2.7    44    57    4215    (-,-) 
  alu_inst/g1641518/Y          -       A->Y   F     sky130_fd_sc_hd__nand2_1       1  2.6    30    47    4262    (-,-) 
  alu_inst/g1630548/Y          -       A->Y   R     sky130_fd_sc_hd__nand2_1       1  2.7    44    51    4314    (-,-) 
  alu_inst/g1630547/Y          -       A->Y   F     sky130_fd_sc_hd__nand2_1       1  4.5    45    57    4371    (-,-) 
  alu_inst/g1636650/Y          -       B->Y   R     sky130_fd_sc_hd__nand2_2       6 14.2    92   105    4476    (-,-) 
  alu_inst/g1617357/Y          -       A->Y   F     sky130_fd_sc_hd__nand2_1       1  2.6    39    58    4533    (-,-) 
  alu_inst/g1641968/Y          -       A->Y   R     sky130_fd_sc_hd__nand2_1       1  4.7    61    68    4601    (-,-) 
  alu_inst/g1641967/Y          -       A->Y   F     sky130_fd_sc_hd__nand3_2       2  6.4    61    75    4676    (-,-) 
  alu_inst/g1639811/Y          -       B->Y   R     sky130_fd_sc_hd__nand3_2       1  4.9    55    81    4758    (-,-) 
  alu_inst/fopt1636890/Y       -       A->Y   F     sky130_fd_sc_hd__inv_2         3 12.7    34    57    4815    (-,-) 
  alu_inst/g1641459/Y          -       B->Y   R     sky130_fd_sc_hd__nand2_4      10 30.2   107   115    4930    (-,-) 
  alu_inst/fopt1636903/Y       -       A->Y   F     sky130_fd_sc_hd__clkinv_2      2  5.0    40    68    4998    (-,-) 
  alu_inst/g1634425/Y          -       A->Y   R     sky130_fd_sc_hd__nand2_1       1  2.7    44    54    5052    (-,-) 
  alu_inst/g1634424/Y          -       A->Y   F     sky130_fd_sc_hd__nand2_1       2  5.0    47    60    5112    (-,-) 
  alu_inst/g1642608/Y          -       A->Y   R     sky130_fd_sc_hd__nand2_1       1  2.7    44    57    5168    (-,-) 
  alu_inst/g1642607/Y          -       A->Y   F     sky130_fd_sc_hd__nand2_1       2  6.4    55    67    5235    (-,-) 
  alu_inst/g1642610/Y          -       A->Y   R     sky130_fd_sc_hd__nand2_2       2  7.5    60    74    5309    (-,-) 
  alu_inst/g1632540/Y          -       A->Y   F     sky130_fd_sc_hd__nand2_1       2  5.1    48    64    5373    (-,-) 
  alu_inst/g157/Y              -       B->Y   R     sky130_fd_sc_hd__nand4_1       1  2.7    69    82    5455    (-,-) 
  alu_inst/g1635464/Y          -       A->Y   F     sky130_fd_sc_hd__inv_1         1  4.6    33    54    5508    (-,-) 
  alu_inst/g1639371/Y          -       A->Y   R     sky130_fd_sc_hd__nand3_2       1  4.9    55    60    5568    (-,-) 
  alu_inst/fopt70/Y            -       A->Y   F     sky130_fd_sc_hd__inv_2         3  8.9    28    50    5618    (-,-) 
  alu_inst/g1047/Y             -       A->Y   R     sky130_fd_sc_hd__nand2_1       1  2.7    44    49    5667    (-,-) 
  alu_inst/g1635568/Y          -       A->Y   F     sky130_fd_sc_hd__nand2_1       2  5.1    47    60    5728    (-,-) 
  alu_inst/g1635572/Y          -       A->Y   R     sky130_fd_sc_hd__nand2_1       1  2.7    44    57    5784    (-,-) 
  alu_inst/g1633836/Y          -       A->Y   F     sky130_fd_sc_hd__nand2_1       2  5.0    54    60    5844    (-,-) 
  alu_inst/g1633835/Y          -       A->Y   R     sky130_fd_sc_hd__nand2_1       1  2.7    44    60    5904    (-,-) 
  alu_inst/g1633870/Y          -       A->Y   F     sky130_fd_sc_hd__nand2_1       2  5.0    46    60    5964    (-,-) 
  alu_inst/g1636829/Y          -       A->Y   R     sky130_fd_sc_hd__nand2_1       1  4.9    62    70    6034    (-,-) 
  alu_inst/g1636828/Y          -       A->Y   F     sky130_fd_sc_hd__nand2_2       2  7.0    42    63    6096    (-,-) 
  alu_inst/g129/Y              -       A->Y   R     sky130_fd_sc_hd__nand2_2       2  7.5    59    68    6165    (-,-) 
  alu_inst/g126/Y              -       B->Y   F     sky130_fd_sc_hd__nand3_2       1  4.5    54    76    6241    (-,-) 
  alu_inst/g1639432/Y          -       A->Y   R     sky130_fd_sc_hd__nor2_2        1  4.9    85   119    6360    (-,-) 
  alu_inst/g1637428/Y          -       A->Y   F     sky130_fd_sc_hd__nand2_2       5 14.3    70    91    6452    (-,-) 
  alu_inst/fopt1636330/Y       -       A->Y   R     sky130_fd_sc_hd__inv_1         2  5.3    57    77    6528    (-,-) 
  alu_inst/g1633197/Y          -       A1->Y  F     sky130_fd_sc_hd__a31oi_1       1  4.5    72    84    6612    (-,-) 
  alu_inst/g1635289/Y          -       B->Y   R     sky130_fd_sc_hd__nand2_2       6 15.6    99   122    6734    (-,-) 
  alu_inst/g1615889__1627924/Y -       A->Y   F     sky130_fd_sc_hd__nand3_1       1  3.2    62    81    6815    (-,-) 
  alu_inst/g1615886/Y          -       A->Y   R     sky130_fd_sc_hd__clkinv_1      2  5.4    41    65    6880    (-,-) 
  alu_inst/g1615853__5107/Y    -       A->Y   F     sky130_fd_sc_hd__nand3_1       1  2.6    51    59    6939    (-,-) 
  alu_inst/g1633563/Y          -       A->Y   R     sky130_fd_sc_hd__nand2_1       1  2.7    45    60    6999    (-,-) 
  alu_inst/g1615819__5107/Y    -       B->Y   F     sky130_fd_sc_hd__nand2_1       1  2.1    26    49    7048    (-,-) 
  result_r_reg[13]/SCD         <<<     -      F     sky130_fd_sc_hd__sdfrtp_1      1    -     -     4    7052    (-,-) 
#----------------------------------------------------------------------------------------------------------------------

