============================================================
  Generated by:           Genus(TM) Synthesis Solution 21.14-s082_1
  Generated on:           Sep 23 2026  03:20:39 pm
  Module:                 coprocessor
  Operating conditions:   tt_025C_1v80 (balanced_tree)
  Wireload mode:          top
  Area mode:              timing library
============================================================


Path 1: MET (1 ps) Setup Check with Pin result_r_reg[14]/CLK->SCD
          Group: clk
     Startpoint: (R) in2_r_reg[8]/CLK
          Clock: (R) clk
       Endpoint: (F) result_r_reg[14]/SCD
          Clock: (R) clk

                     Capture       Launch     
        Clock Edge:+   10000            0     
       Src Latency:+       0            0     
       Net Latency:+       0 (I)        0 (I) 
           Arrival:=   10000            0     
                                              
             Setup:-     418                  
     Required Time:=    9582                  
      Launch Clock:-       0                  
         Data Path:-    9581                  
             Slack:=       1                  

#--------------------------------------------------------------------------------------------------------------------
#      Timing Point        Flags    Arc    Edge            Cell             Fanout Load Trans Delay Arrival Instance 
#                                                                                  (fF)  (ps)  (ps)   (ps)  Location 
#--------------------------------------------------------------------------------------------------------------------
  in2_r_reg[8]/CLK         -       -       R     (arrival)                     119    -     0     0       0    (-,-) 
  in2_r_reg[8]/Q           -       CLK->Q  R     sky130_fd_sc_hd__sdfrtp_1       2  5.8    68   295     295    (-,-) 
  alu_inst/g544650/Y       -       A->Y    F     sky130_fd_sc_hd__clkinv_1       3  8.8    78    98     393    (-,-) 
  alu_inst/g544621/Y       -       A->Y    R     sky130_fd_sc_hd__nand2_1        2  5.4    67    87     480    (-,-) 
  alu_inst/g544608/Y       -       A->Y    F     sky130_fd_sc_hd__inv_1          2  4.9    33    52     533    (-,-) 
  alu_inst/g545026/Y       -       C->Y    R     sky130_fd_sc_hd__nand4b_1       1  2.7    74    85     618    (-,-) 
  alu_inst/g544491/Y       -       A->Y    F     sky130_fd_sc_hd__nand2_1        1  4.6    47    67     685    (-,-) 
  alu_inst/g544471/Y       -       A->Y    R     sky130_fd_sc_hd__nand2_2        2  8.5    64    77     762    (-,-) 
  alu_inst/g544455/Y       -       A->Y    F     sky130_fd_sc_hd__clkinv_2       7 20.2    84   102     863    (-,-) 
  alu_inst/g544430/Y       -       A->Y    R     sky130_fd_sc_hd__inv_2          7 21.0   104   120     983    (-,-) 
  alu_inst/g544449/Y       -       A->Y    F     sky130_fd_sc_hd__inv_1          3  7.6    50    74    1057    (-,-) 
  alu_inst/g544341/Y       -       A2_N->Y F     sky130_fd_sc_hd__o2bb2ai_1      1  2.6    62   119    1176    (-,-) 
  alu_inst/g544253/Y       -       A->Y    R     sky130_fd_sc_hd__nor2_1         2  7.5   157   165    1342    (-,-) 
  alu_inst/g544140/Y       -       B->Y    F     sky130_fd_sc_hd__nand3_2        1 16.6   122   154    1495    (-,-) 
  alu_inst/g544108/Y       -       B->Y    R     sky130_fd_sc_hd__nand2_8       26 74.4   144   203    1698    (-,-) 
  alu_inst/g544097/Y       -       A->Y    F     sky130_fd_sc_hd__clkinv_1       3  7.5    79   115    1813    (-,-) 
  alu_inst/g544064/Y       -       A->Y    R     sky130_fd_sc_hd__nand2_1        1  4.9    66    85    1898    (-,-) 
  alu_inst/g544062/Y       -       A->Y    F     sky130_fd_sc_hd__nand2_2        4 10.1    53    73    1970    (-,-) 
  alu_inst/g543984/Y       -       A->Y    R     sky130_fd_sc_hd__nand2_1        1  4.9    63    73    2044    (-,-) 
  alu_inst/g543926/Y       -       A->Y    F     sky130_fd_sc_hd__nand2_2        3  9.6    50    71    2114    (-,-) 
  alu_inst/g543871/Y       -       A->Y    R     sky130_fd_sc_hd__nand2_1        1  4.9    62    72    2187    (-,-) 
  alu_inst/g543760/Y       -       A->Y    F     sky130_fd_sc_hd__nand2_2        6 16.5    75    90    2277    (-,-) 
  alu_inst/g543732/Y       -       A->Y    R     sky130_fd_sc_hd__inv_2          2  9.7    55    80    2357    (-,-) 
  alu_inst/g543731/Y       -       A->Y    F     sky130_fd_sc_hd__inv_2          5 18.3    45    64    2421    (-,-) 
  alu_inst/g543073/Y       -       B->Y    R     sky130_fd_sc_hd__nor2_2         6 14.5   181   163    2584    (-,-) 
  alu_inst/g542856/Y       -       A->Y    F     sky130_fd_sc_hd__nand2_1       12 28.2   208   224    2808    (-,-) 
  alu_inst/g544916/X       -       A->X    F     sky130_fd_sc_hd__or2_2          4  9.7    76   381    3190    (-,-) 
  alu_inst/g541313/X       -       A3->X   F     sky130_fd_sc_hd__o32a_1         1  2.3    50   287    3477    (-,-) 
  alu_inst/g540979/Y       -       B1->Y   R     sky130_fd_sc_hd__o21ai_1        1  2.8   108    75    3552    (-,-) 
  alu_inst/g540659/Y       -       B->Y    F     sky130_fd_sc_hd__nor2_1         1  2.5    33    53    3605    (-,-) 
  alu_inst/g540537/Y       -       C->Y    R     sky130_fd_sc_hd__nand3_1        1  2.8    60    75    3679    (-,-) 
  alu_inst/g540517/Y       -       B->Y    F     sky130_fd_sc_hd__nor2_1         1  2.6    45    44    3723    (-,-) 
  alu_inst/g540432/Y       -       A->Y    R     sky130_fd_sc_hd__nand2_1        1  2.8    44    58    3782    (-,-) 
  alu_inst/g540370/Y       -       B->Y    F     sky130_fd_sc_hd__nor2_1         1  2.5    28    39    3821    (-,-) 
  alu_inst/g540292/Y       -       B->Y    R     sky130_fd_sc_hd__nand2_1        3  8.8    96    96    3916    (-,-) 
  alu_inst/g540277/Y       -       A->Y    F     sky130_fd_sc_hd__clkinv_1       3  7.5    72   101    4017    (-,-) 
  alu_inst/g540209/Y       -       A->Y    R     sky130_fd_sc_hd__nand2_1        1  4.9    66    82    4098    (-,-) 
  alu_inst/g540194/Y       -       A->Y    F     sky130_fd_sc_hd__nand2_2        6 16.7    76    92    4190    (-,-) 
  alu_inst/g540070/Y       -       A->Y    R     sky130_fd_sc_hd__nand3_2        5 14.6   100   110    4301    (-,-) 
  alu_inst/g540012/X       -       A->X    R     sky130_fd_sc_hd__and2_1         3 10.1   113   181    4482    (-,-) 
  alu_inst/g539990/Y       -       A->Y    F     sky130_fd_sc_hd__inv_2          4  9.6    41    62    4544    (-,-) 
  alu_inst/g539903/Y       -       A2->Y   R     sky130_fd_sc_hd__o22ai_1        1  2.8   130   141    4685    (-,-) 
  alu_inst/g539844/Y       -       B->Y    F     sky130_fd_sc_hd__nor2_1         2  7.0    58    82    4767    (-,-) 
  alu_inst/g539783/X       -       A2->X   F     sky130_fd_sc_hd__o21a_1         3  9.5    67   204    4971    (-,-) 
  alu_inst/g539703/Y       -       A->Y    R     sky130_fd_sc_hd__inv_2          2  5.6    38    64    5035    (-,-) 
  alu_inst/g539584/Y       -       A2->Y   F     sky130_fd_sc_hd__o21ai_1        1  2.3    64    50    5085    (-,-) 
  alu_inst/g539555__7482/Y -       B1->Y   R     sky130_fd_sc_hd__o21ai_1        2  4.4   129    95    5181    (-,-) 
  alu_inst/g539489__7098/Y -       A_N->Y  R     sky130_fd_sc_hd__nand2b_1       2  5.3    75   138    5318    (-,-) 
  alu_inst/g539448__4319/Y -       A->Y    F     sky130_fd_sc_hd__nand2_1        1  2.6    57    54    5372    (-,-) 
  alu_inst/g539440__6417/Y -       A->Y    R     sky130_fd_sc_hd__nand2_1        4  8.7    96   101    5473    (-,-) 
  alu_inst/g539361__1705/Y -       B_N->Y  R     sky130_fd_sc_hd__nor2b_1        2  4.8   120   162    5635    (-,-) 
  alu_inst/g539311__1666/Y -       B1_N->Y R     sky130_fd_sc_hd__o21bai_1       2  5.4   155   142    5777    (-,-) 
  alu_inst/g539250__5107/Y -       B1->Y   F     sky130_fd_sc_hd__o2bb2ai_1      1  2.5    49    92    5868    (-,-) 
  alu_inst/g539220__8428/Y -       B1->Y   R     sky130_fd_sc_hd__a21oi_1        1  2.7   105   114    5982    (-,-) 
  alu_inst/g539186__6783/Y -       B->Y    F     sky130_fd_sc_hd__nand2_1        2  9.1    76   104    6086    (-,-) 
  alu_inst/g539145__5477/Y -       A1->Y   R     sky130_fd_sc_hd__a21boi_2       2  5.5   108   146    6232    (-,-) 
  alu_inst/g539102__4733/Y -       A2->Y   F     sky130_fd_sc_hd__o21ai_1        1  2.5    44    69    6301    (-,-) 
  alu_inst/g539052__1666/X -       A->X    F     sky130_fd_sc_hd__and2_4         9 24.2    54   166    6467    (-,-) 
  alu_inst/g544975/Y       -       B->Y    R     sky130_fd_sc_hd__nand2b_1       1  2.7    49    70    6537    (-,-) 
  alu_inst/g539008__1881/Y -       A->Y    F     sky130_fd_sc_hd__nand2_1        3  9.3    81    84    6621    (-,-) 
  alu_inst/g538950__2346/Y -       A2->Y   R     sky130_fd_sc_hd__o21ai_2        3 12.4   183   191    6812    (-,-) 
  alu_inst/g538920__2883/Y -       A->Y    F     sky130_fd_sc_hd__nand2_1        1  2.6    55    73    6885    (-,-) 
  alu_inst/g538913__7482/Y -       A->Y    R     sky130_fd_sc_hd__nand2_1        3  8.2    96    97    6982    (-,-) 
  alu_inst/g538899/Y       -       A->Y    F     sky130_fd_sc_hd__inv_1          1  2.6    31    48    7030    (-,-) 
  alu_inst/g538855__7482/Y -       A->Y    R     sky130_fd_sc_hd__nand2_1        2  5.3    82    68    7098    (-,-) 
  alu_inst/g538831__5107/Y -       A->Y    F     sky130_fd_sc_hd__nand2_1        2  4.1    49    65    7164    (-,-) 
  alu_inst/g544941/Y       -       A_N->Y  F     sky130_fd_sc_hd__nand2b_1       1  2.6    42   137    7301    (-,-) 
  alu_inst/g538772__8428/Y -       A->Y    R     sky130_fd_sc_hd__nand2_1        2  7.6    87    87    7388    (-,-) 
  alu_inst/g538742__1617/Y -       A->Y    F     sky130_fd_sc_hd__nand2_1        1  4.5    49    69    7457    (-,-) 
  alu_inst/g538735__6783/Y -       B1->Y   R     sky130_fd_sc_hd__o21ai_2        6 17.0   230   111    7568    (-,-) 
  alu_inst/g538695__6417/X -       A2->X   R     sky130_fd_sc_hd__o22a_2         4 10.8    70   207    7775    (-,-) 
  alu_inst/g538642__1617/X -       A3->X   R     sky130_fd_sc_hd__o32a_1         1  1.9    42   130    7905    (-,-) 
  alu_inst/g545139/X       -       B->X    R     sky130_fd_sc_hd__and3b_1        4  9.8   113   198    8102    (-,-) 
  alu_inst/g538564__7410/Y -       C->Y    F     sky130_fd_sc_hd__nand3_1        1  2.5    56    88    8190    (-,-) 
  alu_inst/g538535__6417/Y -       B->Y    R     sky130_fd_sc_hd__nor2_1         1  2.7    77    88    8278    (-,-) 
  alu_inst/g538531__2883/Y -       A->Y    F     sky130_fd_sc_hd__nand2_1        4 11.7    92   106    8384    (-,-) 
  alu_inst/g538511__5526/Y -       B->Y    R     sky130_fd_sc_hd__nor2_2         3  8.1   116   133    8517    (-,-) 
  alu_inst/g538504/Y       -       A->Y    F     sky130_fd_sc_hd__inv_1          1  2.5    35    52    8569    (-,-) 
  alu_inst/g538482__3680/Y -       B->Y    R     sky130_fd_sc_hd__nor2_1         3 10.2   202   174    8742    (-,-) 
  alu_inst/g538466__9945/Y -       A->Y    F     sky130_fd_sc_hd__nand2_2        4 11.6    83   108    8851    (-,-) 
  alu_inst/g538458__6131/Y -       C->Y    R     sky130_fd_sc_hd__nor3_2         3  7.9   192   169    9020    (-,-) 
  alu_inst/g538437__7410/Y -       A->Y    F     sky130_fd_sc_hd__nand2_1        4  8.4    91   120    9140    (-,-) 
  alu_inst/g538421__1705/X -       B->X    F     sky130_fd_sc_hd__or2_0          1  2.5    52   210    9350    (-,-) 
  alu_inst/g538402__9945/Y -       A1->Y   R     sky130_fd_sc_hd__a31oi_1        1  2.7   125   129    9478    (-,-) 
  alu_inst/g538377__2398/Y -       C1->Y   F     sky130_fd_sc_hd__o211ai_1       1  2.1    67    98    9577    (-,-) 
  result_r_reg[14]/SCD     <<<     -       F     sky130_fd_sc_hd__sdfrtp_1       1    -     -     4    9581    (-,-) 
#--------------------------------------------------------------------------------------------------------------------

