============================================================
  Generated by:           Genus(TM) Synthesis Solution 21.14-s082_1
  Generated on:           Sep 23 2026  05:34:03 pm
  Module:                 coprocessor
  Operating conditions:   tt_025C_1v80 (balanced_tree)
  Wireload mode:          top
  Area mode:              timing library
============================================================


Path 1: MET (0 ps) Setup Check with Pin result_r_reg[12]/CLK->SCD
          Group: clk
     Startpoint: (R) in2_r_reg[10]/CLK
          Clock: (R) clk
       Endpoint: (F) result_r_reg[12]/SCD
          Clock: (R) clk

                     Capture       Launch     
        Clock Edge:+    7576            0     
       Src Latency:+       0            0     
       Net Latency:+       0 (I)        0 (I) 
           Arrival:=    7576            0     
                                              
             Setup:-     404                  
     Required Time:=    7171                  
      Launch Clock:-       0                  
         Data Path:-    7171                  
             Slack:=       0                  

#---------------------------------------------------------------------------------------------------------------
#     Timing Point      Flags    Arc   Edge           Cell             Fanout Load Trans Delay Arrival Instance 
#                                                                             (fF)  (ps)  (ps)   (ps)  Location 
#---------------------------------------------------------------------------------------------------------------
  in2_r_reg[10]/CLK     -       -      R     (arrival)                    119    -     0     0       0    (-,-) 
  in2_r_reg[10]/Q       -       CLK->Q F     sky130_fd_sc_hd__sdfrtp_1      2  5.0    51   315     315    (-,-) 
  alu_inst/g622197/Y    -       A->Y   R     sky130_fd_sc_hd__clkinv_1      3  7.4    49    66     382    (-,-) 
  alu_inst/g622194/Y    -       C->Y   F     sky130_fd_sc_hd__nand3_1       1  4.4    66    86     468    (-,-) 
  alu_inst/g615180/Y    -       B->Y   R     sky130_fd_sc_hd__nor2_2        2  7.6   111   121     589    (-,-) 
  alu_inst/g612483/Y    -       A->Y   F     sky130_fd_sc_hd__nand2_1       2  5.1    57    79     668    (-,-) 
  alu_inst/g623828/Y    -       A->Y   R     sky130_fd_sc_hd__nand2_1       1  2.7    44    61     729    (-,-) 
  alu_inst/g623827/Y    -       A->Y   F     sky130_fd_sc_hd__nand2_1       2  4.8    44    59     788    (-,-) 
  alu_inst/g623830/Y    -       A->Y   R     sky130_fd_sc_hd__nand2_1       2  5.3    68    72     860    (-,-) 
  alu_inst/g608367/Y    -       A->Y   F     sky130_fd_sc_hd__inv_1         1  2.6    25    43     903    (-,-) 
  alu_inst/g601608/Y    -       A->Y   R     sky130_fd_sc_hd__nand2_1       1  2.7    43    49     952    (-,-) 
  alu_inst/g610040/Y    -       A->Y   F     sky130_fd_sc_hd__nand3_1       1  2.5    49    60    1012    (-,-) 
  alu_inst/g610039/Y    -       A->Y   R     sky130_fd_sc_hd__inv_1         1  2.7    34    54    1067    (-,-) 
  alu_inst/g615193/Y    -       A->Y   F     sky130_fd_sc_hd__nand4_1       1  2.5    63    66    1133    (-,-) 
  alu_inst/g610037/Y    -       A->Y   R     sky130_fd_sc_hd__inv_1         1  2.7    37    60    1192    (-,-) 
  alu_inst/g612085/Y    -       A->Y   F     sky130_fd_sc_hd__nand2_1       2  4.9    45    57    1249    (-,-) 
  alu_inst/fopt612084/Y -       A->Y   R     sky130_fd_sc_hd__inv_1         1  4.9    51    64    1313    (-,-) 
  alu_inst/g615508/Y    -       A->Y   F     sky130_fd_sc_hd__nand2_2       2  7.1    40    60    1373    (-,-) 
  alu_inst/g615511/Y    -       A->Y   R     sky130_fd_sc_hd__nand2_1       4  9.9   106    99    1472    (-,-) 
  alu_inst/g615513/X    -       A->X   R     sky130_fd_sc_hd__buf_2         1  2.7    28   115    1587    (-,-) 
  alu_inst/g615512/Y    -       A->Y   F     sky130_fd_sc_hd__nand2_1       2  4.8    46    53    1641    (-,-) 
  alu_inst/g613884/Y    -       C1->Y  R     sky130_fd_sc_hd__o211ai_1      1  2.7   144    78    1718    (-,-) 
  alu_inst/g600904/Y    -       B->Y   F     sky130_fd_sc_hd__nand2_1       1  2.6    42    73    1792    (-,-) 
  alu_inst/g600653/Y    -       A->Y   R     sky130_fd_sc_hd__nand2_1       1  2.8    49    57    1848    (-,-) 
  alu_inst/g600593/Y    -       B->Y   F     sky130_fd_sc_hd__nand2b_1      1  2.6    42    55    1903    (-,-) 
  alu_inst/g448/Y       -       A->Y   R     sky130_fd_sc_hd__nand2_1       1  4.7    61    69    1972    (-,-) 
  alu_inst/g623575/Y    -       A->Y   F     sky130_fd_sc_hd__nand3_2       2  7.1    66    78    2050    (-,-) 
  alu_inst/g622835/Y    -       A->Y   R     sky130_fd_sc_hd__inv_2         3  7.9    47    71    2122    (-,-) 
  alu_inst/g623573/Y    -       A->Y   F     sky130_fd_sc_hd__nand2_1       1  4.6    43    57    2179    (-,-) 
  alu_inst/g611480/Y    -       A->Y   R     sky130_fd_sc_hd__nand2_2       3  8.0    62    73    2252    (-,-) 
  alu_inst/g624099/Y    -       B->Y   F     sky130_fd_sc_hd__nand4_1       1  2.5    66    83    2336    (-,-) 
  alu_inst/g608819/Y    -       A->Y   R     sky130_fd_sc_hd__inv_1         1  2.7    37    61    2397    (-,-) 
  alu_inst/g615209/Y    -       A->Y   F     sky130_fd_sc_hd__nand2_1       1  2.6    30    45    2442    (-,-) 
  alu_inst/g615208/Y    -       A->Y   R     sky130_fd_sc_hd__nand2_1       2  5.3    67    68    2509    (-,-) 
  alu_inst/g613829/Y    -       A->Y   F     sky130_fd_sc_hd__inv_1         1  4.6    32    51    2561    (-,-) 
  alu_inst/g613828/Y    -       A->Y   R     sky130_fd_sc_hd__nand3_2       6 16.2   108   100    2660    (-,-) 
  alu_inst/g613830/Y    -       A->Y   F     sky130_fd_sc_hd__inv_2         3  7.5    36    55    2715    (-,-) 
  alu_inst/g595179/Y    -       A1->Y  R     sky130_fd_sc_hd__a21oi_1       1  2.8   107   116    2832    (-,-) 
  alu_inst/g612480/Y    -       B->Y   F     sky130_fd_sc_hd__nand3_1       1  2.6    62    87    2918    (-,-) 
  alu_inst/g614721/Y    -       A->Y   R     sky130_fd_sc_hd__nand2_1       1  4.9    62    79    2997    (-,-) 
  alu_inst/g620669/Y    -       A->Y   F     sky130_fd_sc_hd__inv_2         3  9.6    30    53    3050    (-,-) 
  alu_inst/g620667/Y    -       B->Y   R     sky130_fd_sc_hd__nand4_1       1  4.9    91    91    3141    (-,-) 
  alu_inst/fopt623327/Y -       A->Y   F     sky130_fd_sc_hd__inv_2         3 11.5    40    65    3205    (-,-) 
  alu_inst/fopt623326/Y -       A->Y   R     sky130_fd_sc_hd__inv_2         3 10.1    54    67    3272    (-,-) 
  alu_inst/fopt623325/Y -       A->Y   F     sky130_fd_sc_hd__inv_1         2  4.9    31    49    3321    (-,-) 
  alu_inst/fopt623324/Y -       A->Y   R     sky130_fd_sc_hd__inv_1         2  5.3    54    60    3381    (-,-) 
  alu_inst/fopt253/Y    -       A->Y   F     sky130_fd_sc_hd__inv_1         2  5.0    31    49    3430    (-,-) 
  alu_inst/fopt252/Y    -       A->Y   R     sky130_fd_sc_hd__inv_1         2  5.3    54    60    3491    (-,-) 
  alu_inst/fopt251/Y    -       A->Y   F     sky130_fd_sc_hd__inv_1         2  5.0    31    49    3540    (-,-) 
  alu_inst/g622473/Y    -       A->Y   R     sky130_fd_sc_hd__nand2_1       1  4.7    61    63    3603    (-,-) 
  alu_inst/g622472/Y    -       A->Y   F     sky130_fd_sc_hd__nand3_2       2  7.1    68    78    3681    (-,-) 
  alu_inst/g623123/Y    -       A->Y   R     sky130_fd_sc_hd__nand2_2       3  8.0    62    81    3762    (-,-) 
  alu_inst/g623126/Y    -       A->Y   F     sky130_fd_sc_hd__nand3_1       1  2.6    51    65    3828    (-,-) 
  alu_inst/g623125/Y    -       A->Y   R     sky130_fd_sc_hd__nand2_1       1  2.7    44    60    3888    (-,-) 
  alu_inst/g614875/Y    -       A->Y   F     sky130_fd_sc_hd__nand2_1       1  4.6    45    58    3945    (-,-) 
  alu_inst/g623896/Y    -       A->Y   R     sky130_fd_sc_hd__nand2_2       2  7.1    61    71    4016    (-,-) 
  alu_inst/g622441/Y    -       A->Y   F     sky130_fd_sc_hd__nand3_2       2  7.0    65    75    4091    (-,-) 
  alu_inst/g614830/Y    -       A->Y   R     sky130_fd_sc_hd__nand3_2       1  4.9    61    72    4163    (-,-) 
  alu_inst/g622010/Y    -       B->Y   F     sky130_fd_sc_hd__nand3_2       4 11.9    90   111    4274    (-,-) 
  alu_inst/g616964/Y    -       A->Y   R     sky130_fd_sc_hd__nand2_2       4 12.8    85   109    4382    (-,-) 
  alu_inst/g622343/Y    -       A->Y   F     sky130_fd_sc_hd__nand2_1       1  2.6    38    56    4439    (-,-) 
  alu_inst/g622342/Y    -       A->Y   R     sky130_fd_sc_hd__nand2_1       2  4.8    62    68    4506    (-,-) 
  alu_inst/g622344/X    -       A->X   R     sky130_fd_sc_hd__buf_2         2  4.7    36   107    4614    (-,-) 
  alu_inst/g618128/Y    -       B->Y   F     sky130_fd_sc_hd__nand4_1       1  2.6    66    78    4691    (-,-) 
  alu_inst/g623873/Y    -       A->Y   R     sky130_fd_sc_hd__nand2_1       3  7.0    81    94    4785    (-,-) 
  alu_inst/g623876/Y    -       A->Y   F     sky130_fd_sc_hd__inv_1         3  7.8    47    68    4853    (-,-) 
  alu_inst/g623878/Y    -       A->Y   R     sky130_fd_sc_hd__clkinv_1      1  2.7    26    46    4899    (-,-) 
  alu_inst/g614440/Y    -       A->Y   F     sky130_fd_sc_hd__nand3_1       1  2.5    51    55    4954    (-,-) 
  alu_inst/fopt621394/Y -       A->Y   R     sky130_fd_sc_hd__inv_1         2  5.3    54    70    5024    (-,-) 
  alu_inst/g612583/Y    -       C->Y   F     sky130_fd_sc_hd__nand4_1       1  2.6    64    88    5112    (-,-) 
  alu_inst/g612582/Y    -       A->Y   R     sky130_fd_sc_hd__nand2_1       3  6.9    80    92    5204    (-,-) 
  alu_inst/g619623/Y    -       B->Y   F     sky130_fd_sc_hd__nand3b_1      1  2.5    55    77    5281    (-,-) 
  alu_inst/g619622/Y    -       A->Y   R     sky130_fd_sc_hd__inv_1         2  4.7    50    68    5349    (-,-) 
  alu_inst/g619936/Y    -       B->Y   F     sky130_fd_sc_hd__nand4_1       2  4.9    90   101    5450    (-,-) 
  alu_inst/fopt616748/Y -       A->Y   R     sky130_fd_sc_hd__inv_1         1  2.7    42    68    5519    (-,-) 
  alu_inst/g623265/Y    -       A->Y   F     sky130_fd_sc_hd__nand2_1       2  5.0    48    59    5578    (-,-) 
  alu_inst/g623268/Y    -       A->Y   R     sky130_fd_sc_hd__inv_1         2  5.1    52    66    5644    (-,-) 
  alu_inst/g623269/Y    -       A->Y   F     sky130_fd_sc_hd__inv_1         1  2.6    22    39    5683    (-,-) 
  alu_inst/g623621/Y    -       A->Y   R     sky130_fd_sc_hd__nand2_1       1  4.9    63    62    5745    (-,-) 
  alu_inst/g623620/Y    -       A->Y   F     sky130_fd_sc_hd__nand2_2       2  7.1    42    63    5809    (-,-) 
  alu_inst/g623589/Y    -       A->Y   R     sky130_fd_sc_hd__nand2_2       2  5.3    49    60    5869    (-,-) 
  alu_inst/g623588/Y    -       A1->Y  F     sky130_fd_sc_hd__a21oi_1       1  2.6    41    57    5926    (-,-) 
  alu_inst/g622408/Y    -       A->Y   R     sky130_fd_sc_hd__nand2_1       2  5.4    67    73    5999    (-,-) 
  alu_inst/g622390/Y    -       A->Y   F     sky130_fd_sc_hd__nand2_1       1  4.6    46    63    6063    (-,-) 
  alu_inst/g609658/Y    -       A->Y   R     sky130_fd_sc_hd__nand2_2       2  7.5    59    73    6135    (-,-) 
  alu_inst/g623613/Y    -       A->Y   F     sky130_fd_sc_hd__nand2_2       4 11.2    55    72    6207    (-,-) 
  alu_inst/g616237/Y    -       A->Y   R     sky130_fd_sc_hd__inv_1         1  2.7    35    55    6262    (-,-) 
  alu_inst/g609638/Y    -       A->Y   F     sky130_fd_sc_hd__nand4_1       1  2.6    66    67    6329    (-,-) 
  alu_inst/g609225/Y    -       A->Y   R     sky130_fd_sc_hd__nand2_1       1  2.7    53    66    6396    (-,-) 
  alu_inst/g238/Y       -       A->Y   F     sky130_fd_sc_hd__nand2_1       1  2.5    31    49    6445    (-,-) 
  alu_inst/g622086/Y    -       B->Y   R     sky130_fd_sc_hd__nand2_1       2  5.1    64    74    6519    (-,-) 
  alu_inst/g184/Y       -       A->Y   F     sky130_fd_sc_hd__nand2_1       1  4.6    52    63    6581    (-,-) 
  alu_inst/g611507/Y    -       A->Y   R     sky130_fd_sc_hd__inv_2         2  7.5    43    67    6648    (-,-) 
  alu_inst/g622015/Y    -       B->Y   F     sky130_fd_sc_hd__nand2_2       2  6.8    47    60    6708    (-,-) 
  alu_inst/g622014/Y    -       B->Y   R     sky130_fd_sc_hd__nor2_2        2  7.5   110   111    6819    (-,-) 
  alu_inst/g72/Y        -       A->Y   F     sky130_fd_sc_hd__nand2_2       4 12.1    66    90    6909    (-,-) 
  alu_inst/fopt613822/Y -       A->Y   R     sky130_fd_sc_hd__inv_1         2  5.4    57    76    6985    (-,-) 
  alu_inst/g612762/Y    -       B->Y   F     sky130_fd_sc_hd__nand3_1       1  2.5    51    71    7056    (-,-) 
  alu_inst/g365/Y       -       B->Y   R     sky130_fd_sc_hd__nand2_1       1  2.7    44    67    7123    (-,-) 
  alu_inst/g364/Y       -       A->Y   F     sky130_fd_sc_hd__nand2_1       1  2.1    28    44    7168    (-,-) 
  result_r_reg[12]/SCD  <<<     -      F     sky130_fd_sc_hd__sdfrtp_1      1    -     -     4    7171    (-,-) 
#---------------------------------------------------------------------------------------------------------------

