============================================================
  Generated by:           Genus(TM) Synthesis Solution 21.14-s082_1
  Generated on:           Sep 23 2026  05:55:51 pm
  Module:                 coprocessor
  Operating conditions:   tt_025C_1v80 (balanced_tree)
  Wireload mode:          top
  Area mode:              timing library
============================================================


Path 1: VIOLATED (-1219 ps) Setup Check with Pin result_r_reg[12]/CLK->SCD
          Group: clk
     Startpoint: (R) in2_r_reg[4]/CLK
          Clock: (R) clk
       Endpoint: (F) result_r_reg[12]/SCD
          Clock: (R) clk

                     Capture       Launch     
        Clock Edge:+    6173            0     
       Src Latency:+       0            0     
       Net Latency:+       0 (I)        0 (I) 
           Arrival:=    6173            0     
                                              
             Setup:-     409                  
     Required Time:=    5764                  
      Launch Clock:-       0                  
         Data Path:-    6982                  
             Slack:=   -1219                  

#----------------------------------------------------------------------------------------------------------------
#     Timing Point       Flags    Arc   Edge           Cell             Fanout Load Trans Delay Arrival Instance 
#                                                                              (fF)  (ps)  (ps)   (ps)  Location 
#----------------------------------------------------------------------------------------------------------------
  in2_r_reg[4]/CLK       -       -      R     (arrival)                    119    -     0     0       0    (-,-) 
  in2_r_reg[4]/Q         -       CLK->Q F     sky130_fd_sc_hd__sdfrtp_1      3  9.5    71   340     340    (-,-) 
  alu_inst/fopt1118250/Y -       A->Y   R     sky130_fd_sc_hd__inv_2         2  5.4    38    65     404    (-,-) 
  alu_inst/g1119081/Y    -       A->Y   F     sky130_fd_sc_hd__nand2_1       2  4.9    45    56     460    (-,-) 
  alu_inst/g1119079/Y    -       B->Y   R     sky130_fd_sc_hd__nor2_1        1  2.8    78    84     544    (-,-) 
  alu_inst/g1117108/Y    -       B->Y   F     sky130_fd_sc_hd__nand3_1       1  4.6    70    94     638    (-,-) 
  alu_inst/g1117090/Y    -       A->Y   R     sky130_fd_sc_hd__nand2_2       3  8.0    62    85     723    (-,-) 
  alu_inst/g1114008/Y    -       A->Y   F     sky130_fd_sc_hd__nand2_1       2  4.9    47    63     787    (-,-) 
  alu_inst/g1110548/Y    -       A->Y   R     sky130_fd_sc_hd__inv_1         1  2.8    35    52     839    (-,-) 
  alu_inst/g1112061/Y    -       B->Y   F     sky130_fd_sc_hd__nor2_1        2  4.4    46    42     881    (-,-) 
  alu_inst/g1112059/Y    -       A2->Y  R     sky130_fd_sc_hd__o21ai_1       2  5.4   147   148    1030    (-,-) 
  alu_inst/g1111992/Y    -       A->Y   F     sky130_fd_sc_hd__inv_1         1  2.6    40    57    1087    (-,-) 
  alu_inst/g1111991/Y    -       A->Y   R     sky130_fd_sc_hd__nand2_1       2  5.5    68    73    1160    (-,-) 
  alu_inst/g1111852/Y    -       A->Y   F     sky130_fd_sc_hd__inv_1         2  6.4    39    58    1218    (-,-) 
  alu_inst/g1111851/Y    -       A->Y   R     sky130_fd_sc_hd__nand2_2       1  4.9    46    58    1276    (-,-) 
  alu_inst/g1116592/Y    -       A->Y   F     sky130_fd_sc_hd__nand2_2       2  7.0    39    58    1334    (-,-) 
  alu_inst/g1111202/Y    -       A->Y   R     sky130_fd_sc_hd__inv_1         1  4.9    51    61    1396    (-,-) 
  alu_inst/g1114183/Y    -       A->Y   F     sky130_fd_sc_hd__nand2_2       2  9.1    51    66    1461    (-,-) 
  alu_inst/fopt1117395/Y -       A->Y   R     sky130_fd_sc_hd__inv_2         6 15.0    75    87    1549    (-,-) 
  alu_inst/g1106458/Y    -       A->Y   F     sky130_fd_sc_hd__nand2_1       1  4.6    47    66    1614    (-,-) 
  alu_inst/g1121653/Y    -       A->Y   R     sky130_fd_sc_hd__nand3_2       2  7.5    67    76    1690    (-,-) 
  alu_inst/g1121656/Y    -       A->Y   F     sky130_fd_sc_hd__nand3_1       1  2.6    52    67    1757    (-,-) 
  alu_inst/g1116012/Y    -       A->Y   R     sky130_fd_sc_hd__nand2_1       1  2.7    44    60    1817    (-,-) 
  alu_inst/g1116011/Y    -       A->Y   F     sky130_fd_sc_hd__nand2_1       1  4.6    45    58    1875    (-,-) 
  alu_inst/g1116010/Y    -       A->Y   R     sky130_fd_sc_hd__inv_2         2 11.7    60    77    1952    (-,-) 
  alu_inst/g1116009/Y    -       A->Y   F     sky130_fd_sc_hd__nand2_1       1  4.6    46    62    2013    (-,-) 
  alu_inst/fopt1123477/Y -       A->Y   R     sky130_fd_sc_hd__inv_2         6 17.2    85    95    2108    (-,-) 
  alu_inst/fopt1123476/Y -       A->Y   F     sky130_fd_sc_hd__inv_2         3  9.2    34    54    2162    (-,-) 
  alu_inst/g1112683/Y    -       A1->Y  R     sky130_fd_sc_hd__a21oi_2       1  2.8    81   105    2268    (-,-) 
  alu_inst/g1112680/Y    -       B->Y   F     sky130_fd_sc_hd__nor2_1        1  2.6    35    48    2316    (-,-) 
  alu_inst/g1122230/Y    -       A->Y   R     sky130_fd_sc_hd__nand2_1       1  4.7    61    66    2382    (-,-) 
  alu_inst/g1123212/Y    -       A->Y   F     sky130_fd_sc_hd__nand3_2       2  9.1    75    86    2468    (-,-) 
  alu_inst/g1122236/Y    -       A->Y   R     sky130_fd_sc_hd__nand3_2       5 12.7    91   104    2572    (-,-) 
  alu_inst/g1097395/Y    -       B->Y   F     sky130_fd_sc_hd__nor2_1        1  2.5    30    49    2621    (-,-) 
  alu_inst/g1097305/Y    -       B1->Y  R     sky130_fd_sc_hd__a21oi_1       1  2.7   105   107    2728    (-,-) 
  alu_inst/g1097169/Y    -       B->Y   F     sky130_fd_sc_hd__nand2_1       2  6.4    59    88    2817    (-,-) 
  alu_inst/g1096953/Y    -       A->Y   R     sky130_fd_sc_hd__nand2_2       2  6.9    57    74    2891    (-,-) 
  alu_inst/g1107688/X    -       A->X   R     sky130_fd_sc_hd__buf_2         2  5.3    39   107    2998    (-,-) 
  alu_inst/g1096890/Y    -       A->Y   F     sky130_fd_sc_hd__nand2_1       1  2.6    30    44    3042    (-,-) 
  alu_inst/g1096704/Y    -       A->Y   R     sky130_fd_sc_hd__nand2_1       2  5.4    67    68    3110    (-,-) 
  alu_inst/g25/Y         -       A->Y   F     sky130_fd_sc_hd__nand2_1       2  5.0    49    66    3176    (-,-) 
  alu_inst/fopt1105830/Y -       A->Y   R     sky130_fd_sc_hd__inv_1         1  4.9    51    65    3241    (-,-) 
  alu_inst/g1118575/Y    -       A->Y   F     sky130_fd_sc_hd__nand2_2       7 15.3    73    83    3324    (-,-) 
  alu_inst/fopt1105374/Y -       A->Y   R     sky130_fd_sc_hd__inv_1         1  4.9    54    75    3399    (-,-) 
  alu_inst/g1119949/Y    -       A->Y   F     sky130_fd_sc_hd__inv_2         4 10.0    29    52    3451    (-,-) 
  alu_inst/g1119948/Y    -       A->Y   R     sky130_fd_sc_hd__nand3_1       1  4.9    81    73    3524    (-,-) 
  alu_inst/g237/Y        -       A->Y   F     sky130_fd_sc_hd__nand2_2       4 11.2    63    81    3604    (-,-) 
  alu_inst/g1110955/Y    -       A->Y   R     sky130_fd_sc_hd__nand3_2       2  5.3    60    72    3677    (-,-) 
  alu_inst/g1110956/Y    -       A->Y   F     sky130_fd_sc_hd__nand2_1       1  2.6    33    50    3727    (-,-) 
  alu_inst/g1116182/Y    -       A->Y   R     sky130_fd_sc_hd__nand2_1       2  4.7    61    65    3792    (-,-) 
  alu_inst/g1116181/Y    -       A->Y   F     sky130_fd_sc_hd__nand2_1       1  2.5    32    50    3842    (-,-) 
  alu_inst/g106/Y        -       A->Y   R     sky130_fd_sc_hd__inv_1         1  4.9    50    60    3902    (-,-) 
  alu_inst/g1121583/Y    -       A->Y   F     sky130_fd_sc_hd__nand2_2       2  7.0    40    60    3962    (-,-) 
  alu_inst/g1122545/Y    -       A->Y   R     sky130_fd_sc_hd__nand2_2       2  7.5    59    67    4029    (-,-) 
  alu_inst/g1122544/Y    -       A->Y   F     sky130_fd_sc_hd__nand2_2       3  9.4    49    66    4096    (-,-) 
  alu_inst/g1122543/Y    -       A->Y   R     sky130_fd_sc_hd__nand2_2       2  6.9    56    69    4165    (-,-) 
  alu_inst/g1116255/Y    -       A->Y   F     sky130_fd_sc_hd__nand2_2       3  7.3    41    59    4224    (-,-) 
  alu_inst/g82/Y         -       B->Y   R     sky130_fd_sc_hd__nand2_1       1  2.7    44    62    4286    (-,-) 
  alu_inst/g1120599/X    -       C1->X  R     sky130_fd_sc_hd__o211a_1       2  6.8    74   158    4444    (-,-) 
  alu_inst/g1122608/Y    -       A->Y   F     sky130_fd_sc_hd__nand2_2       2  9.1    51    70    4513    (-,-) 
  alu_inst/g1114787/Y    -       A->Y   R     sky130_fd_sc_hd__nand2_2       2 13.8    90    94    4608    (-,-) 
  alu_inst/g1121986/Y    -       B->Y   F     sky130_fd_sc_hd__nand3_4      12 28.2   119   134    4742    (-,-) 
  alu_inst/fopt1121985/Y -       A->Y   R     sky130_fd_sc_hd__inv_2         3 10.2    63   100    4842    (-,-) 
  alu_inst/fopt1121984/Y -       A->Y   F     sky130_fd_sc_hd__inv_2         6 14.9    40    60    4902    (-,-) 
  alu_inst/g1113213/Y    -       A_N->Y F     sky130_fd_sc_hd__nand2b_1      2  4.9    57   148    5050    (-,-) 
  alu_inst/g1117680/Y    -       D->Y   R     sky130_fd_sc_hd__nand4_1       1  4.9    91   104    5154    (-,-) 
  alu_inst/g1123786/Y    -       B->Y   F     sky130_fd_sc_hd__nand3_2       3 11.6    90   118    5273    (-,-) 
  alu_inst/g1117673/Y    -       C->Y   R     sky130_fd_sc_hd__nand4_1       1  2.7    70   108    5380    (-,-) 
  alu_inst/g1116309/Y    -       A->Y   F     sky130_fd_sc_hd__inv_1         1  4.6    33    54    5434    (-,-) 
  alu_inst/g1119491/Y    -       A->Y   R     sky130_fd_sc_hd__nand3_2       4 10.5    81    80    5514    (-,-) 
  alu_inst/g1116311/Y    -       A->Y   F     sky130_fd_sc_hd__nand2_1       1  2.6    39    55    5570    (-,-) 
  alu_inst/g1123329/Y    -       A->Y   R     sky130_fd_sc_hd__nand3_1       2  5.4    86    82    5651    (-,-) 
  alu_inst/g1116151/Y    -       A->Y   F     sky130_fd_sc_hd__nand2_1       1  2.6    38    57    5708    (-,-) 
  alu_inst/g242/Y        -       A->Y   R     sky130_fd_sc_hd__nand2_1       1  4.9    63    68    5776    (-,-) 
  alu_inst/g1113472/Y    -       A->Y   F     sky130_fd_sc_hd__nand2_2       2  7.1    42    63    5840    (-,-) 
  alu_inst/g1113473/Y    -       A->Y   R     sky130_fd_sc_hd__nand2_2       1  4.9    46    59    5898    (-,-) 
  alu_inst/g1111575/Y    -       A->Y   F     sky130_fd_sc_hd__nand2_2       2  7.1    40    58    5957    (-,-) 
  alu_inst/g1111574/Y    -       A->Y   R     sky130_fd_sc_hd__nand2_1       1  4.9    62    68    6025    (-,-) 
  alu_inst/g1117890/Y    -       A->Y   F     sky130_fd_sc_hd__nand2_2       4 11.9    58    77    6102    (-,-) 
  alu_inst/fopt1105829/Y -       A->Y   R     sky130_fd_sc_hd__inv_2         3  7.9    46    68    6170    (-,-) 
  alu_inst/g1117893/Y    -       A->Y   F     sky130_fd_sc_hd__nand2_1       1  2.6    31    46    6216    (-,-) 
  alu_inst/g1122648/Y    -       A->Y   R     sky130_fd_sc_hd__nand2_1       2  5.4    73    69    6285    (-,-) 
  alu_inst/g1122647/Y    -       B->Y   F     sky130_fd_sc_hd__nand3_1       1  2.5    51    75    6360    (-,-) 
  alu_inst/g1122567/Y    -       A->Y   R     sky130_fd_sc_hd__inv_1         1  2.7    34    55    6415    (-,-) 
  alu_inst/g1122566/Y    -       A->Y   F     sky130_fd_sc_hd__nand2_1       1  4.6    46    54    6470    (-,-) 
  alu_inst/g1115976/Y    -       B->Y   R     sky130_fd_sc_hd__nand3_2       2  7.5    78    87    6557    (-,-) 
  alu_inst/fopt127/Y     -       A->Y   F     sky130_fd_sc_hd__inv_2         2  4.3    24    42    6599    (-,-) 
  alu_inst/fopt1112085/Y -       A->Y   R     sky130_fd_sc_hd__inv_1         2  7.6    72    71    6670    (-,-) 
  alu_inst/g1122717/Y    -       A->Y   F     sky130_fd_sc_hd__nand2_2       2  5.0    37    56    6726    (-,-) 
  alu_inst/g1122716/Y    -       A->Y   R     sky130_fd_sc_hd__inv_1         2  5.4    55    63    6789    (-,-) 
  alu_inst/g1122715/Y    -       C->Y   F     sky130_fd_sc_hd__nand3_1       1  2.6    49    75    6864    (-,-) 
  alu_inst/g1122714/Y    -       A->Y   R     sky130_fd_sc_hd__nand2_1       1  2.9    49    60    6924    (-,-) 
  alu_inst/g1122463/Y    -       A2->Y  F     sky130_fd_sc_hd__o21ai_1       1  2.1    40    54    6979    (-,-) 
  result_r_reg[12]/SCD   <<<     -      F     sky130_fd_sc_hd__sdfrtp_1      1    -     -     4    6982    (-,-) 
#----------------------------------------------------------------------------------------------------------------

