============================================================
  Generated by:           Genus(TM) Synthesis Solution 21.14-s082_1
  Generated on:           Sep 23 2026  08:58:07 pm
  Module:                 coprocessor
  Operating conditions:   tt_025C_1v80 (balanced_tree)
  Wireload mode:          top
  Area mode:              timing library
============================================================


Path 1: VIOLATED (-129 ps) Setup Check with Pin result_r_reg[7]/CLK->SCD
          Group: clk
     Startpoint: (R) in2_r_reg[0]/CLK
          Clock: (R) clk
       Endpoint: (F) result_r_reg[7]/SCD
          Clock: (R) clk

                     Capture       Launch     
        Clock Edge:+    7194            0     
       Src Latency:+       0            0     
       Net Latency:+       0 (I)        0 (I) 
           Arrival:=    7194            0     
                                              
             Setup:-     419                  
     Required Time:=    6775                  
      Launch Clock:-       0                  
         Data Path:-    6905                  
             Slack:=    -129                  

#------------------------------------------------------------------------------------------------------------------------
#        Timing Point          Flags    Arc    Edge            Cell             Fanout Load Trans Delay Arrival Instance 
#                                                                                      (fF)  (ps)  (ps)   (ps)  Location 
#------------------------------------------------------------------------------------------------------------------------
  in2_r_reg[0]/CLK             -       -       R     (arrival)                     119    -     0     0       0    (-,-) 
  in2_r_reg[0]/Q               -       CLK->Q  F     sky130_fd_sc_hd__sdfrtp_1       2  5.0    51   315     315    (-,-) 
  alu_inst/fopt1607594/Y       -       A->Y    R     sky130_fd_sc_hd__clkinv_1       2  5.3    39    58     374    (-,-) 
  alu_inst/fopt1607593/Y       -       A->Y    F     sky130_fd_sc_hd__inv_1          2  4.9    29    43     417    (-,-) 
  alu_inst/fopt1607592/Y       -       A->Y    R     sky130_fd_sc_hd__inv_1          2  5.3    54    59     476    (-,-) 
  alu_inst/g1607591/Y          -       A->Y    F     sky130_fd_sc_hd__nand3_1        1  2.5    50    62     538    (-,-) 
  alu_inst/g1613773/Y          -       B->Y    R     sky130_fd_sc_hd__nor2_1         1  2.7    77    86     624    (-,-) 
  alu_inst/g1613772/Y          -       A->Y    F     sky130_fd_sc_hd__nand2_1        4 10.0    81    97     722    (-,-) 
  alu_inst/g1613779/Y          -       A->Y    R     sky130_fd_sc_hd__nand2_1        1  4.9    63    85     807    (-,-) 
  alu_inst/g1615882/Y          -       A->Y    F     sky130_fd_sc_hd__nand2_2        5 11.5    57    76     883    (-,-) 
  alu_inst/g203/Y              -       A->Y    R     sky130_fd_sc_hd__nand2_1        2  4.9    62    75     958    (-,-) 
  alu_inst/g202/Y              -       B1->Y   F     sky130_fd_sc_hd__o21ai_1        1  2.5    42    62    1020    (-,-) 
  alu_inst/g1615880/Y          -       A->Y    R     sky130_fd_sc_hd__inv_1          2  5.3    54    66    1086    (-,-) 
  alu_inst/g1607911/Y          -       A->Y    F     sky130_fd_sc_hd__nand3_1        2  4.4    67    76    1162    (-,-) 
  alu_inst/g136/Y              -       A->Y    R     sky130_fd_sc_hd__nor2_1         1  5.0   115   135    1297    (-,-) 
  alu_inst/g1607908/Y          -       B->Y    F     sky130_fd_sc_hd__nor2_2         1  4.5    35    54    1352    (-,-) 
  alu_inst/g1608718/Y          -       B->Y    R     sky130_fd_sc_hd__nand2_2        3 14.5    93   102    1453    (-,-) 
  alu_inst/g1607568/Y          -       A->Y    F     sky130_fd_sc_hd__inv_2          7 16.8    50    73    1526    (-,-) 
  alu_inst/g1598036/Y          -       A->Y    R     sky130_fd_sc_hd__inv_1          4 10.7    97    98    1624    (-,-) 
  alu_inst/g1609392/Y          -       B->Y    F     sky130_fd_sc_hd__nand3_1        2  5.0    75   100    1725    (-,-) 
  alu_inst/g1609391/Y          -       A->Y    R     sky130_fd_sc_hd__nand2_1        1  2.8    44    69    1794    (-,-) 
  alu_inst/g1615926/Y          -       A->Y    F     sky130_fd_sc_hd__nor2_1         1  4.4    31    50    1844    (-,-) 
  alu_inst/g1614976/Y          -       B->Y    R     sky130_fd_sc_hd__nor2_2         2  7.5   110   109    1953    (-,-) 
  alu_inst/g1614975/Y          -       A->Y    F     sky130_fd_sc_hd__nand2_2        2  9.1    57    80    2032    (-,-) 
  alu_inst/g307/Y              -       A->Y    R     sky130_fd_sc_hd__nand2_2        1  4.9    51    65    2098    (-,-) 
  alu_inst/g375/Y              -       A->Y    F     sky130_fd_sc_hd__nand2_2        4  9.2    50    66    2164    (-,-) 
  alu_inst/g336/Y              -       A3->Y   R     sky130_fd_sc_hd__a41oi_1        1  2.7   152   195    2358    (-,-) 
  alu_inst/g1606028/Y          -       B->Y    F     sky130_fd_sc_hd__nand2_1        3  7.4    71   106    2464    (-,-) 
  alu_inst/g1606027/Y          -       A->Y    R     sky130_fd_sc_hd__inv_1          1  4.9    54    75    2539    (-,-) 
  alu_inst/g1590320/Y          -       A->Y    F     sky130_fd_sc_hd__inv_2          3  7.6    25    47    2586    (-,-) 
  alu_inst/g1611768/Y          -       A->Y    R     sky130_fd_sc_hd__nand2_1        1  5.0    63    62    2648    (-,-) 
  alu_inst/g1611766/Y          -       B1->Y   F     sky130_fd_sc_hd__a21oi_2        2  4.9    55    46    2694    (-,-) 
  alu_inst/g1608266/Y          -       B1->Y   R     sky130_fd_sc_hd__a21oi_1        1  2.7   105   114    2808    (-,-) 
  alu_inst/g1609252/Y          -       A->Y    F     sky130_fd_sc_hd__nand4_1        2  5.1    95   110    2918    (-,-) 
  alu_inst/g1609251/Y          -       A->Y    R     sky130_fd_sc_hd__nand2_1        1  4.9    66    92    3010    (-,-) 
  alu_inst/g1609250/Y          -       A->Y    F     sky130_fd_sc_hd__inv_2          3  9.5    31    54    3063    (-,-) 
  alu_inst/g1609249/Y          -       A->Y    R     sky130_fd_sc_hd__nand2_2        4 12.5    84    81    3144    (-,-) 
  alu_inst/fopt1601784/Y       -       A->Y    F     sky130_fd_sc_hd__inv_2          3  9.4    34    55    3199    (-,-) 
  alu_inst/fopt1601788/Y       -       A->Y    R     sky130_fd_sc_hd__inv_2          6 16.0    79    83    3283    (-,-) 
  alu_inst/g1608341/Y          -       B->Y    F     sky130_fd_sc_hd__nand2_1        1  2.6    34    58    3341    (-,-) 
  alu_inst/g1588894/Y          -       A->Y    R     sky130_fd_sc_hd__nand2_1        1  5.1    64    68    3409    (-,-) 
  alu_inst/g1615405/Y          -       A2_N->Y R     sky130_fd_sc_hd__a2bb2oi_2      2  5.2   106   146    3555    (-,-) 
  alu_inst/g1605654/Y          -       A->Y    F     sky130_fd_sc_hd__nand2_1        3  7.4    68    91    3646    (-,-) 
  alu_inst/g1614388/Y          -       A->Y    R     sky130_fd_sc_hd__nand2_1        2  4.9    62    80    3726    (-,-) 
  alu_inst/g1614393/Y          -       B1->Y   F     sky130_fd_sc_hd__o21ai_1        1  2.6    44    63    3789    (-,-) 
  alu_inst/g1605397/Y          -       A->Y    R     sky130_fd_sc_hd__nand2_1        3  7.4    84    87    3876    (-,-) 
  alu_inst/g1605394/Y          -       B->Y    F     sky130_fd_sc_hd__nand2_1        1  4.6    46    71    3947    (-,-) 
  alu_inst/g1616711/Y          -       A->Y    R     sky130_fd_sc_hd__nand2_2        2  7.5    59    73    4020    (-,-) 
  alu_inst/g1610287/Y          -       A->Y    F     sky130_fd_sc_hd__nand2_1        1  4.6    44    61    4081    (-,-) 
  alu_inst/g1610286/Y          -       A->Y    R     sky130_fd_sc_hd__nand2_2        4 12.7    84    91    4172    (-,-) 
  alu_inst/g50/Y               -       B->Y    F     sky130_fd_sc_hd__nand2_1        3  9.5    77    98    4270    (-,-) 
  alu_inst/g1615613/Y          -       A1->Y   R     sky130_fd_sc_hd__a21boi_1       1  2.7   105   131    4400    (-,-) 
  alu_inst/g1615612/Y          -       A->Y    F     sky130_fd_sc_hd__nand3_1        1  4.6    74    95    4496    (-,-) 
  alu_inst/g1607782/Y          -       B->Y    R     sky130_fd_sc_hd__nand4_2        2  6.9    84   110    4606    (-,-) 
  alu_inst/g1610480/Y          -       A->Y    F     sky130_fd_sc_hd__nand2_2        4 11.2    59    79    4685    (-,-) 
  alu_inst/g1610481/Y          -       A->Y    R     sky130_fd_sc_hd__inv_2          5 15.5    78    93    4777    (-,-) 
  alu_inst/g1587799/Y          -       A->Y    F     sky130_fd_sc_hd__inv_2          1  4.6    25    43    4820    (-,-) 
  alu_inst/g1616948/Y          -       A->Y    R     sky130_fd_sc_hd__nand2_2        2  7.5    59    64    4884    (-,-) 
  alu_inst/g1587700__1599009/Y -       A->Y    F     sky130_fd_sc_hd__nand2_1        1  2.6    33    50    4934    (-,-) 
  alu_inst/g1609624/Y          -       B->Y    R     sky130_fd_sc_hd__nand4_1        1  2.7    69    77    5011    (-,-) 
  alu_inst/g1609196/Y          -       A->Y    F     sky130_fd_sc_hd__nand2_1        1  4.4    45    64    5075    (-,-) 
  alu_inst/g1609195/Y          -       B1->Y   R     sky130_fd_sc_hd__a21oi_2        2  5.4   108   120    5196    (-,-) 
  alu_inst/g1608159/Y          -       B->Y    F     sky130_fd_sc_hd__nor2_1         1  2.6    36    53    5248    (-,-) 
  alu_inst/g1614781/Y          -       A->Y    R     sky130_fd_sc_hd__nand2_1        2  7.6    86    85    5333    (-,-) 
  alu_inst/g1614783/Y          -       A->Y    F     sky130_fd_sc_hd__inv_2          4 11.4    38    60    5394    (-,-) 
  alu_inst/g1614782/Y          -       A->Y    R     sky130_fd_sc_hd__nand3_2        3  8.2    70    72    5466    (-,-) 
  alu_inst/fopt1613005/Y       -       A->Y    F     sky130_fd_sc_hd__inv_1          2  5.0    34    54    5519    (-,-) 
  alu_inst/g161/Y              -       A1->Y   R     sky130_fd_sc_hd__a31oi_1        1  2.7   124   120    5640    (-,-) 
  alu_inst/g160/Y              -       A->Y    F     sky130_fd_sc_hd__nand2_1        2  5.1    59    84    5724    (-,-) 
  alu_inst/g1606858/Y          -       A->Y    R     sky130_fd_sc_hd__nand2_1        1  4.9    63    76    5800    (-,-) 
  alu_inst/g1614488/Y          -       A->Y    F     sky130_fd_sc_hd__nand2_2        3  7.5    43    64    5864    (-,-) 
  alu_inst/g1614487/Y          -       A->Y    R     sky130_fd_sc_hd__nand2_1        1  2.7    44    55    5920    (-,-) 
  alu_inst/g1614486/Y          -       A->Y    F     sky130_fd_sc_hd__nand2_1        2  4.8    44    59    5978    (-,-) 
  alu_inst/g1587061__1600214/Y -       A->Y    R     sky130_fd_sc_hd__nand2_1        1  4.9    62    70    6048    (-,-) 
  alu_inst/g1587058__1705/Y    -       A->Y    F     sky130_fd_sc_hd__nand2_2        3  9.4    50    70    6118    (-,-) 
  alu_inst/g1615145/Y          -       B->Y    R     sky130_fd_sc_hd__nor2_1         2  5.4   124   118    6236    (-,-) 
  alu_inst/g1615407/Y          -       A->Y    F     sky130_fd_sc_hd__nand2_1        1  2.6    45    66    6302    (-,-) 
  alu_inst/g1603472/Y          -       A->Y    R     sky130_fd_sc_hd__nand2_1        1  4.9    62    72    6373    (-,-) 
  alu_inst/g1615142/Y          -       B->Y    F     sky130_fd_sc_hd__nand3_2        4  9.0    76    99    6472    (-,-) 
  alu_inst/g1608524/Y          -       A->Y    R     sky130_fd_sc_hd__nand2_1        1  4.9    65    84    6556    (-,-) 
  alu_inst/g1586804/Y          -       A->Y    F     sky130_fd_sc_hd__inv_2          2  7.0    26    48    6604    (-,-) 
  alu_inst/g1586774__5526/Y    -       A->Y    R     sky130_fd_sc_hd__nand2_2        4 14.5    93    87    6691    (-,-) 
  alu_inst/g1605680/Y          -       B->Y    F     sky130_fd_sc_hd__nor2_2         2  4.0    30    46    6737    (-,-) 
  alu_inst/g1586711__7098/Y    -       B->Y    R     sky130_fd_sc_hd__nor2_1         1  2.8    78    79    6816    (-,-) 
  alu_inst/g1586680__8246/Y    -       A3->Y   F     sky130_fd_sc_hd__o311ai_1       1  2.1    68    84    6901    (-,-) 
  result_r_reg[7]/SCD          <<<     -       F     sky130_fd_sc_hd__sdfrtp_1       1    -     -     4    6905    (-,-) 
#------------------------------------------------------------------------------------------------------------------------

