============================================================
  Generated by:           Genus(TM) Synthesis Solution 21.14-s082_1
  Generated on:           Sep 23 2026  03:58:15 pm
  Module:                 coprocessor
  Operating conditions:   tt_025C_1v80 (balanced_tree)
  Wireload mode:          top
  Area mode:              timing library
============================================================


Path 1: VIOLATED (-2519 ps) Setup Check with Pin result_r_reg[13]/CLK->SCD
          Group: clk
     Startpoint: (R) in1_r_reg[3]/CLK
          Clock: (R) clk
       Endpoint: (F) result_r_reg[13]/SCD
          Clock: (R) clk

                     Capture       Launch     
        Clock Edge:+    5000            0     
       Src Latency:+       0            0     
       Net Latency:+       0 (I)        0 (I) 
           Arrival:=    5000            0     
                                              
             Setup:-     416                  
     Required Time:=    4584                  
      Launch Clock:-       0                  
         Data Path:-    7104                  
             Slack:=   -2519                  

#----------------------------------------------------------------------------------------------------------------------
#        Timing Point          Flags    Arc   Edge           Cell             Fanout Load Trans Delay Arrival Instance 
#                                                                                    (fF)  (ps)  (ps)   (ps)  Location 
#----------------------------------------------------------------------------------------------------------------------
  in1_r_reg[3]/CLK             -       -      R     (arrival)                    119    -     0     0       0    (-,-) 
  in1_r_reg[3]/Q               -       CLK->Q F     sky130_fd_sc_hd__sdfrtp_1      3  6.8    59   325     325    (-,-) 
  alu_inst/g1394762/Y          -       A->Y   R     sky130_fd_sc_hd__nor2_1        1  2.7    77   103     428    (-,-) 
  alu_inst/g1394740/Y          -       A->Y   F     sky130_fd_sc_hd__nand2_1       1  5.1    51    70     499    (-,-) 
  alu_inst/g1394716/Y          -       A->Y   R     sky130_fd_sc_hd__clkinv_2      7 17.0    66    85     584    (-,-) 
  alu_inst/g1394652/Y          -       A->Y   F     sky130_fd_sc_hd__nand4_1       1  4.6    88    92     675    (-,-) 
  alu_inst/g1402160/Y          -       A->Y   R     sky130_fd_sc_hd__nand2_2       5 11.2    77   105     780    (-,-) 
  alu_inst/g26/X               -       A1->X  R     sky130_fd_sc_hd__a21o_2        2  9.7    62   147     927    (-,-) 
  alu_inst/g1408474/Y          -       A->Y   F     sky130_fd_sc_hd__nand2_2      12 28.4   120   120    1048    (-,-) 
  alu_inst/g1397267/Y          -       A->Y   R     sky130_fd_sc_hd__nand2_1       1  2.7    51    86    1133    (-,-) 
  alu_inst/g1409171/Y          -       A->Y   F     sky130_fd_sc_hd__nand3_1       1  2.6    57    63    1196    (-,-) 
  alu_inst/g206/Y              -       B->Y   R     sky130_fd_sc_hd__nand3_1       1  2.7    59    84    1281    (-,-) 
  alu_inst/g205/Y              -       A->Y   F     sky130_fd_sc_hd__nand2_1       1  2.6    33    52    1332    (-,-) 
  alu_inst/g1408483/Y          -       A->Y   R     sky130_fd_sc_hd__nand2_1       1  4.9    63    67    1399    (-,-) 
  alu_inst/g1408468/Y          -       B->Y   F     sky130_fd_sc_hd__nand2_2       2  9.1    49    74    1473    (-,-) 
  alu_inst/fopt1401198/Y       -       A->Y   R     sky130_fd_sc_hd__inv_2         3 10.1    54    71    1544    (-,-) 
  alu_inst/fopt1401190/Y       -       A->Y   F     sky130_fd_sc_hd__inv_1         1  4.6    30    48    1592    (-,-) 
  alu_inst/fopt71/Y            -       A->Y   R     sky130_fd_sc_hd__inv_2         3  8.0    44    59    1651    (-,-) 
  alu_inst/g1402249/Y          -       A->Y   F     sky130_fd_sc_hd__nand2_1       1  4.6    43    56    1707    (-,-) 
  alu_inst/g1407930/Y          -       A->Y   R     sky130_fd_sc_hd__nand2_2       3  8.8    65    76    1783    (-,-) 
  alu_inst/g1408070/Y          -       A->Y   F     sky130_fd_sc_hd__nand2_1       2  7.1    61    76    1860    (-,-) 
  alu_inst/g1410204/Y          -       A->Y   R     sky130_fd_sc_hd__nand2_2       3 10.1    72    86    1945    (-,-) 
  alu_inst/g1410207/Y          -       A->Y   F     sky130_fd_sc_hd__nand2_2       1  4.6    35    55    2000    (-,-) 
  alu_inst/g1409640/Y          -       A->Y   R     sky130_fd_sc_hd__nand2_2       2  6.6    56    65    2065    (-,-) 
  alu_inst/g1409639/Y          -       A->Y   F     sky130_fd_sc_hd__nand3_2       1  4.4    49    63    2129    (-,-) 
  alu_inst/g1409638/Y          -       B->Y   R     sky130_fd_sc_hd__nor2_2        1  4.7    82    93    2222    (-,-) 
  alu_inst/g1409637/Y          -       A->Y   F     sky130_fd_sc_hd__nand3_2       3  8.0    72    88    2310    (-,-) 
  alu_inst/g1408767/Y          -       B->Y   R     sky130_fd_sc_hd__nand2_1       2  6.8    80   101    2411    (-,-) 
  alu_inst/g1408765/Y          -       B->Y   F     sky130_fd_sc_hd__nand2_2       3 11.4    57    84    2495    (-,-) 
  alu_inst/g41/Y               -       A->Y   R     sky130_fd_sc_hd__nand2_2       8 21.1   126   123    2617    (-,-) 
  alu_inst/fopt1406615/Y       -       A->Y   F     sky130_fd_sc_hd__inv_1         1  2.6    37    54    2671    (-,-) 
  alu_inst/g1409434/Y          -       A->Y   R     sky130_fd_sc_hd__nand2_1       2  5.3    66    70    2742    (-,-) 
  alu_inst/g1409423/Y          -       A->Y   F     sky130_fd_sc_hd__nand2_1       1  4.6    46    63    2805    (-,-) 
  alu_inst/g1409422/Y          -       A->Y   R     sky130_fd_sc_hd__nand2_2       3  7.3    58    72    2877    (-,-) 
  alu_inst/g126/Y              -       A->Y   F     sky130_fd_sc_hd__nand2_1       1  2.6    32    50    2927    (-,-) 
  alu_inst/g1410179/Y          -       A->Y   R     sky130_fd_sc_hd__nand3_1       1  4.9    82    76    3002    (-,-) 
  alu_inst/g1410178/Y          -       A->Y   F     sky130_fd_sc_hd__nand2_2       2 10.4    56    79    3081    (-,-) 
  alu_inst/g1409443/Y          -       A->Y   R     sky130_fd_sc_hd__nand2_4      19 50.5   163   156    3237    (-,-) 
  alu_inst/fopt1395741/Y       -       A->Y   F     sky130_fd_sc_hd__inv_2         3  9.5    49    68    3304    (-,-) 
  alu_inst/fopt1395737/Y       -       A->Y   R     sky130_fd_sc_hd__inv_2         4 11.6    60    76    3380    (-,-) 
  alu_inst/g1401637/Y          -       A->Y   F     sky130_fd_sc_hd__clkinv_1      1  2.6    33    58    3438    (-,-) 
  alu_inst/g1401636/Y          -       A->Y   R     sky130_fd_sc_hd__nand2_1       1  2.7    44    52    3490    (-,-) 
  alu_inst/g1401635/Y          -       A->Y   F     sky130_fd_sc_hd__nand3_1       1  2.6    51    61    3552    (-,-) 
  alu_inst/g1401634/Y          -       A->Y   R     sky130_fd_sc_hd__nand2_1       1  4.9    62    74    3625    (-,-) 
  alu_inst/g1407892/Y          -       A->Y   F     sky130_fd_sc_hd__nand2_2       3  7.4    44    64    3689    (-,-) 
  alu_inst/g1407891/Y          -       A->Y   R     sky130_fd_sc_hd__nand2_1       1  2.9    45    57    3746    (-,-) 
  alu_inst/g1409368/X          -       A2->X  R     sky130_fd_sc_hd__o21a_1        1  4.7    59   117    3864    (-,-) 
  alu_inst/g1409910/Y          -       A->Y   F     sky130_fd_sc_hd__nand4_2       2  6.4    88    89    3952    (-,-) 
  alu_inst/g934/Y              -       A->Y   R     sky130_fd_sc_hd__nand2_2       2  7.5    60    88    4040    (-,-) 
  alu_inst/g1409382/Y          -       A->Y   F     sky130_fd_sc_hd__nand2_2       2  7.0    44    59    4100    (-,-) 
  alu_inst/g1409379/Y          -       B->Y   R     sky130_fd_sc_hd__nand2_2       4 12.7    84    97    4197    (-,-) 
  alu_inst/g1407783/Y          -       A->Y   F     sky130_fd_sc_hd__nand2_2       3  9.5    54    74    4270    (-,-) 
  alu_inst/g1407638/Y          -       A->Y   R     sky130_fd_sc_hd__inv_2         1  4.9    32    57    4327    (-,-) 
  alu_inst/g1407637/Y          -       A->Y   F     sky130_fd_sc_hd__nand2_2       1  4.6    30    47    4374    (-,-) 
  alu_inst/g1401892/Y          -       A->Y   R     sky130_fd_sc_hd__nand2_2       6 14.3    92    90    4464    (-,-) 
  alu_inst/g1402619/Y          -       A->Y   F     sky130_fd_sc_hd__nand2_1       1  2.5    39    57    4521    (-,-) 
  alu_inst/g1409908/Y          -       B->Y   R     sky130_fd_sc_hd__nand2_1       1  2.7    44    62    4583    (-,-) 
  alu_inst/g1409907/Y          -       A->Y   F     sky130_fd_sc_hd__nand2_1       2  4.4    44    57    4640    (-,-) 
  alu_inst/g1409906/Y          -       B->Y   R     sky130_fd_sc_hd__nand4_1       1  4.9    91    96    4736    (-,-) 
  alu_inst/g1402082/Y          -       A->Y   F     sky130_fd_sc_hd__inv_2         2 17.1    50    76    4812    (-,-) 
  alu_inst/g1410158/Y          -       A->Y   R     sky130_fd_sc_hd__nand2_4       7 20.4    80    93    4905    (-,-) 
  alu_inst/g1386545__1398594/Y -       B->Y   F     sky130_fd_sc_hd__nand2_1       1  2.6    34    58    4963    (-,-) 
  alu_inst/g51/Y               -       A->Y   R     sky130_fd_sc_hd__nand2_1       2  5.3    66    69    5032    (-,-) 
  alu_inst/g1403901/Y          -       A->Y   F     sky130_fd_sc_hd__nand2_1       1  4.5    46    63    5095    (-,-) 
  alu_inst/g1403899/Y          -       B->Y   R     sky130_fd_sc_hd__nand2_2       3  7.2    58    81    5176    (-,-) 
  alu_inst/g1386411__1403902/Y -       A->Y   F     sky130_fd_sc_hd__nand2_1       1  2.6    32    50    5226    (-,-) 
  alu_inst/g1403400/Y          -       A->Y   R     sky130_fd_sc_hd__nand2_1       2  4.8    62    66    5291    (-,-) 
  alu_inst/g1409884/Y          -       C->Y   F     sky130_fd_sc_hd__nand3_1       1  2.6    50    76    5368    (-,-) 
  alu_inst/g1409883/Y          -       A->Y   R     sky130_fd_sc_hd__nor2_1        2  4.6   108   125    5493    (-,-) 
  alu_inst/g1409882/Y          -       A->Y   F     sky130_fd_sc_hd__nand2_1       1  4.6    54    76    5569    (-,-) 
  alu_inst/fopt1409691/Y       -       A->Y   R     sky130_fd_sc_hd__inv_2         3 10.1    54    76    5644    (-,-) 
  alu_inst/g1402543/Y          -       A->Y   F     sky130_fd_sc_hd__nand2_2       2  7.0    42    58    5702    (-,-) 
  alu_inst/fopt1402542/Y       -       A->Y   R     sky130_fd_sc_hd__inv_1         1  4.9    51    62    5765    (-,-) 
  alu_inst/fopt1402541/Y       -       A->Y   F     sky130_fd_sc_hd__inv_2         3  9.4    28    50    5814    (-,-) 
  alu_inst/fopt1402547/Y       -       A->Y   R     sky130_fd_sc_hd__inv_1         1  2.7    33    44    5858    (-,-) 
  alu_inst/g1403251/Y          -       A->Y   F     sky130_fd_sc_hd__nand2_1       1  2.6    32    43    5901    (-,-) 
  alu_inst/g1403250/Y          -       A->Y   R     sky130_fd_sc_hd__nand3_1       2  7.6   107    93    5995    (-,-) 
  alu_inst/g1385686__2398/Y    -       B->Y   F     sky130_fd_sc_hd__nand2_2       2  7.1    45    77    6071    (-,-) 
  alu_inst/g1401161/Y          -       A->Y   R     sky130_fd_sc_hd__nand2_2       2  7.5    59    70    6141    (-,-) 
  alu_inst/g1402335/Y          -       B->Y   F     sky130_fd_sc_hd__nand4_2       2  6.2    85   104    6245    (-,-) 
  alu_inst/g1403957/Y          -       B->Y   R     sky130_fd_sc_hd__nor2_2        1  5.0    86   107    6352    (-,-) 
  alu_inst/g1408340/Y          -       C->Y   F     sky130_fd_sc_hd__nand3_2       2  7.0    65    97    6449    (-,-) 
  alu_inst/fopt1408914/Y       -       A->Y   R     sky130_fd_sc_hd__inv_2         6 17.9    89   103    6552    (-,-) 
  alu_inst/g1402414/Y          -       B->Y   F     sky130_fd_sc_hd__nor2_1        1  2.6    30    48    6600    (-,-) 
  alu_inst/g1404897/Y          -       A->Y   R     sky130_fd_sc_hd__nand2_1       1  4.9    63    65    6665    (-,-) 
  alu_inst/g1410161/Y          -       A->Y   F     sky130_fd_sc_hd__nand2_2       6 14.9   101    86    6751    (-,-) 
  alu_inst/g1410160/Y          -       A->Y   R     sky130_fd_sc_hd__nand2_1       5 11.4   119   135    6886    (-,-) 
  alu_inst/g1402988/Y          -       A_N->Y R     sky130_fd_sc_hd__nand4b_1      1  2.7    74   124    7010    (-,-) 
  alu_inst/g1402987/Y          -       C->Y   F     sky130_fd_sc_hd__nand4_1       1  2.1    59    90    7100    (-,-) 
  result_r_reg[13]/SCD         <<<     -      F     sky130_fd_sc_hd__sdfrtp_1      1    -     -     4    7104    (-,-) 
#----------------------------------------------------------------------------------------------------------------------

