============================================================
  Generated by:           Genus(TM) Synthesis Solution 21.14-s082_1
  Generated on:           Sep 23 2026  06:30:52 pm
  Module:                 coprocessor
  Operating conditions:   tt_025C_1v80 (balanced_tree)
  Wireload mode:          top
  Area mode:              timing library
============================================================


Path 1: MET (0 ps) Setup Check with Pin result_r_reg[9]/CLK->SCD
          Group: clk
     Startpoint: (R) in2_r_reg[4]/CLK
          Clock: (R) clk
       Endpoint: (F) result_r_reg[9]/SCD
          Clock: (R) clk

                     Capture       Launch     
        Clock Edge:+    7299            0     
       Src Latency:+       0            0     
       Net Latency:+       0 (I)        0 (I) 
           Arrival:=    7299            0     
                                              
             Setup:-     409                  
     Required Time:=    6890                  
      Launch Clock:-       0                  
         Data Path:-    6890                  
             Slack:=       0                  

#----------------------------------------------------------------------------------------------------------------------------
#        Timing Point          Flags    Arc    Edge              Cell               Fanout Load Trans Delay Arrival Instance 
#                                                                                          (fF)  (ps)  (ps)   (ps)  Location 
#----------------------------------------------------------------------------------------------------------------------------
  in2_r_reg[4]/CLK             -       -       R     (arrival)                         119    -     0     0       0    (-,-) 
  in2_r_reg[4]/Q               -       CLK->Q  R     sky130_fd_sc_hd__sdfrtp_1           3  7.3    79   305     305    (-,-) 
  alu_inst/g2075407/Y          -       A->Y    F     sky130_fd_sc_hd__nor2_1             1  2.5    30    52     357    (-,-) 
  alu_inst/g43/Y               -       B->Y    R     sky130_fd_sc_hd__nand2_1            2  6.3    75    81     438    (-,-) 
  alu_inst/g2086809/Y          -       A->Y    F     sky130_fd_sc_hd__clkinv_1           1  4.6    49    75     513    (-,-) 
  alu_inst/g2092286/Y          -       A->Y    R     sky130_fd_sc_hd__nand2_2            3 12.3    82    91     604    (-,-) 
  alu_inst/g2079143/Y          -       A->Y    F     sky130_fd_sc_hd__inv_2              3  7.4    30    50     654    (-,-) 
  alu_inst/g2084168/Y          -       B->Y    R     sky130_fd_sc_hd__nand2_1            3 10.2   109   104     758    (-,-) 
  alu_inst/g2084248/Y          -       A->Y    F     sky130_fd_sc_hd__nand2_1            2  9.1    78   102     860    (-,-) 
  alu_inst/g2084250/Y          -       A->Y    R     sky130_fd_sc_hd__inv_2              6 15.9    81   102     962    (-,-) 
  alu_inst/g2075062/Y          -       B->Y    F     sky130_fd_sc_hd__nor2_1             1  2.5    28    46    1008    (-,-) 
  alu_inst/g2079072/Y          -       B1->Y   R     sky130_fd_sc_hd__a21oi_1            1  2.7   105   107    1115    (-,-) 
  alu_inst/g2085610/Y          -       A->Y    F     sky130_fd_sc_hd__nand4_1            1  2.6    69    88    1203    (-,-) 
  alu_inst/g2084100/Y          -       A->Y    R     sky130_fd_sc_hd__nand2_1            1  4.9    62    82    1284    (-,-) 
  alu_inst/g2085372/Y          -       A->Y    F     sky130_fd_sc_hd__nand2_2            2 17.1    77    92    1376    (-,-) 
  alu_inst/g2092501/Y          -       A->Y    R     sky130_fd_sc_hd__nand2_4           15 39.3   132   143    1519    (-,-) 
  alu_inst/g2079757/Y          -       A2_N->Y R     sky130_fd_sc_hd__o2bb2ai_1          2  5.1   151   144    1663    (-,-) 
  alu_inst/g2093718/Y          -       A->Y    F     sky130_fd_sc_hd__nand2_1            2  5.1    64    88    1751    (-,-) 
  alu_inst/g2091573/Y          -       A->Y    R     sky130_fd_sc_hd__nand3_1            1  2.7    59    73    1824    (-,-) 
  alu_inst/g2092406/Y          -       A->Y    F     sky130_fd_sc_hd__nand2_1            1  4.6    46    63    1886    (-,-) 
  alu_inst/g2092405/Y          -       B->Y    R     sky130_fd_sc_hd__nand3_2            5 16.3   108   119    2005    (-,-) 
  alu_inst/fopt63/Y            -       A->Y    F     sky130_fd_sc_hd__inv_1              2  4.9    42    64    2069    (-,-) 
  alu_inst/fopt2092375/Y       -       A->Y    R     sky130_fd_sc_hd__inv_1              2  5.3    54    65    2134    (-,-) 
  alu_inst/fopt2092374/Y       -       A->Y    F     sky130_fd_sc_hd__inv_1              1  2.6    23    40    2173    (-,-) 
  alu_inst/g2092854/Y          -       A->Y    R     sky130_fd_sc_hd__nand2_1            1  4.9    62    62    2235    (-,-) 
  alu_inst/g2092372/Y          -       A->Y    F     sky130_fd_sc_hd__inv_2              5 14.6    39    62    2298    (-,-) 
  alu_inst/g2092371/Y          -       A->Y    R     sky130_fd_sc_hd__inv_2              1  4.9    31    51    2349    (-,-) 
  alu_inst/g2092370/Y          -       A->Y    F     sky130_fd_sc_hd__inv_2              2 17.2    41    56    2404    (-,-) 
  alu_inst/g2092369/Y          -       B->Y    R     sky130_fd_sc_hd__nand2_4           12 33.0   115   124    2528    (-,-) 
  alu_inst/g2091915/X          -       A->X    R     sky130_fd_sc_hd__dlygate4sd1_1      2  5.4    65   228    2756    (-,-) 
  alu_inst/g2091914/Y          -       B2->Y   F     sky130_fd_sc_hd__o22ai_1            1  2.6    52    65    2821    (-,-) 
  alu_inst/g2069811/Y          -       A->Y    R     sky130_fd_sc_hd__nand2_1            1  2.7    48    60    2881    (-,-) 
  alu_inst/g2069461/Y          -       B1->Y   F     sky130_fd_sc_hd__o2111ai_1          1  2.5    86   108    2989    (-,-) 
  alu_inst/g2069302/Y          -       B->Y    R     sky130_fd_sc_hd__nor2_1             1  2.8    81   101    3091    (-,-) 
  alu_inst/g2068915/Y          -       B->Y    F     sky130_fd_sc_hd__nand4_1            1  2.6    68    91    3182    (-,-) 
  alu_inst/g2080057/Y          -       A->Y    R     sky130_fd_sc_hd__nor2_1             1  2.7    78   108    3290    (-,-) 
  alu_inst/g2080056/Y          -       A->Y    F     sky130_fd_sc_hd__nand2_1            3  7.5    65    84    3374    (-,-) 
  alu_inst/fopt2083279/Y       -       A->Y    R     sky130_fd_sc_hd__inv_1              2  7.5    73    87    3461    (-,-) 
  alu_inst/fopt2083278/Y       -       A->Y    F     sky130_fd_sc_hd__inv_1              2  4.8    34    54    3515    (-,-) 
  alu_inst/g2080060/Y          -       A->Y    R     sky130_fd_sc_hd__nor2_1             1  2.7    77    94    3609    (-,-) 
  alu_inst/g2081590/Y          -       A->Y    F     sky130_fd_sc_hd__nand2_1            2  4.9    58    69    3678    (-,-) 
  alu_inst/g2068159/Y          -       B->Y    R     sky130_fd_sc_hd__nand2_1            1  2.7    44    69    3747    (-,-) 
  alu_inst/g2087154/Y          -       A->Y    F     sky130_fd_sc_hd__nand2_1            2  4.4    42    57    3804    (-,-) 
  alu_inst/g2087153/Y          -       A->Y    R     sky130_fd_sc_hd__nand2_1            2  5.3    70    71    3876    (-,-) 
  alu_inst/g2087152/Y          -       A->Y    F     sky130_fd_sc_hd__nand4_1            1  4.5    87    93    3968    (-,-) 
  alu_inst/g2087151/Y          -       B->Y    R     sky130_fd_sc_hd__nand2_2            3  9.5    71   108    4076    (-,-) 
  alu_inst/fopt2081165/Y       -       A->Y    F     sky130_fd_sc_hd__inv_2              1  4.5    23    41    4117    (-,-) 
  alu_inst/g2081163/Y          -       B->Y    R     sky130_fd_sc_hd__nand2_2            3  7.2    58    71    4188    (-,-) 
  alu_inst/g2084674/Y          -       A->Y    F     sky130_fd_sc_hd__nand2_1            2  5.1    48    63    4251    (-,-) 
  alu_inst/g178/Y              -       A->Y    R     sky130_fd_sc_hd__nand2_1            1  2.7    44    57    4308    (-,-) 
  alu_inst/g1170/Y             -       A->Y    F     sky130_fd_sc_hd__nand3_1            1  2.5    50    60    4369    (-,-) 
  alu_inst/g1166/Y             -       B->Y    R     sky130_fd_sc_hd__nand2_1            1  2.7    44    67    4436    (-,-) 
  alu_inst/g1165/Y             -       A->Y    F     sky130_fd_sc_hd__inv_1              1  2.3    20    37    4473    (-,-) 
  alu_inst/g1163/Y             -       B1->Y   R     sky130_fd_sc_hd__o21ai_1            1  2.7    99    61    4534    (-,-) 
  alu_inst/g239/Y              -       A->Y    F     sky130_fd_sc_hd__nand2_1            1  2.6    40    61    4595    (-,-) 
  alu_inst/g2084086/Y          -       A->Y    R     sky130_fd_sc_hd__nand3_1            1  2.7    60    64    4659    (-,-) 
  alu_inst/g2088952/Y          -       A->Y    F     sky130_fd_sc_hd__nand2_1            2  4.4    44    62    4721    (-,-) 
  alu_inst/g2087254/Y          -       A->Y    R     sky130_fd_sc_hd__nand2_1            1  4.9    64    70    4790    (-,-) 
  alu_inst/g2091375/Y          -       A->Y    F     sky130_fd_sc_hd__nand2_2            3  8.9    49    69    4859    (-,-) 
  alu_inst/g2091386/Y          -       B->Y    R     sky130_fd_sc_hd__nand3_2            2  7.3    66    85    4944    (-,-) 
  alu_inst/g2087219/Y          -       A->Y    F     sky130_fd_sc_hd__nand3_1            2  4.2    66    78    5022    (-,-) 
  alu_inst/g2087218/Y          -       A->Y    R     sky130_fd_sc_hd__nand2_1            2  5.4    67    82    5105    (-,-) 
  alu_inst/g2087223/Y          -       A->Y    F     sky130_fd_sc_hd__inv_1              1  2.6    25    42    5147    (-,-) 
  alu_inst/g2093537/Y          -       A->Y    R     sky130_fd_sc_hd__nand2_1            1  4.9    65    63    5210    (-,-) 
  alu_inst/g2091942/Y          -       A->Y    F     sky130_fd_sc_hd__nand2_2            2  6.4    40    62    5272    (-,-) 
  alu_inst/g2091944/Y          -       A->Y    R     sky130_fd_sc_hd__nand2_2            3  7.2    58    66    5338    (-,-) 
  alu_inst/g2087264/Y          -       A->Y    F     sky130_fd_sc_hd__nand2_1            1  2.6    37    50    5388    (-,-) 
  alu_inst/g2066196__5122/Y    -       A->Y    R     sky130_fd_sc_hd__nand2_1            1  4.9    62    68    5456    (-,-) 
  alu_inst/g2091498/Y          -       A->Y    F     sky130_fd_sc_hd__nand2_2            5 11.0    56    75    5531    (-,-) 
  alu_inst/g2078330/Y          -       A->Y    R     sky130_fd_sc_hd__inv_1              1  4.9    52    68    5599    (-,-) 
  alu_inst/g2090413/Y          -       A->Y    F     sky130_fd_sc_hd__inv_2              5 16.3    40    62    5661    (-,-) 
  alu_inst/g2092362/Y          -       A->Y    R     sky130_fd_sc_hd__nand2_4            4 16.9    71    83    5744    (-,-) 
  alu_inst/fopt2090420/Y       -       A->Y    F     sky130_fd_sc_hd__inv_2              4  9.7    32    52    5796    (-,-) 
  alu_inst/g2066038__4319/Y    -       A->Y    R     sky130_fd_sc_hd__nand2_1            1  2.7    50    51    5847    (-,-) 
  alu_inst/g2080406/X          -       B1->X   R     sky130_fd_sc_hd__o211a_1            1  2.7    43   141    5988    (-,-) 
  alu_inst/g2065937__2077650/Y -       B->Y    F     sky130_fd_sc_hd__nand2_1            3  6.8    57    73    6060    (-,-) 
  alu_inst/g2065843__2077741/Y -       A->Y    R     sky130_fd_sc_hd__nor2_1             1  2.7    77   103    6163    (-,-) 
  alu_inst/g2083925/Y          -       B->Y    F     sky130_fd_sc_hd__nand4b_1           1  2.5    70    90    6254    (-,-) 
  alu_inst/g2083924/Y          -       A->Y    R     sky130_fd_sc_hd__inv_1              2  6.6    67    85    6339    (-,-) 
  alu_inst/g2092397/Y          -       A->Y    F     sky130_fd_sc_hd__nand4_2            2  6.6    88    90    6428    (-,-) 
  alu_inst/g2093587/Y          -       A->Y    R     sky130_fd_sc_hd__clkinv_2           4 10.6    52    82    6510    (-,-) 
  alu_inst/g2091619/Y          -       A->Y    F     sky130_fd_sc_hd__nand3_1            3  7.5    95    97    6607    (-,-) 
  alu_inst/g2091620/Y          -       A->Y    R     sky130_fd_sc_hd__nand2_1            1  2.7    46    77    6684    (-,-) 
  alu_inst/g2091493/Y          -       A->Y    F     sky130_fd_sc_hd__nand2_1            1  2.6    37    48    6732    (-,-) 
  alu_inst/g2091492/Y          -       A->Y    R     sky130_fd_sc_hd__nor2_1             1  2.3    70    92    6823    (-,-) 
  alu_inst/g2091489/Y          -       B1->Y   F     sky130_fd_sc_hd__o21ai_1            1  2.1    40    63    6887    (-,-) 
  result_r_reg[9]/SCD          <<<     -       F     sky130_fd_sc_hd__sdfrtp_1           1    -     -     4    6890    (-,-) 
#----------------------------------------------------------------------------------------------------------------------------

