============================================================
  Generated by:           Genus(TM) Synthesis Solution 21.14-s082_1
  Generated on:           Sep 23 2026  03:49:17 pm
  Module:                 coprocessor
  Operating conditions:   tt_025C_1v80 (balanced_tree)
  Wireload mode:          top
  Area mode:              timing library
============================================================


Path 1: VIOLATED (-1883 ps) Setup Check with Pin result_r_reg[12]/CLK->SCD
          Group: clk
     Startpoint: (R) in2_r_reg[10]/CLK
          Clock: (R) clk
       Endpoint: (F) result_r_reg[12]/SCD
          Clock: (R) clk

                     Capture       Launch     
        Clock Edge:+    5714            0     
       Src Latency:+       0            0     
       Net Latency:+       0 (I)        0 (I) 
           Arrival:=    5714            0     
                                              
             Setup:-     419                  
     Required Time:=    5296                  
      Launch Clock:-       0                  
         Data Path:-    7179                  
             Slack:=   -1883                  

#-----------------------------------------------------------------------------------------------------------------------
#        Timing Point          Flags    Arc   Edge            Cell             Fanout Load Trans Delay Arrival Instance 
#                                                                                     (fF)  (ps)  (ps)   (ps)  Location 
#-----------------------------------------------------------------------------------------------------------------------
  in2_r_reg[10]/CLK            -       -      R     (arrival)                     119    -     0     0       0    (-,-) 
  in2_r_reg[10]/Q              -       CLK->Q F     sky130_fd_sc_hd__sdfrtp_1       4  7.8    63   330     330    (-,-) 
  alu_inst/g1193883/Y          -       B_N->Y F     sky130_fd_sc_hd__nand4bb_1      1  2.5    70   184     515    (-,-) 
  alu_inst/g1199271/Y          -       B->Y   R     sky130_fd_sc_hd__nor2_1         1  2.8    80    95     610    (-,-) 
  alu_inst/g1210066/Y          -       B->Y   F     sky130_fd_sc_hd__nand3_1        2  5.1    75    98     708    (-,-) 
  alu_inst/g1207229/Y          -       A->Y   R     sky130_fd_sc_hd__nand2_1        1  4.9    62    83     791    (-,-) 
  alu_inst/g1200537/Y          -       A->Y   F     sky130_fd_sc_hd__inv_2          9 21.3    52    74     864    (-,-) 
  alu_inst/g2054/Y             -       B->Y   R     sky130_fd_sc_hd__nor2_1         1  2.8    78    86     950    (-,-) 
  alu_inst/g1201426/Y          -       B->Y   F     sky130_fd_sc_hd__nand4_1        1  4.5    87   107    1058    (-,-) 
  alu_inst/g1208016/Y          -       B->Y   R     sky130_fd_sc_hd__nand2_2        3 10.1    74   110    1167    (-,-) 
  alu_inst/fopt1208015/Y       -       A->Y   F     sky130_fd_sc_hd__inv_2          2  7.0    28    47    1214    (-,-) 
  alu_inst/fopt1208014/Y       -       A->Y   R     sky130_fd_sc_hd__inv_2          1  4.9    30    46    1260    (-,-) 
  alu_inst/g1208012/Y          -       B->Y   F     sky130_fd_sc_hd__nand2_2        3 12.0    58    73    1333    (-,-) 
  alu_inst/g1210763/Y          -       A->Y   R     sky130_fd_sc_hd__nand2_4       12 37.5   128   131    1464    (-,-) 
  alu_inst/g1192478/Y          -       A->Y   F     sky130_fd_sc_hd__inv_2          2  7.1    39    56    1520    (-,-) 
  alu_inst/g1192434/Y          -       A->Y   R     sky130_fd_sc_hd__nand2_1        2  5.3    66    70    1590    (-,-) 
  alu_inst/g1207546/Y          -       A->Y   F     sky130_fd_sc_hd__nand2_1        2  5.0    48    65    1656    (-,-) 
  alu_inst/g1207545/Y          -       A->Y   R     sky130_fd_sc_hd__nand2_1        1  2.7    44    57    1713    (-,-) 
  alu_inst/g1209701/Y          -       B->Y   F     sky130_fd_sc_hd__nand2_1        2  7.1    59    74    1787    (-,-) 
  alu_inst/g1209702/Y          -       A->Y   R     sky130_fd_sc_hd__nand2_1        2  7.7    87    94    1881    (-,-) 
  alu_inst/g1199509/Y          -       C->Y   F     sky130_fd_sc_hd__nand3_1        1  4.6    72    97    1978    (-,-) 
  alu_inst/fopt1199508/Y       -       A->Y   R     sky130_fd_sc_hd__inv_2          5 15.4    78   101    2078    (-,-) 
  alu_inst/fopt1199507/Y       -       A->Y   F     sky130_fd_sc_hd__inv_2          5 11.3    37    58    2137    (-,-) 
  alu_inst/g1205980/Y          -       A->Y   R     sky130_fd_sc_hd__nand2_1        1  2.7    44    53    2190    (-,-) 
  alu_inst/g1207927/Y          -       A->Y   F     sky130_fd_sc_hd__nand2_1        2  5.1    46    60    2250    (-,-) 
  alu_inst/g1210274/Y          -       A->Y   R     sky130_fd_sc_hd__nor2_1         1  2.7    77    99    2348    (-,-) 
  alu_inst/g1210273/Y          -       A->Y   F     sky130_fd_sc_hd__inv_1          2  5.0    36    57    2405    (-,-) 
  alu_inst/g1210277/Y          -       A->Y   R     sky130_fd_sc_hd__nand3_1        1  4.9    80    76    2481    (-,-) 
  alu_inst/g1210276/Y          -       B->Y   F     sky130_fd_sc_hd__nand2_2        3 12.6    61    90    2570    (-,-) 
  alu_inst/g1212075/Y          -       A->Y   R     sky130_fd_sc_hd__nand2_4       14 38.3   130   134    2704    (-,-) 
  alu_inst/g1200092/Y          -       A->Y   F     sky130_fd_sc_hd__nand2_1        1  2.3    44    63    2767    (-,-) 
  alu_inst/g1200091/Y          -       B1->Y  R     sky130_fd_sc_hd__o21ai_1        2  5.3   145    95    2862    (-,-) 
  alu_inst/g1209519/Y          -       B->Y   F     sky130_fd_sc_hd__nand2_1        2  5.7    66    92    2954    (-,-) 
  alu_inst/g1209518/Y          -       A->Y   R     sky130_fd_sc_hd__nand2_1        1  2.8    46    66    3020    (-,-) 
  alu_inst/g1206091/Y          -       B->Y   F     sky130_fd_sc_hd__nand3_1        1  2.6    51    71    3090    (-,-) 
  alu_inst/g1206090/Y          -       A->Y   R     sky130_fd_sc_hd__nand2_1        1  4.9    62    74    3164    (-,-) 
  alu_inst/g1202620/Y          -       A->Y   F     sky130_fd_sc_hd__nand2_2        2  9.1    49    69    3234    (-,-) 
  alu_inst/fopt1202211/Y       -       A->Y   R     sky130_fd_sc_hd__inv_2          2  9.7    52    70    3303    (-,-) 
  alu_inst/fopt1202213/Y       -       A->Y   F     sky130_fd_sc_hd__inv_2          4 13.6    35    55    3358    (-,-) 
  alu_inst/g1202212/Y          -       A2->Y  R     sky130_fd_sc_hd__o21ai_2        3 10.2   161   157    3515    (-,-) 
  alu_inst/g1186314/Y          -       A->Y   F     sky130_fd_sc_hd__inv_2          2  6.2    42    58    3574    (-,-) 
  alu_inst/g1186073/Y          -       A2->Y  R     sky130_fd_sc_hd__o21ai_2        1  2.7    84   102    3676    (-,-) 
  alu_inst/g1201972/Y          -       A->Y   F     sky130_fd_sc_hd__nand2_1        1  2.6    37    57    3733    (-,-) 
  alu_inst/g1201971/Y          -       A->Y   R     sky130_fd_sc_hd__nand3_1        2  5.3    84    80    3814    (-,-) 
  alu_inst/g1203521/Y          -       A->Y   F     sky130_fd_sc_hd__nand2_1        2  6.4    60    78    3892    (-,-) 
  alu_inst/g1208224/Y          -       A->Y   R     sky130_fd_sc_hd__nand2_2        2  7.5    59    76    3968    (-,-) 
  alu_inst/g1208223/Y          -       A->Y   F     sky130_fd_sc_hd__nand2_2        2  5.0    35    53    4021    (-,-) 
  alu_inst/g1195979/Y          -       A->Y   R     sky130_fd_sc_hd__nand2_1        1  2.7    44    52    4073    (-,-) 
  alu_inst/g505/Y              -       A->Y   F     sky130_fd_sc_hd__nand2_1        1  4.6    43    58    4131    (-,-) 
  alu_inst/fopt510/Y           -       A->Y   R     sky130_fd_sc_hd__inv_2          2  6.7    39    60    4192    (-,-) 
  alu_inst/g1206902/Y          -       A->Y   F     sky130_fd_sc_hd__nand3_2        2  7.1    65    69    4261    (-,-) 
  alu_inst/g1206897/Y          -       A->Y   R     sky130_fd_sc_hd__nand3_2        3 12.4    90    98    4359    (-,-) 
  alu_inst/fopt1200771/Y       -       A->Y   F     sky130_fd_sc_hd__inv_2          4 13.7    44    66    4426    (-,-) 
  alu_inst/g1202605/Y          -       A2->Y  R     sky130_fd_sc_hd__o21ai_2        3  7.3   131   138    4564    (-,-) 
  alu_inst/g1202604/Y          -       A->Y   F     sky130_fd_sc_hd__nand2_1        1  2.6    46    66    4630    (-,-) 
  alu_inst/g8319/Y             -       A->Y   R     sky130_fd_sc_hd__nand3_1        1  2.7    59    67    4697    (-,-) 
  alu_inst/g1201360/Y          -       C->Y   F     sky130_fd_sc_hd__nand4_1        1  4.6    87   108    4805    (-,-) 
  alu_inst/g1201359/Y          -       A->Y   R     sky130_fd_sc_hd__inv_2          4 16.9    86   112    4917    (-,-) 
  alu_inst/g1210860/Y          -       A->Y   F     sky130_fd_sc_hd__nand2_4       13 30.4    78    99    5016    (-,-) 
  alu_inst/g1208767/Y          -       A2->Y  R     sky130_fd_sc_hd__o21ai_1        2  5.3   145   158    5175    (-,-) 
  alu_inst/g1184784__1209370/Y -       A->Y   F     sky130_fd_sc_hd__nand2_1        1  2.6    49    68    5243    (-,-) 
  alu_inst/g1209570/Y          -       A->Y   R     sky130_fd_sc_hd__nand2_1        2  5.3    66    76    5319    (-,-) 
  alu_inst/g1210856/Y          -       A->Y   F     sky130_fd_sc_hd__nand2_1        1  4.6    46    63    5382    (-,-) 
  alu_inst/g1210855/Y          -       A->Y   R     sky130_fd_sc_hd__nand2_2        4 10.6    75    84    5466    (-,-) 
  alu_inst/g1210854/Y          -       B->Y   F     sky130_fd_sc_hd__nand3_1        1  2.5    51    76    5542    (-,-) 
  alu_inst/g1210853/Y          -       A->Y   R     sky130_fd_sc_hd__inv_1          1  4.7    49    67    5608    (-,-) 
  alu_inst/g1210852/Y          -       A->Y   F     sky130_fd_sc_hd__nand3_2        1  4.6    54    64    5673    (-,-) 
  alu_inst/g1208902/Y          -       A->Y   R     sky130_fd_sc_hd__inv_2          2  7.5    43    68    5741    (-,-) 
  alu_inst/g1210357/Y          -       A->Y   F     sky130_fd_sc_hd__nand2_2        2  7.1    39    55    5796    (-,-) 
  alu_inst/g1208391/Y          -       A->Y   R     sky130_fd_sc_hd__nand2_1        1  2.7    44    54    5849    (-,-) 
  alu_inst/g1204816/Y          -       A->Y   F     sky130_fd_sc_hd__inv_1          1  4.6    28    46    5895    (-,-) 
  alu_inst/g1209555/Y          -       A->Y   R     sky130_fd_sc_hd__nand2_2        3 10.0    71    74    5969    (-,-) 
  alu_inst/g61/Y               -       A->Y   F     sky130_fd_sc_hd__nand3_2        2  5.6    60    72    6042    (-,-) 
  alu_inst/g1209737/Y          -       A->Y   R     sky130_fd_sc_hd__clkinv_1       1  5.0    39    61    6102    (-,-) 
  alu_inst/g1209736/Y          -       A2->Y  F     sky130_fd_sc_hd__o21ai_2        1  4.4    37    55    6157    (-,-) 
  alu_inst/g1209512/Y          -       B1->Y  R     sky130_fd_sc_hd__a21oi_2        3  7.3   128   133    6290    (-,-) 
  alu_inst/g1209542/Y          -       C->Y   F     sky130_fd_sc_hd__nand4_1        1  2.5    67   104    6394    (-,-) 
  alu_inst/g1209541/Y          -       A->Y   R     sky130_fd_sc_hd__inv_1          3  7.3    72    88    6482    (-,-) 
  alu_inst/g1199223/Y          -       A->Y   F     sky130_fd_sc_hd__nand2_1        2  4.7    47    65    6547    (-,-) 
  alu_inst/fopt1199222/X       -       A->X   F     sky130_fd_sc_hd__clkbuf_1       2  5.1    40   102    6649    (-,-) 
  alu_inst/g339/Y              -       A->Y   R     sky130_fd_sc_hd__nand2_1        1  4.7    61    66    6716    (-,-) 
  alu_inst/g338/Y              -       A->Y   F     sky130_fd_sc_hd__nand3_2        4  9.3    76    87    6803    (-,-) 
  alu_inst/g336/Y              -       A->Y   R     sky130_fd_sc_hd__nand2_1        1  5.0    66    84    6887    (-,-) 
  alu_inst/g1208474/Y          -       B->Y   F     sky130_fd_sc_hd__nor2_2         3  8.1    31    54    6941    (-,-) 
  alu_inst/g1199426/Y          -       A->Y   R     sky130_fd_sc_hd__clkinv_1       1  4.9    35    48    6990    (-,-) 
  alu_inst/g1197122/Y          -       A->Y   F     sky130_fd_sc_hd__inv_2          3  7.6    22    41    7030    (-,-) 
  alu_inst/g1183543__1666/Y    -       A->Y   R     sky130_fd_sc_hd__nand4_1        1  2.7    69    57    7087    (-,-) 
  alu_inst/g1199384/Y          -       C1->Y  F     sky130_fd_sc_hd__o311ai_1       1  2.1    68    88    7175    (-,-) 
  result_r_reg[12]/SCD         <<<     -      F     sky130_fd_sc_hd__sdfrtp_1       1    -     -     4    7179    (-,-) 
#-----------------------------------------------------------------------------------------------------------------------

