============================================================
  Generated by:           Genus(TM) Synthesis Solution 21.14-s082_1
  Generated on:           Sep 23 2026  06:38:04 pm
  Module:                 coprocessor
  Operating conditions:   tt_025C_1v80 (balanced_tree)
  Wireload mode:          top
  Area mode:              timing library
============================================================


Path 1: MET (0 ps) Setup Check with Pin result_r_reg[10]/CLK->SCD
          Group: clk
     Startpoint: (R) in1_r_reg[7]/CLK
          Clock: (R) clk
       Endpoint: (F) result_r_reg[10]/SCD
          Clock: (R) clk

                     Capture       Launch     
        Clock Edge:+    8547            0     
       Src Latency:+       0            0     
       Net Latency:+       0 (I)        0 (I) 
           Arrival:=    8547            0     
                                              
             Setup:-     411                  
     Required Time:=    8136                  
      Launch Clock:-       0                  
         Data Path:-    8135                  
             Slack:=       0                  

#---------------------------------------------------------------------------------------------------------------------
#       Timing Point        Flags    Arc    Edge            Cell             Fanout Load Trans Delay Arrival Instance 
#                                                                                   (fF)  (ps)  (ps)   (ps)  Location 
#---------------------------------------------------------------------------------------------------------------------
  in1_r_reg[7]/CLK          -       -       R     (arrival)                     119    -     0     0       0    (-,-) 
  in1_r_reg[7]/Q            -       CLK->Q  F     sky130_fd_sc_hd__sdfrtp_1       2  4.5    49   313     313    (-,-) 
  alu_inst/g2549737/Y       -       A->Y    R     sky130_fd_sc_hd__inv_1          3  7.9    75    82     395    (-,-) 
  alu_inst/g2549643/Y       -       A->Y    F     sky130_fd_sc_hd__nand2_1        2  4.9    49    67     462    (-,-) 
  alu_inst/g2549624/Y       -       A->Y    R     sky130_fd_sc_hd__inv_1          1  2.7    34    53     515    (-,-) 
  alu_inst/g2549577/Y       -       D->Y    F     sky130_fd_sc_hd__nand4_1        1  4.6    90   105     621    (-,-) 
  alu_inst/g2549568/Y       -       A->Y    R     sky130_fd_sc_hd__inv_2          4 12.6    68   100     721    (-,-) 
  alu_inst/g2549567/Y       -       A->Y    F     sky130_fd_sc_hd__inv_2          2  5.0    24    42     763    (-,-) 
  alu_inst/g2549531/Y       -       A->Y    R     sky130_fd_sc_hd__nand2_1        2  5.6    74    66     828    (-,-) 
  alu_inst/g2549459/Y       -       A2_N->Y R     sky130_fd_sc_hd__o2bb2ai_1      3  9.4   232   161     989    (-,-) 
  alu_inst/g2549434/Y       -       A->Y    F     sky130_fd_sc_hd__inv_2          4  9.9    62    81    1070    (-,-) 
  alu_inst/g2549324/Y       -       A1->Y   R     sky130_fd_sc_hd__o21ai_1        1  2.7   102   132    1202    (-,-) 
  alu_inst/g2549244/Y       -       A->Y    F     sky130_fd_sc_hd__nand2_1        1  2.6    41    62    1264    (-,-) 
  alu_inst/g2549171/Y       -       A->Y    R     sky130_fd_sc_hd__nand3_1        1  4.9    80    79    1343    (-,-) 
  alu_inst/g2549091/Y       -       B->Y    F     sky130_fd_sc_hd__nand2_2        1  8.7    48    78    1421    (-,-) 
  alu_inst/g2549081/Y       -       B->Y    R     sky130_fd_sc_hd__nand2_4        9 30.5   108   127    1548    (-,-) 
  alu_inst/g2549054/X       -       B1->X   R     sky130_fd_sc_hd__a21o_4        17 48.7   142   186    1734    (-,-) 
  alu_inst/g2549042/Y       -       A->Y    F     sky130_fd_sc_hd__inv_2          2  5.1    37    51    1785    (-,-) 
  alu_inst/g2548981/Y       -       A->Y    R     sky130_fd_sc_hd__nand2_1        1  4.9    68    66    1852    (-,-) 
  alu_inst/g2548967/Y       -       A->Y    F     sky130_fd_sc_hd__nand2_2       10 24.1   103   113    1964    (-,-) 
  alu_inst/g2548955/Y       -       A->Y    R     sky130_fd_sc_hd__inv_2          5 13.4    73   104    2069    (-,-) 
  alu_inst/g2548886/Y       -       A->Y    F     sky130_fd_sc_hd__nand2_1        1  4.6    50    65    2134    (-,-) 
  alu_inst/g2548867/Y       -       A->Y    R     sky130_fd_sc_hd__nand2_2        7 21.4   127   124    2258    (-,-) 
  alu_inst/g2548845/Y       -       A->Y    F     sky130_fd_sc_hd__inv_2          2  7.0    38    57    2314    (-,-) 
  alu_inst/g2548506/Y       -       A->Y    F     sky130_fd_sc_hd__xnor2_1        2  4.7    60   133    2447    (-,-) 
  alu_inst/g2548066/Y       -       B->Y    R     sky130_fd_sc_hd__nor2_1         1  2.7    77    88    2536    (-,-) 
  alu_inst/g2547832/Y       -       B->Y    F     sky130_fd_sc_hd__nand2_1        2  4.9    47    72    2608    (-,-) 
  alu_inst/g2546899/Y       -       B->Y    R     sky130_fd_sc_hd__nor2_1         1  2.7    78    84    2692    (-,-) 
  alu_inst/g2546648/Y       -       A->Y    F     sky130_fd_sc_hd__nand2_1        2  7.0    62    81    2773    (-,-) 
  alu_inst/g2546431/Y       -       A->Y    R     sky130_fd_sc_hd__inv_2          2  6.0    38    63    2837    (-,-) 
  alu_inst/g2546087/Y       -       A->Y    F     sky130_fd_sc_hd__nand3_1        2  7.1   107    90    2927    (-,-) 
  alu_inst/g2546005/Y       -       A->Y    R     sky130_fd_sc_hd__inv_2          2  7.7    53    87    3014    (-,-) 
  alu_inst/g2546004/Y       -       A->Y    F     sky130_fd_sc_hd__inv_2          1  8.6    27    46    3060    (-,-) 
  alu_inst/g2545940/Y       -       A->Y    R     sky130_fd_sc_hd__nand2_4        9 33.1   115   113    3173    (-,-) 
  alu_inst/g2545847/Y       -       A->Y    F     sky130_fd_sc_hd__inv_2          8 19.8    59    84    3257    (-,-) 
  alu_inst/g2545730/Y       -       A2->Y   R     sky130_fd_sc_hd__o21ai_1        4 10.5   237   220    3476    (-,-) 
  alu_inst/g2545558/Y       -       A->Y    F     sky130_fd_sc_hd__nand2_1        2  4.0    74    94    3571    (-,-) 
  alu_inst/g2545400/Y       -       A_N->Y  F     sky130_fd_sc_hd__nand2b_1       1  2.6    42   149    3720    (-,-) 
  alu_inst/g2545380/Y       -       A->Y    R     sky130_fd_sc_hd__nand2_1        2  6.3    76    79    3799    (-,-) 
  alu_inst/g2545357/Y       -       A->Y    F     sky130_fd_sc_hd__clkinv_1       2  5.0    52    78    3877    (-,-) 
  alu_inst/g2545250/Y       -       D1->Y   R     sky130_fd_sc_hd__o2111ai_1      2  5.3   208    93    3970    (-,-) 
  alu_inst/g2545109/Y       -       A->Y    F     sky130_fd_sc_hd__nand2_1        1  2.6    59    76    4046    (-,-) 
  alu_inst/g2545013/Y       -       A->Y    R     sky130_fd_sc_hd__nand3_1        1  2.7    60    72    4118    (-,-) 
  alu_inst/g2544972/Y       -       A->Y    F     sky130_fd_sc_hd__nand2_1        2  5.0    70    65    4183    (-,-) 
  alu_inst/g2544834/Y       -       A->Y    R     sky130_fd_sc_hd__nand2_1        1  2.7    52    66    4249    (-,-) 
  alu_inst/g2544818/Y       -       A->Y    F     sky130_fd_sc_hd__nand2_1        5 12.4   109   100    4350    (-,-) 
  alu_inst/g2544726/Y       -       B->Y    R     sky130_fd_sc_hd__nor2_1         1  2.8    83   110    4459    (-,-) 
  alu_inst/g2544660/Y       -       B->Y    F     sky130_fd_sc_hd__nor2_1         1  2.5    28    48    4508    (-,-) 
  alu_inst/g2544616/Y       -       B->Y    R     sky130_fd_sc_hd__nand2_1        1  4.9    63    71    4579    (-,-) 
  alu_inst/g2544518__1881/Y -       B->Y    F     sky130_fd_sc_hd__nand3_2        4 11.1    88   108    4687    (-,-) 
  alu_inst/g2544471__1617/Y -       A->Y    R     sky130_fd_sc_hd__nand3_1        1  2.7    60    83    4770    (-,-) 
  alu_inst/g2544441__1881/Y -       A->Y    F     sky130_fd_sc_hd__nand2_1        1  2.6    35    52    4822    (-,-) 
  alu_inst/g2544393__5122/Y -       A->Y    R     sky130_fd_sc_hd__nand2_1        1  2.7    46    53    4875    (-,-) 
  alu_inst/g2544343__5107/X -       A1->X   R     sky130_fd_sc_hd__a21o_2        16 48.5   246   271    5146    (-,-) 
  alu_inst/g2544304__5477/Y -       B->Y    F     sky130_fd_sc_hd__nand2_2       12 30.6   141   182    5328    (-,-) 
  alu_inst/g2544277__1617/Y -       A2->Y   R     sky130_fd_sc_hd__o22ai_1        2  5.5   179   218    5546    (-,-) 
  alu_inst/g2544206__5122/Y -       A->Y    F     sky130_fd_sc_hd__nor2_1         4  8.0    69   101    5648    (-,-) 
  alu_inst/g2549932/X       -       B1_N->X R     sky130_fd_sc_hd__o21ba_1        1  1.8    37   208    5856    (-,-) 
  alu_inst/g2544068__7098/X -       A->X    R     sky130_fd_sc_hd__and3_1         3  8.0    97   173    6029    (-,-) 
  alu_inst/g2544043__9315/Y -       A->Y    F     sky130_fd_sc_hd__nand2_1        2  7.1    66    86    6116    (-,-) 
  alu_inst/g2544039/Y       -       A->Y    R     sky130_fd_sc_hd__inv_2          4 10.5    57    79    6195    (-,-) 
  alu_inst/g2544038__4733/Y -       A->Y    F     sky130_fd_sc_hd__nand2_1        3  7.4    63    75    6270    (-,-) 
  alu_inst/g2544030/Y       -       A->Y    R     sky130_fd_sc_hd__inv_1          2  5.3    56    74    6344    (-,-) 
  alu_inst/g2544016__6417/Y -       A->Y    F     sky130_fd_sc_hd__nand2_1        2  5.1    49    63    6407    (-,-) 
  alu_inst/g2543984__2398/Y -       A->Y    R     sky130_fd_sc_hd__nand2_1        2  5.3    67    74    6481    (-,-) 
  alu_inst/g2543958__2802/Y -       A->Y    F     sky130_fd_sc_hd__nand3_1        2  5.0    78    84    6565    (-,-) 
  alu_inst/g2543920__5526/Y -       B->Y    R     sky130_fd_sc_hd__nand2_1        1  2.7    48    78    6643    (-,-) 
  alu_inst/g2543883__8428/Y -       A->Y    F     sky130_fd_sc_hd__nand2_1        1  2.3    45    47    6690    (-,-) 
  alu_inst/g2543842__8428/Y -       B1->Y   R     sky130_fd_sc_hd__o21ai_1        4  9.6   220   134    6824    (-,-) 
  alu_inst/g2543797__2398/Y -       A_N->Y  R     sky130_fd_sc_hd__nand2b_1       3  7.2    92   169    6993    (-,-) 
  alu_inst/g2543762__5477/Y -       B->Y    F     sky130_fd_sc_hd__nand2_1        2  4.0    44    70    7063    (-,-) 
  alu_inst/g2549963/Y       -       A_N->Y  F     sky130_fd_sc_hd__nand2b_1       1  2.5    42   134    7198    (-,-) 
  alu_inst/g2543654__6417/Y -       B->Y    R     sky130_fd_sc_hd__nor2_1         3  7.1   150   138    7336    (-,-) 
  alu_inst/g2543597__3680/Y -       A->Y    F     sky130_fd_sc_hd__nand2_1        2  7.1    75   101    7437    (-,-) 
  alu_inst/g2543585/Y       -       A->Y    R     sky130_fd_sc_hd__inv_2          2  5.3    38    66    7503    (-,-) 
  alu_inst/g2543542__7098/Y -       A1->Y   F     sky130_fd_sc_hd__a21oi_1        1  2.6    42    54    7556    (-,-) 
  alu_inst/g2543518__2883/Y -       A->Y    R     sky130_fd_sc_hd__nand2_1        5 13.5   137   124    7680    (-,-) 
  alu_inst/g2543465__1705/Y -       A->Y    F     sky130_fd_sc_hd__nand2_1        4  9.0    82   110    7790    (-,-) 
  alu_inst/g2543412__9945/Y -       A_N->Y  F     sky130_fd_sc_hd__nand2b_1       3  9.6    87   194    7985    (-,-) 
  alu_inst/g2543356__7410/Y -       A->Y    R     sky130_fd_sc_hd__nand3_1        1  2.7    66    83    8068    (-,-) 
  alu_inst/g2543338__3680/Y -       A->Y    F     sky130_fd_sc_hd__nand3_1        1  2.1    47    64    8132    (-,-) 
  result_r_reg[10]/SCD      <<<     -       F     sky130_fd_sc_hd__sdfrtp_1       1    -     -     4    8135    (-,-) 
#---------------------------------------------------------------------------------------------------------------------

